<html>
<body>
<pre>
<h1>µVision Build Log</h1>
<h2>Tool Versions:</h2>
IDE-Version: ¦ÌVision V5.43.1.0
Copyright (C) 2025 ARM Ltd and ARM Germany GmbH. All rights reserved.
License Information: dshjhgj Murph, dewmkdk, LIC=FYKYW-Q1FK5-CXGU6-DM1G0-VVYYB-3Q1E9
 
Tool Versions:
Toolchain:       MDK-ARM Plus  Version: 5.43.0.0
Toolchain Path:  D:\keil_1\keil\ARM\ARMCLANG\Bin
C Compiler:      ArmClang.exe V6.24
Assembler:       Armasm.exe V6.24
Linker/Locator:  ArmLink.exe V6.24
Library Manager: ArmAr.exe V6.24
Hex Converter:   FromElf.exe V6.24
CPU DLL:         SARMCM3.DLL V5.43.0.0
Dialog DLL:      DCM.DLL V1.17.5.0
Target DLL:      CMSIS_AGDI.dll V1.33.24.0
Dialog DLL:      TCM.DLL V1.56.6.0
 
<h2>Project:</h2>
D:\RM_projects\h7_final_4\MDK-ARM\h7_final_4.uvprojx
Project File Date:  08/27/2026

<h2>Output:</h2>
*** Using Compiler 'V6.24', folder: 'D:\keil_1\keil\ARM\ARMCLANG\Bin'
Rebuild target 'h7_final_4'
assembling startup_stm32h723xx.s...
compiling stm32h7xx_hal_flash.c...
compiling stm32h7xx_hal_hsem.c...
compiling fdcan.c...
compiling stm32h7xx_hal_rcc.c...
compiling usart.c...
compiling freertos.c...
compiling dma.c...
compiling stm32h7xx_it.c...
compiling stm32h7xx_hal_gpio.c...
compiling stm32h7xx_hal_dma_ex.c...
compiling stm32h7xx_hal_mdma.c...
compiling gpio.c...
compiling stm32h7xx_hal_tim.c...
compiling stm32h7xx_hal_timebase_tim.c...
compiling stm32h7xx_hal_msp.c...
compiling spi.c...
compiling stm32h7xx_hal_cortex.c...
compiling stm32h7xx_hal_pwr.c...
compiling tim.c...
compiling main.c...
compiling stm32h7xx_hal_flash_ex.c...
compiling stm32h7xx_hal_tim_ex.c...
compiling stm32h7xx_hal_pwr_ex.c...
compiling stm32h7xx_hal.c...
compiling stm32h7xx_hal_rcc_ex.c...
compiling stm32h7xx_hal_dma.c...
compiling stm32h7xx_hal_i2c_ex.c...
compiling croutine.c...
compiling mpu_wrappers_v2.c...
compiling list.c...
compiling event_groups.c...
compiling stm32h7xx_hal_exti.c...
compiling stm32h7xx_hal_spi_ex.c...
compiling system_stm32h7xx.c...
compiling stm32h7xx_hal_uart_ex.c...
compiling stream_buffer.c...
compiling stm32h7xx_hal_i2c.c...
compiling heap_4.c...
compiling port.c...
compiling timers.c...
compiling stm32h7xx_hal_spi.c...
compiling queue.c...
compiling stm32h7xx_hal_fdcan.c...
compiling stm32h7xx_hal_uart.c...
compiling tasks.c...
compiling BMI088driver.c...
compiling BMI088Middleware.c...
compiling MahonyAHRS.c...
compiling kalman_filter.c...
compiling cmsis_os2.c...
compiling QuaternionEKF.c...
compiling pid.c...
compiling imu_temp_ctrl.c...
compiling bsp_dwt.c...
compiling controller.c...
compiling pick_up_disk.c...
compiling remote_contrl.c...
compiling bsp_fdcan.c...
compiling user_lib.c...
compiling PID_T.c...
compiling bsp_uart.c...
compiling motor.c...
compiling car_mode.c...
compiling chassiss.c...
compiling BasicMathFunctionsF16.c...
compiling PTZ.c...
compiling timestamp.c...
../app/src/power_meter.c(55): warning: non-void function does not return a value [-Wreturn-type]
   55 | }
      | ^
../app/src/power_meter.c(68): warning: non-void function does not return a value in all control paths [-Wreturn-type]
   68 | }
      | ^
../app/src/power_meter.c(89): warning: non-void function does not return a value [-Wreturn-type]
   89 | }
      | ^
3 warnings generated.
compiling power_meter.c...
compiling BasicMathFunctions.c...
compiling BayesFunctions.c...
compiling BayesFunctionsF16.c...
compiling ComplexMathFunctionsF16.c...
compiling ControllerFunctions.c...
compiling ComplexMathFunctions.c...
compiling DistanceFunctionsF16.c...
compiling DistanceFunctions.c...
compiling CommonTablesF16.c...
compiling FastMathFunctionsF16.c...
compiling FastMathFunctions.c...
compiling FilteringFunctionsF16.c...
compiling InterpolationFunctions.c...
compiling InterpolationFunctionsF16.c...
compiling SVMFunctions.c...
compiling QuaternionMathFunctions.c...
compiling SVMFunctionsF16.c...
compiling MatrixFunctionsF16.c...
compiling StatisticsFunctionsF16.c...
compiling StatisticsFunctions.c...
compiling SupportFunctionsF16.c...
compiling MatrixFunctions.c...
compiling SupportFunctions.c...
compiling WindowFunctions.c...
compiling TransformFunctionsF16.c...
compiling FilteringFunctions.c...
compiling TransformFunctions.c...
compiling CommonTables.c...
linking...
Program Size: Code=102220 RO-data=3828 RW-data=280 ZI-data=23804  
FromELF: creating hex file...
".\h7_final_4\h7_final_4.axf" - 0 Error(s), 3 Warning(s).

<h2>Software Packages used:</h2>

Package Vendor: ARM
                https://www.keil.com/pack/ARM.CMSIS.6.3.0.pack
                ARM::CMSIS@6.3.0
                CMSIS (Common Microcontroller Software Interface Standard)
   * Component: CORE Version: 6.2.0

Package Vendor: ARM
                https://www.keil.com/pack/ARM.CMSIS-DSP.1.16.2.pack
                ARM::CMSIS-DSP@1.16.2
                CMSIS Embedded Compute Library
   * Component: DSP Variant: Source Version: 1.16.2

Package Vendor: Keil
                https://www.keil.com/pack/Keil.STM32H7xx_DFP.4.1.3.pack
                Keil::STM32H7xx_DFP@4.1.3
                STMicroelectronics STM32H7 Series Device Support

<h2>Collection of Component include folders:</h2>
  ./RTE/_h7_final_4
  D:/keil_1/keilpacks/ARM/CMSIS-DSP/1.16.2/Include
  D:/keil_1/keilpacks/ARM/CMSIS-DSP/1.16.2/PrivateInclude
  D:/keil_1/keilpacks/ARM/CMSIS/6.3.0/CMSIS/Core/Include

<h2>Collection of Component Files used:</h2>

   * Component: ARM::CMSIS:CORE@6.2.0
      Include file:  CMSIS/Core/Include/tz_context.h

   * Component: ARM::CMSIS:DSP&Source@1.16.2
      Source file:   Source/InterpolationFunctions/InterpolationFunctions.c
      Source file:   Source/BasicMathFunctions/BasicMathFunctions.c
      Source file:   Source/BasicMathFunctions/BasicMathFunctionsF16.c
      Include file:  Include/arm_math.h
      Source file:   Source/ComplexMathFunctions/ComplexMathFunctionsF16.c
      Source file:   Source/CommonTables/CommonTablesF16.c
      Include file:  Include/arm_const_structs.h
      Include file:  Include/arm_const_structs_f16.h
      Source file:   Source/ComplexMathFunctions/ComplexMathFunctions.c
      Source file:   Source/SVMFunctions/SVMFunctions.c
      Source file:   Source/WindowFunctions/WindowFunctions.c
      Source file:   Source/CommonTables/CommonTables.c
      Source file:   Source/FilteringFunctions/FilteringFunctionsF16.c
      Source file:   Source/DistanceFunctions/DistanceFunctions.c
      Source file:   Source/SupportFunctions/SupportFunctions.c
      Source file:   Source/TransformFunctions/TransformFunctionsF16.c
      Source file:   Source/MatrixFunctions/MatrixFunctionsF16.c
      Include file:  Include/arm_common_tables.h
      Source file:   Source/TransformFunctions/TransformFunctions.c
      Include file:  Include/arm_common_tables_f16.h
      Source file:   Source/BayesFunctions/BayesFunctions.c
      Source file:   Source/FastMathFunctions/FastMathFunctions.c
      Source file:   Source/FilteringFunctions/FilteringFunctions.c
      Source file:   Source/QuaternionMathFunctions/QuaternionMathFunctions.c
      Source file:   Source/ControllerFunctions/ControllerFunctions.c
      Source file:   Source/MatrixFunctions/MatrixFunctions.c
      Include file:  Include/arm_math_f16.h
      Source file:   Source/StatisticsFunctions/StatisticsFunctions.c
      Source file:   Source/StatisticsFunctions/StatisticsFunctionsF16.c
      Source file:   Source/DistanceFunctions/DistanceFunctionsF16.c
      Source file:   Source/FastMathFunctions/FastMathFunctionsF16.c
      Source file:   Source/SVMFunctions/SVMFunctionsF16.c
      Source file:   Source/BayesFunctions/BayesFunctionsF16.c
      Source file:   Source/InterpolationFunctions/InterpolationFunctionsF16.c
      Source file:   Source/SupportFunctions/SupportFunctionsF16.c
Build Time Elapsed:  00:00:06
</pre>
</body>
</html>
