	.text
	.syntax unified
	.eabi_attribute	67, "2.09"	@ Tag_conformance
	.cpu	cortex-m7
	.eabi_attribute	6, 13	@ Tag_CPU_arch
	.eabi_attribute	7, 77	@ Tag_CPU_arch_profile
	.eabi_attribute	8, 0	@ Tag_ARM_ISA_use
	.eabi_attribute	9, 2	@ Tag_THUMB_ISA_use
	.fpu	fpv5-d16
	.eabi_attribute	36, 1	@ Tag_FP_HP_extension
	.eabi_attribute	34, 1	@ Tag_CPU_unaligned_access
	.eabi_attribute	17, 1	@ Tag_ABI_PCS_GOT_use
	.eabi_attribute	20, 2	@ Tag_ABI_FP_denormal
	.eabi_attribute	21, 0	@ Tag_ABI_FP_exceptions
	.eabi_attribute	23, 1	@ Tag_ABI_FP_number_model
	.eabi_attribute	24, 1	@ Tag_ABI_align_needed
	.eabi_attribute	25, 1	@ Tag_ABI_align_preserved
	.eabi_attribute	28, 1	@ Tag_ABI_VFP_args
	.eabi_attribute	38, 1	@ Tag_ABI_FP_16bit_format
	.eabi_attribute	18, 2	@ Tag_ABI_PCS_wchar_t
	.eabi_attribute	26, 1	@ Tag_ABI_enum_size
	.eabi_attribute	14, 0	@ Tag_ABI_PCS_R9_use
	.file	"BMI088driver.c"
	.file	1 "D:\\RM_projects\\h7_final_4\\MDK-ARM" "../app/src/BMI088driver.c"
	.file	2 "D:\\keil_1\\keil\\ARM\\ARMCLANG\\bin\\..\\include" "stdint.h"
	.file	3 "D:\\RM_projects\\h7_final_4\\MDK-ARM" "../app/inc\\BMI088driver.h"
	.section	.text.BMI088_init,"ax",%progbits
	.hidden	BMI088_init                     @ -- Begin function BMI088_init
	.globl	BMI088_init
	.p2align	3
	.type	BMI088_init,%function
	.code	16                              @ @BMI088_init
	.thumb_func
BMI088_init:
.Lfunc_begin0:
	.loc	1 163 0                         @ ../app/src/BMI088driver.c:163:0
	.fnstart
	.cfi_sections .debug_frame
	.cfi_startproc
@ %bb.0:
	.save	{r7, lr}
	push	{r7, lr}
	.cfi_def_cfa_offset 8
	.cfi_offset lr, -4
	.cfi_offset r7, -8
	.pad	#8
	sub	sp, #8
	.cfi_def_cfa_offset 16
	movs	r0, #0
.Ltmp0:
	.loc	1 164 13 prologue_end           @ ../app/src/BMI088driver.c:164:13
	strb.w	r0, [sp, #7]
	.loc	1 166 5                         @ ../app/src/BMI088driver.c:166:5
	bl	BMI088_GPIO_init
	.loc	1 167 5                         @ ../app/src/BMI088driver.c:167:5
	bl	BMI088_com_init
	.loc	1 169 14                        @ ../app/src/BMI088driver.c:169:14
	bl	bmi088_accel_init
	mov	r1, r0
	.loc	1 169 11 is_stmt 0              @ ../app/src/BMI088driver.c:169:11
	ldrb.w	r0, [sp, #7]
	orrs	r0, r1
	strb.w	r0, [sp, #7]
	.loc	1 170 14 is_stmt 1              @ ../app/src/BMI088driver.c:170:14
	bl	bmi088_gyro_init
	mov	r1, r0
	.loc	1 170 11 is_stmt 0              @ ../app/src/BMI088driver.c:170:11
	ldrb.w	r0, [sp, #7]
	orrs	r0, r1
	strb.w	r0, [sp, #7]
	.loc	1 172 12 is_stmt 1              @ ../app/src/BMI088driver.c:172:12
	ldrb.w	r0, [sp, #7]
	.loc	1 172 5 epilogue_begin is_stmt 0 @ ../app/src/BMI088driver.c:172:5
	add	sp, #8
	pop	{r7, pc}
.Ltmp1:
.Lfunc_end0:
	.size	BMI088_init, .Lfunc_end0-BMI088_init
	.cfi_endproc
	.cantunwind
	.fnend
                                        @ -- End function
	.section	.text.bmi088_accel_init,"ax",%progbits
	.hidden	bmi088_accel_init               @ -- Begin function bmi088_accel_init
	.globl	bmi088_accel_init
	.p2align	3
	.type	bmi088_accel_init,%function
	.code	16                              @ @bmi088_accel_init
	.thumb_func
bmi088_accel_init:
.Lfunc_begin1:
	.loc	1 183 0 is_stmt 1               @ ../app/src/BMI088driver.c:183:0
	.fnstart
	.cfi_startproc
@ %bb.0:
	.save	{r7, lr}
	push	{r7, lr}
	.cfi_def_cfa_offset 8
	.cfi_offset lr, -4
	.cfi_offset r7, -8
	.pad	#32
	sub	sp, #32
	.cfi_def_cfa_offset 40
	movs	r0, #0
.Ltmp2:
	.loc	1 184 13 prologue_end           @ ../app/src/BMI088driver.c:184:13
	strb.w	r0, [sp, #30]
	.loc	1 185 13                        @ ../app/src/BMI088driver.c:185:13
	strb.w	r0, [sp, #29]
.Ltmp3:
	.loc	1 188 5                         @ ../app/src/BMI088driver.c:188:5
	bl	BMI088_ACCEL_NS_L
	movs	r0, #128
	str	r0, [sp, #16]                   @ 4-byte Spill
	bl	BMI088_read_write_byte
	movs	r0, #85
	str	r0, [sp, #20]                   @ 4-byte Spill
	bl	BMI088_read_write_byte
                                        @ kill: def $r1 killed $r0
	ldr	r0, [sp, #20]                   @ 4-byte Reload
	bl	BMI088_read_write_byte
	strb.w	r0, [sp, #30]
	bl	BMI088_ACCEL_NS_H
	movs	r0, #150
.Ltmp4:
	.loc	1 189 5                         @ ../app/src/BMI088driver.c:189:5
	str	r0, [sp, #24]                   @ 4-byte Spill
	bl	BMI088_delay_us
.Ltmp5:
	.loc	1 191 5                         @ ../app/src/BMI088driver.c:191:5
	bl	BMI088_ACCEL_NS_L
	ldr	r0, [sp, #16]                   @ 4-byte Reload
	bl	BMI088_read_write_byte
                                        @ kill: def $r1 killed $r0
	ldr	r0, [sp, #20]                   @ 4-byte Reload
	bl	BMI088_read_write_byte
                                        @ kill: def $r1 killed $r0
	ldr	r0, [sp, #20]                   @ 4-byte Reload
	bl	BMI088_read_write_byte
	strb.w	r0, [sp, #30]
	bl	BMI088_ACCEL_NS_H
	ldr	r0, [sp, #24]                   @ 4-byte Reload
.Ltmp6:
	.loc	1 192 5                         @ ../app/src/BMI088driver.c:192:5
	bl	BMI088_delay_us
.Ltmp7:
	.loc	1 195 5                         @ ../app/src/BMI088driver.c:195:5
	bl	BMI088_ACCEL_NS_L
	movs	r0, #126
	movs	r1, #182
	bl	BMI088_write_single_reg
	bl	BMI088_ACCEL_NS_H
	movs	r0, #80
.Ltmp8:
	.loc	1 196 5                         @ ../app/src/BMI088driver.c:196:5
	bl	BMI088_delay_ms
.Ltmp9:
	.loc	1 199 5                         @ ../app/src/BMI088driver.c:199:5
	bl	BMI088_ACCEL_NS_L
	ldr	r0, [sp, #16]                   @ 4-byte Reload
	bl	BMI088_read_write_byte
                                        @ kill: def $r1 killed $r0
	ldr	r0, [sp, #20]                   @ 4-byte Reload
	bl	BMI088_read_write_byte
                                        @ kill: def $r1 killed $r0
	ldr	r0, [sp, #20]                   @ 4-byte Reload
	bl	BMI088_read_write_byte
	strb.w	r0, [sp, #30]
	bl	BMI088_ACCEL_NS_H
	ldr	r0, [sp, #24]                   @ 4-byte Reload
.Ltmp10:
	.loc	1 200 5                         @ ../app/src/BMI088driver.c:200:5
	bl	BMI088_delay_us
.Ltmp11:
	.loc	1 202 5                         @ ../app/src/BMI088driver.c:202:5
	bl	BMI088_ACCEL_NS_L
	ldr	r0, [sp, #16]                   @ 4-byte Reload
	bl	BMI088_read_write_byte
                                        @ kill: def $r1 killed $r0
	ldr	r0, [sp, #20]                   @ 4-byte Reload
	bl	BMI088_read_write_byte
                                        @ kill: def $r1 killed $r0
	ldr	r0, [sp, #20]                   @ 4-byte Reload
	bl	BMI088_read_write_byte
	strb.w	r0, [sp, #30]
	bl	BMI088_ACCEL_NS_H
	ldr	r0, [sp, #24]                   @ 4-byte Reload
.Ltmp12:
	.loc	1 203 5                         @ ../app/src/BMI088driver.c:203:5
	bl	BMI088_delay_us
.Ltmp13:
	.loc	1 206 9                         @ ../app/src/BMI088driver.c:206:9
	ldrb.w	r0, [sp, #30]
.Ltmp14:
	.loc	1 206 9 is_stmt 0               @ ../app/src/BMI088driver.c:206:9
	cmp	r0, #30
	beq	.LBB1_2
	b	.LBB1_1
.LBB1_1:
	.loc	1 0 9                           @ ../app/src/BMI088driver.c:0:9
	movs	r0, #255
.Ltmp15:
	.loc	1 208 9 is_stmt 1               @ ../app/src/BMI088driver.c:208:9
	strb.w	r0, [sp, #31]
	b	.LBB1_9
.Ltmp16:
.LBB1_2:
	.loc	1 0 9 is_stmt 0                 @ ../app/src/BMI088driver.c:0:9
	movs	r0, #0
.Ltmp17:
	.loc	1 212 24 is_stmt 1              @ ../app/src/BMI088driver.c:212:24
	strb.w	r0, [sp, #29]
	.loc	1 212 10 is_stmt 0              @ ../app/src/BMI088driver.c:212:10
	b	.LBB1_3
.LBB1_3:                                @ =>This Inner Loop Header: Depth=1
.Ltmp18:
	.loc	1 212 29                        @ ../app/src/BMI088driver.c:212:29
	ldrb.w	r0, [sp, #29]
.Ltmp19:
	.loc	1 212 5                         @ ../app/src/BMI088driver.c:212:5
	cmp	r0, #5
	bgt	.LBB1_8
	b	.LBB1_4
.LBB1_4:                                @   in Loop: Header=BB1_3 Depth=1
.Ltmp20:
	.loc	1 215 9 is_stmt 1               @ ../app/src/BMI088driver.c:215:9
	bl	BMI088_ACCEL_NS_L
	ldrb.w	r0, [sp, #29]
	add.w	r2, r0, r0, lsl #1
	movw	r0, :lower16:write_BMI088_accel_reg_data_error
	movt	r0, :upper16:write_BMI088_accel_reg_data_error
	str	r0, [sp, #12]                   @ 4-byte Spill
	adds	r1, r0, r2
	ldrb	r0, [r0, r2]
	ldrb	r1, [r1, #1]
	bl	BMI088_write_single_reg
	bl	BMI088_ACCEL_NS_H
	movs	r0, #150
.Ltmp21:
	.loc	1 216 9                         @ ../app/src/BMI088driver.c:216:9
	str	r0, [sp, #8]                    @ 4-byte Spill
	bl	BMI088_delay_us
.Ltmp22:
	.loc	1 219 9                         @ ../app/src/BMI088driver.c:219:9
	bl	BMI088_ACCEL_NS_L
	ldr	r0, [sp, #12]                   @ 4-byte Reload
	ldrb.w	r1, [sp, #29]
	add.w	r1, r1, r1, lsl #1
	ldrb	r0, [r0, r1]
	orr	r0, r0, #128
	bl	BMI088_read_write_byte
	movs	r0, #85
	str	r0, [sp, #4]                    @ 4-byte Spill
	bl	BMI088_read_write_byte
                                        @ kill: def $r1 killed $r0
	ldr	r0, [sp, #4]                    @ 4-byte Reload
	bl	BMI088_read_write_byte
	strb.w	r0, [sp, #30]
	bl	BMI088_ACCEL_NS_H
	ldr	r0, [sp, #8]                    @ 4-byte Reload
.Ltmp23:
	.loc	1 220 9                         @ ../app/src/BMI088driver.c:220:9
	bl	BMI088_delay_us
	ldr	r1, [sp, #12]                   @ 4-byte Reload
.Ltmp24:
	.loc	1 222 13                        @ ../app/src/BMI088driver.c:222:13
	ldrb.w	r0, [sp, #30]
	.loc	1 222 54 is_stmt 0              @ ../app/src/BMI088driver.c:222:54
	ldrb.w	r2, [sp, #29]
	.loc	1 222 20                        @ ../app/src/BMI088driver.c:222:20
	add.w	r2, r2, r2, lsl #1
	add	r1, r2
	ldrb	r1, [r1, #1]
.Ltmp25:
	.loc	1 222 13                        @ ../app/src/BMI088driver.c:222:13
	cmp	r0, r1
	beq	.LBB1_6
	b	.LBB1_5
.LBB1_5:
.Ltmp26:
	.loc	1 224 54 is_stmt 1              @ ../app/src/BMI088driver.c:224:54
	ldrb.w	r0, [sp, #29]
	.loc	1 224 20 is_stmt 0              @ ../app/src/BMI088driver.c:224:20
	add.w	r1, r0, r0, lsl #1
	movw	r0, :lower16:write_BMI088_accel_reg_data_error
	movt	r0, :upper16:write_BMI088_accel_reg_data_error
	add	r0, r1
	ldrb	r0, [r0, #2]
	.loc	1 224 13                        @ ../app/src/BMI088driver.c:224:13
	strb.w	r0, [sp, #31]
	b	.LBB1_9
.Ltmp27:
.LBB1_6:                                @   in Loop: Header=BB1_3 Depth=1
	.loc	1 226 5 is_stmt 1               @ ../app/src/BMI088driver.c:226:5
	b	.LBB1_7
.Ltmp28:
.LBB1_7:                                @   in Loop: Header=BB1_3 Depth=1
	.loc	1 212 86                        @ ../app/src/BMI088driver.c:212:86
	ldrb.w	r0, [sp, #29]
	adds	r0, #1
	strb.w	r0, [sp, #29]
	.loc	1 212 5 is_stmt 0               @ ../app/src/BMI088driver.c:212:5
	b	.LBB1_3
.Ltmp29:
.LBB1_8:
	.loc	1 0 5                           @ ../app/src/BMI088driver.c:0:5
	movs	r0, #0
	.loc	1 227 5 is_stmt 1               @ ../app/src/BMI088driver.c:227:5
	strb.w	r0, [sp, #31]
	b	.LBB1_9
.LBB1_9:
	.loc	1 228 1                         @ ../app/src/BMI088driver.c:228:1
	ldrb.w	r0, [sp, #31]
	.loc	1 228 1 epilogue_begin is_stmt 0 @ ../app/src/BMI088driver.c:228:1
	add	sp, #32
	pop	{r7, pc}
.Ltmp30:
.Lfunc_end1:
	.size	bmi088_accel_init, .Lfunc_end1-bmi088_accel_init
	.cfi_endproc
	.cantunwind
	.fnend
                                        @ -- End function
	.section	.text.bmi088_gyro_init,"ax",%progbits
	.hidden	bmi088_gyro_init                @ -- Begin function bmi088_gyro_init
	.globl	bmi088_gyro_init
	.p2align	3
	.type	bmi088_gyro_init,%function
	.code	16                              @ @bmi088_gyro_init
	.thumb_func
bmi088_gyro_init:
.Lfunc_begin2:
	.loc	1 238 0 is_stmt 1               @ ../app/src/BMI088driver.c:238:0
	.fnstart
	.cfi_startproc
@ %bb.0:
	.save	{r7, lr}
	push	{r7, lr}
	.cfi_def_cfa_offset 8
	.cfi_offset lr, -4
	.cfi_offset r7, -8
	.pad	#24
	sub	sp, #24
	.cfi_def_cfa_offset 32
	movs	r0, #0
.Ltmp31:
	.loc	1 239 13 prologue_end           @ ../app/src/BMI088driver.c:239:13
	str	r0, [sp, #8]                    @ 4-byte Spill
	strb.w	r0, [sp, #22]
	.loc	1 240 13                        @ ../app/src/BMI088driver.c:240:13
	strb.w	r0, [sp, #21]
.Ltmp32:
	.loc	1 243 5                         @ ../app/src/BMI088driver.c:243:5
	bl	BMI088_GYRO_NS_L
	ldr	r0, [sp, #8]                    @ 4-byte Reload
	add.w	r1, sp, #21
	str	r1, [sp, #12]                   @ 4-byte Spill
	bl	BMI088_read_single_reg
	bl	BMI088_GYRO_NS_H
	movs	r0, #150
.Ltmp33:
	.loc	1 244 5                         @ ../app/src/BMI088driver.c:244:5
	str	r0, [sp, #16]                   @ 4-byte Spill
	bl	BMI088_delay_us
.Ltmp34:
	.loc	1 246 5                         @ ../app/src/BMI088driver.c:246:5
	bl	BMI088_GYRO_NS_L
	ldr	r0, [sp, #8]                    @ 4-byte Reload
	ldr	r1, [sp, #12]                   @ 4-byte Reload
	bl	BMI088_read_single_reg
	bl	BMI088_GYRO_NS_H
	ldr	r0, [sp, #16]                   @ 4-byte Reload
.Ltmp35:
	.loc	1 247 5                         @ ../app/src/BMI088driver.c:247:5
	bl	BMI088_delay_us
.Ltmp36:
	.loc	1 251 5                         @ ../app/src/BMI088driver.c:251:5
	bl	BMI088_GYRO_NS_L
	movs	r0, #20
	movs	r1, #182
	bl	BMI088_write_single_reg
	bl	BMI088_GYRO_NS_H
	movs	r0, #80
.Ltmp37:
	.loc	1 252 5                         @ ../app/src/BMI088driver.c:252:5
	bl	BMI088_delay_ms
.Ltmp38:
	.loc	1 255 5                         @ ../app/src/BMI088driver.c:255:5
	bl	BMI088_GYRO_NS_L
	ldr	r0, [sp, #8]                    @ 4-byte Reload
	ldr	r1, [sp, #12]                   @ 4-byte Reload
	bl	BMI088_read_single_reg
	bl	BMI088_GYRO_NS_H
	ldr	r0, [sp, #16]                   @ 4-byte Reload
.Ltmp39:
	.loc	1 256 5                         @ ../app/src/BMI088driver.c:256:5
	bl	BMI088_delay_us
.Ltmp40:
	.loc	1 258 5                         @ ../app/src/BMI088driver.c:258:5
	bl	BMI088_GYRO_NS_L
	ldr	r0, [sp, #8]                    @ 4-byte Reload
	ldr	r1, [sp, #12]                   @ 4-byte Reload
	bl	BMI088_read_single_reg
	bl	BMI088_GYRO_NS_H
	ldr	r0, [sp, #16]                   @ 4-byte Reload
.Ltmp41:
	.loc	1 259 5                         @ ../app/src/BMI088driver.c:259:5
	bl	BMI088_delay_us
.Ltmp42:
	.loc	1 263 9                         @ ../app/src/BMI088driver.c:263:9
	ldrb.w	r0, [sp, #21]
.Ltmp43:
	.loc	1 263 9 is_stmt 0               @ ../app/src/BMI088driver.c:263:9
	cmp	r0, #15
	beq	.LBB2_2
	b	.LBB2_1
.LBB2_1:
	.loc	1 0 9                           @ ../app/src/BMI088driver.c:0:9
	movs	r0, #255
.Ltmp44:
	.loc	1 265 9 is_stmt 1               @ ../app/src/BMI088driver.c:265:9
	strb.w	r0, [sp, #23]
	b	.LBB2_9
.Ltmp45:
.LBB2_2:
	.loc	1 0 9 is_stmt 0                 @ ../app/src/BMI088driver.c:0:9
	movs	r0, #0
.Ltmp46:
	.loc	1 269 24 is_stmt 1              @ ../app/src/BMI088driver.c:269:24
	strb.w	r0, [sp, #22]
	.loc	1 269 10 is_stmt 0              @ ../app/src/BMI088driver.c:269:10
	b	.LBB2_3
.LBB2_3:                                @ =>This Inner Loop Header: Depth=1
.Ltmp47:
	.loc	1 269 29                        @ ../app/src/BMI088driver.c:269:29
	ldrb.w	r0, [sp, #22]
.Ltmp48:
	.loc	1 269 5                         @ ../app/src/BMI088driver.c:269:5
	cmp	r0, #5
	bgt	.LBB2_8
	b	.LBB2_4
.LBB2_4:                                @   in Loop: Header=BB2_3 Depth=1
.Ltmp49:
	.loc	1 272 9 is_stmt 1               @ ../app/src/BMI088driver.c:272:9
	bl	BMI088_GYRO_NS_L
	ldrb.w	r0, [sp, #22]
	add.w	r2, r0, r0, lsl #1
	movw	r0, :lower16:write_BMI088_gyro_reg_data_error
	movt	r0, :upper16:write_BMI088_gyro_reg_data_error
	str	r0, [sp, #4]                    @ 4-byte Spill
	adds	r1, r0, r2
	ldrb	r0, [r0, r2]
	ldrb	r1, [r1, #1]
	bl	BMI088_write_single_reg
	bl	BMI088_GYRO_NS_H
	movs	r0, #150
.Ltmp50:
	.loc	1 273 9                         @ ../app/src/BMI088driver.c:273:9
	str	r0, [sp]                        @ 4-byte Spill
	bl	BMI088_delay_us
.Ltmp51:
	.loc	1 276 9                         @ ../app/src/BMI088driver.c:276:9
	bl	BMI088_GYRO_NS_L
	ldr	r0, [sp, #4]                    @ 4-byte Reload
	ldrb.w	r1, [sp, #22]
	add.w	r1, r1, r1, lsl #1
	ldrb	r0, [r0, r1]
	add.w	r1, sp, #21
	bl	BMI088_read_single_reg
	bl	BMI088_GYRO_NS_H
	ldr	r0, [sp]                        @ 4-byte Reload
.Ltmp52:
	.loc	1 277 9                         @ ../app/src/BMI088driver.c:277:9
	bl	BMI088_delay_us
	ldr	r1, [sp, #4]                    @ 4-byte Reload
.Ltmp53:
	.loc	1 280 13                        @ ../app/src/BMI088driver.c:280:13
	ldrb.w	r0, [sp, #21]
	.loc	1 280 53 is_stmt 0              @ ../app/src/BMI088driver.c:280:53
	ldrb.w	r2, [sp, #22]
	.loc	1 280 20                        @ ../app/src/BMI088driver.c:280:20
	add.w	r2, r2, r2, lsl #1
	add	r1, r2
	ldrb	r1, [r1, #1]
.Ltmp54:
	.loc	1 280 13                        @ ../app/src/BMI088driver.c:280:13
	cmp	r0, r1
	beq	.LBB2_6
	b	.LBB2_5
.LBB2_5:
.Ltmp55:
	.loc	1 282 53 is_stmt 1              @ ../app/src/BMI088driver.c:282:53
	ldrb.w	r0, [sp, #22]
	.loc	1 282 20 is_stmt 0              @ ../app/src/BMI088driver.c:282:20
	add.w	r1, r0, r0, lsl #1
	movw	r0, :lower16:write_BMI088_gyro_reg_data_error
	movt	r0, :upper16:write_BMI088_gyro_reg_data_error
	add	r0, r1
	ldrb	r0, [r0, #2]
	.loc	1 282 13                        @ ../app/src/BMI088driver.c:282:13
	strb.w	r0, [sp, #23]
	b	.LBB2_9
.Ltmp56:
.LBB2_6:                                @   in Loop: Header=BB2_3 Depth=1
	.loc	1 284 5 is_stmt 1               @ ../app/src/BMI088driver.c:284:5
	b	.LBB2_7
.Ltmp57:
.LBB2_7:                                @   in Loop: Header=BB2_3 Depth=1
	.loc	1 269 85                        @ ../app/src/BMI088driver.c:269:85
	ldrb.w	r0, [sp, #22]
	adds	r0, #1
	strb.w	r0, [sp, #22]
	.loc	1 269 5 is_stmt 0               @ ../app/src/BMI088driver.c:269:5
	b	.LBB2_3
.Ltmp58:
.LBB2_8:
	.loc	1 0 5                           @ ../app/src/BMI088driver.c:0:5
	movs	r0, #0
	.loc	1 286 5 is_stmt 1               @ ../app/src/BMI088driver.c:286:5
	strb.w	r0, [sp, #23]
	b	.LBB2_9
.LBB2_9:
	.loc	1 287 1                         @ ../app/src/BMI088driver.c:287:1
	ldrb.w	r0, [sp, #23]
	.loc	1 287 1 epilogue_begin is_stmt 0 @ ../app/src/BMI088driver.c:287:1
	add	sp, #24
	pop	{r7, pc}
.Ltmp59:
.Lfunc_end2:
	.size	bmi088_gyro_init, .Lfunc_end2-bmi088_gyro_init
	.cfi_endproc
	.cantunwind
	.fnend
                                        @ -- End function
	.section	.text.BMI088_write_single_reg,"ax",%progbits
	.p2align	3                               @ -- Begin function BMI088_write_single_reg
	.type	BMI088_write_single_reg,%function
	.code	16                              @ @BMI088_write_single_reg
	.thumb_func
BMI088_write_single_reg:
.Lfunc_begin3:
	.loc	1 345 0 is_stmt 1               @ ../app/src/BMI088driver.c:345:0
	.fnstart
	.cfi_startproc
@ %bb.0:
	.save	{r7, lr}
	push	{r7, lr}
	.cfi_def_cfa_offset 8
	.cfi_offset lr, -4
	.cfi_offset r7, -8
	.pad	#8
	sub	sp, #8
	.cfi_def_cfa_offset 16
                                        @ kill: def $r2 killed $r1
                                        @ kill: def $r2 killed $r0
	strb.w	r0, [sp, #7]
	strb.w	r1, [sp, #6]
.Ltmp60:
	.loc	1 346 28 prologue_end           @ ../app/src/BMI088driver.c:346:28
	ldrb.w	r0, [sp, #7]
	.loc	1 346 5 is_stmt 0               @ ../app/src/BMI088driver.c:346:5
	bl	BMI088_read_write_byte
	.loc	1 347 28 is_stmt 1              @ ../app/src/BMI088driver.c:347:28
	ldrb.w	r0, [sp, #6]
	.loc	1 347 5 is_stmt 0               @ ../app/src/BMI088driver.c:347:5
	bl	BMI088_read_write_byte
	.loc	1 348 1 epilogue_begin is_stmt 1 @ ../app/src/BMI088driver.c:348:1
	add	sp, #8
	pop	{r7, pc}
.Ltmp61:
.Lfunc_end3:
	.size	BMI088_write_single_reg, .Lfunc_end3-BMI088_write_single_reg
	.cfi_endproc
	.cantunwind
	.fnend
                                        @ -- End function
	.section	.text.BMI088_read_single_reg,"ax",%progbits
	.p2align	3                               @ -- Begin function BMI088_read_single_reg
	.type	BMI088_read_single_reg,%function
	.code	16                              @ @BMI088_read_single_reg
	.thumb_func
BMI088_read_single_reg:
.Lfunc_begin4:
	.loc	1 359 0                         @ ../app/src/BMI088driver.c:359:0
	.fnstart
	.cfi_startproc
@ %bb.0:
	.save	{r7, lr}
	push	{r7, lr}
	.cfi_def_cfa_offset 8
	.cfi_offset lr, -4
	.cfi_offset r7, -8
	.pad	#8
	sub	sp, #8
	.cfi_def_cfa_offset 16
                                        @ kill: def $r2 killed $r0
	strb.w	r0, [sp, #7]
	str	r1, [sp]
.Ltmp62:
	.loc	1 360 28 prologue_end           @ ../app/src/BMI088driver.c:360:28
	ldrb.w	r0, [sp, #7]
	.loc	1 360 32 is_stmt 0              @ ../app/src/BMI088driver.c:360:32
	orr	r0, r0, #128
	.loc	1 360 5                         @ ../app/src/BMI088driver.c:360:5
	bl	BMI088_read_write_byte
	movs	r0, #85
	.loc	1 361 20 is_stmt 1              @ ../app/src/BMI088driver.c:361:20
	bl	BMI088_read_write_byte
	.loc	1 361 6 is_stmt 0               @ ../app/src/BMI088driver.c:361:6
	ldr	r1, [sp]
	.loc	1 361 18                        @ ../app/src/BMI088driver.c:361:18
	strb	r0, [r1]
	.loc	1 362 1 epilogue_begin is_stmt 1 @ ../app/src/BMI088driver.c:362:1
	add	sp, #8
	pop	{r7, pc}
.Ltmp63:
.Lfunc_end4:
	.size	BMI088_read_single_reg, .Lfunc_end4-BMI088_read_single_reg
	.cfi_endproc
	.cantunwind
	.fnend
                                        @ -- End function
	.section	.text.BMI088_read,"ax",%progbits
	.hidden	BMI088_read                     @ -- Begin function BMI088_read
	.globl	BMI088_read
	.p2align	3
	.type	BMI088_read,%function
	.code	16                              @ @BMI088_read
	.thumb_func
BMI088_read:
.Lfunc_begin5:
	.loc	1 299 0                         @ ../app/src/BMI088driver.c:299:0
	.fnstart
	.cfi_startproc
@ %bb.0:
	.save	{r7, lr}
	push	{r7, lr}
	.cfi_def_cfa_offset 8
	.cfi_offset lr, -4
	.cfi_offset r7, -8
	.pad	#32
	sub	sp, #32
	.cfi_def_cfa_offset 40
	str	r0, [sp, #28]
	str	r1, [sp, #24]
	str	r2, [sp, #20]
	movs	r0, #0
.Ltmp64:
	.loc	1 300 13 prologue_end           @ ../app/src/BMI088driver.c:300:13
	str	r0, [sp]                        @ 4-byte Spill
	str	r0, [sp, #16]
	str	r0, [sp, #12]
.Ltmp65:
	.loc	1 303 5                         @ ../app/src/BMI088driver.c:303:5
	bl	BMI088_ACCEL_NS_L
	movs	r0, #146
	bl	BMI088_read_write_byte
	movs	r0, #18
	add	r1, sp, #12
	str	r1, [sp, #4]                    @ 4-byte Spill
	movs	r2, #6
	bl	BMI088_read_muli_reg
	bl	BMI088_ACCEL_NS_H
.Ltmp66:
	.loc	1 305 50                        @ ../app/src/BMI088driver.c:305:50
	ldrb.w	r0, [sp, #12]
	.loc	1 305 33 is_stmt 0              @ ../app/src/BMI088driver.c:305:33
	ldrb.w	r1, [sp, #13]
	.loc	1 305 48                        @ ../app/src/BMI088driver.c:305:48
	orr.w	r0, r0, r1, lsl #8
	.loc	1 305 21                        @ ../app/src/BMI088driver.c:305:21
	strh.w	r0, [sp, #10]
	.loc	1 306 16 is_stmt 1              @ ../app/src/BMI088driver.c:306:16
	ldrsh.w	r0, [sp, #10]
	vmov	s0, r0
	vcvt.f32.s32	s0, s0
	.loc	1 306 34 is_stmt 0              @ ../app/src/BMI088driver.c:306:34
	movw	r0, :lower16:BMI088_ACCEL_SEN
	movt	r0, :upper16:BMI088_ACCEL_SEN
	vldr	s2, [r0]
	.loc	1 306 32                        @ ../app/src/BMI088driver.c:306:32
	vmul.f32	s0, s0, s2
	.loc	1 306 5                         @ ../app/src/BMI088driver.c:306:5
	ldr	r1, [sp, #24]
	.loc	1 306 14                        @ ../app/src/BMI088driver.c:306:14
	vstr	s0, [r1]
	.loc	1 307 50 is_stmt 1              @ ../app/src/BMI088driver.c:307:50
	ldrb.w	r1, [sp, #14]
	.loc	1 307 33 is_stmt 0              @ ../app/src/BMI088driver.c:307:33
	ldrb.w	r2, [sp, #15]
	.loc	1 307 48                        @ ../app/src/BMI088driver.c:307:48
	orr.w	r1, r1, r2, lsl #8
	.loc	1 307 21                        @ ../app/src/BMI088driver.c:307:21
	strh.w	r1, [sp, #10]
	.loc	1 308 16 is_stmt 1              @ ../app/src/BMI088driver.c:308:16
	ldrsh.w	r1, [sp, #10]
	vmov	s0, r1
	vcvt.f32.s32	s0, s0
	.loc	1 308 34 is_stmt 0              @ ../app/src/BMI088driver.c:308:34
	vldr	s2, [r0]
	.loc	1 308 32                        @ ../app/src/BMI088driver.c:308:32
	vmul.f32	s0, s0, s2
	.loc	1 308 5                         @ ../app/src/BMI088driver.c:308:5
	ldr	r1, [sp, #24]
	.loc	1 308 14                        @ ../app/src/BMI088driver.c:308:14
	vstr	s0, [r1, #4]
	.loc	1 309 50 is_stmt 1              @ ../app/src/BMI088driver.c:309:50
	ldrb.w	r1, [sp, #16]
	.loc	1 309 33 is_stmt 0              @ ../app/src/BMI088driver.c:309:33
	ldrb.w	r2, [sp, #17]
	.loc	1 309 48                        @ ../app/src/BMI088driver.c:309:48
	orr.w	r1, r1, r2, lsl #8
	.loc	1 309 21                        @ ../app/src/BMI088driver.c:309:21
	strh.w	r1, [sp, #10]
	.loc	1 310 16 is_stmt 1              @ ../app/src/BMI088driver.c:310:16
	ldrsh.w	r1, [sp, #10]
	vmov	s0, r1
	vcvt.f32.s32	s0, s0
	.loc	1 310 34 is_stmt 0              @ ../app/src/BMI088driver.c:310:34
	vldr	s2, [r0]
	.loc	1 310 32                        @ ../app/src/BMI088driver.c:310:32
	vmul.f32	s0, s0, s2
	.loc	1 310 5                         @ ../app/src/BMI088driver.c:310:5
	ldr	r0, [sp, #24]
	.loc	1 310 14                        @ ../app/src/BMI088driver.c:310:14
	vstr	s0, [r0, #8]
.Ltmp67:
	.loc	1 312 5 is_stmt 1               @ ../app/src/BMI088driver.c:312:5
	bl	BMI088_GYRO_NS_L
	ldr	r0, [sp]                        @ 4-byte Reload
	ldr	r1, [sp, #4]                    @ 4-byte Reload
	movs	r2, #8
	bl	BMI088_read_muli_reg
	bl	BMI088_GYRO_NS_H
.Ltmp68:
	.loc	1 313 8                         @ ../app/src/BMI088driver.c:313:8
	ldrb.w	r0, [sp, #12]
.Ltmp69:
	.loc	1 313 8 is_stmt 0               @ ../app/src/BMI088driver.c:313:8
	cmp	r0, #15
	bne	.LBB5_2
	b	.LBB5_1
.LBB5_1:
.Ltmp70:
	.loc	1 315 54 is_stmt 1              @ ../app/src/BMI088driver.c:315:54
	ldrb.w	r0, [sp, #14]
	.loc	1 315 37 is_stmt 0              @ ../app/src/BMI088driver.c:315:37
	ldrb.w	r1, [sp, #15]
	.loc	1 315 52                        @ ../app/src/BMI088driver.c:315:52
	orr.w	r0, r0, r1, lsl #8
	.loc	1 315 25                        @ ../app/src/BMI088driver.c:315:25
	strh.w	r0, [sp, #10]
	.loc	1 316 19 is_stmt 1              @ ../app/src/BMI088driver.c:316:19
	ldrsh.w	r0, [sp, #10]
	vmov	s0, r0
	vcvt.f32.s32	s0, s0
	.loc	1 316 37 is_stmt 0              @ ../app/src/BMI088driver.c:316:37
	movw	r0, :lower16:BMI088_GYRO_SEN
	movt	r0, :upper16:BMI088_GYRO_SEN
	vldr	s2, [r0]
	.loc	1 316 35                        @ ../app/src/BMI088driver.c:316:35
	vmul.f32	s0, s0, s2
	.loc	1 316 9                         @ ../app/src/BMI088driver.c:316:9
	ldr	r1, [sp, #28]
	.loc	1 316 17                        @ ../app/src/BMI088driver.c:316:17
	vstr	s0, [r1]
	.loc	1 317 54 is_stmt 1              @ ../app/src/BMI088driver.c:317:54
	ldrb.w	r1, [sp, #16]
	.loc	1 317 37 is_stmt 0              @ ../app/src/BMI088driver.c:317:37
	ldrb.w	r2, [sp, #17]
	.loc	1 317 52                        @ ../app/src/BMI088driver.c:317:52
	orr.w	r1, r1, r2, lsl #8
	.loc	1 317 25                        @ ../app/src/BMI088driver.c:317:25
	strh.w	r1, [sp, #10]
	.loc	1 318 19 is_stmt 1              @ ../app/src/BMI088driver.c:318:19
	ldrsh.w	r1, [sp, #10]
	vmov	s0, r1
	vcvt.f32.s32	s0, s0
	.loc	1 318 37 is_stmt 0              @ ../app/src/BMI088driver.c:318:37
	vldr	s2, [r0]
	.loc	1 318 35                        @ ../app/src/BMI088driver.c:318:35
	vmul.f32	s0, s0, s2
	.loc	1 318 9                         @ ../app/src/BMI088driver.c:318:9
	ldr	r1, [sp, #28]
	.loc	1 318 17                        @ ../app/src/BMI088driver.c:318:17
	vstr	s0, [r1, #4]
	.loc	1 319 54 is_stmt 1              @ ../app/src/BMI088driver.c:319:54
	ldrb.w	r1, [sp, #18]
	.loc	1 319 37 is_stmt 0              @ ../app/src/BMI088driver.c:319:37
	ldrb.w	r2, [sp, #19]
	.loc	1 319 52                        @ ../app/src/BMI088driver.c:319:52
	orr.w	r1, r1, r2, lsl #8
	.loc	1 319 25                        @ ../app/src/BMI088driver.c:319:25
	strh.w	r1, [sp, #10]
	.loc	1 320 19 is_stmt 1              @ ../app/src/BMI088driver.c:320:19
	ldrsh.w	r1, [sp, #10]
	vmov	s0, r1
	vcvt.f32.s32	s0, s0
	.loc	1 320 37 is_stmt 0              @ ../app/src/BMI088driver.c:320:37
	vldr	s2, [r0]
	.loc	1 320 35                        @ ../app/src/BMI088driver.c:320:35
	vmul.f32	s0, s0, s2
	.loc	1 320 9                         @ ../app/src/BMI088driver.c:320:9
	ldr	r0, [sp, #28]
	.loc	1 320 17                        @ ../app/src/BMI088driver.c:320:17
	vstr	s0, [r0, #8]
	.loc	1 321 5 is_stmt 1               @ ../app/src/BMI088driver.c:321:5
	b	.LBB5_2
.Ltmp71:
.LBB5_2:
	.loc	1 322 5                         @ ../app/src/BMI088driver.c:322:5
	bl	BMI088_ACCEL_NS_L
	movs	r0, #162
	bl	BMI088_read_write_byte
	movs	r0, #34
	add	r1, sp, #12
	movs	r2, #2
	bl	BMI088_read_muli_reg
	bl	BMI088_ACCEL_NS_H
.Ltmp72:
	.loc	1 324 34                        @ ../app/src/BMI088driver.c:324:34
	ldrb.w	r0, [sp, #12]
	.loc	1 324 50 is_stmt 0              @ ../app/src/BMI088driver.c:324:50
	ldrb.w	r1, [sp, #13]
	.loc	1 324 41                        @ ../app/src/BMI088driver.c:324:41
	lsls	r0, r0, #3
	.loc	1 324 47                        @ ../app/src/BMI088driver.c:324:47
	orr.w	r0, r0, r1, lsr #5
	.loc	1 324 21                        @ ../app/src/BMI088driver.c:324:21
	strh.w	r0, [sp, #10]
.Ltmp73:
	.loc	1 326 9 is_stmt 1               @ ../app/src/BMI088driver.c:326:9
	ldrsh.w	r0, [sp, #10]
.Ltmp74:
	.loc	1 326 9 is_stmt 0               @ ../app/src/BMI088driver.c:326:9
	cmp.w	r0, #1024
	blt	.LBB5_4
	b	.LBB5_3
.LBB5_3:
.Ltmp75:
	.loc	1 328 25 is_stmt 1              @ ../app/src/BMI088driver.c:328:25
	ldrh.w	r0, [sp, #10]
	sub.w	r0, r0, #2048
	strh.w	r0, [sp, #10]
	.loc	1 329 5                         @ ../app/src/BMI088driver.c:329:5
	b	.LBB5_4
.Ltmp76:
.LBB5_4:
	.loc	1 331 18                        @ ../app/src/BMI088driver.c:331:18
	ldrsh.w	r0, [sp, #10]
	vmov	s0, r0
	vcvt.f32.s32	s2, s0
	vmov.f32	s4, #1.250000e-01
	vmov.f32	s0, #2.300000e+01
	.loc	1 331 55 is_stmt 0              @ ../app/src/BMI088driver.c:331:55
	vfma.f32	s0, s2, s4
	.loc	1 331 6                         @ ../app/src/BMI088driver.c:331:6
	ldr	r0, [sp, #20]
	.loc	1 331 16                        @ ../app/src/BMI088driver.c:331:16
	vstr	s0, [r0]
	.loc	1 332 1 epilogue_begin is_stmt 1 @ ../app/src/BMI088driver.c:332:1
	add	sp, #32
	pop	{r7, pc}
.Ltmp77:
.Lfunc_end5:
	.size	BMI088_read, .Lfunc_end5-BMI088_read
	.cfi_endproc
	.cantunwind
	.fnend
                                        @ -- End function
	.section	.text.BMI088_read_muli_reg,"ax",%progbits
	.p2align	3                               @ -- Begin function BMI088_read_muli_reg
	.type	BMI088_read_muli_reg,%function
	.code	16                              @ @BMI088_read_muli_reg
	.thumb_func
BMI088_read_muli_reg:
.Lfunc_begin6:
	.loc	1 387 0                         @ ../app/src/BMI088driver.c:387:0
	.fnstart
	.cfi_startproc
@ %bb.0:
	.save	{r7, lr}
	push	{r7, lr}
	.cfi_def_cfa_offset 8
	.cfi_offset lr, -4
	.cfi_offset r7, -8
	.pad	#16
	sub	sp, #16
	.cfi_def_cfa_offset 24
                                        @ kill: def $r3 killed $r2
                                        @ kill: def $r3 killed $r0
	strb.w	r0, [sp, #15]
	str	r1, [sp, #8]
	strb.w	r2, [sp, #7]
.Ltmp78:
	.loc	1 388 28 prologue_end           @ ../app/src/BMI088driver.c:388:28
	ldrb.w	r0, [sp, #15]
	.loc	1 388 32 is_stmt 0              @ ../app/src/BMI088driver.c:388:32
	orr	r0, r0, #128
	.loc	1 388 5                         @ ../app/src/BMI088driver.c:388:5
	bl	BMI088_read_write_byte
	.loc	1 390 5 is_stmt 1               @ ../app/src/BMI088driver.c:390:5
	b	.LBB6_1
.LBB6_1:                                @ =>This Inner Loop Header: Depth=1
	.loc	1 390 12 is_stmt 0              @ ../app/src/BMI088driver.c:390:12
	ldrb.w	r0, [sp, #7]
	.loc	1 390 5                         @ ../app/src/BMI088driver.c:390:5
	cbz	r0, .LBB6_3
	b	.LBB6_2
.LBB6_2:                                @   in Loop: Header=BB6_1 Depth=1
	.loc	1 0 5                           @ ../app/src/BMI088driver.c:0:5
	movs	r0, #85
.Ltmp79:
	.loc	1 393 16 is_stmt 1              @ ../app/src/BMI088driver.c:393:16
	bl	BMI088_read_write_byte
	.loc	1 393 10 is_stmt 0              @ ../app/src/BMI088driver.c:393:10
	ldr	r1, [sp, #8]
	.loc	1 393 14                        @ ../app/src/BMI088driver.c:393:14
	strb	r0, [r1]
	.loc	1 394 12 is_stmt 1              @ ../app/src/BMI088driver.c:394:12
	ldr	r0, [sp, #8]
	adds	r0, #1
	str	r0, [sp, #8]
	.loc	1 395 12                        @ ../app/src/BMI088driver.c:395:12
	ldrb.w	r0, [sp, #7]
	subs	r0, #1
	strb.w	r0, [sp, #7]
.Ltmp80:
	.loc	1 390 5                         @ ../app/src/BMI088driver.c:390:5
	b	.LBB6_1
.LBB6_3:
	.loc	1 397 1 epilogue_begin          @ ../app/src/BMI088driver.c:397:1
	add	sp, #16
	pop	{r7, pc}
.Ltmp81:
.Lfunc_end6:
	.size	BMI088_read_muli_reg, .Lfunc_end6-BMI088_read_muli_reg
	.cfi_endproc
	.cantunwind
	.fnend
                                        @ -- End function
	.hidden	BMI088_ACCEL_SEN                @ @BMI088_ACCEL_SEN
	.type	BMI088_ACCEL_SEN,%object
	.section	.data.BMI088_ACCEL_SEN,"aw",%progbits
	.globl	BMI088_ACCEL_SEN
	.p2align	2, 0x0
BMI088_ACCEL_SEN:
	.long	0x3a6b41e7                      @ float 8.97435879E-4
	.size	BMI088_ACCEL_SEN, 4

	.hidden	BMI088_GYRO_SEN                 @ @BMI088_GYRO_SEN
	.type	BMI088_GYRO_SEN,%object
	.section	.data.BMI088_GYRO_SEN,"aw",%progbits
	.globl	BMI088_GYRO_SEN
	.p2align	2, 0x0
BMI088_GYRO_SEN:
	.long	0x3a8ba058                      @ float 0.00106526446
	.size	BMI088_GYRO_SEN, 4

	.type	write_BMI088_accel_reg_data_error,%object @ @write_BMI088_accel_reg_data_error
	.section	.data.write_BMI088_accel_reg_data_error,"aw",%progbits
write_BMI088_accel_reg_data_error:
	.ascii	"}\004\001"
	.ascii	"|\000\002"
	.ascii	"@\253\003"
	.ascii	"A\000\005"
	.ascii	"S\b\006"
	.ascii	"X\004\007"
	.size	write_BMI088_accel_reg_data_error, 18

	.type	write_BMI088_gyro_reg_data_error,%object @ @write_BMI088_gyro_reg_data_error
	.section	.data.write_BMI088_gyro_reg_data_error,"aw",%progbits
write_BMI088_gyro_reg_data_error:
	.ascii	"\017\000\b"
	.ascii	"\020\202\t"
	.ascii	"\021\000\n"
	.ascii	"\025\200\013"
	.ascii	"\026\000\f"
	.ascii	"\030\001\r"
	.size	write_BMI088_gyro_reg_data_error, 18

	.section	.debug_abbrev,"",%progbits
	.byte	1                               @ Abbreviation Code
	.byte	17                              @ DW_TAG_compile_unit
	.byte	1                               @ DW_CHILDREN_yes
	.byte	37                              @ DW_AT_producer
	.byte	14                              @ DW_FORM_strp
	.byte	19                              @ DW_AT_language
	.byte	5                               @ DW_FORM_data2
	.byte	3                               @ DW_AT_name
	.byte	14                              @ DW_FORM_strp
	.byte	16                              @ DW_AT_stmt_list
	.byte	23                              @ DW_FORM_sec_offset
	.byte	27                              @ DW_AT_comp_dir
	.byte	14                              @ DW_FORM_strp
	.byte	17                              @ DW_AT_low_pc
	.byte	1                               @ DW_FORM_addr
	.byte	85                              @ DW_AT_ranges
	.byte	23                              @ DW_FORM_sec_offset
	.byte	0                               @ EOM(1)
	.byte	0                               @ EOM(2)
	.byte	2                               @ Abbreviation Code
	.byte	52                              @ DW_TAG_variable
	.byte	0                               @ DW_CHILDREN_no
	.byte	3                               @ DW_AT_name
	.byte	14                              @ DW_FORM_strp
	.byte	73                              @ DW_AT_type
	.byte	19                              @ DW_FORM_ref4
	.byte	63                              @ DW_AT_external
	.byte	25                              @ DW_FORM_flag_present
	.byte	58                              @ DW_AT_decl_file
	.byte	11                              @ DW_FORM_data1
	.byte	59                              @ DW_AT_decl_line
	.byte	11                              @ DW_FORM_data1
	.byte	2                               @ DW_AT_location
	.byte	24                              @ DW_FORM_exprloc
	.byte	0                               @ EOM(1)
	.byte	0                               @ EOM(2)
	.byte	3                               @ Abbreviation Code
	.byte	36                              @ DW_TAG_base_type
	.byte	0                               @ DW_CHILDREN_no
	.byte	3                               @ DW_AT_name
	.byte	14                              @ DW_FORM_strp
	.byte	62                              @ DW_AT_encoding
	.byte	11                              @ DW_FORM_data1
	.byte	11                              @ DW_AT_byte_size
	.byte	11                              @ DW_FORM_data1
	.byte	0                               @ EOM(1)
	.byte	0                               @ EOM(2)
	.byte	4                               @ Abbreviation Code
	.byte	52                              @ DW_TAG_variable
	.byte	0                               @ DW_CHILDREN_no
	.byte	3                               @ DW_AT_name
	.byte	14                              @ DW_FORM_strp
	.byte	73                              @ DW_AT_type
	.byte	19                              @ DW_FORM_ref4
	.byte	58                              @ DW_AT_decl_file
	.byte	11                              @ DW_FORM_data1
	.byte	59                              @ DW_AT_decl_line
	.byte	11                              @ DW_FORM_data1
	.byte	2                               @ DW_AT_location
	.byte	24                              @ DW_FORM_exprloc
	.byte	0                               @ EOM(1)
	.byte	0                               @ EOM(2)
	.byte	5                               @ Abbreviation Code
	.byte	1                               @ DW_TAG_array_type
	.byte	1                               @ DW_CHILDREN_yes
	.byte	73                              @ DW_AT_type
	.byte	19                              @ DW_FORM_ref4
	.byte	0                               @ EOM(1)
	.byte	0                               @ EOM(2)
	.byte	6                               @ Abbreviation Code
	.byte	33                              @ DW_TAG_subrange_type
	.byte	0                               @ DW_CHILDREN_no
	.byte	73                              @ DW_AT_type
	.byte	19                              @ DW_FORM_ref4
	.byte	55                              @ DW_AT_count
	.byte	11                              @ DW_FORM_data1
	.byte	0                               @ EOM(1)
	.byte	0                               @ EOM(2)
	.byte	7                               @ Abbreviation Code
	.byte	22                              @ DW_TAG_typedef
	.byte	0                               @ DW_CHILDREN_no
	.byte	73                              @ DW_AT_type
	.byte	19                              @ DW_FORM_ref4
	.byte	3                               @ DW_AT_name
	.byte	14                              @ DW_FORM_strp
	.byte	58                              @ DW_AT_decl_file
	.byte	11                              @ DW_FORM_data1
	.byte	59                              @ DW_AT_decl_line
	.byte	11                              @ DW_FORM_data1
	.byte	0                               @ EOM(1)
	.byte	0                               @ EOM(2)
	.byte	8                               @ Abbreviation Code
	.byte	36                              @ DW_TAG_base_type
	.byte	0                               @ DW_CHILDREN_no
	.byte	3                               @ DW_AT_name
	.byte	14                              @ DW_FORM_strp
	.byte	11                              @ DW_AT_byte_size
	.byte	11                              @ DW_FORM_data1
	.byte	62                              @ DW_AT_encoding
	.byte	11                              @ DW_FORM_data1
	.byte	0                               @ EOM(1)
	.byte	0                               @ EOM(2)
	.byte	9                               @ Abbreviation Code
	.byte	4                               @ DW_TAG_enumeration_type
	.byte	1                               @ DW_CHILDREN_yes
	.byte	73                              @ DW_AT_type
	.byte	19                              @ DW_FORM_ref4
	.byte	11                              @ DW_AT_byte_size
	.byte	11                              @ DW_FORM_data1
	.byte	58                              @ DW_AT_decl_file
	.byte	11                              @ DW_FORM_data1
	.byte	59                              @ DW_AT_decl_line
	.byte	11                              @ DW_FORM_data1
	.byte	0                               @ EOM(1)
	.byte	0                               @ EOM(2)
	.byte	10                              @ Abbreviation Code
	.byte	40                              @ DW_TAG_enumerator
	.byte	0                               @ DW_CHILDREN_no
	.byte	3                               @ DW_AT_name
	.byte	14                              @ DW_FORM_strp
	.byte	28                              @ DW_AT_const_value
	.byte	15                              @ DW_FORM_udata
	.byte	0                               @ EOM(1)
	.byte	0                               @ EOM(2)
	.byte	11                              @ Abbreviation Code
	.byte	46                              @ DW_TAG_subprogram
	.byte	1                               @ DW_CHILDREN_yes
	.byte	17                              @ DW_AT_low_pc
	.byte	1                               @ DW_FORM_addr
	.byte	18                              @ DW_AT_high_pc
	.byte	6                               @ DW_FORM_data4
	.byte	64                              @ DW_AT_frame_base
	.byte	24                              @ DW_FORM_exprloc
	.byte	3                               @ DW_AT_name
	.byte	14                              @ DW_FORM_strp
	.byte	58                              @ DW_AT_decl_file
	.byte	11                              @ DW_FORM_data1
	.byte	59                              @ DW_AT_decl_line
	.byte	11                              @ DW_FORM_data1
	.byte	39                              @ DW_AT_prototyped
	.byte	25                              @ DW_FORM_flag_present
	.byte	73                              @ DW_AT_type
	.byte	19                              @ DW_FORM_ref4
	.byte	63                              @ DW_AT_external
	.byte	25                              @ DW_FORM_flag_present
	.byte	0                               @ EOM(1)
	.byte	0                               @ EOM(2)
	.byte	12                              @ Abbreviation Code
	.byte	52                              @ DW_TAG_variable
	.byte	0                               @ DW_CHILDREN_no
	.byte	2                               @ DW_AT_location
	.byte	24                              @ DW_FORM_exprloc
	.byte	3                               @ DW_AT_name
	.byte	14                              @ DW_FORM_strp
	.byte	58                              @ DW_AT_decl_file
	.byte	11                              @ DW_FORM_data1
	.byte	59                              @ DW_AT_decl_line
	.byte	11                              @ DW_FORM_data1
	.byte	73                              @ DW_AT_type
	.byte	19                              @ DW_FORM_ref4
	.byte	0                               @ EOM(1)
	.byte	0                               @ EOM(2)
	.byte	13                              @ Abbreviation Code
	.byte	46                              @ DW_TAG_subprogram
	.byte	1                               @ DW_CHILDREN_yes
	.byte	17                              @ DW_AT_low_pc
	.byte	1                               @ DW_FORM_addr
	.byte	18                              @ DW_AT_high_pc
	.byte	6                               @ DW_FORM_data4
	.byte	64                              @ DW_AT_frame_base
	.byte	24                              @ DW_FORM_exprloc
	.byte	3                               @ DW_AT_name
	.byte	14                              @ DW_FORM_strp
	.byte	58                              @ DW_AT_decl_file
	.byte	11                              @ DW_FORM_data1
	.byte	59                              @ DW_AT_decl_line
	.byte	5                               @ DW_FORM_data2
	.byte	39                              @ DW_AT_prototyped
	.byte	25                              @ DW_FORM_flag_present
	.byte	0                               @ EOM(1)
	.byte	0                               @ EOM(2)
	.byte	14                              @ Abbreviation Code
	.byte	5                               @ DW_TAG_formal_parameter
	.byte	0                               @ DW_CHILDREN_no
	.byte	2                               @ DW_AT_location
	.byte	24                              @ DW_FORM_exprloc
	.byte	3                               @ DW_AT_name
	.byte	14                              @ DW_FORM_strp
	.byte	58                              @ DW_AT_decl_file
	.byte	11                              @ DW_FORM_data1
	.byte	59                              @ DW_AT_decl_line
	.byte	5                               @ DW_FORM_data2
	.byte	73                              @ DW_AT_type
	.byte	19                              @ DW_FORM_ref4
	.byte	0                               @ EOM(1)
	.byte	0                               @ EOM(2)
	.byte	15                              @ Abbreviation Code
	.byte	46                              @ DW_TAG_subprogram
	.byte	1                               @ DW_CHILDREN_yes
	.byte	17                              @ DW_AT_low_pc
	.byte	1                               @ DW_FORM_addr
	.byte	18                              @ DW_AT_high_pc
	.byte	6                               @ DW_FORM_data4
	.byte	64                              @ DW_AT_frame_base
	.byte	24                              @ DW_FORM_exprloc
	.byte	3                               @ DW_AT_name
	.byte	14                              @ DW_FORM_strp
	.byte	58                              @ DW_AT_decl_file
	.byte	11                              @ DW_FORM_data1
	.byte	59                              @ DW_AT_decl_line
	.byte	5                               @ DW_FORM_data2
	.byte	39                              @ DW_AT_prototyped
	.byte	25                              @ DW_FORM_flag_present
	.byte	63                              @ DW_AT_external
	.byte	25                              @ DW_FORM_flag_present
	.byte	0                               @ EOM(1)
	.byte	0                               @ EOM(2)
	.byte	16                              @ Abbreviation Code
	.byte	52                              @ DW_TAG_variable
	.byte	0                               @ DW_CHILDREN_no
	.byte	2                               @ DW_AT_location
	.byte	24                              @ DW_FORM_exprloc
	.byte	3                               @ DW_AT_name
	.byte	14                              @ DW_FORM_strp
	.byte	58                              @ DW_AT_decl_file
	.byte	11                              @ DW_FORM_data1
	.byte	59                              @ DW_AT_decl_line
	.byte	5                               @ DW_FORM_data2
	.byte	73                              @ DW_AT_type
	.byte	19                              @ DW_FORM_ref4
	.byte	0                               @ EOM(1)
	.byte	0                               @ EOM(2)
	.byte	17                              @ Abbreviation Code
	.byte	15                              @ DW_TAG_pointer_type
	.byte	0                               @ DW_CHILDREN_no
	.byte	73                              @ DW_AT_type
	.byte	19                              @ DW_FORM_ref4
	.byte	0                               @ EOM(1)
	.byte	0                               @ EOM(2)
	.byte	0                               @ EOM(3)
	.section	.debug_info,"",%progbits
.Lcu_begin0:
	.long	.Ldebug_info_end0-.Ldebug_info_start0 @ Length of Unit
.Ldebug_info_start0:
	.short	4                               @ DWARF version number
	.long	.debug_abbrev                   @ Offset Into Abbrev. Section
	.byte	4                               @ Address Size (in bytes)
	.byte	1                               @ Abbrev [1] 0xb:0x2b3 DW_TAG_compile_unit
	.long	.Linfo_string0                  @ DW_AT_producer
	.short	12                              @ DW_AT_language
	.long	.Linfo_string1                  @ DW_AT_name
	.long	.Lline_table_start0             @ DW_AT_stmt_list
	.long	.Linfo_string2                  @ DW_AT_comp_dir
	.long	0                               @ DW_AT_low_pc
	.long	.Ldebug_ranges0                 @ DW_AT_ranges
	.byte	2                               @ Abbrev [2] 0x26:0x11 DW_TAG_variable
	.long	.Linfo_string3                  @ DW_AT_name
	.long	55                              @ DW_AT_type
                                        @ DW_AT_external
	.byte	1                               @ DW_AT_decl_file
	.byte	7                               @ DW_AT_decl_line
	.byte	5                               @ DW_AT_location
	.byte	3
	.long	BMI088_ACCEL_SEN
	.byte	3                               @ Abbrev [3] 0x37:0x7 DW_TAG_base_type
	.long	.Linfo_string4                  @ DW_AT_name
	.byte	4                               @ DW_AT_encoding
	.byte	4                               @ DW_AT_byte_size
	.byte	2                               @ Abbrev [2] 0x3e:0x11 DW_TAG_variable
	.long	.Linfo_string5                  @ DW_AT_name
	.long	55                              @ DW_AT_type
                                        @ DW_AT_external
	.byte	1                               @ DW_AT_decl_file
	.byte	8                               @ DW_AT_decl_line
	.byte	5                               @ DW_AT_location
	.byte	3
	.long	BMI088_GYRO_SEN
	.byte	4                               @ Abbrev [4] 0x4f:0x11 DW_TAG_variable
	.long	.Linfo_string6                  @ DW_AT_name
	.long	96                              @ DW_AT_type
	.byte	1                               @ DW_AT_decl_file
	.byte	126                             @ DW_AT_decl_line
	.byte	5                               @ DW_AT_location
	.byte	3
	.long	write_BMI088_accel_reg_data_error
	.byte	5                               @ Abbrev [5] 0x60:0x12 DW_TAG_array_type
	.long	114                             @ DW_AT_type
	.byte	6                               @ Abbrev [6] 0x65:0x6 DW_TAG_subrange_type
	.long	132                             @ DW_AT_type
	.byte	6                               @ DW_AT_count
	.byte	6                               @ Abbrev [6] 0x6b:0x6 DW_TAG_subrange_type
	.long	132                             @ DW_AT_type
	.byte	3                               @ DW_AT_count
	.byte	0                               @ End Of Children Mark
	.byte	7                               @ Abbrev [7] 0x72:0xb DW_TAG_typedef
	.long	125                             @ DW_AT_type
	.long	.Linfo_string8                  @ DW_AT_name
	.byte	2                               @ DW_AT_decl_file
	.byte	62                              @ DW_AT_decl_line
	.byte	3                               @ Abbrev [3] 0x7d:0x7 DW_TAG_base_type
	.long	.Linfo_string7                  @ DW_AT_name
	.byte	8                               @ DW_AT_encoding
	.byte	1                               @ DW_AT_byte_size
	.byte	8                               @ Abbrev [8] 0x84:0x7 DW_TAG_base_type
	.long	.Linfo_string9                  @ DW_AT_name
	.byte	8                               @ DW_AT_byte_size
	.byte	7                               @ DW_AT_encoding
	.byte	4                               @ Abbrev [4] 0x8b:0x11 DW_TAG_variable
	.long	.Linfo_string10                 @ DW_AT_name
	.long	96                              @ DW_AT_type
	.byte	1                               @ DW_AT_decl_file
	.byte	144                             @ DW_AT_decl_line
	.byte	5                               @ DW_AT_location
	.byte	3
	.long	write_BMI088_gyro_reg_data_error
	.byte	9                               @ Abbrev [9] 0x9c:0x71 DW_TAG_enumeration_type
	.long	125                             @ DW_AT_type
	.byte	1                               @ DW_AT_byte_size
	.byte	3                               @ DW_AT_decl_file
	.byte	67                              @ DW_AT_decl_line
	.byte	10                              @ Abbrev [10] 0xa4:0x6 DW_TAG_enumerator
	.long	.Linfo_string11                 @ DW_AT_name
	.byte	0                               @ DW_AT_const_value
	.byte	10                              @ Abbrev [10] 0xaa:0x6 DW_TAG_enumerator
	.long	.Linfo_string12                 @ DW_AT_name
	.byte	1                               @ DW_AT_const_value
	.byte	10                              @ Abbrev [10] 0xb0:0x6 DW_TAG_enumerator
	.long	.Linfo_string13                 @ DW_AT_name
	.byte	2                               @ DW_AT_const_value
	.byte	10                              @ Abbrev [10] 0xb6:0x6 DW_TAG_enumerator
	.long	.Linfo_string14                 @ DW_AT_name
	.byte	3                               @ DW_AT_const_value
	.byte	10                              @ Abbrev [10] 0xbc:0x6 DW_TAG_enumerator
	.long	.Linfo_string15                 @ DW_AT_name
	.byte	4                               @ DW_AT_const_value
	.byte	10                              @ Abbrev [10] 0xc2:0x6 DW_TAG_enumerator
	.long	.Linfo_string16                 @ DW_AT_name
	.byte	5                               @ DW_AT_const_value
	.byte	10                              @ Abbrev [10] 0xc8:0x6 DW_TAG_enumerator
	.long	.Linfo_string17                 @ DW_AT_name
	.byte	6                               @ DW_AT_const_value
	.byte	10                              @ Abbrev [10] 0xce:0x6 DW_TAG_enumerator
	.long	.Linfo_string18                 @ DW_AT_name
	.byte	7                               @ DW_AT_const_value
	.byte	10                              @ Abbrev [10] 0xd4:0x6 DW_TAG_enumerator
	.long	.Linfo_string19                 @ DW_AT_name
	.byte	8                               @ DW_AT_const_value
	.byte	10                              @ Abbrev [10] 0xda:0x6 DW_TAG_enumerator
	.long	.Linfo_string20                 @ DW_AT_name
	.byte	9                               @ DW_AT_const_value
	.byte	10                              @ Abbrev [10] 0xe0:0x6 DW_TAG_enumerator
	.long	.Linfo_string21                 @ DW_AT_name
	.byte	10                              @ DW_AT_const_value
	.byte	10                              @ Abbrev [10] 0xe6:0x6 DW_TAG_enumerator
	.long	.Linfo_string22                 @ DW_AT_name
	.byte	11                              @ DW_AT_const_value
	.byte	10                              @ Abbrev [10] 0xec:0x6 DW_TAG_enumerator
	.long	.Linfo_string23                 @ DW_AT_name
	.byte	12                              @ DW_AT_const_value
	.byte	10                              @ Abbrev [10] 0xf2:0x6 DW_TAG_enumerator
	.long	.Linfo_string24                 @ DW_AT_name
	.byte	13                              @ DW_AT_const_value
	.byte	10                              @ Abbrev [10] 0xf8:0x7 DW_TAG_enumerator
	.long	.Linfo_string25                 @ DW_AT_name
	.ascii	"\200\001"                      @ DW_AT_const_value
	.byte	10                              @ Abbrev [10] 0xff:0x6 DW_TAG_enumerator
	.long	.Linfo_string26                 @ DW_AT_name
	.byte	64                              @ DW_AT_const_value
	.byte	10                              @ Abbrev [10] 0x105:0x7 DW_TAG_enumerator
	.long	.Linfo_string27                 @ DW_AT_name
	.ascii	"\377\001"                      @ DW_AT_const_value
	.byte	0                               @ End Of Children Mark
	.byte	7                               @ Abbrev [7] 0x10d:0xb DW_TAG_typedef
	.long	280                             @ DW_AT_type
	.long	.Linfo_string29                 @ DW_AT_name
	.byte	2                               @ DW_AT_decl_file
	.byte	57                              @ DW_AT_decl_line
	.byte	3                               @ Abbrev [3] 0x118:0x7 DW_TAG_base_type
	.long	.Linfo_string28                 @ DW_AT_name
	.byte	5                               @ DW_AT_encoding
	.byte	2                               @ DW_AT_byte_size
	.byte	11                              @ Abbrev [11] 0x11f:0x24 DW_TAG_subprogram
	.long	.Lfunc_begin0                   @ DW_AT_low_pc
	.long	.Lfunc_end0-.Lfunc_begin0       @ DW_AT_high_pc
	.byte	1                               @ DW_AT_frame_base
	.byte	93
	.long	.Linfo_string30                 @ DW_AT_name
	.byte	1                               @ DW_AT_decl_file
	.byte	162                             @ DW_AT_decl_line
                                        @ DW_AT_prototyped
	.long	114                             @ DW_AT_type
                                        @ DW_AT_external
	.byte	12                              @ Abbrev [12] 0x134:0xe DW_TAG_variable
	.byte	2                               @ DW_AT_location
	.byte	145
	.byte	7
	.long	.Linfo_string37                 @ DW_AT_name
	.byte	1                               @ DW_AT_decl_file
	.byte	164                             @ DW_AT_decl_line
	.long	114                             @ DW_AT_type
	.byte	0                               @ End Of Children Mark
	.byte	11                              @ Abbrev [11] 0x143:0x32 DW_TAG_subprogram
	.long	.Lfunc_begin1                   @ DW_AT_low_pc
	.long	.Lfunc_end1-.Lfunc_begin1       @ DW_AT_high_pc
	.byte	1                               @ DW_AT_frame_base
	.byte	93
	.long	.Linfo_string31                 @ DW_AT_name
	.byte	1                               @ DW_AT_decl_file
	.byte	182                             @ DW_AT_decl_line
                                        @ DW_AT_prototyped
	.long	114                             @ DW_AT_type
                                        @ DW_AT_external
	.byte	12                              @ Abbrev [12] 0x158:0xe DW_TAG_variable
	.byte	2                               @ DW_AT_location
	.byte	145
	.byte	30
	.long	.Linfo_string38                 @ DW_AT_name
	.byte	1                               @ DW_AT_decl_file
	.byte	184                             @ DW_AT_decl_line
	.long	114                             @ DW_AT_type
	.byte	12                              @ Abbrev [12] 0x166:0xe DW_TAG_variable
	.byte	2                               @ DW_AT_location
	.byte	145
	.byte	29
	.long	.Linfo_string39                 @ DW_AT_name
	.byte	1                               @ DW_AT_decl_file
	.byte	185                             @ DW_AT_decl_line
	.long	114                             @ DW_AT_type
	.byte	0                               @ End Of Children Mark
	.byte	11                              @ Abbrev [11] 0x175:0x32 DW_TAG_subprogram
	.long	.Lfunc_begin2                   @ DW_AT_low_pc
	.long	.Lfunc_end2-.Lfunc_begin2       @ DW_AT_high_pc
	.byte	1                               @ DW_AT_frame_base
	.byte	93
	.long	.Linfo_string32                 @ DW_AT_name
	.byte	1                               @ DW_AT_decl_file
	.byte	237                             @ DW_AT_decl_line
                                        @ DW_AT_prototyped
	.long	114                             @ DW_AT_type
                                        @ DW_AT_external
	.byte	12                              @ Abbrev [12] 0x18a:0xe DW_TAG_variable
	.byte	2                               @ DW_AT_location
	.byte	145
	.byte	22
	.long	.Linfo_string39                 @ DW_AT_name
	.byte	1                               @ DW_AT_decl_file
	.byte	239                             @ DW_AT_decl_line
	.long	114                             @ DW_AT_type
	.byte	12                              @ Abbrev [12] 0x198:0xe DW_TAG_variable
	.byte	2                               @ DW_AT_location
	.byte	145
	.byte	21
	.long	.Linfo_string38                 @ DW_AT_name
	.byte	1                               @ DW_AT_decl_file
	.byte	240                             @ DW_AT_decl_line
	.long	114                             @ DW_AT_type
	.byte	0                               @ End Of Children Mark
	.byte	13                              @ Abbrev [13] 0x1a7:0x31 DW_TAG_subprogram
	.long	.Lfunc_begin3                   @ DW_AT_low_pc
	.long	.Lfunc_end3-.Lfunc_begin3       @ DW_AT_high_pc
	.byte	1                               @ DW_AT_frame_base
	.byte	93
	.long	.Linfo_string33                 @ DW_AT_name
	.byte	1                               @ DW_AT_decl_file
	.short	344                             @ DW_AT_decl_line
                                        @ DW_AT_prototyped
	.byte	14                              @ Abbrev [14] 0x1b9:0xf DW_TAG_formal_parameter
	.byte	2                               @ DW_AT_location
	.byte	145
	.byte	7
	.long	.Linfo_string40                 @ DW_AT_name
	.byte	1                               @ DW_AT_decl_file
	.short	344                             @ DW_AT_decl_line
	.long	114                             @ DW_AT_type
	.byte	14                              @ Abbrev [14] 0x1c8:0xf DW_TAG_formal_parameter
	.byte	2                               @ DW_AT_location
	.byte	145
	.byte	6
	.long	.Linfo_string41                 @ DW_AT_name
	.byte	1                               @ DW_AT_decl_file
	.short	344                             @ DW_AT_decl_line
	.long	114                             @ DW_AT_type
	.byte	0                               @ End Of Children Mark
	.byte	13                              @ Abbrev [13] 0x1d8:0x31 DW_TAG_subprogram
	.long	.Lfunc_begin4                   @ DW_AT_low_pc
	.long	.Lfunc_end4-.Lfunc_begin4       @ DW_AT_high_pc
	.byte	1                               @ DW_AT_frame_base
	.byte	93
	.long	.Linfo_string34                 @ DW_AT_name
	.byte	1                               @ DW_AT_decl_file
	.short	358                             @ DW_AT_decl_line
                                        @ DW_AT_prototyped
	.byte	14                              @ Abbrev [14] 0x1ea:0xf DW_TAG_formal_parameter
	.byte	2                               @ DW_AT_location
	.byte	145
	.byte	7
	.long	.Linfo_string40                 @ DW_AT_name
	.byte	1                               @ DW_AT_decl_file
	.short	358                             @ DW_AT_decl_line
	.long	114                             @ DW_AT_type
	.byte	14                              @ Abbrev [14] 0x1f9:0xf DW_TAG_formal_parameter
	.byte	2                               @ DW_AT_location
	.byte	145
	.byte	0
	.long	.Linfo_string42                 @ DW_AT_name
	.byte	1                               @ DW_AT_decl_file
	.short	358                             @ DW_AT_decl_line
	.long	679                             @ DW_AT_type
	.byte	0                               @ End Of Children Mark
	.byte	15                              @ Abbrev [15] 0x209:0x5e DW_TAG_subprogram
	.long	.Lfunc_begin5                   @ DW_AT_low_pc
	.long	.Lfunc_end5-.Lfunc_begin5       @ DW_AT_high_pc
	.byte	1                               @ DW_AT_frame_base
	.byte	93
	.long	.Linfo_string35                 @ DW_AT_name
	.byte	1                               @ DW_AT_decl_file
	.short	298                             @ DW_AT_decl_line
                                        @ DW_AT_prototyped
                                        @ DW_AT_external
	.byte	14                              @ Abbrev [14] 0x21b:0xf DW_TAG_formal_parameter
	.byte	2                               @ DW_AT_location
	.byte	145
	.byte	28
	.long	.Linfo_string43                 @ DW_AT_name
	.byte	1                               @ DW_AT_decl_file
	.short	298                             @ DW_AT_decl_line
	.long	684                             @ DW_AT_type
	.byte	14                              @ Abbrev [14] 0x22a:0xf DW_TAG_formal_parameter
	.byte	2                               @ DW_AT_location
	.byte	145
	.byte	24
	.long	.Linfo_string44                 @ DW_AT_name
	.byte	1                               @ DW_AT_decl_file
	.short	298                             @ DW_AT_decl_line
	.long	684                             @ DW_AT_type
	.byte	14                              @ Abbrev [14] 0x239:0xf DW_TAG_formal_parameter
	.byte	2                               @ DW_AT_location
	.byte	145
	.byte	20
	.long	.Linfo_string45                 @ DW_AT_name
	.byte	1                               @ DW_AT_decl_file
	.short	298                             @ DW_AT_decl_line
	.long	684                             @ DW_AT_type
	.byte	16                              @ Abbrev [16] 0x248:0xf DW_TAG_variable
	.byte	2                               @ DW_AT_location
	.byte	145
	.byte	12
	.long	.Linfo_string46                 @ DW_AT_name
	.byte	1                               @ DW_AT_decl_file
	.short	300                             @ DW_AT_decl_line
	.long	689                             @ DW_AT_type
	.byte	16                              @ Abbrev [16] 0x257:0xf DW_TAG_variable
	.byte	2                               @ DW_AT_location
	.byte	145
	.byte	10
	.long	.Linfo_string47                 @ DW_AT_name
	.byte	1                               @ DW_AT_decl_file
	.short	301                             @ DW_AT_decl_line
	.long	269                             @ DW_AT_type
	.byte	0                               @ End Of Children Mark
	.byte	13                              @ Abbrev [13] 0x267:0x40 DW_TAG_subprogram
	.long	.Lfunc_begin6                   @ DW_AT_low_pc
	.long	.Lfunc_end6-.Lfunc_begin6       @ DW_AT_high_pc
	.byte	1                               @ DW_AT_frame_base
	.byte	93
	.long	.Linfo_string36                 @ DW_AT_name
	.byte	1                               @ DW_AT_decl_file
	.short	386                             @ DW_AT_decl_line
                                        @ DW_AT_prototyped
	.byte	14                              @ Abbrev [14] 0x279:0xf DW_TAG_formal_parameter
	.byte	2                               @ DW_AT_location
	.byte	145
	.byte	15
	.long	.Linfo_string40                 @ DW_AT_name
	.byte	1                               @ DW_AT_decl_file
	.short	386                             @ DW_AT_decl_line
	.long	114                             @ DW_AT_type
	.byte	14                              @ Abbrev [14] 0x288:0xf DW_TAG_formal_parameter
	.byte	2                               @ DW_AT_location
	.byte	145
	.byte	8
	.long	.Linfo_string46                 @ DW_AT_name
	.byte	1                               @ DW_AT_decl_file
	.short	386                             @ DW_AT_decl_line
	.long	679                             @ DW_AT_type
	.byte	14                              @ Abbrev [14] 0x297:0xf DW_TAG_formal_parameter
	.byte	2                               @ DW_AT_location
	.byte	145
	.byte	7
	.long	.Linfo_string48                 @ DW_AT_name
	.byte	1                               @ DW_AT_decl_file
	.short	386                             @ DW_AT_decl_line
	.long	114                             @ DW_AT_type
	.byte	0                               @ End Of Children Mark
	.byte	17                              @ Abbrev [17] 0x2a7:0x5 DW_TAG_pointer_type
	.long	114                             @ DW_AT_type
	.byte	17                              @ Abbrev [17] 0x2ac:0x5 DW_TAG_pointer_type
	.long	55                              @ DW_AT_type
	.byte	5                               @ Abbrev [5] 0x2b1:0xc DW_TAG_array_type
	.long	114                             @ DW_AT_type
	.byte	6                               @ Abbrev [6] 0x2b6:0x6 DW_TAG_subrange_type
	.long	132                             @ DW_AT_type
	.byte	8                               @ DW_AT_count
	.byte	0                               @ End Of Children Mark
	.byte	0                               @ End Of Children Mark
.Ldebug_info_end0:
	.section	.debug_ranges,"",%progbits
.Ldebug_ranges0:
	.long	.Lfunc_begin0
	.long	.Lfunc_end0
	.long	.Lfunc_begin1
	.long	.Lfunc_end1
	.long	.Lfunc_begin2
	.long	.Lfunc_end2
	.long	.Lfunc_begin3
	.long	.Lfunc_end3
	.long	.Lfunc_begin4
	.long	.Lfunc_end4
	.long	.Lfunc_begin5
	.long	.Lfunc_end5
	.long	.Lfunc_begin6
	.long	.Lfunc_end6
	.long	0
	.long	0
	.section	.debug_str,"MS",%progbits,1
.Linfo_string0:
	.asciz	"Component: Arm Compiler for Embedded 6.24 Tool: armclang [5f371800]" @ string offset=0
.Linfo_string1:
	.asciz	"../app/src\\BMI088driver.c"    @ string offset=68
.Linfo_string2:
	.asciz	"D:\\RM_projects\\h7_final_4\\MDK-ARM" @ string offset=94
.Linfo_string3:
	.asciz	"BMI088_ACCEL_SEN"              @ string offset=128
.Linfo_string4:
	.asciz	"float"                         @ string offset=145
.Linfo_string5:
	.asciz	"BMI088_GYRO_SEN"               @ string offset=151
.Linfo_string6:
	.asciz	"write_BMI088_accel_reg_data_error" @ string offset=167
.Linfo_string7:
	.asciz	"unsigned char"                 @ string offset=201
.Linfo_string8:
	.asciz	"uint8_t"                       @ string offset=215
.Linfo_string9:
	.asciz	"__ARRAY_SIZE_TYPE__"           @ string offset=223
.Linfo_string10:
	.asciz	"write_BMI088_gyro_reg_data_error" @ string offset=243
.Linfo_string11:
	.asciz	"BMI088_NO_ERROR"               @ string offset=276
.Linfo_string12:
	.asciz	"BMI088_ACC_PWR_CTRL_ERROR"     @ string offset=292
.Linfo_string13:
	.asciz	"BMI088_ACC_PWR_CONF_ERROR"     @ string offset=318
.Linfo_string14:
	.asciz	"BMI088_ACC_CONF_ERROR"         @ string offset=344
.Linfo_string15:
	.asciz	"BMI088_ACC_SELF_TEST_ERROR"    @ string offset=366
.Linfo_string16:
	.asciz	"BMI088_ACC_RANGE_ERROR"        @ string offset=393
.Linfo_string17:
	.asciz	"BMI088_INT1_IO_CTRL_ERROR"     @ string offset=416
.Linfo_string18:
	.asciz	"BMI088_INT_MAP_DATA_ERROR"     @ string offset=442
.Linfo_string19:
	.asciz	"BMI088_GYRO_RANGE_ERROR"       @ string offset=468
.Linfo_string20:
	.asciz	"BMI088_GYRO_BANDWIDTH_ERROR"   @ string offset=492
.Linfo_string21:
	.asciz	"BMI088_GYRO_LPM1_ERROR"        @ string offset=520
.Linfo_string22:
	.asciz	"BMI088_GYRO_CTRL_ERROR"        @ string offset=543
.Linfo_string23:
	.asciz	"BMI088_GYRO_INT3_INT4_IO_CONF_ERROR" @ string offset=566
.Linfo_string24:
	.asciz	"BMI088_GYRO_INT3_INT4_IO_MAP_ERROR" @ string offset=602
.Linfo_string25:
	.asciz	"BMI088_SELF_TEST_ACCEL_ERROR"  @ string offset=637
.Linfo_string26:
	.asciz	"BMI088_SELF_TEST_GYRO_ERROR"   @ string offset=666
.Linfo_string27:
	.asciz	"BMI088_NO_SENSOR"              @ string offset=694
.Linfo_string28:
	.asciz	"short"                         @ string offset=711
.Linfo_string29:
	.asciz	"int16_t"                       @ string offset=717
.Linfo_string30:
	.asciz	"BMI088_init"                   @ string offset=725
.Linfo_string31:
	.asciz	"bmi088_accel_init"             @ string offset=737
.Linfo_string32:
	.asciz	"bmi088_gyro_init"              @ string offset=755
.Linfo_string33:
	.asciz	"BMI088_write_single_reg"       @ string offset=772
.Linfo_string34:
	.asciz	"BMI088_read_single_reg"        @ string offset=796
.Linfo_string35:
	.asciz	"BMI088_read"                   @ string offset=819
.Linfo_string36:
	.asciz	"BMI088_read_muli_reg"          @ string offset=831
.Linfo_string37:
	.asciz	"error"                         @ string offset=852
.Linfo_string38:
	.asciz	"res"                           @ string offset=858
.Linfo_string39:
	.asciz	"write_reg_num"                 @ string offset=862
.Linfo_string40:
	.asciz	"reg"                           @ string offset=876
.Linfo_string41:
	.asciz	"data"                          @ string offset=880
.Linfo_string42:
	.asciz	"return_data"                   @ string offset=885
.Linfo_string43:
	.asciz	"gyro"                          @ string offset=897
.Linfo_string44:
	.asciz	"accel"                         @ string offset=902
.Linfo_string45:
	.asciz	"temperate"                     @ string offset=908
.Linfo_string46:
	.asciz	"buf"                           @ string offset=918
.Linfo_string47:
	.asciz	"bmi088_raw_temp"               @ string offset=922
.Linfo_string48:
	.asciz	"len"                           @ string offset=938
	.ident	"Component: Arm Compiler for Embedded 6.24 Tool: armclang [5f371800]"
	.section	".note.GNU-stack","",%progbits
	.eabi_attribute	30, 6	@ Tag_ABI_optimization_goals
	.ARM_attribute	16, 1	@ Tag_AV_eba
	.section	.debug_line,"",%progbits
.Lline_table_start0:
