	.text
	.syntax unified
	.eabi_attribute	67, "2.09"	@ Tag_conformance
	.cpu	cortex-m7
	.eabi_attribute	6, 13	@ Tag_CPU_arch
	.eabi_attribute	7, 77	@ Tag_CPU_arch_profile
	.eabi_attribute	8, 0	@ Tag_ARM_ISA_use
	.eabi_attribute	9, 2	@ Tag_THUMB_ISA_use
	.fpu	fpv5-d16
	.eabi_attribute	36, 1	@ Tag_FP_HP_extension
	.eabi_attribute	34, 1	@ Tag_CPU_unaligned_access
	.eabi_attribute	17, 1	@ Tag_ABI_PCS_GOT_use
	.eabi_attribute	20, 2	@ Tag_ABI_FP_denormal
	.eabi_attribute	21, 0	@ Tag_ABI_FP_exceptions
	.eabi_attribute	23, 1	@ Tag_ABI_FP_number_model
	.eabi_attribute	24, 1	@ Tag_ABI_align_needed
	.eabi_attribute	25, 1	@ Tag_ABI_align_preserved
	.eabi_attribute	28, 1	@ Tag_ABI_VFP_args
	.eabi_attribute	38, 1	@ Tag_ABI_FP_16bit_format
	.eabi_attribute	18, 2	@ Tag_ABI_PCS_wchar_t
	.eabi_attribute	26, 1	@ Tag_ABI_enum_size
	.eabi_attribute	14, 0	@ Tag_ABI_PCS_R9_use
	.file	"bsp_uart.c"
	.file	1 "D:\\keil_1\\keil\\ARM\\ARMCLANG\\bin\\..\\include" "stdint.h"
	.file	2 "D:\\RM_projects\\h7_final_4\\MDK-ARM" "../app/src/bsp_uart.c"
	.file	3 "D:\\RM_projects\\h7_final_4\\MDK-ARM" "../Drivers/STM32H7xx_HAL_Driver/Inc\\stm32h7xx_hal_def.h"
	.file	4 "D:\\RM_projects\\h7_final_4\\MDK-ARM" "../Drivers/STM32H7xx_HAL_Driver/Inc\\stm32h7xx_hal_dma.h"
	.file	5 "D:\\RM_projects\\h7_final_4\\MDK-ARM" "../Drivers/CMSIS/Device/ST/STM32H7xx/Include\\stm32h723xx.h"
	.section	.text.uart_init_bsp,"ax",%progbits
	.hidden	uart_init_bsp                   @ -- Begin function uart_init_bsp
	.globl	uart_init_bsp
	.p2align	3
	.type	uart_init_bsp,%function
	.code	16                              @ @uart_init_bsp
	.thumb_func
uart_init_bsp:
.Lfunc_begin0:
	.loc	2 22 0                          @ ../app/src/bsp_uart.c:22:0
	.fnstart
	.cfi_sections .debug_frame
	.cfi_startproc
@ %bb.0:
	.save	{r7, lr}
	push	{r7, lr}
	.cfi_def_cfa_offset 8
	.cfi_offset lr, -4
	.cfi_offset r7, -8
	.pad	#8
	sub	sp, #8
	.cfi_def_cfa_offset 16
	str	r0, [sp, #4]
.Ltmp0:
	.loc	2 24 34 prologue_end            @ ../app/src/bsp_uart.c:24:34
	ldr	r0, [sp, #4]
	.loc	2 24 5 is_stmt 0                @ ../app/src/bsp_uart.c:24:5
	movw	r1, :lower16:data_temp_uart
	movt	r1, :upper16:data_temp_uart
	movs	r2, #50
	bl	HAL_UARTEx_ReceiveToIdle_DMA
	.loc	2 25 2 is_stmt 1                @ ../app/src/bsp_uart.c:25:2
	movw	r0, :lower16:hdma_uart5_rx
	movt	r0, :upper16:hdma_uart5_rx
	ldr	r0, [r0]
	movs	r1, #16
	movt	r1, #16386
	cmp	r0, r1
	beq.w	.LBB0_16
	b	.LBB0_1
.LBB0_1:
	movw	r0, :lower16:hdma_uart5_rx
	movt	r0, :upper16:hdma_uart5_rx
	ldr	r0, [r0]
	movs	r1, #40
	movt	r1, #16386
	cmp	r0, r1
	beq.w	.LBB0_16
	b	.LBB0_2
.LBB0_2:
	movw	r0, :lower16:hdma_uart5_rx
	movt	r0, :upper16:hdma_uart5_rx
	ldr	r0, [r0]
	movs	r1, #64
	movt	r1, #16386
	cmp	r0, r1
	beq.w	.LBB0_16
	b	.LBB0_3
.LBB0_3:
	movw	r0, :lower16:hdma_uart5_rx
	movt	r0, :upper16:hdma_uart5_rx
	ldr	r0, [r0]
	movs	r1, #88
	movt	r1, #16386
	cmp	r0, r1
	beq.w	.LBB0_16
	b	.LBB0_4
.LBB0_4:
	movw	r0, :lower16:hdma_uart5_rx
	movt	r0, :upper16:hdma_uart5_rx
	ldr	r0, [r0]
	movs	r1, #112
	movt	r1, #16386
	cmp	r0, r1
	beq.w	.LBB0_16
	b	.LBB0_5
.LBB0_5:
	movw	r0, :lower16:hdma_uart5_rx
	movt	r0, :upper16:hdma_uart5_rx
	ldr	r0, [r0]
	movs	r1, #136
	movt	r1, #16386
	cmp	r0, r1
	beq	.LBB0_16
	b	.LBB0_6
.LBB0_6:
	movw	r0, :lower16:hdma_uart5_rx
	movt	r0, :upper16:hdma_uart5_rx
	ldr	r0, [r0]
	movs	r1, #160
	movt	r1, #16386
	cmp	r0, r1
	beq	.LBB0_16
	b	.LBB0_7
.LBB0_7:
	movw	r0, :lower16:hdma_uart5_rx
	movt	r0, :upper16:hdma_uart5_rx
	ldr	r0, [r0]
	movs	r1, #184
	movt	r1, #16386
	cmp	r0, r1
	beq	.LBB0_16
	b	.LBB0_8
.LBB0_8:
	movw	r0, :lower16:hdma_uart5_rx
	movt	r0, :upper16:hdma_uart5_rx
	ldr	r0, [r0]
	movw	r1, #1040
	movt	r1, #16386
	cmp	r0, r1
	beq	.LBB0_16
	b	.LBB0_9
.LBB0_9:
	movw	r0, :lower16:hdma_uart5_rx
	movt	r0, :upper16:hdma_uart5_rx
	ldr	r0, [r0]
	movw	r1, #1064
	movt	r1, #16386
	cmp	r0, r1
	beq	.LBB0_16
	b	.LBB0_10
.LBB0_10:
	movw	r0, :lower16:hdma_uart5_rx
	movt	r0, :upper16:hdma_uart5_rx
	ldr	r0, [r0]
	movw	r1, #1088
	movt	r1, #16386
	cmp	r0, r1
	beq	.LBB0_16
	b	.LBB0_11
.LBB0_11:
	movw	r0, :lower16:hdma_uart5_rx
	movt	r0, :upper16:hdma_uart5_rx
	ldr	r0, [r0]
	movw	r1, #1112
	movt	r1, #16386
	cmp	r0, r1
	beq	.LBB0_16
	b	.LBB0_12
.LBB0_12:
	movw	r0, :lower16:hdma_uart5_rx
	movt	r0, :upper16:hdma_uart5_rx
	ldr	r0, [r0]
	movw	r1, #1136
	movt	r1, #16386
	cmp	r0, r1
	beq	.LBB0_16
	b	.LBB0_13
.LBB0_13:
	movw	r0, :lower16:hdma_uart5_rx
	movt	r0, :upper16:hdma_uart5_rx
	ldr	r0, [r0]
	movw	r1, #1160
	movt	r1, #16386
	cmp	r0, r1
	beq	.LBB0_16
	b	.LBB0_14
.LBB0_14:
	movw	r0, :lower16:hdma_uart5_rx
	movt	r0, :upper16:hdma_uart5_rx
	ldr	r0, [r0]
	movw	r1, #1184
	movt	r1, #16386
	cmp	r0, r1
	beq	.LBB0_16
	b	.LBB0_15
.LBB0_15:
	movw	r0, :lower16:hdma_uart5_rx
	movt	r0, :upper16:hdma_uart5_rx
	ldr	r0, [r0]
	movw	r1, #1208
	movt	r1, #16386
	cmp	r0, r1
	bne	.LBB0_17
	b	.LBB0_16
.LBB0_16:
	movw	r0, :lower16:hdma_uart5_rx
	movt	r0, :upper16:hdma_uart5_rx
	ldr	r1, [r0]
	ldr	r0, [r1]
	bic	r0, r0, #8
                                        @ kill: def $r2 killed $r0
	str	r0, [r1]
	b	.LBB0_18
.LBB0_17:
	movw	r0, :lower16:hdma_uart5_rx
	movt	r0, :upper16:hdma_uart5_rx
	ldr	r1, [r0]
	ldr	r0, [r1]
	bic	r0, r0, #4
                                        @ kill: def $r2 killed $r0
	str	r0, [r1]
	b	.LBB0_18
.LBB0_18:
	.loc	2 27 1 epilogue_begin           @ ../app/src/bsp_uart.c:27:1
	add	sp, #8
	pop	{r7, pc}
.Ltmp1:
.Lfunc_end0:
	.size	uart_init_bsp, .Lfunc_end0-uart_init_bsp
	.cfi_endproc
	.cantunwind
	.fnend
                                        @ -- End function
	.section	.text.HAL_UARTEx_RxEventCallback,"ax",%progbits
	.hidden	HAL_UARTEx_RxEventCallback      @ -- Begin function HAL_UARTEx_RxEventCallback
	.globl	HAL_UARTEx_RxEventCallback
	.p2align	3
	.type	HAL_UARTEx_RxEventCallback,%function
	.code	16                              @ @HAL_UARTEx_RxEventCallback
	.thumb_func
HAL_UARTEx_RxEventCallback:
.Lfunc_begin1:
	.loc	2 30 0                          @ ../app/src/bsp_uart.c:30:0
	.fnstart
	.cfi_startproc
@ %bb.0:
	.save	{r7, lr}
	push	{r7, lr}
	.cfi_def_cfa_offset 8
	.cfi_offset lr, -4
	.cfi_offset r7, -8
	.pad	#16
	sub	sp, #16
	.cfi_def_cfa_offset 24
                                        @ kill: def $r2 killed $r1
	str	r0, [sp, #12]
	strh.w	r1, [sp, #10]
.Ltmp2:
	.loc	2 31 5 prologue_end             @ ../app/src/bsp_uart.c:31:5
	ldr	r0, [sp, #12]
	.loc	2 31 12 is_stmt 0               @ ../app/src/bsp_uart.c:31:12
	ldr	r0, [r0]
	movw	r1, #20480
	movt	r1, #16384
.Ltmp3:
	.loc	2 31 5                          @ ../app/src/bsp_uart.c:31:5
	cmp	r0, r1
	bne.w	.LBB1_20
	b	.LBB1_1
.LBB1_1:
.Ltmp4:
	.loc	2 33 3 is_stmt 1                @ ../app/src/bsp_uart.c:33:3
	movw	r0, :lower16:huart5
	movt	r0, :upper16:huart5
	movw	r1, :lower16:data_temp_uart
	movt	r1, :upper16:data_temp_uart
	str	r1, [sp, #4]                    @ 4-byte Spill
	movs	r2, #50
	bl	HAL_UARTEx_ReceiveToIdle_DMA
                                        @ kill: def $r1 killed $r0
	.loc	2 36 9                          @ ../app/src/bsp_uart.c:36:9
	ldr	r0, [sp, #4]                    @ 4-byte Reload
	bl	dr16_update
	.loc	2 37 3                          @ ../app/src/bsp_uart.c:37:3
	movw	r0, :lower16:hdma_uart5_rx
	movt	r0, :upper16:hdma_uart5_rx
	ldr	r0, [r0]
	movs	r1, #16
	movt	r1, #16386
	cmp	r0, r1
	beq.w	.LBB1_17
	b	.LBB1_2
.LBB1_2:
	movw	r0, :lower16:hdma_uart5_rx
	movt	r0, :upper16:hdma_uart5_rx
	ldr	r0, [r0]
	movs	r1, #40
	movt	r1, #16386
	cmp	r0, r1
	beq.w	.LBB1_17
	b	.LBB1_3
.LBB1_3:
	movw	r0, :lower16:hdma_uart5_rx
	movt	r0, :upper16:hdma_uart5_rx
	ldr	r0, [r0]
	movs	r1, #64
	movt	r1, #16386
	cmp	r0, r1
	beq.w	.LBB1_17
	b	.LBB1_4
.LBB1_4:
	movw	r0, :lower16:hdma_uart5_rx
	movt	r0, :upper16:hdma_uart5_rx
	ldr	r0, [r0]
	movs	r1, #88
	movt	r1, #16386
	cmp	r0, r1
	beq.w	.LBB1_17
	b	.LBB1_5
.LBB1_5:
	movw	r0, :lower16:hdma_uart5_rx
	movt	r0, :upper16:hdma_uart5_rx
	ldr	r0, [r0]
	movs	r1, #112
	movt	r1, #16386
	cmp	r0, r1
	beq.w	.LBB1_17
	b	.LBB1_6
.LBB1_6:
	movw	r0, :lower16:hdma_uart5_rx
	movt	r0, :upper16:hdma_uart5_rx
	ldr	r0, [r0]
	movs	r1, #136
	movt	r1, #16386
	cmp	r0, r1
	beq	.LBB1_17
	b	.LBB1_7
.LBB1_7:
	movw	r0, :lower16:hdma_uart5_rx
	movt	r0, :upper16:hdma_uart5_rx
	ldr	r0, [r0]
	movs	r1, #160
	movt	r1, #16386
	cmp	r0, r1
	beq	.LBB1_17
	b	.LBB1_8
.LBB1_8:
	movw	r0, :lower16:hdma_uart5_rx
	movt	r0, :upper16:hdma_uart5_rx
	ldr	r0, [r0]
	movs	r1, #184
	movt	r1, #16386
	cmp	r0, r1
	beq	.LBB1_17
	b	.LBB1_9
.LBB1_9:
	movw	r0, :lower16:hdma_uart5_rx
	movt	r0, :upper16:hdma_uart5_rx
	ldr	r0, [r0]
	movw	r1, #1040
	movt	r1, #16386
	cmp	r0, r1
	beq	.LBB1_17
	b	.LBB1_10
.LBB1_10:
	movw	r0, :lower16:hdma_uart5_rx
	movt	r0, :upper16:hdma_uart5_rx
	ldr	r0, [r0]
	movw	r1, #1064
	movt	r1, #16386
	cmp	r0, r1
	beq	.LBB1_17
	b	.LBB1_11
.LBB1_11:
	movw	r0, :lower16:hdma_uart5_rx
	movt	r0, :upper16:hdma_uart5_rx
	ldr	r0, [r0]
	movw	r1, #1088
	movt	r1, #16386
	cmp	r0, r1
	beq	.LBB1_17
	b	.LBB1_12
.LBB1_12:
	movw	r0, :lower16:hdma_uart5_rx
	movt	r0, :upper16:hdma_uart5_rx
	ldr	r0, [r0]
	movw	r1, #1112
	movt	r1, #16386
	cmp	r0, r1
	beq	.LBB1_17
	b	.LBB1_13
.LBB1_13:
	movw	r0, :lower16:hdma_uart5_rx
	movt	r0, :upper16:hdma_uart5_rx
	ldr	r0, [r0]
	movw	r1, #1136
	movt	r1, #16386
	cmp	r0, r1
	beq	.LBB1_17
	b	.LBB1_14
.LBB1_14:
	movw	r0, :lower16:hdma_uart5_rx
	movt	r0, :upper16:hdma_uart5_rx
	ldr	r0, [r0]
	movw	r1, #1160
	movt	r1, #16386
	cmp	r0, r1
	beq	.LBB1_17
	b	.LBB1_15
.LBB1_15:
	movw	r0, :lower16:hdma_uart5_rx
	movt	r0, :upper16:hdma_uart5_rx
	ldr	r0, [r0]
	movw	r1, #1184
	movt	r1, #16386
	cmp	r0, r1
	beq	.LBB1_17
	b	.LBB1_16
.LBB1_16:
	movw	r0, :lower16:hdma_uart5_rx
	movt	r0, :upper16:hdma_uart5_rx
	ldr	r0, [r0]
	movw	r1, #1208
	movt	r1, #16386
	cmp	r0, r1
	bne	.LBB1_18
	b	.LBB1_17
.LBB1_17:
	movw	r0, :lower16:hdma_uart5_rx
	movt	r0, :upper16:hdma_uart5_rx
	ldr	r1, [r0]
	ldr	r0, [r1]
	bic	r0, r0, #8
                                        @ kill: def $r2 killed $r0
	str	r0, [r1]
	b	.LBB1_19
.LBB1_18:
	movw	r0, :lower16:hdma_uart5_rx
	movt	r0, :upper16:hdma_uart5_rx
	ldr	r1, [r0]
	ldr	r0, [r1]
	bic	r0, r0, #4
                                        @ kill: def $r2 killed $r0
	str	r0, [r1]
	b	.LBB1_19
.LBB1_19:
	.loc	2 40 4                          @ ../app/src/bsp_uart.c:40:4
	b	.LBB1_20
.Ltmp5:
.LBB1_20:
	.loc	2 42 1 epilogue_begin           @ ../app/src/bsp_uart.c:42:1
	add	sp, #16
	pop	{r7, pc}
.Ltmp6:
.Lfunc_end1:
	.size	HAL_UARTEx_RxEventCallback, .Lfunc_end1-HAL_UARTEx_RxEventCallback
	.cfi_endproc
	.cantunwind
	.fnend
                                        @ -- End function
	.section	.text.HAL_UART_ErrorCallback,"ax",%progbits
	.hidden	HAL_UART_ErrorCallback          @ -- Begin function HAL_UART_ErrorCallback
	.globl	HAL_UART_ErrorCallback
	.p2align	3
	.type	HAL_UART_ErrorCallback,%function
	.code	16                              @ @HAL_UART_ErrorCallback
	.thumb_func
HAL_UART_ErrorCallback:
.Lfunc_begin2:
	.loc	2 45 0                          @ ../app/src/bsp_uart.c:45:0
	.fnstart
	.cfi_startproc
@ %bb.0:
	.save	{r7, lr}
	push	{r7, lr}
	.cfi_def_cfa_offset 8
	.cfi_offset lr, -4
	.cfi_offset r7, -8
	.pad	#16
	sub	sp, #16
	.cfi_def_cfa_offset 24
	str	r0, [sp, #12]
.Ltmp7:
	.loc	2 46 5 prologue_end             @ ../app/src/bsp_uart.c:46:5
	ldr	r0, [sp, #12]
	.loc	2 46 12 is_stmt 0               @ ../app/src/bsp_uart.c:46:12
	ldr	r0, [r0]
	movw	r1, #20480
	movt	r1, #16384
.Ltmp8:
	.loc	2 46 5                          @ ../app/src/bsp_uart.c:46:5
	cmp	r0, r1
	bne	.LBB2_4
	b	.LBB2_1
.LBB2_1:
.Ltmp9:
	.loc	2 48 3 is_stmt 1                @ ../app/src/bsp_uart.c:48:3
	b	.LBB2_2
.LBB2_2:
.Ltmp10:
	.loc	2 48 3 is_stmt 0                @ ../app/src/bsp_uart.c:48:3
	ldr	r1, [sp, #12]
	movs	r0, #0
	strb.w	r0, [r1, #132]
	b	.LBB2_3
.Ltmp11:
.LBB2_3:
	.loc	2 49 3 is_stmt 1                @ ../app/src/bsp_uart.c:49:3
	movw	r0, :lower16:data_temp_uart
	movt	r0, :upper16:data_temp_uart
	str	r0, [sp, #4]                    @ 4-byte Spill
	movs	r1, #50
	str	r1, [sp, #8]                    @ 4-byte Spill
	bl	__aeabi_memclr
	ldr	r1, [sp, #4]                    @ 4-byte Reload
	ldr	r2, [sp, #8]                    @ 4-byte Reload
	.loc	2 50 32                         @ ../app/src/bsp_uart.c:50:32
	ldr	r0, [sp, #12]
	.loc	2 50 3 is_stmt 0                @ ../app/src/bsp_uart.c:50:3
	bl	HAL_UARTEx_ReceiveToIdle_DMA
	.loc	2 51 2 is_stmt 1                @ ../app/src/bsp_uart.c:51:2
	b	.LBB2_4
.Ltmp12:
.LBB2_4:
	.loc	2 52 1 epilogue_begin           @ ../app/src/bsp_uart.c:52:1
	add	sp, #16
	pop	{r7, pc}
.Ltmp13:
.Lfunc_end2:
	.size	HAL_UART_ErrorCallback, .Lfunc_end2-HAL_UART_ErrorCallback
	.cfi_endproc
	.cantunwind
	.fnend
                                        @ -- End function
	.hidden	data_temp_uart                  @ @data_temp_uart
	.type	data_temp_uart,%object
	.section	.ARM.__at_0x38000000,"aw",%progbits
	.globl	data_temp_uart
data_temp_uart:
	.zero	50
	.size	data_temp_uart, 50

	.file	6 "D:\\RM_projects\\h7_final_4\\MDK-ARM" "../Drivers/STM32H7xx_HAL_Driver/Inc\\stm32h7xx_hal_uart.h"
	.section	.debug_abbrev,"",%progbits
	.byte	1                               @ Abbreviation Code
	.byte	17                              @ DW_TAG_compile_unit
	.byte	1                               @ DW_CHILDREN_yes
	.byte	37                              @ DW_AT_producer
	.byte	14                              @ DW_FORM_strp
	.byte	19                              @ DW_AT_language
	.byte	5                               @ DW_FORM_data2
	.byte	3                               @ DW_AT_name
	.byte	14                              @ DW_FORM_strp
	.byte	16                              @ DW_AT_stmt_list
	.byte	23                              @ DW_FORM_sec_offset
	.byte	27                              @ DW_AT_comp_dir
	.byte	14                              @ DW_FORM_strp
	.byte	17                              @ DW_AT_low_pc
	.byte	1                               @ DW_FORM_addr
	.byte	85                              @ DW_AT_ranges
	.byte	23                              @ DW_FORM_sec_offset
	.byte	0                               @ EOM(1)
	.byte	0                               @ EOM(2)
	.byte	2                               @ Abbreviation Code
	.byte	52                              @ DW_TAG_variable
	.byte	0                               @ DW_CHILDREN_no
	.byte	3                               @ DW_AT_name
	.byte	14                              @ DW_FORM_strp
	.byte	73                              @ DW_AT_type
	.byte	19                              @ DW_FORM_ref4
	.byte	63                              @ DW_AT_external
	.byte	25                              @ DW_FORM_flag_present
	.byte	58                              @ DW_AT_decl_file
	.byte	11                              @ DW_FORM_data1
	.byte	59                              @ DW_AT_decl_line
	.byte	11                              @ DW_FORM_data1
	.byte	2                               @ DW_AT_location
	.byte	24                              @ DW_FORM_exprloc
	.byte	0                               @ EOM(1)
	.byte	0                               @ EOM(2)
	.byte	3                               @ Abbreviation Code
	.byte	1                               @ DW_TAG_array_type
	.byte	1                               @ DW_CHILDREN_yes
	.byte	73                              @ DW_AT_type
	.byte	19                              @ DW_FORM_ref4
	.byte	0                               @ EOM(1)
	.byte	0                               @ EOM(2)
	.byte	4                               @ Abbreviation Code
	.byte	33                              @ DW_TAG_subrange_type
	.byte	0                               @ DW_CHILDREN_no
	.byte	73                              @ DW_AT_type
	.byte	19                              @ DW_FORM_ref4
	.byte	55                              @ DW_AT_count
	.byte	11                              @ DW_FORM_data1
	.byte	0                               @ EOM(1)
	.byte	0                               @ EOM(2)
	.byte	5                               @ Abbreviation Code
	.byte	22                              @ DW_TAG_typedef
	.byte	0                               @ DW_CHILDREN_no
	.byte	73                              @ DW_AT_type
	.byte	19                              @ DW_FORM_ref4
	.byte	3                               @ DW_AT_name
	.byte	14                              @ DW_FORM_strp
	.byte	58                              @ DW_AT_decl_file
	.byte	11                              @ DW_FORM_data1
	.byte	59                              @ DW_AT_decl_line
	.byte	11                              @ DW_FORM_data1
	.byte	0                               @ EOM(1)
	.byte	0                               @ EOM(2)
	.byte	6                               @ Abbreviation Code
	.byte	36                              @ DW_TAG_base_type
	.byte	0                               @ DW_CHILDREN_no
	.byte	3                               @ DW_AT_name
	.byte	14                              @ DW_FORM_strp
	.byte	62                              @ DW_AT_encoding
	.byte	11                              @ DW_FORM_data1
	.byte	11                              @ DW_AT_byte_size
	.byte	11                              @ DW_FORM_data1
	.byte	0                               @ EOM(1)
	.byte	0                               @ EOM(2)
	.byte	7                               @ Abbreviation Code
	.byte	36                              @ DW_TAG_base_type
	.byte	0                               @ DW_CHILDREN_no
	.byte	3                               @ DW_AT_name
	.byte	14                              @ DW_FORM_strp
	.byte	11                              @ DW_AT_byte_size
	.byte	11                              @ DW_FORM_data1
	.byte	62                              @ DW_AT_encoding
	.byte	11                              @ DW_FORM_data1
	.byte	0                               @ EOM(1)
	.byte	0                               @ EOM(2)
	.byte	8                               @ Abbreviation Code
	.byte	4                               @ DW_TAG_enumeration_type
	.byte	1                               @ DW_CHILDREN_yes
	.byte	73                              @ DW_AT_type
	.byte	19                              @ DW_FORM_ref4
	.byte	11                              @ DW_AT_byte_size
	.byte	11                              @ DW_FORM_data1
	.byte	58                              @ DW_AT_decl_file
	.byte	11                              @ DW_FORM_data1
	.byte	59                              @ DW_AT_decl_line
	.byte	11                              @ DW_FORM_data1
	.byte	0                               @ EOM(1)
	.byte	0                               @ EOM(2)
	.byte	9                               @ Abbreviation Code
	.byte	40                              @ DW_TAG_enumerator
	.byte	0                               @ DW_CHILDREN_no
	.byte	3                               @ DW_AT_name
	.byte	14                              @ DW_FORM_strp
	.byte	28                              @ DW_AT_const_value
	.byte	15                              @ DW_FORM_udata
	.byte	0                               @ EOM(1)
	.byte	0                               @ EOM(2)
	.byte	10                              @ Abbreviation Code
	.byte	15                              @ DW_TAG_pointer_type
	.byte	0                               @ DW_CHILDREN_no
	.byte	73                              @ DW_AT_type
	.byte	19                              @ DW_FORM_ref4
	.byte	0                               @ EOM(1)
	.byte	0                               @ EOM(2)
	.byte	11                              @ Abbreviation Code
	.byte	22                              @ DW_TAG_typedef
	.byte	0                               @ DW_CHILDREN_no
	.byte	73                              @ DW_AT_type
	.byte	19                              @ DW_FORM_ref4
	.byte	3                               @ DW_AT_name
	.byte	14                              @ DW_FORM_strp
	.byte	58                              @ DW_AT_decl_file
	.byte	11                              @ DW_FORM_data1
	.byte	59                              @ DW_AT_decl_line
	.byte	5                               @ DW_FORM_data2
	.byte	0                               @ EOM(1)
	.byte	0                               @ EOM(2)
	.byte	12                              @ Abbreviation Code
	.byte	19                              @ DW_TAG_structure_type
	.byte	1                               @ DW_CHILDREN_yes
	.byte	11                              @ DW_AT_byte_size
	.byte	11                              @ DW_FORM_data1
	.byte	58                              @ DW_AT_decl_file
	.byte	11                              @ DW_FORM_data1
	.byte	59                              @ DW_AT_decl_line
	.byte	5                               @ DW_FORM_data2
	.byte	0                               @ EOM(1)
	.byte	0                               @ EOM(2)
	.byte	13                              @ Abbreviation Code
	.byte	13                              @ DW_TAG_member
	.byte	0                               @ DW_CHILDREN_no
	.byte	3                               @ DW_AT_name
	.byte	14                              @ DW_FORM_strp
	.byte	73                              @ DW_AT_type
	.byte	19                              @ DW_FORM_ref4
	.byte	58                              @ DW_AT_decl_file
	.byte	11                              @ DW_FORM_data1
	.byte	59                              @ DW_AT_decl_line
	.byte	5                               @ DW_FORM_data2
	.byte	56                              @ DW_AT_data_member_location
	.byte	11                              @ DW_FORM_data1
	.byte	0                               @ EOM(1)
	.byte	0                               @ EOM(2)
	.byte	14                              @ Abbreviation Code
	.byte	53                              @ DW_TAG_volatile_type
	.byte	0                               @ DW_CHILDREN_no
	.byte	73                              @ DW_AT_type
	.byte	19                              @ DW_FORM_ref4
	.byte	0                               @ EOM(1)
	.byte	0                               @ EOM(2)
	.byte	15                              @ Abbreviation Code
	.byte	46                              @ DW_TAG_subprogram
	.byte	1                               @ DW_CHILDREN_yes
	.byte	17                              @ DW_AT_low_pc
	.byte	1                               @ DW_FORM_addr
	.byte	18                              @ DW_AT_high_pc
	.byte	6                               @ DW_FORM_data4
	.byte	64                              @ DW_AT_frame_base
	.byte	24                              @ DW_FORM_exprloc
	.byte	3                               @ DW_AT_name
	.byte	14                              @ DW_FORM_strp
	.byte	58                              @ DW_AT_decl_file
	.byte	11                              @ DW_FORM_data1
	.byte	59                              @ DW_AT_decl_line
	.byte	11                              @ DW_FORM_data1
	.byte	39                              @ DW_AT_prototyped
	.byte	25                              @ DW_FORM_flag_present
	.byte	63                              @ DW_AT_external
	.byte	25                              @ DW_FORM_flag_present
	.byte	0                               @ EOM(1)
	.byte	0                               @ EOM(2)
	.byte	16                              @ Abbreviation Code
	.byte	5                               @ DW_TAG_formal_parameter
	.byte	0                               @ DW_CHILDREN_no
	.byte	2                               @ DW_AT_location
	.byte	24                              @ DW_FORM_exprloc
	.byte	3                               @ DW_AT_name
	.byte	14                              @ DW_FORM_strp
	.byte	58                              @ DW_AT_decl_file
	.byte	11                              @ DW_FORM_data1
	.byte	59                              @ DW_AT_decl_line
	.byte	11                              @ DW_FORM_data1
	.byte	73                              @ DW_AT_type
	.byte	19                              @ DW_FORM_ref4
	.byte	0                               @ EOM(1)
	.byte	0                               @ EOM(2)
	.byte	17                              @ Abbreviation Code
	.byte	19                              @ DW_TAG_structure_type
	.byte	1                               @ DW_CHILDREN_yes
	.byte	3                               @ DW_AT_name
	.byte	14                              @ DW_FORM_strp
	.byte	11                              @ DW_AT_byte_size
	.byte	11                              @ DW_FORM_data1
	.byte	58                              @ DW_AT_decl_file
	.byte	11                              @ DW_FORM_data1
	.byte	59                              @ DW_AT_decl_line
	.byte	11                              @ DW_FORM_data1
	.byte	0                               @ EOM(1)
	.byte	0                               @ EOM(2)
	.byte	18                              @ Abbreviation Code
	.byte	13                              @ DW_TAG_member
	.byte	0                               @ DW_CHILDREN_no
	.byte	3                               @ DW_AT_name
	.byte	14                              @ DW_FORM_strp
	.byte	73                              @ DW_AT_type
	.byte	19                              @ DW_FORM_ref4
	.byte	58                              @ DW_AT_decl_file
	.byte	11                              @ DW_FORM_data1
	.byte	59                              @ DW_AT_decl_line
	.byte	11                              @ DW_FORM_data1
	.byte	56                              @ DW_AT_data_member_location
	.byte	11                              @ DW_FORM_data1
	.byte	0                               @ EOM(1)
	.byte	0                               @ EOM(2)
	.byte	19                              @ Abbreviation Code
	.byte	19                              @ DW_TAG_structure_type
	.byte	1                               @ DW_CHILDREN_yes
	.byte	11                              @ DW_AT_byte_size
	.byte	11                              @ DW_FORM_data1
	.byte	58                              @ DW_AT_decl_file
	.byte	11                              @ DW_FORM_data1
	.byte	59                              @ DW_AT_decl_line
	.byte	11                              @ DW_FORM_data1
	.byte	0                               @ EOM(1)
	.byte	0                               @ EOM(2)
	.byte	20                              @ Abbreviation Code
	.byte	38                              @ DW_TAG_const_type
	.byte	0                               @ DW_CHILDREN_no
	.byte	73                              @ DW_AT_type
	.byte	19                              @ DW_FORM_ref4
	.byte	0                               @ EOM(1)
	.byte	0                               @ EOM(2)
	.byte	21                              @ Abbreviation Code
	.byte	21                              @ DW_TAG_subroutine_type
	.byte	1                               @ DW_CHILDREN_yes
	.byte	39                              @ DW_AT_prototyped
	.byte	25                              @ DW_FORM_flag_present
	.byte	0                               @ EOM(1)
	.byte	0                               @ EOM(2)
	.byte	22                              @ Abbreviation Code
	.byte	5                               @ DW_TAG_formal_parameter
	.byte	0                               @ DW_CHILDREN_no
	.byte	73                              @ DW_AT_type
	.byte	19                              @ DW_FORM_ref4
	.byte	0                               @ EOM(1)
	.byte	0                               @ EOM(2)
	.byte	23                              @ Abbreviation Code
	.byte	15                              @ DW_TAG_pointer_type
	.byte	0                               @ DW_CHILDREN_no
	.byte	0                               @ EOM(1)
	.byte	0                               @ EOM(2)
	.byte	0                               @ EOM(3)
	.section	.debug_info,"",%progbits
.Lcu_begin0:
	.long	.Ldebug_info_end0-.Ldebug_info_start0 @ Length of Unit
.Ldebug_info_start0:
	.short	4                               @ DWARF version number
	.long	.debug_abbrev                   @ Offset Into Abbrev. Section
	.byte	4                               @ Address Size (in bytes)
	.byte	1                               @ Abbrev [1] 0xb:0x7a2 DW_TAG_compile_unit
	.long	.Linfo_string0                  @ DW_AT_producer
	.short	12                              @ DW_AT_language
	.long	.Linfo_string1                  @ DW_AT_name
	.long	.Lline_table_start0             @ DW_AT_stmt_list
	.long	.Linfo_string2                  @ DW_AT_comp_dir
	.long	0                               @ DW_AT_low_pc
	.long	.Ldebug_ranges0                 @ DW_AT_ranges
	.byte	2                               @ Abbrev [2] 0x26:0x11 DW_TAG_variable
	.long	.Linfo_string3                  @ DW_AT_name
	.long	55                              @ DW_AT_type
                                        @ DW_AT_external
	.byte	2                               @ DW_AT_decl_file
	.byte	7                               @ DW_AT_decl_line
	.byte	5                               @ DW_AT_location
	.byte	3
	.long	data_temp_uart
	.byte	3                               @ Abbrev [3] 0x37:0xc DW_TAG_array_type
	.long	67                              @ DW_AT_type
	.byte	4                               @ Abbrev [4] 0x3c:0x6 DW_TAG_subrange_type
	.long	85                              @ DW_AT_type
	.byte	50                              @ DW_AT_count
	.byte	0                               @ End Of Children Mark
	.byte	5                               @ Abbrev [5] 0x43:0xb DW_TAG_typedef
	.long	78                              @ DW_AT_type
	.long	.Linfo_string5                  @ DW_AT_name
	.byte	1                               @ DW_AT_decl_file
	.byte	62                              @ DW_AT_decl_line
	.byte	6                               @ Abbrev [6] 0x4e:0x7 DW_TAG_base_type
	.long	.Linfo_string4                  @ DW_AT_name
	.byte	8                               @ DW_AT_encoding
	.byte	1                               @ DW_AT_byte_size
	.byte	7                               @ Abbrev [7] 0x55:0x7 DW_TAG_base_type
	.long	.Linfo_string6                  @ DW_AT_name
	.byte	8                               @ DW_AT_byte_size
	.byte	7                               @ DW_AT_encoding
	.byte	8                               @ Abbrev [8] 0x5c:0x15 DW_TAG_enumeration_type
	.long	78                              @ DW_AT_type
	.byte	1                               @ DW_AT_byte_size
	.byte	3                               @ DW_AT_decl_file
	.byte	50                              @ DW_AT_decl_line
	.byte	9                               @ Abbrev [9] 0x64:0x6 DW_TAG_enumerator
	.long	.Linfo_string7                  @ DW_AT_name
	.byte	0                               @ DW_AT_const_value
	.byte	9                               @ Abbrev [9] 0x6a:0x6 DW_TAG_enumerator
	.long	.Linfo_string8                  @ DW_AT_name
	.byte	1                               @ DW_AT_const_value
	.byte	0                               @ End Of Children Mark
	.byte	8                               @ Abbrev [8] 0x71:0x27 DW_TAG_enumeration_type
	.long	78                              @ DW_AT_type
	.byte	1                               @ DW_AT_byte_size
	.byte	4                               @ DW_AT_decl_file
	.byte	101                             @ DW_AT_decl_line
	.byte	9                               @ Abbrev [9] 0x79:0x6 DW_TAG_enumerator
	.long	.Linfo_string9                  @ DW_AT_name
	.byte	0                               @ DW_AT_const_value
	.byte	9                               @ Abbrev [9] 0x7f:0x6 DW_TAG_enumerator
	.long	.Linfo_string10                 @ DW_AT_name
	.byte	1                               @ DW_AT_const_value
	.byte	9                               @ Abbrev [9] 0x85:0x6 DW_TAG_enumerator
	.long	.Linfo_string11                 @ DW_AT_name
	.byte	2                               @ DW_AT_const_value
	.byte	9                               @ Abbrev [9] 0x8b:0x6 DW_TAG_enumerator
	.long	.Linfo_string12                 @ DW_AT_name
	.byte	3                               @ DW_AT_const_value
	.byte	9                               @ Abbrev [9] 0x91:0x6 DW_TAG_enumerator
	.long	.Linfo_string13                 @ DW_AT_name
	.byte	4                               @ DW_AT_const_value
	.byte	0                               @ End Of Children Mark
	.byte	10                              @ Abbrev [10] 0x98:0x5 DW_TAG_pointer_type
	.long	157                             @ DW_AT_type
	.byte	11                              @ Abbrev [11] 0x9d:0xc DW_TAG_typedef
	.long	169                             @ DW_AT_type
	.long	.Linfo_string22                 @ DW_AT_name
	.byte	5                               @ DW_AT_decl_file
	.short	608                             @ DW_AT_decl_line
	.byte	12                              @ Abbrev [12] 0xa9:0x54 DW_TAG_structure_type
	.byte	24                              @ DW_AT_byte_size
	.byte	5                               @ DW_AT_decl_file
	.short	600                             @ DW_AT_decl_line
	.byte	13                              @ Abbrev [13] 0xae:0xd DW_TAG_member
	.long	.Linfo_string14                 @ DW_AT_name
	.long	253                             @ DW_AT_type
	.byte	5                               @ DW_AT_decl_file
	.short	602                             @ DW_AT_decl_line
	.byte	0                               @ DW_AT_data_member_location
	.byte	13                              @ Abbrev [13] 0xbb:0xd DW_TAG_member
	.long	.Linfo_string17                 @ DW_AT_name
	.long	253                             @ DW_AT_type
	.byte	5                               @ DW_AT_decl_file
	.short	603                             @ DW_AT_decl_line
	.byte	4                               @ DW_AT_data_member_location
	.byte	13                              @ Abbrev [13] 0xc8:0xd DW_TAG_member
	.long	.Linfo_string18                 @ DW_AT_name
	.long	253                             @ DW_AT_type
	.byte	5                               @ DW_AT_decl_file
	.short	604                             @ DW_AT_decl_line
	.byte	8                               @ DW_AT_data_member_location
	.byte	13                              @ Abbrev [13] 0xd5:0xd DW_TAG_member
	.long	.Linfo_string19                 @ DW_AT_name
	.long	253                             @ DW_AT_type
	.byte	5                               @ DW_AT_decl_file
	.short	605                             @ DW_AT_decl_line
	.byte	12                              @ DW_AT_data_member_location
	.byte	13                              @ Abbrev [13] 0xe2:0xd DW_TAG_member
	.long	.Linfo_string20                 @ DW_AT_name
	.long	253                             @ DW_AT_type
	.byte	5                               @ DW_AT_decl_file
	.short	606                             @ DW_AT_decl_line
	.byte	16                              @ DW_AT_data_member_location
	.byte	13                              @ Abbrev [13] 0xef:0xd DW_TAG_member
	.long	.Linfo_string21                 @ DW_AT_name
	.long	253                             @ DW_AT_type
	.byte	5                               @ DW_AT_decl_file
	.short	607                             @ DW_AT_decl_line
	.byte	20                              @ DW_AT_data_member_location
	.byte	0                               @ End Of Children Mark
	.byte	14                              @ Abbrev [14] 0xfd:0x5 DW_TAG_volatile_type
	.long	258                             @ DW_AT_type
	.byte	5                               @ Abbrev [5] 0x102:0xb DW_TAG_typedef
	.long	269                             @ DW_AT_type
	.long	.Linfo_string16                 @ DW_AT_name
	.byte	1                               @ DW_AT_decl_file
	.byte	64                              @ DW_AT_decl_line
	.byte	6                               @ Abbrev [6] 0x10d:0x7 DW_TAG_base_type
	.long	.Linfo_string15                 @ DW_AT_name
	.byte	7                               @ DW_AT_encoding
	.byte	4                               @ DW_AT_byte_size
	.byte	10                              @ Abbrev [10] 0x114:0x5 DW_TAG_pointer_type
	.long	281                             @ DW_AT_type
	.byte	11                              @ Abbrev [11] 0x119:0xc DW_TAG_typedef
	.long	293                             @ DW_AT_type
	.long	.Linfo_string28                 @ DW_AT_name
	.byte	5                               @ DW_AT_decl_file
	.short	625                             @ DW_AT_decl_line
	.byte	12                              @ Abbrev [12] 0x125:0x47 DW_TAG_structure_type
	.byte	20                              @ DW_AT_byte_size
	.byte	5                               @ DW_AT_decl_file
	.short	618                             @ DW_AT_decl_line
	.byte	13                              @ Abbrev [13] 0x12a:0xd DW_TAG_member
	.long	.Linfo_string23                 @ DW_AT_name
	.long	253                             @ DW_AT_type
	.byte	5                               @ DW_AT_decl_file
	.short	620                             @ DW_AT_decl_line
	.byte	0                               @ DW_AT_data_member_location
	.byte	13                              @ Abbrev [13] 0x137:0xd DW_TAG_member
	.long	.Linfo_string24                 @ DW_AT_name
	.long	253                             @ DW_AT_type
	.byte	5                               @ DW_AT_decl_file
	.short	621                             @ DW_AT_decl_line
	.byte	4                               @ DW_AT_data_member_location
	.byte	13                              @ Abbrev [13] 0x144:0xd DW_TAG_member
	.long	.Linfo_string25                 @ DW_AT_name
	.long	253                             @ DW_AT_type
	.byte	5                               @ DW_AT_decl_file
	.short	622                             @ DW_AT_decl_line
	.byte	8                               @ DW_AT_data_member_location
	.byte	13                              @ Abbrev [13] 0x151:0xd DW_TAG_member
	.long	.Linfo_string26                 @ DW_AT_name
	.long	253                             @ DW_AT_type
	.byte	5                               @ DW_AT_decl_file
	.short	623                             @ DW_AT_decl_line
	.byte	12                              @ DW_AT_data_member_location
	.byte	13                              @ Abbrev [13] 0x15e:0xd DW_TAG_member
	.long	.Linfo_string27                 @ DW_AT_name
	.long	253                             @ DW_AT_type
	.byte	5                               @ DW_AT_decl_file
	.short	624                             @ DW_AT_decl_line
	.byte	16                              @ DW_AT_data_member_location
	.byte	0                               @ End Of Children Mark
	.byte	10                              @ Abbrev [10] 0x16c:0x5 DW_TAG_pointer_type
	.long	369                             @ DW_AT_type
	.byte	11                              @ Abbrev [11] 0x171:0xc DW_TAG_typedef
	.long	381                             @ DW_AT_type
	.long	.Linfo_string41                 @ DW_AT_name
	.byte	5                               @ DW_AT_decl_file
	.short	1609                            @ DW_AT_decl_line
	.byte	12                              @ Abbrev [12] 0x17d:0xa2 DW_TAG_structure_type
	.byte	48                              @ DW_AT_byte_size
	.byte	5                               @ DW_AT_decl_file
	.short	1595                            @ DW_AT_decl_line
	.byte	13                              @ Abbrev [13] 0x182:0xd DW_TAG_member
	.long	.Linfo_string29                 @ DW_AT_name
	.long	253                             @ DW_AT_type
	.byte	5                               @ DW_AT_decl_file
	.short	1597                            @ DW_AT_decl_line
	.byte	0                               @ DW_AT_data_member_location
	.byte	13                              @ Abbrev [13] 0x18f:0xd DW_TAG_member
	.long	.Linfo_string30                 @ DW_AT_name
	.long	253                             @ DW_AT_type
	.byte	5                               @ DW_AT_decl_file
	.short	1598                            @ DW_AT_decl_line
	.byte	4                               @ DW_AT_data_member_location
	.byte	13                              @ Abbrev [13] 0x19c:0xd DW_TAG_member
	.long	.Linfo_string31                 @ DW_AT_name
	.long	253                             @ DW_AT_type
	.byte	5                               @ DW_AT_decl_file
	.short	1599                            @ DW_AT_decl_line
	.byte	8                               @ DW_AT_data_member_location
	.byte	13                              @ Abbrev [13] 0x1a9:0xd DW_TAG_member
	.long	.Linfo_string32                 @ DW_AT_name
	.long	253                             @ DW_AT_type
	.byte	5                               @ DW_AT_decl_file
	.short	1600                            @ DW_AT_decl_line
	.byte	12                              @ DW_AT_data_member_location
	.byte	13                              @ Abbrev [13] 0x1b6:0xd DW_TAG_member
	.long	.Linfo_string33                 @ DW_AT_name
	.long	253                             @ DW_AT_type
	.byte	5                               @ DW_AT_decl_file
	.short	1601                            @ DW_AT_decl_line
	.byte	16                              @ DW_AT_data_member_location
	.byte	13                              @ Abbrev [13] 0x1c3:0xd DW_TAG_member
	.long	.Linfo_string34                 @ DW_AT_name
	.long	253                             @ DW_AT_type
	.byte	5                               @ DW_AT_decl_file
	.short	1602                            @ DW_AT_decl_line
	.byte	20                              @ DW_AT_data_member_location
	.byte	13                              @ Abbrev [13] 0x1d0:0xd DW_TAG_member
	.long	.Linfo_string35                 @ DW_AT_name
	.long	253                             @ DW_AT_type
	.byte	5                               @ DW_AT_decl_file
	.short	1603                            @ DW_AT_decl_line
	.byte	24                              @ DW_AT_data_member_location
	.byte	13                              @ Abbrev [13] 0x1dd:0xd DW_TAG_member
	.long	.Linfo_string36                 @ DW_AT_name
	.long	253                             @ DW_AT_type
	.byte	5                               @ DW_AT_decl_file
	.short	1604                            @ DW_AT_decl_line
	.byte	28                              @ DW_AT_data_member_location
	.byte	13                              @ Abbrev [13] 0x1ea:0xd DW_TAG_member
	.long	.Linfo_string37                 @ DW_AT_name
	.long	253                             @ DW_AT_type
	.byte	5                               @ DW_AT_decl_file
	.short	1605                            @ DW_AT_decl_line
	.byte	32                              @ DW_AT_data_member_location
	.byte	13                              @ Abbrev [13] 0x1f7:0xd DW_TAG_member
	.long	.Linfo_string38                 @ DW_AT_name
	.long	253                             @ DW_AT_type
	.byte	5                               @ DW_AT_decl_file
	.short	1606                            @ DW_AT_decl_line
	.byte	36                              @ DW_AT_data_member_location
	.byte	13                              @ Abbrev [13] 0x204:0xd DW_TAG_member
	.long	.Linfo_string39                 @ DW_AT_name
	.long	253                             @ DW_AT_type
	.byte	5                               @ DW_AT_decl_file
	.short	1607                            @ DW_AT_decl_line
	.byte	40                              @ DW_AT_data_member_location
	.byte	13                              @ Abbrev [13] 0x211:0xd DW_TAG_member
	.long	.Linfo_string40                 @ DW_AT_name
	.long	253                             @ DW_AT_type
	.byte	5                               @ DW_AT_decl_file
	.short	1608                            @ DW_AT_decl_line
	.byte	44                              @ DW_AT_data_member_location
	.byte	0                               @ End Of Children Mark
	.byte	15                              @ Abbrev [15] 0x21f:0x20 DW_TAG_subprogram
	.long	.Lfunc_begin0                   @ DW_AT_low_pc
	.long	.Lfunc_end0-.Lfunc_begin0       @ DW_AT_high_pc
	.byte	1                               @ DW_AT_frame_base
	.byte	93
	.long	.Linfo_string42                 @ DW_AT_name
	.byte	2                               @ DW_AT_decl_file
	.byte	21                              @ DW_AT_decl_line
                                        @ DW_AT_prototyped
                                        @ DW_AT_external
	.byte	16                              @ Abbrev [16] 0x230:0xe DW_TAG_formal_parameter
	.byte	2                               @ DW_AT_location
	.byte	145
	.byte	4
	.long	.Linfo_string45                 @ DW_AT_name
	.byte	2                               @ DW_AT_decl_file
	.byte	21                              @ DW_AT_decl_line
	.long	653                             @ DW_AT_type
	.byte	0                               @ End Of Children Mark
	.byte	15                              @ Abbrev [15] 0x23f:0x2e DW_TAG_subprogram
	.long	.Lfunc_begin1                   @ DW_AT_low_pc
	.long	.Lfunc_end1-.Lfunc_begin1       @ DW_AT_high_pc
	.byte	1                               @ DW_AT_frame_base
	.byte	93
	.long	.Linfo_string43                 @ DW_AT_name
	.byte	2                               @ DW_AT_decl_file
	.byte	29                              @ DW_AT_decl_line
                                        @ DW_AT_prototyped
                                        @ DW_AT_external
	.byte	16                              @ Abbrev [16] 0x250:0xe DW_TAG_formal_parameter
	.byte	2                               @ DW_AT_location
	.byte	145
	.byte	12
	.long	.Linfo_string45                 @ DW_AT_name
	.byte	2                               @ DW_AT_decl_file
	.byte	29                              @ DW_AT_decl_line
	.long	653                             @ DW_AT_type
	.byte	16                              @ Abbrev [16] 0x25e:0xe DW_TAG_formal_parameter
	.byte	2                               @ DW_AT_location
	.byte	145
	.byte	10
	.long	.Linfo_string138                @ DW_AT_name
	.byte	2                               @ DW_AT_decl_file
	.byte	29                              @ DW_AT_decl_line
	.long	1231                            @ DW_AT_type
	.byte	0                               @ End Of Children Mark
	.byte	15                              @ Abbrev [15] 0x26d:0x20 DW_TAG_subprogram
	.long	.Lfunc_begin2                   @ DW_AT_low_pc
	.long	.Lfunc_end2-.Lfunc_begin2       @ DW_AT_high_pc
	.byte	1                               @ DW_AT_frame_base
	.byte	93
	.long	.Linfo_string44                 @ DW_AT_name
	.byte	2                               @ DW_AT_decl_file
	.byte	44                              @ DW_AT_decl_line
                                        @ DW_AT_prototyped
                                        @ DW_AT_external
	.byte	16                              @ Abbrev [16] 0x27e:0xe DW_TAG_formal_parameter
	.byte	2                               @ DW_AT_location
	.byte	145
	.byte	12
	.long	.Linfo_string45                 @ DW_AT_name
	.byte	2                               @ DW_AT_decl_file
	.byte	44                              @ DW_AT_decl_line
	.long	653                             @ DW_AT_type
	.byte	0                               @ End Of Children Mark
	.byte	10                              @ Abbrev [10] 0x28d:0x5 DW_TAG_pointer_type
	.long	658                             @ DW_AT_type
	.byte	11                              @ Abbrev [11] 0x292:0xc DW_TAG_typedef
	.long	670                             @ DW_AT_type
	.long	.Linfo_string137                @ DW_AT_name
	.byte	6                               @ DW_AT_decl_file
	.short	290                             @ DW_AT_decl_line
	.byte	17                              @ Abbrev [17] 0x29e:0x123 DW_TAG_structure_type
	.long	.Linfo_string136                @ DW_AT_name
	.byte	148                             @ DW_AT_byte_size
	.byte	6                               @ DW_AT_decl_file
	.byte	220                             @ DW_AT_decl_line
	.byte	18                              @ Abbrev [18] 0x2a6:0xc DW_TAG_member
	.long	.Linfo_string46                 @ DW_AT_name
	.long	364                             @ DW_AT_type
	.byte	6                               @ DW_AT_decl_file
	.byte	222                             @ DW_AT_decl_line
	.byte	0                               @ DW_AT_data_member_location
	.byte	18                              @ Abbrev [18] 0x2b2:0xc DW_TAG_member
	.long	.Linfo_string47                 @ DW_AT_name
	.long	961                             @ DW_AT_type
	.byte	6                               @ DW_AT_decl_file
	.byte	224                             @ DW_AT_decl_line
	.byte	4                               @ DW_AT_data_member_location
	.byte	18                              @ Abbrev [18] 0x2be:0xc DW_TAG_member
	.long	.Linfo_string58                 @ DW_AT_name
	.long	1085                            @ DW_AT_type
	.byte	6                               @ DW_AT_decl_file
	.byte	226                             @ DW_AT_decl_line
	.byte	40                              @ DW_AT_data_member_location
	.byte	18                              @ Abbrev [18] 0x2ca:0xc DW_TAG_member
	.long	.Linfo_string70                 @ DW_AT_name
	.long	1221                            @ DW_AT_type
	.byte	6                               @ DW_AT_decl_file
	.byte	228                             @ DW_AT_decl_line
	.byte	80                              @ DW_AT_data_member_location
	.byte	18                              @ Abbrev [18] 0x2d6:0xc DW_TAG_member
	.long	.Linfo_string71                 @ DW_AT_name
	.long	1231                            @ DW_AT_type
	.byte	6                               @ DW_AT_decl_file
	.byte	230                             @ DW_AT_decl_line
	.byte	84                              @ DW_AT_data_member_location
	.byte	18                              @ Abbrev [18] 0x2e2:0xc DW_TAG_member
	.long	.Linfo_string74                 @ DW_AT_name
	.long	1249                            @ DW_AT_type
	.byte	6                               @ DW_AT_decl_file
	.byte	232                             @ DW_AT_decl_line
	.byte	86                              @ DW_AT_data_member_location
	.byte	18                              @ Abbrev [18] 0x2ee:0xc DW_TAG_member
	.long	.Linfo_string75                 @ DW_AT_name
	.long	1254                            @ DW_AT_type
	.byte	6                               @ DW_AT_decl_file
	.byte	234                             @ DW_AT_decl_line
	.byte	88                              @ DW_AT_data_member_location
	.byte	18                              @ Abbrev [18] 0x2fa:0xc DW_TAG_member
	.long	.Linfo_string76                 @ DW_AT_name
	.long	1231                            @ DW_AT_type
	.byte	6                               @ DW_AT_decl_file
	.byte	236                             @ DW_AT_decl_line
	.byte	92                              @ DW_AT_data_member_location
	.byte	18                              @ Abbrev [18] 0x306:0xc DW_TAG_member
	.long	.Linfo_string77                 @ DW_AT_name
	.long	1249                            @ DW_AT_type
	.byte	6                               @ DW_AT_decl_file
	.byte	238                             @ DW_AT_decl_line
	.byte	94                              @ DW_AT_data_member_location
	.byte	18                              @ Abbrev [18] 0x312:0xc DW_TAG_member
	.long	.Linfo_string78                 @ DW_AT_name
	.long	1231                            @ DW_AT_type
	.byte	6                               @ DW_AT_decl_file
	.byte	240                             @ DW_AT_decl_line
	.byte	96                              @ DW_AT_data_member_location
	.byte	18                              @ Abbrev [18] 0x31e:0xc DW_TAG_member
	.long	.Linfo_string79                 @ DW_AT_name
	.long	258                             @ DW_AT_type
	.byte	6                               @ DW_AT_decl_file
	.byte	242                             @ DW_AT_decl_line
	.byte	100                             @ DW_AT_data_member_location
	.byte	18                              @ Abbrev [18] 0x32a:0xc DW_TAG_member
	.long	.Linfo_string80                 @ DW_AT_name
	.long	1231                            @ DW_AT_type
	.byte	6                               @ DW_AT_decl_file
	.byte	245                             @ DW_AT_decl_line
	.byte	104                             @ DW_AT_data_member_location
	.byte	18                              @ Abbrev [18] 0x336:0xc DW_TAG_member
	.long	.Linfo_string81                 @ DW_AT_name
	.long	1231                            @ DW_AT_type
	.byte	6                               @ DW_AT_decl_file
	.byte	247                             @ DW_AT_decl_line
	.byte	106                             @ DW_AT_data_member_location
	.byte	18                              @ Abbrev [18] 0x342:0xc DW_TAG_member
	.long	.Linfo_string82                 @ DW_AT_name
	.long	1259                            @ DW_AT_type
	.byte	6                               @ DW_AT_decl_file
	.byte	249                             @ DW_AT_decl_line
	.byte	108                             @ DW_AT_data_member_location
	.byte	18                              @ Abbrev [18] 0x34e:0xc DW_TAG_member
	.long	.Linfo_string84                 @ DW_AT_name
	.long	1275                            @ DW_AT_type
	.byte	6                               @ DW_AT_decl_file
	.byte	251                             @ DW_AT_decl_line
	.byte	112                             @ DW_AT_data_member_location
	.byte	18                              @ Abbrev [18] 0x35a:0xc DW_TAG_member
	.long	.Linfo_string86                 @ DW_AT_name
	.long	1291                            @ DW_AT_type
	.byte	6                               @ DW_AT_decl_file
	.byte	253                             @ DW_AT_decl_line
	.byte	116                             @ DW_AT_data_member_location
	.byte	18                              @ Abbrev [18] 0x366:0xc DW_TAG_member
	.long	.Linfo_string87                 @ DW_AT_name
	.long	1291                            @ DW_AT_type
	.byte	6                               @ DW_AT_decl_file
	.byte	255                             @ DW_AT_decl_line
	.byte	120                             @ DW_AT_data_member_location
	.byte	13                              @ Abbrev [13] 0x372:0xd DW_TAG_member
	.long	.Linfo_string88                 @ DW_AT_name
	.long	1308                            @ DW_AT_type
	.byte	6                               @ DW_AT_decl_file
	.short	257                             @ DW_AT_decl_line
	.byte	124                             @ DW_AT_data_member_location
	.byte	13                              @ Abbrev [13] 0x37f:0xd DW_TAG_member
	.long	.Linfo_string132                @ DW_AT_name
	.long	1308                            @ DW_AT_type
	.byte	6                               @ DW_AT_decl_file
	.short	259                             @ DW_AT_decl_line
	.byte	128                             @ DW_AT_data_member_location
	.byte	13                              @ Abbrev [13] 0x38c:0xd DW_TAG_member
	.long	.Linfo_string101                @ DW_AT_name
	.long	1734                            @ DW_AT_type
	.byte	6                               @ DW_AT_decl_file
	.short	261                             @ DW_AT_decl_line
	.byte	132                             @ DW_AT_data_member_location
	.byte	13                              @ Abbrev [13] 0x399:0xd DW_TAG_member
	.long	.Linfo_string133                @ DW_AT_name
	.long	1948                            @ DW_AT_type
	.byte	6                               @ DW_AT_decl_file
	.short	263                             @ DW_AT_decl_line
	.byte	136                             @ DW_AT_data_member_location
	.byte	13                              @ Abbrev [13] 0x3a6:0xd DW_TAG_member
	.long	.Linfo_string135                @ DW_AT_name
	.long	1948                            @ DW_AT_type
	.byte	6                               @ DW_AT_decl_file
	.short	267                             @ DW_AT_decl_line
	.byte	140                             @ DW_AT_data_member_location
	.byte	13                              @ Abbrev [13] 0x3b3:0xd DW_TAG_member
	.long	.Linfo_string112                @ DW_AT_name
	.long	253                             @ DW_AT_type
	.byte	6                               @ DW_AT_decl_file
	.short	270                             @ DW_AT_decl_line
	.byte	144                             @ DW_AT_data_member_location
	.byte	0                               @ End Of Children Mark
	.byte	5                               @ Abbrev [5] 0x3c1:0xb DW_TAG_typedef
	.long	972                             @ DW_AT_type
	.long	.Linfo_string57                 @ DW_AT_name
	.byte	6                               @ DW_AT_decl_file
	.byte	95                              @ DW_AT_decl_line
	.byte	19                              @ Abbrev [19] 0x3cc:0x71 DW_TAG_structure_type
	.byte	36                              @ DW_AT_byte_size
	.byte	6                               @ DW_AT_decl_file
	.byte	46                              @ DW_AT_decl_line
	.byte	18                              @ Abbrev [18] 0x3d0:0xc DW_TAG_member
	.long	.Linfo_string48                 @ DW_AT_name
	.long	258                             @ DW_AT_type
	.byte	6                               @ DW_AT_decl_file
	.byte	48                              @ DW_AT_decl_line
	.byte	0                               @ DW_AT_data_member_location
	.byte	18                              @ Abbrev [18] 0x3dc:0xc DW_TAG_member
	.long	.Linfo_string49                 @ DW_AT_name
	.long	258                             @ DW_AT_type
	.byte	6                               @ DW_AT_decl_file
	.byte	64                              @ DW_AT_decl_line
	.byte	4                               @ DW_AT_data_member_location
	.byte	18                              @ Abbrev [18] 0x3e8:0xc DW_TAG_member
	.long	.Linfo_string50                 @ DW_AT_name
	.long	258                             @ DW_AT_type
	.byte	6                               @ DW_AT_decl_file
	.byte	67                              @ DW_AT_decl_line
	.byte	8                               @ DW_AT_data_member_location
	.byte	18                              @ Abbrev [18] 0x3f4:0xc DW_TAG_member
	.long	.Linfo_string51                 @ DW_AT_name
	.long	258                             @ DW_AT_type
	.byte	6                               @ DW_AT_decl_file
	.byte	70                              @ DW_AT_decl_line
	.byte	12                              @ DW_AT_data_member_location
	.byte	18                              @ Abbrev [18] 0x400:0xc DW_TAG_member
	.long	.Linfo_string52                 @ DW_AT_name
	.long	258                             @ DW_AT_type
	.byte	6                               @ DW_AT_decl_file
	.byte	77                              @ DW_AT_decl_line
	.byte	16                              @ DW_AT_data_member_location
	.byte	18                              @ Abbrev [18] 0x40c:0xc DW_TAG_member
	.long	.Linfo_string53                 @ DW_AT_name
	.long	258                             @ DW_AT_type
	.byte	6                               @ DW_AT_decl_file
	.byte	80                              @ DW_AT_decl_line
	.byte	20                              @ DW_AT_data_member_location
	.byte	18                              @ Abbrev [18] 0x418:0xc DW_TAG_member
	.long	.Linfo_string54                 @ DW_AT_name
	.long	258                             @ DW_AT_type
	.byte	6                               @ DW_AT_decl_file
	.byte	84                              @ DW_AT_decl_line
	.byte	24                              @ DW_AT_data_member_location
	.byte	18                              @ Abbrev [18] 0x424:0xc DW_TAG_member
	.long	.Linfo_string55                 @ DW_AT_name
	.long	258                             @ DW_AT_type
	.byte	6                               @ DW_AT_decl_file
	.byte	88                              @ DW_AT_decl_line
	.byte	28                              @ DW_AT_data_member_location
	.byte	18                              @ Abbrev [18] 0x430:0xc DW_TAG_member
	.long	.Linfo_string56                 @ DW_AT_name
	.long	258                             @ DW_AT_type
	.byte	6                               @ DW_AT_decl_file
	.byte	92                              @ DW_AT_decl_line
	.byte	32                              @ DW_AT_data_member_location
	.byte	0                               @ End Of Children Mark
	.byte	5                               @ Abbrev [5] 0x43d:0xb DW_TAG_typedef
	.long	1096                            @ DW_AT_type
	.long	.Linfo_string69                 @ DW_AT_name
	.byte	6                               @ DW_AT_decl_file
	.byte	135                             @ DW_AT_decl_line
	.byte	19                              @ Abbrev [19] 0x448:0x7d DW_TAG_structure_type
	.byte	40                              @ DW_AT_byte_size
	.byte	6                               @ DW_AT_decl_file
	.byte	100                             @ DW_AT_decl_line
	.byte	18                              @ Abbrev [18] 0x44c:0xc DW_TAG_member
	.long	.Linfo_string59                 @ DW_AT_name
	.long	258                             @ DW_AT_type
	.byte	6                               @ DW_AT_decl_file
	.byte	102                             @ DW_AT_decl_line
	.byte	0                               @ DW_AT_data_member_location
	.byte	18                              @ Abbrev [18] 0x458:0xc DW_TAG_member
	.long	.Linfo_string60                 @ DW_AT_name
	.long	258                             @ DW_AT_type
	.byte	6                               @ DW_AT_decl_file
	.byte	107                             @ DW_AT_decl_line
	.byte	4                               @ DW_AT_data_member_location
	.byte	18                              @ Abbrev [18] 0x464:0xc DW_TAG_member
	.long	.Linfo_string61                 @ DW_AT_name
	.long	258                             @ DW_AT_type
	.byte	6                               @ DW_AT_decl_file
	.byte	110                             @ DW_AT_decl_line
	.byte	8                               @ DW_AT_data_member_location
	.byte	18                              @ Abbrev [18] 0x470:0xc DW_TAG_member
	.long	.Linfo_string62                 @ DW_AT_name
	.long	258                             @ DW_AT_type
	.byte	6                               @ DW_AT_decl_file
	.byte	113                             @ DW_AT_decl_line
	.byte	12                              @ DW_AT_data_member_location
	.byte	18                              @ Abbrev [18] 0x47c:0xc DW_TAG_member
	.long	.Linfo_string63                 @ DW_AT_name
	.long	258                             @ DW_AT_type
	.byte	6                               @ DW_AT_decl_file
	.byte	117                             @ DW_AT_decl_line
	.byte	16                              @ DW_AT_data_member_location
	.byte	18                              @ Abbrev [18] 0x488:0xc DW_TAG_member
	.long	.Linfo_string64                 @ DW_AT_name
	.long	258                             @ DW_AT_type
	.byte	6                               @ DW_AT_decl_file
	.byte	120                             @ DW_AT_decl_line
	.byte	20                              @ DW_AT_data_member_location
	.byte	18                              @ Abbrev [18] 0x494:0xc DW_TAG_member
	.long	.Linfo_string65                 @ DW_AT_name
	.long	258                             @ DW_AT_type
	.byte	6                               @ DW_AT_decl_file
	.byte	123                             @ DW_AT_decl_line
	.byte	24                              @ DW_AT_data_member_location
	.byte	18                              @ Abbrev [18] 0x4a0:0xc DW_TAG_member
	.long	.Linfo_string66                 @ DW_AT_name
	.long	258                             @ DW_AT_type
	.byte	6                               @ DW_AT_decl_file
	.byte	126                             @ DW_AT_decl_line
	.byte	28                              @ DW_AT_data_member_location
	.byte	18                              @ Abbrev [18] 0x4ac:0xc DW_TAG_member
	.long	.Linfo_string67                 @ DW_AT_name
	.long	258                             @ DW_AT_type
	.byte	6                               @ DW_AT_decl_file
	.byte	129                             @ DW_AT_decl_line
	.byte	32                              @ DW_AT_data_member_location
	.byte	18                              @ Abbrev [18] 0x4b8:0xc DW_TAG_member
	.long	.Linfo_string68                 @ DW_AT_name
	.long	258                             @ DW_AT_type
	.byte	6                               @ DW_AT_decl_file
	.byte	133                             @ DW_AT_decl_line
	.byte	36                              @ DW_AT_data_member_location
	.byte	0                               @ End Of Children Mark
	.byte	10                              @ Abbrev [10] 0x4c5:0x5 DW_TAG_pointer_type
	.long	1226                            @ DW_AT_type
	.byte	20                              @ Abbrev [20] 0x4ca:0x5 DW_TAG_const_type
	.long	67                              @ DW_AT_type
	.byte	5                               @ Abbrev [5] 0x4cf:0xb DW_TAG_typedef
	.long	1242                            @ DW_AT_type
	.long	.Linfo_string73                 @ DW_AT_name
	.byte	1                               @ DW_AT_decl_file
	.byte	63                              @ DW_AT_decl_line
	.byte	6                               @ Abbrev [6] 0x4da:0x7 DW_TAG_base_type
	.long	.Linfo_string72                 @ DW_AT_name
	.byte	7                               @ DW_AT_encoding
	.byte	2                               @ DW_AT_byte_size
	.byte	14                              @ Abbrev [14] 0x4e1:0x5 DW_TAG_volatile_type
	.long	1231                            @ DW_AT_type
	.byte	10                              @ Abbrev [10] 0x4e6:0x5 DW_TAG_pointer_type
	.long	67                              @ DW_AT_type
	.byte	14                              @ Abbrev [14] 0x4eb:0x5 DW_TAG_volatile_type
	.long	1264                            @ DW_AT_type
	.byte	5                               @ Abbrev [5] 0x4f0:0xb DW_TAG_typedef
	.long	258                             @ DW_AT_type
	.long	.Linfo_string83                 @ DW_AT_name
	.byte	6                               @ DW_AT_decl_file
	.byte	204                             @ DW_AT_decl_line
	.byte	14                              @ Abbrev [14] 0x4fb:0x5 DW_TAG_volatile_type
	.long	1280                            @ DW_AT_type
	.byte	5                               @ Abbrev [5] 0x500:0xb DW_TAG_typedef
	.long	258                             @ DW_AT_type
	.long	.Linfo_string85                 @ DW_AT_name
	.byte	6                               @ DW_AT_decl_file
	.byte	215                             @ DW_AT_decl_line
	.byte	10                              @ Abbrev [10] 0x50b:0x5 DW_TAG_pointer_type
	.long	1296                            @ DW_AT_type
	.byte	21                              @ Abbrev [21] 0x510:0x7 DW_TAG_subroutine_type
                                        @ DW_AT_prototyped
	.byte	22                              @ Abbrev [22] 0x511:0x5 DW_TAG_formal_parameter
	.long	1303                            @ DW_AT_type
	.byte	0                               @ End Of Children Mark
	.byte	10                              @ Abbrev [10] 0x517:0x5 DW_TAG_pointer_type
	.long	670                             @ DW_AT_type
	.byte	10                              @ Abbrev [10] 0x51c:0x5 DW_TAG_pointer_type
	.long	1313                            @ DW_AT_type
	.byte	5                               @ Abbrev [5] 0x521:0xb DW_TAG_typedef
	.long	1324                            @ DW_AT_type
	.long	.Linfo_string131                @ DW_AT_name
	.byte	4                               @ DW_AT_decl_file
	.byte	179                             @ DW_AT_decl_line
	.byte	17                              @ Abbrev [17] 0x52c:0xf9 DW_TAG_structure_type
	.long	.Linfo_string130                @ DW_AT_name
	.byte	120                             @ DW_AT_byte_size
	.byte	4                               @ DW_AT_decl_file
	.byte	136                             @ DW_AT_decl_line
	.byte	18                              @ Abbrev [18] 0x534:0xc DW_TAG_member
	.long	.Linfo_string46                 @ DW_AT_name
	.long	1573                            @ DW_AT_type
	.byte	4                               @ DW_AT_decl_file
	.byte	138                             @ DW_AT_decl_line
	.byte	0                               @ DW_AT_data_member_location
	.byte	18                              @ Abbrev [18] 0x540:0xc DW_TAG_member
	.long	.Linfo_string47                 @ DW_AT_name
	.long	1574                            @ DW_AT_type
	.byte	4                               @ DW_AT_decl_file
	.byte	140                             @ DW_AT_decl_line
	.byte	4                               @ DW_AT_data_member_location
	.byte	18                              @ Abbrev [18] 0x54c:0xc DW_TAG_member
	.long	.Linfo_string101                @ DW_AT_name
	.long	1734                            @ DW_AT_type
	.byte	4                               @ DW_AT_decl_file
	.byte	142                             @ DW_AT_decl_line
	.byte	52                              @ DW_AT_data_member_location
	.byte	18                              @ Abbrev [18] 0x558:0xc DW_TAG_member
	.long	.Linfo_string103                @ DW_AT_name
	.long	1745                            @ DW_AT_type
	.byte	4                               @ DW_AT_decl_file
	.byte	144                             @ DW_AT_decl_line
	.byte	53                              @ DW_AT_data_member_location
	.byte	18                              @ Abbrev [18] 0x564:0xc DW_TAG_member
	.long	.Linfo_string105                @ DW_AT_name
	.long	1573                            @ DW_AT_type
	.byte	4                               @ DW_AT_decl_file
	.byte	146                             @ DW_AT_decl_line
	.byte	56                              @ DW_AT_data_member_location
	.byte	18                              @ Abbrev [18] 0x570:0xc DW_TAG_member
	.long	.Linfo_string106                @ DW_AT_name
	.long	1761                            @ DW_AT_type
	.byte	4                               @ DW_AT_decl_file
	.byte	148                             @ DW_AT_decl_line
	.byte	60                              @ DW_AT_data_member_location
	.byte	18                              @ Abbrev [18] 0x57c:0xc DW_TAG_member
	.long	.Linfo_string107                @ DW_AT_name
	.long	1761                            @ DW_AT_type
	.byte	4                               @ DW_AT_decl_file
	.byte	150                             @ DW_AT_decl_line
	.byte	64                              @ DW_AT_data_member_location
	.byte	18                              @ Abbrev [18] 0x588:0xc DW_TAG_member
	.long	.Linfo_string108                @ DW_AT_name
	.long	1761                            @ DW_AT_type
	.byte	4                               @ DW_AT_decl_file
	.byte	152                             @ DW_AT_decl_line
	.byte	68                              @ DW_AT_data_member_location
	.byte	18                              @ Abbrev [18] 0x594:0xc DW_TAG_member
	.long	.Linfo_string109                @ DW_AT_name
	.long	1761                            @ DW_AT_type
	.byte	4                               @ DW_AT_decl_file
	.byte	154                             @ DW_AT_decl_line
	.byte	72                              @ DW_AT_data_member_location
	.byte	18                              @ Abbrev [18] 0x5a0:0xc DW_TAG_member
	.long	.Linfo_string110                @ DW_AT_name
	.long	1761                            @ DW_AT_type
	.byte	4                               @ DW_AT_decl_file
	.byte	156                             @ DW_AT_decl_line
	.byte	76                              @ DW_AT_data_member_location
	.byte	18                              @ Abbrev [18] 0x5ac:0xc DW_TAG_member
	.long	.Linfo_string111                @ DW_AT_name
	.long	1761                            @ DW_AT_type
	.byte	4                               @ DW_AT_decl_file
	.byte	158                             @ DW_AT_decl_line
	.byte	80                              @ DW_AT_data_member_location
	.byte	18                              @ Abbrev [18] 0x5b8:0xc DW_TAG_member
	.long	.Linfo_string112                @ DW_AT_name
	.long	253                             @ DW_AT_type
	.byte	4                               @ DW_AT_decl_file
	.byte	160                             @ DW_AT_decl_line
	.byte	84                              @ DW_AT_data_member_location
	.byte	18                              @ Abbrev [18] 0x5c4:0xc DW_TAG_member
	.long	.Linfo_string113                @ DW_AT_name
	.long	258                             @ DW_AT_type
	.byte	4                               @ DW_AT_decl_file
	.byte	162                             @ DW_AT_decl_line
	.byte	88                              @ DW_AT_data_member_location
	.byte	18                              @ Abbrev [18] 0x5d0:0xc DW_TAG_member
	.long	.Linfo_string114                @ DW_AT_name
	.long	258                             @ DW_AT_type
	.byte	4                               @ DW_AT_decl_file
	.byte	164                             @ DW_AT_decl_line
	.byte	92                              @ DW_AT_data_member_location
	.byte	18                              @ Abbrev [18] 0x5dc:0xc DW_TAG_member
	.long	.Linfo_string115                @ DW_AT_name
	.long	1778                            @ DW_AT_type
	.byte	4                               @ DW_AT_decl_file
	.byte	166                             @ DW_AT_decl_line
	.byte	96                              @ DW_AT_data_member_location
	.byte	18                              @ Abbrev [18] 0x5e8:0xc DW_TAG_member
	.long	.Linfo_string117                @ DW_AT_name
	.long	1814                            @ DW_AT_type
	.byte	4                               @ DW_AT_decl_file
	.byte	168                             @ DW_AT_decl_line
	.byte	100                             @ DW_AT_data_member_location
	.byte	18                              @ Abbrev [18] 0x5f4:0xc DW_TAG_member
	.long	.Linfo_string121                @ DW_AT_name
	.long	258                             @ DW_AT_type
	.byte	4                               @ DW_AT_decl_file
	.byte	170                             @ DW_AT_decl_line
	.byte	104                             @ DW_AT_data_member_location
	.byte	18                              @ Abbrev [18] 0x600:0xc DW_TAG_member
	.long	.Linfo_string122                @ DW_AT_name
	.long	1863                            @ DW_AT_type
	.byte	4                               @ DW_AT_decl_file
	.byte	173                             @ DW_AT_decl_line
	.byte	108                             @ DW_AT_data_member_location
	.byte	18                              @ Abbrev [18] 0x60c:0xc DW_TAG_member
	.long	.Linfo_string125                @ DW_AT_name
	.long	1899                            @ DW_AT_type
	.byte	4                               @ DW_AT_decl_file
	.byte	175                             @ DW_AT_decl_line
	.byte	112                             @ DW_AT_data_member_location
	.byte	18                              @ Abbrev [18] 0x618:0xc DW_TAG_member
	.long	.Linfo_string129                @ DW_AT_name
	.long	258                             @ DW_AT_type
	.byte	4                               @ DW_AT_decl_file
	.byte	177                             @ DW_AT_decl_line
	.byte	116                             @ DW_AT_data_member_location
	.byte	0                               @ End Of Children Mark
	.byte	23                              @ Abbrev [23] 0x625:0x1 DW_TAG_pointer_type
	.byte	5                               @ Abbrev [5] 0x626:0xb DW_TAG_typedef
	.long	1585                            @ DW_AT_type
	.long	.Linfo_string100                @ DW_AT_name
	.byte	4                               @ DW_AT_decl_file
	.byte	96                              @ DW_AT_decl_line
	.byte	19                              @ Abbrev [19] 0x631:0x95 DW_TAG_structure_type
	.byte	48                              @ DW_AT_byte_size
	.byte	4                               @ DW_AT_decl_file
	.byte	48                              @ DW_AT_decl_line
	.byte	18                              @ Abbrev [18] 0x635:0xc DW_TAG_member
	.long	.Linfo_string89                 @ DW_AT_name
	.long	258                             @ DW_AT_type
	.byte	4                               @ DW_AT_decl_file
	.byte	50                              @ DW_AT_decl_line
	.byte	0                               @ DW_AT_data_member_location
	.byte	18                              @ Abbrev [18] 0x641:0xc DW_TAG_member
	.long	.Linfo_string90                 @ DW_AT_name
	.long	258                             @ DW_AT_type
	.byte	4                               @ DW_AT_decl_file
	.byte	53                              @ DW_AT_decl_line
	.byte	4                               @ DW_AT_data_member_location
	.byte	18                              @ Abbrev [18] 0x64d:0xc DW_TAG_member
	.long	.Linfo_string91                 @ DW_AT_name
	.long	258                             @ DW_AT_type
	.byte	4                               @ DW_AT_decl_file
	.byte	57                              @ DW_AT_decl_line
	.byte	8                               @ DW_AT_data_member_location
	.byte	18                              @ Abbrev [18] 0x659:0xc DW_TAG_member
	.long	.Linfo_string92                 @ DW_AT_name
	.long	258                             @ DW_AT_type
	.byte	4                               @ DW_AT_decl_file
	.byte	60                              @ DW_AT_decl_line
	.byte	12                              @ DW_AT_data_member_location
	.byte	18                              @ Abbrev [18] 0x665:0xc DW_TAG_member
	.long	.Linfo_string93                 @ DW_AT_name
	.long	258                             @ DW_AT_type
	.byte	4                               @ DW_AT_decl_file
	.byte	63                              @ DW_AT_decl_line
	.byte	16                              @ DW_AT_data_member_location
	.byte	18                              @ Abbrev [18] 0x671:0xc DW_TAG_member
	.long	.Linfo_string94                 @ DW_AT_name
	.long	258                             @ DW_AT_type
	.byte	4                               @ DW_AT_decl_file
	.byte	66                              @ DW_AT_decl_line
	.byte	20                              @ DW_AT_data_member_location
	.byte	18                              @ Abbrev [18] 0x67d:0xc DW_TAG_member
	.long	.Linfo_string52                 @ DW_AT_name
	.long	258                             @ DW_AT_type
	.byte	4                               @ DW_AT_decl_file
	.byte	69                              @ DW_AT_decl_line
	.byte	24                              @ DW_AT_data_member_location
	.byte	18                              @ Abbrev [18] 0x689:0xc DW_TAG_member
	.long	.Linfo_string95                 @ DW_AT_name
	.long	258                             @ DW_AT_type
	.byte	4                               @ DW_AT_decl_file
	.byte	74                              @ DW_AT_decl_line
	.byte	28                              @ DW_AT_data_member_location
	.byte	18                              @ Abbrev [18] 0x695:0xc DW_TAG_member
	.long	.Linfo_string96                 @ DW_AT_name
	.long	258                             @ DW_AT_type
	.byte	4                               @ DW_AT_decl_file
	.byte	77                              @ DW_AT_decl_line
	.byte	32                              @ DW_AT_data_member_location
	.byte	18                              @ Abbrev [18] 0x6a1:0xc DW_TAG_member
	.long	.Linfo_string97                 @ DW_AT_name
	.long	258                             @ DW_AT_type
	.byte	4                               @ DW_AT_decl_file
	.byte	82                              @ DW_AT_decl_line
	.byte	36                              @ DW_AT_data_member_location
	.byte	18                              @ Abbrev [18] 0x6ad:0xc DW_TAG_member
	.long	.Linfo_string98                 @ DW_AT_name
	.long	258                             @ DW_AT_type
	.byte	4                               @ DW_AT_decl_file
	.byte	85                              @ DW_AT_decl_line
	.byte	40                              @ DW_AT_data_member_location
	.byte	18                              @ Abbrev [18] 0x6b9:0xc DW_TAG_member
	.long	.Linfo_string99                 @ DW_AT_name
	.long	258                             @ DW_AT_type
	.byte	4                               @ DW_AT_decl_file
	.byte	91                              @ DW_AT_decl_line
	.byte	44                              @ DW_AT_data_member_location
	.byte	0                               @ End Of Children Mark
	.byte	5                               @ Abbrev [5] 0x6c6:0xb DW_TAG_typedef
	.long	92                              @ DW_AT_type
	.long	.Linfo_string102                @ DW_AT_name
	.byte	3                               @ DW_AT_decl_file
	.byte	54                              @ DW_AT_decl_line
	.byte	14                              @ Abbrev [14] 0x6d1:0x5 DW_TAG_volatile_type
	.long	1750                            @ DW_AT_type
	.byte	5                               @ Abbrev [5] 0x6d6:0xb DW_TAG_typedef
	.long	113                             @ DW_AT_type
	.long	.Linfo_string104                @ DW_AT_name
	.byte	4                               @ DW_AT_decl_file
	.byte	108                             @ DW_AT_decl_line
	.byte	10                              @ Abbrev [10] 0x6e1:0x5 DW_TAG_pointer_type
	.long	1766                            @ DW_AT_type
	.byte	21                              @ Abbrev [21] 0x6e6:0x7 DW_TAG_subroutine_type
                                        @ DW_AT_prototyped
	.byte	22                              @ Abbrev [22] 0x6e7:0x5 DW_TAG_formal_parameter
	.long	1773                            @ DW_AT_type
	.byte	0                               @ End Of Children Mark
	.byte	10                              @ Abbrev [10] 0x6ed:0x5 DW_TAG_pointer_type
	.long	1324                            @ DW_AT_type
	.byte	10                              @ Abbrev [10] 0x6f2:0x5 DW_TAG_pointer_type
	.long	1783                            @ DW_AT_type
	.byte	11                              @ Abbrev [11] 0x6f7:0xc DW_TAG_typedef
	.long	1795                            @ DW_AT_type
	.long	.Linfo_string116                @ DW_AT_name
	.byte	5                               @ DW_AT_decl_file
	.short	636                             @ DW_AT_decl_line
	.byte	12                              @ Abbrev [12] 0x703:0x13 DW_TAG_structure_type
	.byte	4                               @ DW_AT_byte_size
	.byte	5                               @ DW_AT_decl_file
	.short	633                             @ DW_AT_decl_line
	.byte	13                              @ Abbrev [13] 0x708:0xd DW_TAG_member
	.long	.Linfo_string23                 @ DW_AT_name
	.long	253                             @ DW_AT_type
	.byte	5                               @ DW_AT_decl_file
	.short	635                             @ DW_AT_decl_line
	.byte	0                               @ DW_AT_data_member_location
	.byte	0                               @ End Of Children Mark
	.byte	10                              @ Abbrev [10] 0x716:0x5 DW_TAG_pointer_type
	.long	1819                            @ DW_AT_type
	.byte	11                              @ Abbrev [11] 0x71b:0xc DW_TAG_typedef
	.long	1831                            @ DW_AT_type
	.long	.Linfo_string120                @ DW_AT_name
	.byte	5                               @ DW_AT_decl_file
	.short	642                             @ DW_AT_decl_line
	.byte	12                              @ Abbrev [12] 0x727:0x20 DW_TAG_structure_type
	.byte	8                               @ DW_AT_byte_size
	.byte	5                               @ DW_AT_decl_file
	.short	638                             @ DW_AT_decl_line
	.byte	13                              @ Abbrev [13] 0x72c:0xd DW_TAG_member
	.long	.Linfo_string118                @ DW_AT_name
	.long	253                             @ DW_AT_type
	.byte	5                               @ DW_AT_decl_file
	.short	640                             @ DW_AT_decl_line
	.byte	0                               @ DW_AT_data_member_location
	.byte	13                              @ Abbrev [13] 0x739:0xd DW_TAG_member
	.long	.Linfo_string119                @ DW_AT_name
	.long	253                             @ DW_AT_type
	.byte	5                               @ DW_AT_decl_file
	.short	641                             @ DW_AT_decl_line
	.byte	4                               @ DW_AT_data_member_location
	.byte	0                               @ End Of Children Mark
	.byte	10                              @ Abbrev [10] 0x747:0x5 DW_TAG_pointer_type
	.long	1868                            @ DW_AT_type
	.byte	11                              @ Abbrev [11] 0x74c:0xc DW_TAG_typedef
	.long	1880                            @ DW_AT_type
	.long	.Linfo_string124                @ DW_AT_name
	.byte	5                               @ DW_AT_decl_file
	.short	647                             @ DW_AT_decl_line
	.byte	12                              @ Abbrev [12] 0x758:0x13 DW_TAG_structure_type
	.byte	4                               @ DW_AT_byte_size
	.byte	5                               @ DW_AT_decl_file
	.short	644                             @ DW_AT_decl_line
	.byte	13                              @ Abbrev [13] 0x75d:0xd DW_TAG_member
	.long	.Linfo_string123                @ DW_AT_name
	.long	253                             @ DW_AT_type
	.byte	5                               @ DW_AT_decl_file
	.short	646                             @ DW_AT_decl_line
	.byte	0                               @ DW_AT_data_member_location
	.byte	0                               @ End Of Children Mark
	.byte	10                              @ Abbrev [10] 0x76b:0x5 DW_TAG_pointer_type
	.long	1904                            @ DW_AT_type
	.byte	11                              @ Abbrev [11] 0x770:0xc DW_TAG_typedef
	.long	1916                            @ DW_AT_type
	.long	.Linfo_string128                @ DW_AT_name
	.byte	5                               @ DW_AT_decl_file
	.short	653                             @ DW_AT_decl_line
	.byte	12                              @ Abbrev [12] 0x77c:0x20 DW_TAG_structure_type
	.byte	8                               @ DW_AT_byte_size
	.byte	5                               @ DW_AT_decl_file
	.short	649                             @ DW_AT_decl_line
	.byte	13                              @ Abbrev [13] 0x781:0xd DW_TAG_member
	.long	.Linfo_string126                @ DW_AT_name
	.long	253                             @ DW_AT_type
	.byte	5                               @ DW_AT_decl_file
	.short	651                             @ DW_AT_decl_line
	.byte	0                               @ DW_AT_data_member_location
	.byte	13                              @ Abbrev [13] 0x78e:0xd DW_TAG_member
	.long	.Linfo_string127                @ DW_AT_name
	.long	253                             @ DW_AT_type
	.byte	5                               @ DW_AT_decl_file
	.short	652                             @ DW_AT_decl_line
	.byte	4                               @ DW_AT_data_member_location
	.byte	0                               @ End Of Children Mark
	.byte	14                              @ Abbrev [14] 0x79c:0x5 DW_TAG_volatile_type
	.long	1953                            @ DW_AT_type
	.byte	5                               @ Abbrev [5] 0x7a1:0xb DW_TAG_typedef
	.long	258                             @ DW_AT_type
	.long	.Linfo_string134                @ DW_AT_name
	.byte	6                               @ DW_AT_decl_file
	.byte	177                             @ DW_AT_decl_line
	.byte	0                               @ End Of Children Mark
.Ldebug_info_end0:
	.section	.debug_ranges,"",%progbits
.Ldebug_ranges0:
	.long	.Lfunc_begin0
	.long	.Lfunc_end0
	.long	.Lfunc_begin1
	.long	.Lfunc_end1
	.long	.Lfunc_begin2
	.long	.Lfunc_end2
	.long	0
	.long	0
	.section	.debug_str,"MS",%progbits,1
.Linfo_string0:
	.asciz	"Component: Arm Compiler for Embedded 6.24 Tool: armclang [5f371800]" @ string offset=0
.Linfo_string1:
	.asciz	"../app/src\\bsp_uart.c"        @ string offset=68
.Linfo_string2:
	.asciz	"D:\\RM_projects\\h7_final_4\\MDK-ARM" @ string offset=90
.Linfo_string3:
	.asciz	"data_temp_uart"                @ string offset=124
.Linfo_string4:
	.asciz	"unsigned char"                 @ string offset=139
.Linfo_string5:
	.asciz	"uint8_t"                       @ string offset=153
.Linfo_string6:
	.asciz	"__ARRAY_SIZE_TYPE__"           @ string offset=161
.Linfo_string7:
	.asciz	"HAL_UNLOCKED"                  @ string offset=181
.Linfo_string8:
	.asciz	"HAL_LOCKED"                    @ string offset=194
.Linfo_string9:
	.asciz	"HAL_DMA_STATE_RESET"           @ string offset=205
.Linfo_string10:
	.asciz	"HAL_DMA_STATE_READY"           @ string offset=225
.Linfo_string11:
	.asciz	"HAL_DMA_STATE_BUSY"            @ string offset=245
.Linfo_string12:
	.asciz	"HAL_DMA_STATE_ERROR"           @ string offset=264
.Linfo_string13:
	.asciz	"HAL_DMA_STATE_ABORT"           @ string offset=284
.Linfo_string14:
	.asciz	"CR"                            @ string offset=304
.Linfo_string15:
	.asciz	"unsigned int"                  @ string offset=307
.Linfo_string16:
	.asciz	"uint32_t"                      @ string offset=320
.Linfo_string17:
	.asciz	"NDTR"                          @ string offset=329
.Linfo_string18:
	.asciz	"PAR"                           @ string offset=334
.Linfo_string19:
	.asciz	"M0AR"                          @ string offset=338
.Linfo_string20:
	.asciz	"M1AR"                          @ string offset=343
.Linfo_string21:
	.asciz	"FCR"                           @ string offset=348
.Linfo_string22:
	.asciz	"DMA_Stream_TypeDef"            @ string offset=352
.Linfo_string23:
	.asciz	"CCR"                           @ string offset=371
.Linfo_string24:
	.asciz	"CNDTR"                         @ string offset=375
.Linfo_string25:
	.asciz	"CPAR"                          @ string offset=381
.Linfo_string26:
	.asciz	"CM0AR"                         @ string offset=386
.Linfo_string27:
	.asciz	"CM1AR"                         @ string offset=392
.Linfo_string28:
	.asciz	"BDMA_Channel_TypeDef"          @ string offset=398
.Linfo_string29:
	.asciz	"CR1"                           @ string offset=419
.Linfo_string30:
	.asciz	"CR2"                           @ string offset=423
.Linfo_string31:
	.asciz	"CR3"                           @ string offset=427
.Linfo_string32:
	.asciz	"BRR"                           @ string offset=431
.Linfo_string33:
	.asciz	"GTPR"                          @ string offset=435
.Linfo_string34:
	.asciz	"RTOR"                          @ string offset=440
.Linfo_string35:
	.asciz	"RQR"                           @ string offset=445
.Linfo_string36:
	.asciz	"ISR"                           @ string offset=449
.Linfo_string37:
	.asciz	"ICR"                           @ string offset=453
.Linfo_string38:
	.asciz	"RDR"                           @ string offset=457
.Linfo_string39:
	.asciz	"TDR"                           @ string offset=461
.Linfo_string40:
	.asciz	"PRESC"                         @ string offset=465
.Linfo_string41:
	.asciz	"USART_TypeDef"                 @ string offset=471
.Linfo_string42:
	.asciz	"uart_init_bsp"                 @ string offset=485
.Linfo_string43:
	.asciz	"HAL_UARTEx_RxEventCallback"    @ string offset=499
.Linfo_string44:
	.asciz	"HAL_UART_ErrorCallback"        @ string offset=526
.Linfo_string45:
	.asciz	"huart"                         @ string offset=549
.Linfo_string46:
	.asciz	"Instance"                      @ string offset=555
.Linfo_string47:
	.asciz	"Init"                          @ string offset=564
.Linfo_string48:
	.asciz	"BaudRate"                      @ string offset=569
.Linfo_string49:
	.asciz	"WordLength"                    @ string offset=578
.Linfo_string50:
	.asciz	"StopBits"                      @ string offset=589
.Linfo_string51:
	.asciz	"Parity"                        @ string offset=598
.Linfo_string52:
	.asciz	"Mode"                          @ string offset=605
.Linfo_string53:
	.asciz	"HwFlowCtl"                     @ string offset=610
.Linfo_string54:
	.asciz	"OverSampling"                  @ string offset=620
.Linfo_string55:
	.asciz	"OneBitSampling"                @ string offset=633
.Linfo_string56:
	.asciz	"ClockPrescaler"                @ string offset=648
.Linfo_string57:
	.asciz	"UART_InitTypeDef"              @ string offset=663
.Linfo_string58:
	.asciz	"AdvancedInit"                  @ string offset=680
.Linfo_string59:
	.asciz	"AdvFeatureInit"                @ string offset=693
.Linfo_string60:
	.asciz	"TxPinLevelInvert"              @ string offset=708
.Linfo_string61:
	.asciz	"RxPinLevelInvert"              @ string offset=725
.Linfo_string62:
	.asciz	"DataInvert"                    @ string offset=742
.Linfo_string63:
	.asciz	"Swap"                          @ string offset=753
.Linfo_string64:
	.asciz	"OverrunDisable"                @ string offset=758
.Linfo_string65:
	.asciz	"DMADisableonRxError"           @ string offset=773
.Linfo_string66:
	.asciz	"AutoBaudRateEnable"            @ string offset=793
.Linfo_string67:
	.asciz	"AutoBaudRateMode"              @ string offset=812
.Linfo_string68:
	.asciz	"MSBFirst"                      @ string offset=829
.Linfo_string69:
	.asciz	"UART_AdvFeatureInitTypeDef"    @ string offset=838
.Linfo_string70:
	.asciz	"pTxBuffPtr"                    @ string offset=865
.Linfo_string71:
	.asciz	"TxXferSize"                    @ string offset=876
.Linfo_string72:
	.asciz	"unsigned short"                @ string offset=887
.Linfo_string73:
	.asciz	"uint16_t"                      @ string offset=902
.Linfo_string74:
	.asciz	"TxXferCount"                   @ string offset=911
.Linfo_string75:
	.asciz	"pRxBuffPtr"                    @ string offset=923
.Linfo_string76:
	.asciz	"RxXferSize"                    @ string offset=934
.Linfo_string77:
	.asciz	"RxXferCount"                   @ string offset=945
.Linfo_string78:
	.asciz	"Mask"                          @ string offset=957
.Linfo_string79:
	.asciz	"FifoMode"                      @ string offset=962
.Linfo_string80:
	.asciz	"NbRxDataToProcess"             @ string offset=971
.Linfo_string81:
	.asciz	"NbTxDataToProcess"             @ string offset=989
.Linfo_string82:
	.asciz	"ReceptionType"                 @ string offset=1007
.Linfo_string83:
	.asciz	"HAL_UART_RxTypeTypeDef"        @ string offset=1021
.Linfo_string84:
	.asciz	"RxEventType"                   @ string offset=1044
.Linfo_string85:
	.asciz	"HAL_UART_RxEventTypeTypeDef"   @ string offset=1056
.Linfo_string86:
	.asciz	"RxISR"                         @ string offset=1084
.Linfo_string87:
	.asciz	"TxISR"                         @ string offset=1090
.Linfo_string88:
	.asciz	"hdmatx"                        @ string offset=1096
.Linfo_string89:
	.asciz	"Request"                       @ string offset=1103
.Linfo_string90:
	.asciz	"Direction"                     @ string offset=1111
.Linfo_string91:
	.asciz	"PeriphInc"                     @ string offset=1121
.Linfo_string92:
	.asciz	"MemInc"                        @ string offset=1131
.Linfo_string93:
	.asciz	"PeriphDataAlignment"           @ string offset=1138
.Linfo_string94:
	.asciz	"MemDataAlignment"              @ string offset=1158
.Linfo_string95:
	.asciz	"Priority"                      @ string offset=1175
.Linfo_string96:
	.asciz	"FIFOMode"                      @ string offset=1184
.Linfo_string97:
	.asciz	"FIFOThreshold"                 @ string offset=1193
.Linfo_string98:
	.asciz	"MemBurst"                      @ string offset=1207
.Linfo_string99:
	.asciz	"PeriphBurst"                   @ string offset=1216
.Linfo_string100:
	.asciz	"DMA_InitTypeDef"               @ string offset=1228
.Linfo_string101:
	.asciz	"Lock"                          @ string offset=1244
.Linfo_string102:
	.asciz	"HAL_LockTypeDef"               @ string offset=1249
.Linfo_string103:
	.asciz	"State"                         @ string offset=1265
.Linfo_string104:
	.asciz	"HAL_DMA_StateTypeDef"          @ string offset=1271
.Linfo_string105:
	.asciz	"Parent"                        @ string offset=1292
.Linfo_string106:
	.asciz	"XferCpltCallback"              @ string offset=1299
.Linfo_string107:
	.asciz	"XferHalfCpltCallback"          @ string offset=1316
.Linfo_string108:
	.asciz	"XferM1CpltCallback"            @ string offset=1337
.Linfo_string109:
	.asciz	"XferM1HalfCpltCallback"        @ string offset=1356
.Linfo_string110:
	.asciz	"XferErrorCallback"             @ string offset=1379
.Linfo_string111:
	.asciz	"XferAbortCallback"             @ string offset=1397
.Linfo_string112:
	.asciz	"ErrorCode"                     @ string offset=1415
.Linfo_string113:
	.asciz	"StreamBaseAddress"             @ string offset=1425
.Linfo_string114:
	.asciz	"StreamIndex"                   @ string offset=1443
.Linfo_string115:
	.asciz	"DMAmuxChannel"                 @ string offset=1455
.Linfo_string116:
	.asciz	"DMAMUX_Channel_TypeDef"        @ string offset=1469
.Linfo_string117:
	.asciz	"DMAmuxChannelStatus"           @ string offset=1492
.Linfo_string118:
	.asciz	"CSR"                           @ string offset=1512
.Linfo_string119:
	.asciz	"CFR"                           @ string offset=1516
.Linfo_string120:
	.asciz	"DMAMUX_ChannelStatus_TypeDef"  @ string offset=1520
.Linfo_string121:
	.asciz	"DMAmuxChannelStatusMask"       @ string offset=1549
.Linfo_string122:
	.asciz	"DMAmuxRequestGen"              @ string offset=1573
.Linfo_string123:
	.asciz	"RGCR"                          @ string offset=1590
.Linfo_string124:
	.asciz	"DMAMUX_RequestGen_TypeDef"     @ string offset=1595
.Linfo_string125:
	.asciz	"DMAmuxRequestGenStatus"        @ string offset=1621
.Linfo_string126:
	.asciz	"RGSR"                          @ string offset=1644
.Linfo_string127:
	.asciz	"RGCFR"                         @ string offset=1649
.Linfo_string128:
	.asciz	"DMAMUX_RequestGenStatus_TypeDef" @ string offset=1655
.Linfo_string129:
	.asciz	"DMAmuxRequestGenStatusMask"    @ string offset=1687
.Linfo_string130:
	.asciz	"__DMA_HandleTypeDef"           @ string offset=1714
.Linfo_string131:
	.asciz	"DMA_HandleTypeDef"             @ string offset=1734
.Linfo_string132:
	.asciz	"hdmarx"                        @ string offset=1752
.Linfo_string133:
	.asciz	"gState"                        @ string offset=1759
.Linfo_string134:
	.asciz	"HAL_UART_StateTypeDef"         @ string offset=1766
.Linfo_string135:
	.asciz	"RxState"                       @ string offset=1788
.Linfo_string136:
	.asciz	"__UART_HandleTypeDef"          @ string offset=1796
.Linfo_string137:
	.asciz	"UART_HandleTypeDef"            @ string offset=1817
.Linfo_string138:
	.asciz	"Size"                          @ string offset=1836
	.ident	"Component: Arm Compiler for Embedded 6.24 Tool: armclang [5f371800]"
	.section	".note.GNU-stack","",%progbits
	.eabi_attribute	30, 6	@ Tag_ABI_optimization_goals
	.ARM_attribute	16, 1	@ Tag_AV_eba
	.section	.debug_line,"",%progbits
.Lline_table_start0:
