	.text
	.syntax unified
	.eabi_attribute	67, "2.09"	@ Tag_conformance
	.cpu	cortex-m7
	.eabi_attribute	6, 13	@ Tag_CPU_arch
	.eabi_attribute	7, 77	@ Tag_CPU_arch_profile
	.eabi_attribute	8, 0	@ Tag_ARM_ISA_use
	.eabi_attribute	9, 2	@ Tag_THUMB_ISA_use
	.fpu	fpv5-d16
	.eabi_attribute	36, 1	@ Tag_FP_HP_extension
	.eabi_attribute	34, 1	@ Tag_CPU_unaligned_access
	.eabi_attribute	17, 1	@ Tag_ABI_PCS_GOT_use
	.eabi_attribute	20, 2	@ Tag_ABI_FP_denormal
	.eabi_attribute	21, 0	@ Tag_ABI_FP_exceptions
	.eabi_attribute	23, 1	@ Tag_ABI_FP_number_model
	.eabi_attribute	24, 1	@ Tag_ABI_align_needed
	.eabi_attribute	25, 1	@ Tag_ABI_align_preserved
	.eabi_attribute	28, 1	@ Tag_ABI_VFP_args
	.eabi_attribute	38, 1	@ Tag_ABI_FP_16bit_format
	.eabi_attribute	18, 2	@ Tag_ABI_PCS_wchar_t
	.eabi_attribute	26, 1	@ Tag_ABI_enum_size
	.eabi_attribute	14, 0	@ Tag_ABI_PCS_R9_use
	.file	"bsp_dwt.c"
	.file	1 "D:\\keil_1\\keil\\ARM\\ARMCLANG\\bin\\..\\include" "stdint.h"
	.file	2 "D:\\RM_projects\\h7_final_4\\MDK-ARM" "../app/src/bsp_dwt.c"
	.file	3 "D:\\RM_projects\\h7_final_4\\MDK-ARM" "../app/inc\\bsp_dwt.h"
	.file	4 "D:\\RM_projects\\h7_final_4\\MDK-ARM" "../Drivers/CMSIS/Include\\core_cm7.h"
	.section	.text.DWT_Init,"ax",%progbits
	.hidden	DWT_Init                        @ -- Begin function DWT_Init
	.globl	DWT_Init
	.p2align	3
	.type	DWT_Init,%function
	.code	16                              @ @DWT_Init
	.thumb_func
DWT_Init:
.Lfunc_begin0:
	.loc	2 23 0                          @ ../app/src/bsp_dwt.c:23:0
	.fnstart
	.cfi_sections .debug_frame
	.cfi_startproc
@ %bb.0:
	.pad	#4
	sub	sp, #4
	.cfi_def_cfa_offset 4
	str	r0, [sp]
	movw	r1, #60924
	movt	r1, #57344
.Ltmp0:
	.loc	2 25 22 prologue_end            @ ../app/src/bsp_dwt.c:25:22
	ldr	r0, [r1]
	orr	r0, r0, #16777216
	str	r0, [r1]
	movw	r1, #4100
	movt	r1, #57344
	movs	r0, #0
	.loc	2 28 17                         @ ../app/src/bsp_dwt.c:28:17
	str	r0, [r1]
	movw	r2, #4096
	movt	r2, #57344
	.loc	2 31 15                         @ ../app/src/bsp_dwt.c:31:15
	ldr	r1, [r2]
	orr	r1, r1, #1
	str	r1, [r2]
	.loc	2 33 19                         @ ../app/src/bsp_dwt.c:33:19
	ldr	r1, [sp]
	movw	r2, #16960
	movt	r2, #15
	.loc	2 33 32 is_stmt 0               @ ../app/src/bsp_dwt.c:33:32
	muls	r2, r1, r2
	.loc	2 33 17                         @ ../app/src/bsp_dwt.c:33:17
	movw	r1, :lower16:CPU_FREQ_Hz
	movt	r1, :upper16:CPU_FREQ_Hz
	str	r2, [r1]
	.loc	2 34 22 is_stmt 1               @ ../app/src/bsp_dwt.c:34:22
	ldr	r2, [r1]
	movw	r3, #19923
	movt	r3, #4194
	.loc	2 34 34 is_stmt 0               @ ../app/src/bsp_dwt.c:34:34
	umull	r3, r2, r2, r3
	lsrs	r2, r2, #6
	.loc	2 34 20                         @ ../app/src/bsp_dwt.c:34:20
	movw	r3, :lower16:CPU_FREQ_Hz_ms
	movt	r3, :upper16:CPU_FREQ_Hz_ms
	str	r2, [r3]
	.loc	2 35 22 is_stmt 1               @ ../app/src/bsp_dwt.c:35:22
	ldr	r1, [r1]
	movw	r2, #56963
	movt	r2, #17179
	.loc	2 35 34 is_stmt 0               @ ../app/src/bsp_dwt.c:35:34
	umull	r2, r1, r1, r2
	lsrs	r1, r1, #18
	.loc	2 35 20                         @ ../app/src/bsp_dwt.c:35:20
	movw	r2, :lower16:CPU_FREQ_Hz_us
	movt	r2, :upper16:CPU_FREQ_Hz_us
	str	r1, [r2]
	.loc	2 36 23 is_stmt 1               @ ../app/src/bsp_dwt.c:36:23
	movw	r1, :lower16:CYCCNT_RountCount
	movt	r1, :upper16:CYCCNT_RountCount
	str	r0, [r1]
	.loc	2 37 1 epilogue_begin           @ ../app/src/bsp_dwt.c:37:1
	add	sp, #4
	bx	lr
.Ltmp1:
.Lfunc_end0:
	.size	DWT_Init, .Lfunc_end0-DWT_Init
	.cfi_endproc
	.cantunwind
	.fnend
                                        @ -- End function
	.section	.text.DWT_GetDeltaT,"ax",%progbits
	.hidden	DWT_GetDeltaT                   @ -- Begin function DWT_GetDeltaT
	.globl	DWT_GetDeltaT
	.p2align	3
	.type	DWT_GetDeltaT,%function
	.code	16                              @ @DWT_GetDeltaT
	.thumb_func
DWT_GetDeltaT:
.Lfunc_begin1:
	.loc	2 40 0                          @ ../app/src/bsp_dwt.c:40:0
	.fnstart
	.cfi_startproc
@ %bb.0:
	.save	{r7, lr}
	push	{r7, lr}
	.cfi_def_cfa_offset 8
	.cfi_offset lr, -4
	.cfi_offset r7, -8
	.pad	#16
	sub	sp, #16
	.cfi_def_cfa_offset 24
	str	r0, [sp, #12]
	movw	r0, #4100
	movt	r0, #57344
.Ltmp2:
	.loc	2 41 38 prologue_end            @ ../app/src/bsp_dwt.c:41:38
	ldr	r0, [r0]
	.loc	2 41 23 is_stmt 0               @ ../app/src/bsp_dwt.c:41:23
	str	r0, [sp, #8]
	.loc	2 42 28 is_stmt 1               @ ../app/src/bsp_dwt.c:42:28
	ldr	r0, [sp, #8]
	.loc	2 42 39 is_stmt 0               @ ../app/src/bsp_dwt.c:42:39
	ldr	r1, [sp, #12]
	.loc	2 42 38                         @ ../app/src/bsp_dwt.c:42:38
	ldr	r1, [r1]
	.loc	2 42 36                         @ ../app/src/bsp_dwt.c:42:36
	subs	r0, r0, r1
	.loc	2 42 16                         @ ../app/src/bsp_dwt.c:42:16
	vmov	s0, r0
	vcvt.f32.u32	s0, s0
	.loc	2 42 61                         @ ../app/src/bsp_dwt.c:42:61
	movw	r0, :lower16:CPU_FREQ_Hz
	movt	r0, :upper16:CPU_FREQ_Hz
	.loc	2 42 53                         @ ../app/src/bsp_dwt.c:42:53
	vldr	s2, [r0]
	vcvt.f32.u32	s2, s2
	.loc	2 42 50                         @ ../app/src/bsp_dwt.c:42:50
	vdiv.f32	s0, s0, s2
	.loc	2 42 11                         @ ../app/src/bsp_dwt.c:42:11
	vstr	s0, [sp, #4]
	.loc	2 43 17 is_stmt 1               @ ../app/src/bsp_dwt.c:43:17
	ldr	r0, [sp, #8]
	.loc	2 43 6 is_stmt 0                @ ../app/src/bsp_dwt.c:43:6
	ldr	r1, [sp, #12]
	.loc	2 43 15                         @ ../app/src/bsp_dwt.c:43:15
	str	r0, [r1]
	.loc	2 45 5 is_stmt 1                @ ../app/src/bsp_dwt.c:45:5
	bl	DWT_CNT_Update
	.loc	2 47 12                         @ ../app/src/bsp_dwt.c:47:12
	vldr	s0, [sp, #4]
	.loc	2 47 5 epilogue_begin is_stmt 0 @ ../app/src/bsp_dwt.c:47:5
	add	sp, #16
	pop	{r7, pc}
.Ltmp3:
.Lfunc_end1:
	.size	DWT_GetDeltaT, .Lfunc_end1-DWT_GetDeltaT
	.cfi_endproc
	.cantunwind
	.fnend
                                        @ -- End function
	.section	.text.DWT_CNT_Update,"ax",%progbits
	.p2align	3                               @ -- Begin function DWT_CNT_Update
	.type	DWT_CNT_Update,%function
	.code	16                              @ @DWT_CNT_Update
	.thumb_func
DWT_CNT_Update:
.Lfunc_begin2:
	.loc	2 105 0 is_stmt 1               @ ../app/src/bsp_dwt.c:105:0
	.fnstart
	.cfi_startproc
@ %bb.0:
	.pad	#4
	sub	sp, #4
	.cfi_def_cfa_offset 4
	movw	r0, #4100
	movt	r0, #57344
.Ltmp4:
	.loc	2 106 38 prologue_end           @ ../app/src/bsp_dwt.c:106:38
	ldr	r0, [r0]
	.loc	2 106 23 is_stmt 0              @ ../app/src/bsp_dwt.c:106:23
	str	r0, [sp]
.Ltmp5:
	.loc	2 108 9 is_stmt 1               @ ../app/src/bsp_dwt.c:108:9
	ldr	r0, [sp]
	.loc	2 108 19 is_stmt 0              @ ../app/src/bsp_dwt.c:108:19
	movw	r1, :lower16:CYCCNT_LAST
	movt	r1, :upper16:CYCCNT_LAST
	ldr	r1, [r1]
.Ltmp6:
	.loc	2 108 9                         @ ../app/src/bsp_dwt.c:108:9
	cmp	r0, r1
	bhs	.LBB2_2
	b	.LBB2_1
.LBB2_1:
.Ltmp7:
	.loc	2 109 26 is_stmt 1              @ ../app/src/bsp_dwt.c:109:26
	movw	r1, :lower16:CYCCNT_RountCount
	movt	r1, :upper16:CYCCNT_RountCount
	ldr	r0, [r1]
	adds	r0, #1
	str	r0, [r1]
	.loc	2 109 9 is_stmt 0               @ ../app/src/bsp_dwt.c:109:9
	b	.LBB2_2
.Ltmp8:
.LBB2_2:
	.loc	2 111 19 is_stmt 1              @ ../app/src/bsp_dwt.c:111:19
	ldr	r0, [sp]
	.loc	2 111 17 is_stmt 0              @ ../app/src/bsp_dwt.c:111:17
	movw	r1, :lower16:CYCCNT_LAST
	movt	r1, :upper16:CYCCNT_LAST
	str	r0, [r1]
	.loc	2 112 1 epilogue_begin is_stmt 1 @ ../app/src/bsp_dwt.c:112:1
	add	sp, #4
	bx	lr
.Ltmp9:
.Lfunc_end2:
	.size	DWT_CNT_Update, .Lfunc_end2-DWT_CNT_Update
	.cfi_endproc
	.cantunwind
	.fnend
                                        @ -- End function
	.section	.text.DWT_GetDeltaT64,"ax",%progbits
	.hidden	DWT_GetDeltaT64                 @ -- Begin function DWT_GetDeltaT64
	.globl	DWT_GetDeltaT64
	.p2align	3
	.type	DWT_GetDeltaT64,%function
	.code	16                              @ @DWT_GetDeltaT64
	.thumb_func
DWT_GetDeltaT64:
.Lfunc_begin3:
	.loc	2 51 0                          @ ../app/src/bsp_dwt.c:51:0
	.fnstart
	.cfi_startproc
@ %bb.0:
	.save	{r7, lr}
	push	{r7, lr}
	.cfi_def_cfa_offset 8
	.cfi_offset lr, -4
	.cfi_offset r7, -8
	.pad	#16
	sub	sp, #16
	.cfi_def_cfa_offset 24
	str	r0, [sp, #12]
	movw	r0, #4100
	movt	r0, #57344
.Ltmp10:
	.loc	2 52 38 prologue_end            @ ../app/src/bsp_dwt.c:52:38
	ldr	r0, [r0]
	.loc	2 52 23 is_stmt 0               @ ../app/src/bsp_dwt.c:52:23
	str	r0, [sp, #8]
	.loc	2 53 29 is_stmt 1               @ ../app/src/bsp_dwt.c:53:29
	ldr	r0, [sp, #8]
	.loc	2 53 40 is_stmt 0               @ ../app/src/bsp_dwt.c:53:40
	ldr	r1, [sp, #12]
	.loc	2 53 39                         @ ../app/src/bsp_dwt.c:53:39
	ldr	r1, [r1]
	.loc	2 53 37                         @ ../app/src/bsp_dwt.c:53:37
	subs	r0, r0, r1
	.loc	2 53 17                         @ ../app/src/bsp_dwt.c:53:17
	vmov	s0, r0
	vcvt.f64.u32	d0, s0
	.loc	2 53 63                         @ ../app/src/bsp_dwt.c:53:63
	movw	r0, :lower16:CPU_FREQ_Hz
	movt	r0, :upper16:CPU_FREQ_Hz
	.loc	2 53 54                         @ ../app/src/bsp_dwt.c:53:54
	vldr	s2, [r0]
	vcvt.f64.u32	d1, s2
	.loc	2 53 51                         @ ../app/src/bsp_dwt.c:53:51
	vdiv.f64	d0, d0, d1
	.loc	2 53 12                         @ ../app/src/bsp_dwt.c:53:12
	vstr	d0, [sp]
	.loc	2 54 17 is_stmt 1               @ ../app/src/bsp_dwt.c:54:17
	ldr	r0, [sp, #8]
	.loc	2 54 6 is_stmt 0                @ ../app/src/bsp_dwt.c:54:6
	ldr	r1, [sp, #12]
	.loc	2 54 15                         @ ../app/src/bsp_dwt.c:54:15
	str	r0, [r1]
	.loc	2 56 5 is_stmt 1                @ ../app/src/bsp_dwt.c:56:5
	bl	DWT_CNT_Update
	.loc	2 58 12                         @ ../app/src/bsp_dwt.c:58:12
	vldr	d0, [sp]
	.loc	2 58 5 epilogue_begin is_stmt 0 @ ../app/src/bsp_dwt.c:58:5
	add	sp, #16
	pop	{r7, pc}
.Ltmp11:
.Lfunc_end3:
	.size	DWT_GetDeltaT64, .Lfunc_end3-DWT_GetDeltaT64
	.cfi_endproc
	.cantunwind
	.fnend
                                        @ -- End function
	.section	.text.DWT_SysTimeUpdate,"ax",%progbits
	.hidden	DWT_SysTimeUpdate               @ -- Begin function DWT_SysTimeUpdate
	.globl	DWT_SysTimeUpdate
	.p2align	3
	.type	DWT_SysTimeUpdate,%function
	.code	16                              @ @DWT_SysTimeUpdate
	.thumb_func
DWT_SysTimeUpdate:
.Lfunc_begin4:
	.loc	2 62 0 is_stmt 1                @ ../app/src/bsp_dwt.c:62:0
	.fnstart
	.cfi_startproc
@ %bb.0:
	.save	{r4, r5, r7, lr}
	push	{r4, r5, r7, lr}
	.cfi_def_cfa_offset 16
	.cfi_offset lr, -4
	.cfi_offset r7, -8
	.cfi_offset r5, -12
	.cfi_offset r4, -16
	.pad	#24
	sub	sp, #24
	.cfi_def_cfa_offset 40
	movw	r0, #4100
	movt	r0, #57344
.Ltmp12:
	.loc	2 63 38 prologue_end            @ ../app/src/bsp_dwt.c:63:38
	ldr	r0, [r0]
	.loc	2 63 23 is_stmt 0               @ ../app/src/bsp_dwt.c:63:23
	str	r0, [sp, #20]
	.loc	2 66 5 is_stmt 1                @ ../app/src/bsp_dwt.c:66:5
	bl	DWT_CNT_Update
	.loc	2 68 26                         @ ../app/src/bsp_dwt.c:68:26
	movw	r0, :lower16:CYCCNT_RountCount
	movt	r0, :upper16:CYCCNT_RountCount
	ldr	r1, [r0]
	.loc	2 68 79 is_stmt 0               @ ../app/src/bsp_dwt.c:68:79
	ldr	r0, [sp, #20]
	movs	r3, #0
	str	r3, [sp, #8]                    @ 4-byte Spill
	mov.w	r12, #-1
	.loc	2 68 67                         @ ../app/src/bsp_dwt.c:68:67
	mov	r2, r3
	umlal	r0, r2, r1, r12
	.loc	2 68 14                         @ ../app/src/bsp_dwt.c:68:14
	movw	r1, :lower16:CYCCNT64
	movt	r1, :upper16:CYCCNT64
	str	r1, [sp]                        @ 4-byte Spill
	str	r2, [r1, #4]
	str	r0, [r1]
	.loc	2 69 17 is_stmt 1               @ ../app/src/bsp_dwt.c:69:17
	ldr	r0, [r1]
	ldr	r1, [r1, #4]
	.loc	2 69 28 is_stmt 0               @ ../app/src/bsp_dwt.c:69:28
	movw	r4, :lower16:CPU_FREQ_Hz
	movt	r4, :upper16:CPU_FREQ_Hz
	ldr	r2, [r4]
	.loc	2 69 26                         @ ../app/src/bsp_dwt.c:69:26
	bl	__aeabi_uldivmod
	ldr	r3, [sp, #8]                    @ 4-byte Reload
	mov	r2, r0
	mov	r12, r1
	.loc	2 69 15                         @ ../app/src/bsp_dwt.c:69:15
	ldr	r1, [sp]                        @ 4-byte Reload
	movw	r0, :lower16:DWT_SysTimeUpdate.CNT_TEMP1
	movt	r0, :upper16:DWT_SysTimeUpdate.CNT_TEMP1
	str.w	r12, [r0, #4]
	str	r2, [r0]
	.loc	2 70 17 is_stmt 1               @ ../app/src/bsp_dwt.c:70:17
	ldr.w	r12, [r1]
	ldr	r1, [r1, #4]
	.loc	2 70 28 is_stmt 0               @ ../app/src/bsp_dwt.c:70:28
	ldr.w	lr, [r0]
	ldr	r2, [r0, #4]
	.loc	2 70 40                         @ ../app/src/bsp_dwt.c:70:40
	ldr	r4, [r4]
	.loc	2 70 38                         @ ../app/src/bsp_dwt.c:70:38
	umull	lr, r5, lr, r4
	mla	r2, r2, r4, r5
	.loc	2 70 26                         @ ../app/src/bsp_dwt.c:70:26
	subs.w	r12, r12, lr
	sbc.w	r2, r1, r2
	.loc	2 70 15                         @ ../app/src/bsp_dwt.c:70:15
	movw	r1, :lower16:DWT_SysTimeUpdate.CNT_TEMP2
	movt	r1, :upper16:DWT_SysTimeUpdate.CNT_TEMP2
	str	r1, [sp, #12]                   @ 4-byte Spill
	str.w	r12, [r1]
	str	r2, [r1, #4]
	.loc	2 71 17 is_stmt 1               @ ../app/src/bsp_dwt.c:71:17
	ldr	r0, [r0]
	.loc	2 71 15 is_stmt 0               @ ../app/src/bsp_dwt.c:71:15
	movw	r2, :lower16:SysTime
	movt	r2, :upper16:SysTime
	str	r2, [sp, #16]                   @ 4-byte Spill
	str	r0, [r2]
	.loc	2 72 18 is_stmt 1               @ ../app/src/bsp_dwt.c:72:18
	ldr	r0, [r1]
	ldr	r1, [r1, #4]
	.loc	2 72 30 is_stmt 0               @ ../app/src/bsp_dwt.c:72:30
	movw	r2, :lower16:CPU_FREQ_Hz_ms
	movt	r2, :upper16:CPU_FREQ_Hz_ms
	str	r2, [sp, #4]                    @ 4-byte Spill
	ldr	r2, [r2]
	.loc	2 72 28                         @ ../app/src/bsp_dwt.c:72:28
	bl	__aeabi_uldivmod
	ldr.w	r12, [sp, #4]                   @ 4-byte Reload
	ldr	r3, [sp, #8]                    @ 4-byte Reload
	ldr	r2, [sp, #16]                   @ 4-byte Reload
	mov	r1, r0
	.loc	2 72 16                         @ ../app/src/bsp_dwt.c:72:16
	ldr	r0, [sp, #12]                   @ 4-byte Reload
	strh	r1, [r2, #4]
	.loc	2 73 17 is_stmt 1               @ ../app/src/bsp_dwt.c:73:17
	ldr	r1, [r0]
	ldr	r0, [r0, #4]
	.loc	2 73 37 is_stmt 0               @ ../app/src/bsp_dwt.c:73:37
	ldrh	r2, [r2, #4]
	.loc	2 73 42                         @ ../app/src/bsp_dwt.c:73:42
	ldr.w	r12, [r12]
	.loc	2 73 40                         @ ../app/src/bsp_dwt.c:73:40
	mul	r2, r2, r12
	.loc	2 73 27                         @ ../app/src/bsp_dwt.c:73:27
	subs	r2, r1, r2
	sbc	r0, r0, #0
	.loc	2 73 15                         @ ../app/src/bsp_dwt.c:73:15
	movw	r1, :lower16:DWT_SysTimeUpdate.CNT_TEMP3
	movt	r1, :upper16:DWT_SysTimeUpdate.CNT_TEMP3
	str	r2, [r1]
	str	r0, [r1, #4]
	.loc	2 74 18 is_stmt 1               @ ../app/src/bsp_dwt.c:74:18
	ldr	r0, [r1]
	ldr	r1, [r1, #4]
	.loc	2 74 30 is_stmt 0               @ ../app/src/bsp_dwt.c:74:30
	movw	r2, :lower16:CPU_FREQ_Hz_us
	movt	r2, :upper16:CPU_FREQ_Hz_us
	ldr	r2, [r2]
	.loc	2 74 28                         @ ../app/src/bsp_dwt.c:74:28
	bl	__aeabi_uldivmod
	ldr	r1, [sp, #16]                   @ 4-byte Reload
	.loc	2 74 16                         @ ../app/src/bsp_dwt.c:74:16
	strh	r0, [r1, #6]
	.loc	2 75 1 epilogue_begin is_stmt 1 @ ../app/src/bsp_dwt.c:75:1
	add	sp, #24
	pop	{r4, r5, r7, pc}
.Ltmp13:
.Lfunc_end4:
	.size	DWT_SysTimeUpdate, .Lfunc_end4-DWT_SysTimeUpdate
	.cfi_endproc
	.cantunwind
	.fnend
                                        @ -- End function
	.section	.text.DWT_GetTimeline_s,"ax",%progbits
	.hidden	DWT_GetTimeline_s               @ -- Begin function DWT_GetTimeline_s
	.globl	DWT_GetTimeline_s
	.p2align	3
	.type	DWT_GetTimeline_s,%function
	.code	16                              @ @DWT_GetTimeline_s
	.thumb_func
DWT_GetTimeline_s:
.Lfunc_begin5:
	.loc	2 78 0                          @ ../app/src/bsp_dwt.c:78:0
	.fnstart
	.cfi_startproc
@ %bb.0:
	.save	{r7, lr}
	push	{r7, lr}
	.cfi_def_cfa_offset 8
	.cfi_offset lr, -4
	.cfi_offset r7, -8
	.pad	#8
	sub	sp, #8
	.cfi_def_cfa_offset 16
.Ltmp14:
	.loc	2 79 5 prologue_end             @ ../app/src/bsp_dwt.c:79:5
	bl	DWT_SysTimeUpdate
	.loc	2 81 37                         @ ../app/src/bsp_dwt.c:81:37
	movw	r0, :lower16:SysTime
	movt	r0, :upper16:SysTime
	.loc	2 81 29 is_stmt 0               @ ../app/src/bsp_dwt.c:81:29
	vldr	s0, [r0]
	vcvt.f32.u32	s0, s0
	.loc	2 81 49                         @ ../app/src/bsp_dwt.c:81:49
	ldrh	r1, [r0, #4]
	.loc	2 81 41                         @ ../app/src/bsp_dwt.c:81:41
	vmov	s2, r1
	vcvt.f32.s32	s2, s2
	vldr	s4, .LCPI5_0
	.loc	2 81 39                         @ ../app/src/bsp_dwt.c:81:39
	vfma.f32	s0, s2, s4
	.loc	2 81 71                         @ ../app/src/bsp_dwt.c:81:71
	ldrh	r0, [r0, #6]
	.loc	2 81 63                         @ ../app/src/bsp_dwt.c:81:63
	vmov	s2, r0
	vcvt.f32.s32	s2, s2
	vldr	s4, .LCPI5_1
	.loc	2 81 61                         @ ../app/src/bsp_dwt.c:81:61
	vfma.f32	s0, s2, s4
	.loc	2 81 11                         @ ../app/src/bsp_dwt.c:81:11
	vstr	s0, [sp, #4]
	.loc	2 83 12 is_stmt 1               @ ../app/src/bsp_dwt.c:83:12
	vldr	s0, [sp, #4]
	.loc	2 83 5 epilogue_begin is_stmt 0 @ ../app/src/bsp_dwt.c:83:5
	add	sp, #8
	pop	{r7, pc}
.Ltmp15:
	.loc	2 0 5                           @ :0:5
.Ltmp16:
	.p2align	2
@ %bb.1:
.LCPI5_0:
	.long	0x3a83126f                      @ float 0.00100000005
.LCPI5_1:
	.long	0x358637bd                      @ float 9.99999997E-7
.Lfunc_end5:
	.size	DWT_GetTimeline_s, .Lfunc_end5-DWT_GetTimeline_s
	.cfi_endproc
	.cantunwind
	.fnend
                                        @ -- End function
	.section	.text.DWT_GetTimeline_ms,"ax",%progbits
	.hidden	DWT_GetTimeline_ms              @ -- Begin function DWT_GetTimeline_ms
	.globl	DWT_GetTimeline_ms
	.p2align	3
	.type	DWT_GetTimeline_ms,%function
	.code	16                              @ @DWT_GetTimeline_ms
	.thumb_func
DWT_GetTimeline_ms:
.Lfunc_begin6:
	.loc	2 87 0 is_stmt 1                @ ../app/src/bsp_dwt.c:87:0
	.fnstart
	.cfi_startproc
@ %bb.0:
	.save	{r7, lr}
	push	{r7, lr}
	.cfi_def_cfa_offset 8
	.cfi_offset lr, -4
	.cfi_offset r7, -8
	.pad	#8
	sub	sp, #8
	.cfi_def_cfa_offset 16
.Ltmp17:
	.loc	2 88 5 prologue_end             @ ../app/src/bsp_dwt.c:88:5
	bl	DWT_SysTimeUpdate
	.loc	2 90 37                         @ ../app/src/bsp_dwt.c:90:37
	movw	r0, :lower16:SysTime
	movt	r0, :upper16:SysTime
	ldr	r1, [r0]
	.loc	2 90 56 is_stmt 0               @ ../app/src/bsp_dwt.c:90:56
	ldrh	r3, [r0, #4]
	mov.w	r2, #1000
	.loc	2 90 46                         @ ../app/src/bsp_dwt.c:90:46
	mla	r1, r1, r2, r3
	.loc	2 90 29                         @ ../app/src/bsp_dwt.c:90:29
	vmov	s0, r1
	vcvt.f32.u32	s0, s0
	.loc	2 90 69                         @ ../app/src/bsp_dwt.c:90:69
	ldrh	r0, [r0, #6]
	.loc	2 90 61                         @ ../app/src/bsp_dwt.c:90:61
	vmov	s2, r0
	vcvt.f32.s32	s2, s2
	vldr	s4, .LCPI6_0
	.loc	2 90 59                         @ ../app/src/bsp_dwt.c:90:59
	vfma.f32	s0, s2, s4
	.loc	2 90 11                         @ ../app/src/bsp_dwt.c:90:11
	vstr	s0, [sp, #4]
	.loc	2 92 12 is_stmt 1               @ ../app/src/bsp_dwt.c:92:12
	vldr	s0, [sp, #4]
	.loc	2 92 5 epilogue_begin is_stmt 0 @ ../app/src/bsp_dwt.c:92:5
	add	sp, #8
	pop	{r7, pc}
.Ltmp18:
	.loc	2 0 5                           @ :0:5
.Ltmp19:
	.p2align	2
@ %bb.1:
.LCPI6_0:
	.long	0x3a83126f                      @ float 0.00100000005
.Lfunc_end6:
	.size	DWT_GetTimeline_ms, .Lfunc_end6-DWT_GetTimeline_ms
	.cfi_endproc
	.cantunwind
	.fnend
                                        @ -- End function
	.section	.text.DWT_GetTimeline_us,"ax",%progbits
	.hidden	DWT_GetTimeline_us              @ -- Begin function DWT_GetTimeline_us
	.globl	DWT_GetTimeline_us
	.p2align	3
	.type	DWT_GetTimeline_us,%function
	.code	16                              @ @DWT_GetTimeline_us
	.thumb_func
DWT_GetTimeline_us:
.Lfunc_begin7:
	.loc	2 96 0 is_stmt 1                @ ../app/src/bsp_dwt.c:96:0
	.fnstart
	.cfi_startproc
@ %bb.0:
	.save	{r7, lr}
	push	{r7, lr}
	.cfi_def_cfa_offset 8
	.cfi_offset lr, -4
	.cfi_offset r7, -8
	.pad	#8
	sub	sp, #8
	.cfi_def_cfa_offset 16
.Ltmp20:
	.loc	2 97 5 prologue_end             @ ../app/src/bsp_dwt.c:97:5
	bl	DWT_SysTimeUpdate
	.loc	2 99 40                         @ ../app/src/bsp_dwt.c:99:40
	movw	r1, :lower16:SysTime
	movt	r1, :upper16:SysTime
	ldr	r0, [r1]
	movw	r2, #15625
	.loc	2 99 42 is_stmt 0               @ ../app/src/bsp_dwt.c:99:42
	muls	r2, r0, r2
	.loc	2 99 62                         @ ../app/src/bsp_dwt.c:99:62
	ldrh	r0, [r1, #4]
	mov.w	r3, #1000
	.loc	2 99 65                         @ ../app/src/bsp_dwt.c:99:65
	muls	r0, r3, r0
	.loc	2 99 52                         @ ../app/src/bsp_dwt.c:99:52
	add.w	r0, r0, r2, lsl #6
	.loc	2 99 82                         @ ../app/src/bsp_dwt.c:99:82
	ldrh	r1, [r1, #6]
	.loc	2 99 72                         @ ../app/src/bsp_dwt.c:99:72
	add	r0, r1
	movs	r1, #0
	.loc	2 99 14                         @ ../app/src/bsp_dwt.c:99:14
	str	r1, [sp, #4]
	str	r0, [sp]
	.loc	2 101 12 is_stmt 1              @ ../app/src/bsp_dwt.c:101:12
	ldr	r0, [sp]
	ldr	r1, [sp, #4]
	.loc	2 101 5 epilogue_begin is_stmt 0 @ ../app/src/bsp_dwt.c:101:5
	add	sp, #8
	pop	{r7, pc}
.Ltmp21:
.Lfunc_end7:
	.size	DWT_GetTimeline_us, .Lfunc_end7-DWT_GetTimeline_us
	.cfi_endproc
	.cantunwind
	.fnend
                                        @ -- End function
	.section	.text.DWT_Delay,"ax",%progbits
	.hidden	DWT_Delay                       @ -- Begin function DWT_Delay
	.globl	DWT_Delay
	.p2align	3
	.type	DWT_Delay,%function
	.code	16                              @ @DWT_Delay
	.thumb_func
DWT_Delay:
.Lfunc_begin8:
	.loc	2 115 0 is_stmt 1               @ ../app/src/bsp_dwt.c:115:0
	.fnstart
	.cfi_startproc
@ %bb.0:
	.pad	#12
	sub	sp, #12
	.cfi_def_cfa_offset 12
	vstr	s0, [sp, #8]
	movw	r0, #4100
	movt	r0, #57344
.Ltmp22:
	.loc	2 116 31 prologue_end           @ ../app/src/bsp_dwt.c:116:31
	ldr	r0, [r0]
	.loc	2 116 14 is_stmt 0              @ ../app/src/bsp_dwt.c:116:14
	str	r0, [sp, #4]
	.loc	2 117 18 is_stmt 1              @ ../app/src/bsp_dwt.c:117:18
	ldr	r0, [sp, #8]
	.loc	2 117 11 is_stmt 0              @ ../app/src/bsp_dwt.c:117:11
	str	r0, [sp]
	.loc	2 119 5 is_stmt 1               @ ../app/src/bsp_dwt.c:119:5
	b	.LBB8_1
.LBB8_1:                                @ =>This Inner Loop Header: Depth=1
	.loc	2 0 5 is_stmt 0                 @ ../app/src/bsp_dwt.c:0:5
	movw	r0, #4100
	movt	r0, #57344
	.loc	2 119 18                        @ ../app/src/bsp_dwt.c:119:18
	ldr	r0, [r0]
	.loc	2 119 27                        @ ../app/src/bsp_dwt.c:119:27
	ldr	r1, [sp, #4]
	.loc	2 119 25                        @ ../app/src/bsp_dwt.c:119:25
	subs	r0, r0, r1
	.loc	2 119 12                        @ ../app/src/bsp_dwt.c:119:12
	vmov	s0, r0
	vcvt.f32.u32	s0, s0
	.loc	2 119 40                        @ ../app/src/bsp_dwt.c:119:40
	vldr	s2, [sp]
	.loc	2 119 54                        @ ../app/src/bsp_dwt.c:119:54
	movw	r0, :lower16:CPU_FREQ_Hz
	movt	r0, :upper16:CPU_FREQ_Hz
	.loc	2 119 47                        @ ../app/src/bsp_dwt.c:119:47
	vldr	s4, [r0]
	vcvt.f32.u32	s4, s4
	.loc	2 119 45                        @ ../app/src/bsp_dwt.c:119:45
	vmul.f32	s2, s2, s4
	.loc	2 119 5                         @ ../app/src/bsp_dwt.c:119:5
	vcmp.f32	s0, s2
	vmrs	APSR_nzcv, fpscr
	bge	.LBB8_3
	b	.LBB8_2
.LBB8_2:                                @   in Loop: Header=BB8_1 Depth=1
	b	.LBB8_1
.LBB8_3:
	.loc	2 122 1 epilogue_begin is_stmt 1 @ ../app/src/bsp_dwt.c:122:1
	add	sp, #12
	bx	lr
.Ltmp23:
.Lfunc_end8:
	.size	DWT_Delay, .Lfunc_end8-DWT_Delay
	.cfi_endproc
	.cantunwind
	.fnend
                                        @ -- End function
	.type	CPU_FREQ_Hz,%object             @ @CPU_FREQ_Hz
	.section	.bss.CPU_FREQ_Hz,"aw",%nobits
	.p2align	2, 0x0
CPU_FREQ_Hz:
	.long	0                               @ 0x0
	.size	CPU_FREQ_Hz, 4

	.type	CPU_FREQ_Hz_ms,%object          @ @CPU_FREQ_Hz_ms
	.section	.bss.CPU_FREQ_Hz_ms,"aw",%nobits
	.p2align	2, 0x0
CPU_FREQ_Hz_ms:
	.long	0                               @ 0x0
	.size	CPU_FREQ_Hz_ms, 4

	.type	CPU_FREQ_Hz_us,%object          @ @CPU_FREQ_Hz_us
	.section	.bss.CPU_FREQ_Hz_us,"aw",%nobits
	.p2align	2, 0x0
CPU_FREQ_Hz_us:
	.long	0                               @ 0x0
	.size	CPU_FREQ_Hz_us, 4

	.type	CYCCNT_RountCount,%object       @ @CYCCNT_RountCount
	.section	.bss.CYCCNT_RountCount,"aw",%nobits
	.p2align	2, 0x0
CYCCNT_RountCount:
	.long	0                               @ 0x0
	.size	CYCCNT_RountCount, 4

	.type	DWT_SysTimeUpdate.CNT_TEMP1,%object @ @DWT_SysTimeUpdate.CNT_TEMP1
	.section	.bss.DWT_SysTimeUpdate.CNT_TEMP1,"aw",%nobits
	.p2align	3, 0x0
DWT_SysTimeUpdate.CNT_TEMP1:
	.long	0                               @ 0x0
	.long	0
	.size	DWT_SysTimeUpdate.CNT_TEMP1, 8

	.type	DWT_SysTimeUpdate.CNT_TEMP2,%object @ @DWT_SysTimeUpdate.CNT_TEMP2
	.section	.bss.DWT_SysTimeUpdate.CNT_TEMP2,"aw",%nobits
	.p2align	3, 0x0
DWT_SysTimeUpdate.CNT_TEMP2:
	.long	0                               @ 0x0
	.long	0
	.size	DWT_SysTimeUpdate.CNT_TEMP2, 8

	.type	DWT_SysTimeUpdate.CNT_TEMP3,%object @ @DWT_SysTimeUpdate.CNT_TEMP3
	.section	.bss.DWT_SysTimeUpdate.CNT_TEMP3,"aw",%nobits
	.p2align	3, 0x0
DWT_SysTimeUpdate.CNT_TEMP3:
	.long	0                               @ 0x0
	.long	0
	.size	DWT_SysTimeUpdate.CNT_TEMP3, 8

	.hidden	CYCCNT64                        @ @CYCCNT64
	.type	CYCCNT64,%object
	.section	.bss.CYCCNT64,"aw",%nobits
	.globl	CYCCNT64
	.p2align	3, 0x0
CYCCNT64:
	.long	0                               @ 0x0
	.long	0
	.size	CYCCNT64, 8

	.hidden	SysTime                         @ @SysTime
	.type	SysTime,%object
	.section	.bss.SysTime,"aw",%nobits
	.globl	SysTime
	.p2align	2, 0x0
SysTime:
	.zero	8
	.size	SysTime, 8

	.type	CYCCNT_LAST,%object             @ @CYCCNT_LAST
	.section	.bss.CYCCNT_LAST,"aw",%nobits
	.p2align	2, 0x0
CYCCNT_LAST:
	.long	0                               @ 0x0
	.size	CYCCNT_LAST, 4

	.section	.debug_abbrev,"",%progbits
	.byte	1                               @ Abbreviation Code
	.byte	17                              @ DW_TAG_compile_unit
	.byte	1                               @ DW_CHILDREN_yes
	.byte	37                              @ DW_AT_producer
	.byte	14                              @ DW_FORM_strp
	.byte	19                              @ DW_AT_language
	.byte	5                               @ DW_FORM_data2
	.byte	3                               @ DW_AT_name
	.byte	14                              @ DW_FORM_strp
	.byte	16                              @ DW_AT_stmt_list
	.byte	23                              @ DW_FORM_sec_offset
	.byte	27                              @ DW_AT_comp_dir
	.byte	14                              @ DW_FORM_strp
	.byte	17                              @ DW_AT_low_pc
	.byte	1                               @ DW_FORM_addr
	.byte	85                              @ DW_AT_ranges
	.byte	23                              @ DW_FORM_sec_offset
	.byte	0                               @ EOM(1)
	.byte	0                               @ EOM(2)
	.byte	2                               @ Abbreviation Code
	.byte	46                              @ DW_TAG_subprogram
	.byte	1                               @ DW_CHILDREN_yes
	.byte	17                              @ DW_AT_low_pc
	.byte	1                               @ DW_FORM_addr
	.byte	18                              @ DW_AT_high_pc
	.byte	6                               @ DW_FORM_data4
	.byte	64                              @ DW_AT_frame_base
	.byte	24                              @ DW_FORM_exprloc
	.byte	3                               @ DW_AT_name
	.byte	14                              @ DW_FORM_strp
	.byte	58                              @ DW_AT_decl_file
	.byte	11                              @ DW_FORM_data1
	.byte	59                              @ DW_AT_decl_line
	.byte	11                              @ DW_FORM_data1
	.byte	39                              @ DW_AT_prototyped
	.byte	25                              @ DW_FORM_flag_present
	.byte	63                              @ DW_AT_external
	.byte	25                              @ DW_FORM_flag_present
	.byte	0                               @ EOM(1)
	.byte	0                               @ EOM(2)
	.byte	3                               @ Abbreviation Code
	.byte	52                              @ DW_TAG_variable
	.byte	0                               @ DW_CHILDREN_no
	.byte	3                               @ DW_AT_name
	.byte	14                              @ DW_FORM_strp
	.byte	73                              @ DW_AT_type
	.byte	19                              @ DW_FORM_ref4
	.byte	58                              @ DW_AT_decl_file
	.byte	11                              @ DW_FORM_data1
	.byte	59                              @ DW_AT_decl_line
	.byte	11                              @ DW_FORM_data1
	.byte	2                               @ DW_AT_location
	.byte	24                              @ DW_FORM_exprloc
	.byte	0                               @ EOM(1)
	.byte	0                               @ EOM(2)
	.byte	4                               @ Abbreviation Code
	.byte	52                              @ DW_TAG_variable
	.byte	0                               @ DW_CHILDREN_no
	.byte	2                               @ DW_AT_location
	.byte	24                              @ DW_FORM_exprloc
	.byte	3                               @ DW_AT_name
	.byte	14                              @ DW_FORM_strp
	.byte	58                              @ DW_AT_decl_file
	.byte	11                              @ DW_FORM_data1
	.byte	59                              @ DW_AT_decl_line
	.byte	11                              @ DW_FORM_data1
	.byte	73                              @ DW_AT_type
	.byte	19                              @ DW_FORM_ref4
	.byte	0                               @ EOM(1)
	.byte	0                               @ EOM(2)
	.byte	5                               @ Abbreviation Code
	.byte	22                              @ DW_TAG_typedef
	.byte	0                               @ DW_CHILDREN_no
	.byte	73                              @ DW_AT_type
	.byte	19                              @ DW_FORM_ref4
	.byte	3                               @ DW_AT_name
	.byte	14                              @ DW_FORM_strp
	.byte	58                              @ DW_AT_decl_file
	.byte	11                              @ DW_FORM_data1
	.byte	59                              @ DW_AT_decl_line
	.byte	11                              @ DW_FORM_data1
	.byte	0                               @ EOM(1)
	.byte	0                               @ EOM(2)
	.byte	6                               @ Abbreviation Code
	.byte	36                              @ DW_TAG_base_type
	.byte	0                               @ DW_CHILDREN_no
	.byte	3                               @ DW_AT_name
	.byte	14                              @ DW_FORM_strp
	.byte	62                              @ DW_AT_encoding
	.byte	11                              @ DW_FORM_data1
	.byte	11                              @ DW_AT_byte_size
	.byte	11                              @ DW_FORM_data1
	.byte	0                               @ EOM(1)
	.byte	0                               @ EOM(2)
	.byte	7                               @ Abbreviation Code
	.byte	52                              @ DW_TAG_variable
	.byte	0                               @ DW_CHILDREN_no
	.byte	3                               @ DW_AT_name
	.byte	14                              @ DW_FORM_strp
	.byte	73                              @ DW_AT_type
	.byte	19                              @ DW_FORM_ref4
	.byte	63                              @ DW_AT_external
	.byte	25                              @ DW_FORM_flag_present
	.byte	58                              @ DW_AT_decl_file
	.byte	11                              @ DW_FORM_data1
	.byte	59                              @ DW_AT_decl_line
	.byte	11                              @ DW_FORM_data1
	.byte	2                               @ DW_AT_location
	.byte	24                              @ DW_FORM_exprloc
	.byte	0                               @ EOM(1)
	.byte	0                               @ EOM(2)
	.byte	8                               @ Abbreviation Code
	.byte	19                              @ DW_TAG_structure_type
	.byte	1                               @ DW_CHILDREN_yes
	.byte	11                              @ DW_AT_byte_size
	.byte	11                              @ DW_FORM_data1
	.byte	58                              @ DW_AT_decl_file
	.byte	11                              @ DW_FORM_data1
	.byte	59                              @ DW_AT_decl_line
	.byte	11                              @ DW_FORM_data1
	.byte	0                               @ EOM(1)
	.byte	0                               @ EOM(2)
	.byte	9                               @ Abbreviation Code
	.byte	13                              @ DW_TAG_member
	.byte	0                               @ DW_CHILDREN_no
	.byte	3                               @ DW_AT_name
	.byte	14                              @ DW_FORM_strp
	.byte	73                              @ DW_AT_type
	.byte	19                              @ DW_FORM_ref4
	.byte	58                              @ DW_AT_decl_file
	.byte	11                              @ DW_FORM_data1
	.byte	59                              @ DW_AT_decl_line
	.byte	11                              @ DW_FORM_data1
	.byte	56                              @ DW_AT_data_member_location
	.byte	11                              @ DW_FORM_data1
	.byte	0                               @ EOM(1)
	.byte	0                               @ EOM(2)
	.byte	10                              @ Abbreviation Code
	.byte	15                              @ DW_TAG_pointer_type
	.byte	0                               @ DW_CHILDREN_no
	.byte	73                              @ DW_AT_type
	.byte	19                              @ DW_FORM_ref4
	.byte	0                               @ EOM(1)
	.byte	0                               @ EOM(2)
	.byte	11                              @ Abbreviation Code
	.byte	22                              @ DW_TAG_typedef
	.byte	0                               @ DW_CHILDREN_no
	.byte	73                              @ DW_AT_type
	.byte	19                              @ DW_FORM_ref4
	.byte	3                               @ DW_AT_name
	.byte	14                              @ DW_FORM_strp
	.byte	58                              @ DW_AT_decl_file
	.byte	11                              @ DW_FORM_data1
	.byte	59                              @ DW_AT_decl_line
	.byte	5                               @ DW_FORM_data2
	.byte	0                               @ EOM(1)
	.byte	0                               @ EOM(2)
	.byte	12                              @ Abbreviation Code
	.byte	19                              @ DW_TAG_structure_type
	.byte	1                               @ DW_CHILDREN_yes
	.byte	11                              @ DW_AT_byte_size
	.byte	11                              @ DW_FORM_data1
	.byte	58                              @ DW_AT_decl_file
	.byte	11                              @ DW_FORM_data1
	.byte	59                              @ DW_AT_decl_line
	.byte	5                               @ DW_FORM_data2
	.byte	0                               @ EOM(1)
	.byte	0                               @ EOM(2)
	.byte	13                              @ Abbreviation Code
	.byte	13                              @ DW_TAG_member
	.byte	0                               @ DW_CHILDREN_no
	.byte	3                               @ DW_AT_name
	.byte	14                              @ DW_FORM_strp
	.byte	73                              @ DW_AT_type
	.byte	19                              @ DW_FORM_ref4
	.byte	58                              @ DW_AT_decl_file
	.byte	11                              @ DW_FORM_data1
	.byte	59                              @ DW_AT_decl_line
	.byte	5                               @ DW_FORM_data2
	.byte	56                              @ DW_AT_data_member_location
	.byte	11                              @ DW_FORM_data1
	.byte	0                               @ EOM(1)
	.byte	0                               @ EOM(2)
	.byte	14                              @ Abbreviation Code
	.byte	53                              @ DW_TAG_volatile_type
	.byte	0                               @ DW_CHILDREN_no
	.byte	73                              @ DW_AT_type
	.byte	19                              @ DW_FORM_ref4
	.byte	0                               @ EOM(1)
	.byte	0                               @ EOM(2)
	.byte	15                              @ Abbreviation Code
	.byte	19                              @ DW_TAG_structure_type
	.byte	1                               @ DW_CHILDREN_yes
	.byte	11                              @ DW_AT_byte_size
	.byte	5                               @ DW_FORM_data2
	.byte	58                              @ DW_AT_decl_file
	.byte	11                              @ DW_FORM_data1
	.byte	59                              @ DW_AT_decl_line
	.byte	5                               @ DW_FORM_data2
	.byte	0                               @ EOM(1)
	.byte	0                               @ EOM(2)
	.byte	16                              @ Abbreviation Code
	.byte	13                              @ DW_TAG_member
	.byte	0                               @ DW_CHILDREN_no
	.byte	3                               @ DW_AT_name
	.byte	14                              @ DW_FORM_strp
	.byte	73                              @ DW_AT_type
	.byte	19                              @ DW_FORM_ref4
	.byte	58                              @ DW_AT_decl_file
	.byte	11                              @ DW_FORM_data1
	.byte	59                              @ DW_AT_decl_line
	.byte	5                               @ DW_FORM_data2
	.byte	56                              @ DW_AT_data_member_location
	.byte	5                               @ DW_FORM_data2
	.byte	0                               @ EOM(1)
	.byte	0                               @ EOM(2)
	.byte	17                              @ Abbreviation Code
	.byte	38                              @ DW_TAG_const_type
	.byte	0                               @ DW_CHILDREN_no
	.byte	73                              @ DW_AT_type
	.byte	19                              @ DW_FORM_ref4
	.byte	0                               @ EOM(1)
	.byte	0                               @ EOM(2)
	.byte	18                              @ Abbreviation Code
	.byte	1                               @ DW_TAG_array_type
	.byte	1                               @ DW_CHILDREN_yes
	.byte	73                              @ DW_AT_type
	.byte	19                              @ DW_FORM_ref4
	.byte	0                               @ EOM(1)
	.byte	0                               @ EOM(2)
	.byte	19                              @ Abbreviation Code
	.byte	33                              @ DW_TAG_subrange_type
	.byte	0                               @ DW_CHILDREN_no
	.byte	73                              @ DW_AT_type
	.byte	19                              @ DW_FORM_ref4
	.byte	55                              @ DW_AT_count
	.byte	11                              @ DW_FORM_data1
	.byte	0                               @ EOM(1)
	.byte	0                               @ EOM(2)
	.byte	20                              @ Abbreviation Code
	.byte	36                              @ DW_TAG_base_type
	.byte	0                               @ DW_CHILDREN_no
	.byte	3                               @ DW_AT_name
	.byte	14                              @ DW_FORM_strp
	.byte	11                              @ DW_AT_byte_size
	.byte	11                              @ DW_FORM_data1
	.byte	62                              @ DW_AT_encoding
	.byte	11                              @ DW_FORM_data1
	.byte	0                               @ EOM(1)
	.byte	0                               @ EOM(2)
	.byte	21                              @ Abbreviation Code
	.byte	33                              @ DW_TAG_subrange_type
	.byte	0                               @ DW_CHILDREN_no
	.byte	73                              @ DW_AT_type
	.byte	19                              @ DW_FORM_ref4
	.byte	55                              @ DW_AT_count
	.byte	5                               @ DW_FORM_data2
	.byte	0                               @ EOM(1)
	.byte	0                               @ EOM(2)
	.byte	22                              @ Abbreviation Code
	.byte	5                               @ DW_TAG_formal_parameter
	.byte	0                               @ DW_CHILDREN_no
	.byte	2                               @ DW_AT_location
	.byte	24                              @ DW_FORM_exprloc
	.byte	3                               @ DW_AT_name
	.byte	14                              @ DW_FORM_strp
	.byte	58                              @ DW_AT_decl_file
	.byte	11                              @ DW_FORM_data1
	.byte	59                              @ DW_AT_decl_line
	.byte	11                              @ DW_FORM_data1
	.byte	73                              @ DW_AT_type
	.byte	19                              @ DW_FORM_ref4
	.byte	0                               @ EOM(1)
	.byte	0                               @ EOM(2)
	.byte	23                              @ Abbreviation Code
	.byte	46                              @ DW_TAG_subprogram
	.byte	1                               @ DW_CHILDREN_yes
	.byte	17                              @ DW_AT_low_pc
	.byte	1                               @ DW_FORM_addr
	.byte	18                              @ DW_AT_high_pc
	.byte	6                               @ DW_FORM_data4
	.byte	64                              @ DW_AT_frame_base
	.byte	24                              @ DW_FORM_exprloc
	.byte	3                               @ DW_AT_name
	.byte	14                              @ DW_FORM_strp
	.byte	58                              @ DW_AT_decl_file
	.byte	11                              @ DW_FORM_data1
	.byte	59                              @ DW_AT_decl_line
	.byte	11                              @ DW_FORM_data1
	.byte	39                              @ DW_AT_prototyped
	.byte	25                              @ DW_FORM_flag_present
	.byte	73                              @ DW_AT_type
	.byte	19                              @ DW_FORM_ref4
	.byte	63                              @ DW_AT_external
	.byte	25                              @ DW_FORM_flag_present
	.byte	0                               @ EOM(1)
	.byte	0                               @ EOM(2)
	.byte	24                              @ Abbreviation Code
	.byte	46                              @ DW_TAG_subprogram
	.byte	1                               @ DW_CHILDREN_yes
	.byte	17                              @ DW_AT_low_pc
	.byte	1                               @ DW_FORM_addr
	.byte	18                              @ DW_AT_high_pc
	.byte	6                               @ DW_FORM_data4
	.byte	64                              @ DW_AT_frame_base
	.byte	24                              @ DW_FORM_exprloc
	.byte	3                               @ DW_AT_name
	.byte	14                              @ DW_FORM_strp
	.byte	58                              @ DW_AT_decl_file
	.byte	11                              @ DW_FORM_data1
	.byte	59                              @ DW_AT_decl_line
	.byte	11                              @ DW_FORM_data1
	.byte	39                              @ DW_AT_prototyped
	.byte	25                              @ DW_FORM_flag_present
	.byte	0                               @ EOM(1)
	.byte	0                               @ EOM(2)
	.byte	0                               @ EOM(3)
	.section	.debug_info,"",%progbits
.Lcu_begin0:
	.long	.Ldebug_info_end0-.Ldebug_info_start0 @ Length of Unit
.Ldebug_info_start0:
	.short	4                               @ DWARF version number
	.long	.debug_abbrev                   @ Offset Into Abbrev. Section
	.byte	4                               @ Address Size (in bytes)
	.byte	1                               @ Abbrev [1] 0xb:0x4ac DW_TAG_compile_unit
	.long	.Linfo_string0                  @ DW_AT_producer
	.short	12                              @ DW_AT_language
	.long	.Linfo_string1                  @ DW_AT_name
	.long	.Lline_table_start0             @ DW_AT_stmt_list
	.long	.Linfo_string2                  @ DW_AT_comp_dir
	.long	0                               @ DW_AT_low_pc
	.long	.Ldebug_ranges0                 @ DW_AT_ranges
	.byte	2                               @ Abbrev [2] 0x26:0x53 DW_TAG_subprogram
	.long	.Lfunc_begin4                   @ DW_AT_low_pc
	.long	.Lfunc_end4-.Lfunc_begin4       @ DW_AT_high_pc
	.byte	1                               @ DW_AT_frame_base
	.byte	93
	.long	.Linfo_string62                 @ DW_AT_name
	.byte	2                               @ DW_AT_decl_file
	.byte	61                              @ DW_AT_decl_line
                                        @ DW_AT_prototyped
                                        @ DW_AT_external
	.byte	3                               @ Abbrev [3] 0x37:0x11 DW_TAG_variable
	.long	.Linfo_string3                  @ DW_AT_name
	.long	121                             @ DW_AT_type
	.byte	2                               @ DW_AT_decl_file
	.byte	64                              @ DW_AT_decl_line
	.byte	5                               @ DW_AT_location
	.byte	3
	.long	DWT_SysTimeUpdate.CNT_TEMP1
	.byte	3                               @ Abbrev [3] 0x48:0x11 DW_TAG_variable
	.long	.Linfo_string6                  @ DW_AT_name
	.long	121                             @ DW_AT_type
	.byte	2                               @ DW_AT_decl_file
	.byte	64                              @ DW_AT_decl_line
	.byte	5                               @ DW_AT_location
	.byte	3
	.long	DWT_SysTimeUpdate.CNT_TEMP2
	.byte	3                               @ Abbrev [3] 0x59:0x11 DW_TAG_variable
	.long	.Linfo_string7                  @ DW_AT_name
	.long	121                             @ DW_AT_type
	.byte	2                               @ DW_AT_decl_file
	.byte	64                              @ DW_AT_decl_line
	.byte	5                               @ DW_AT_location
	.byte	3
	.long	DWT_SysTimeUpdate.CNT_TEMP3
	.byte	4                               @ Abbrev [4] 0x6a:0xe DW_TAG_variable
	.byte	2                               @ DW_AT_location
	.byte	145
	.byte	20
	.long	.Linfo_string69                 @ DW_AT_name
	.byte	2                               @ DW_AT_decl_file
	.byte	63                              @ DW_AT_decl_line
	.long	421                             @ DW_AT_type
	.byte	0                               @ End Of Children Mark
	.byte	5                               @ Abbrev [5] 0x79:0xb DW_TAG_typedef
	.long	132                             @ DW_AT_type
	.long	.Linfo_string5                  @ DW_AT_name
	.byte	1                               @ DW_AT_decl_file
	.byte	65                              @ DW_AT_decl_line
	.byte	6                               @ Abbrev [6] 0x84:0x7 DW_TAG_base_type
	.long	.Linfo_string4                  @ DW_AT_name
	.byte	7                               @ DW_AT_encoding
	.byte	8                               @ DW_AT_byte_size
	.byte	7                               @ Abbrev [7] 0x8b:0x11 DW_TAG_variable
	.long	.Linfo_string8                  @ DW_AT_name
	.long	156                             @ DW_AT_type
                                        @ DW_AT_external
	.byte	2                               @ DW_AT_decl_file
	.byte	15                              @ DW_AT_decl_line
	.byte	5                               @ DW_AT_location
	.byte	3
	.long	SysTime
	.byte	5                               @ Abbrev [5] 0x9c:0xb DW_TAG_typedef
	.long	167                             @ DW_AT_type
	.long	.Linfo_string16                 @ DW_AT_name
	.byte	3                               @ DW_AT_decl_file
	.byte	24                              @ DW_AT_decl_line
	.byte	8                               @ Abbrev [8] 0xa7:0x29 DW_TAG_structure_type
	.byte	8                               @ DW_AT_byte_size
	.byte	3                               @ DW_AT_decl_file
	.byte	19                              @ DW_AT_decl_line
	.byte	9                               @ Abbrev [9] 0xab:0xc DW_TAG_member
	.long	.Linfo_string9                  @ DW_AT_name
	.long	208                             @ DW_AT_type
	.byte	3                               @ DW_AT_decl_file
	.byte	21                              @ DW_AT_decl_line
	.byte	0                               @ DW_AT_data_member_location
	.byte	9                               @ Abbrev [9] 0xb7:0xc DW_TAG_member
	.long	.Linfo_string12                 @ DW_AT_name
	.long	226                             @ DW_AT_type
	.byte	3                               @ DW_AT_decl_file
	.byte	22                              @ DW_AT_decl_line
	.byte	4                               @ DW_AT_data_member_location
	.byte	9                               @ Abbrev [9] 0xc3:0xc DW_TAG_member
	.long	.Linfo_string15                 @ DW_AT_name
	.long	226                             @ DW_AT_type
	.byte	3                               @ DW_AT_decl_file
	.byte	23                              @ DW_AT_decl_line
	.byte	6                               @ DW_AT_data_member_location
	.byte	0                               @ End Of Children Mark
	.byte	5                               @ Abbrev [5] 0xd0:0xb DW_TAG_typedef
	.long	219                             @ DW_AT_type
	.long	.Linfo_string11                 @ DW_AT_name
	.byte	1                               @ DW_AT_decl_file
	.byte	64                              @ DW_AT_decl_line
	.byte	6                               @ Abbrev [6] 0xdb:0x7 DW_TAG_base_type
	.long	.Linfo_string10                 @ DW_AT_name
	.byte	7                               @ DW_AT_encoding
	.byte	4                               @ DW_AT_byte_size
	.byte	5                               @ Abbrev [5] 0xe2:0xb DW_TAG_typedef
	.long	237                             @ DW_AT_type
	.long	.Linfo_string14                 @ DW_AT_name
	.byte	1                               @ DW_AT_decl_file
	.byte	63                              @ DW_AT_decl_line
	.byte	6                               @ Abbrev [6] 0xed:0x7 DW_TAG_base_type
	.long	.Linfo_string13                 @ DW_AT_name
	.byte	7                               @ DW_AT_encoding
	.byte	2                               @ DW_AT_byte_size
	.byte	3                               @ Abbrev [3] 0xf4:0x11 DW_TAG_variable
	.long	.Linfo_string17                 @ DW_AT_name
	.long	208                             @ DW_AT_type
	.byte	2                               @ DW_AT_decl_file
	.byte	16                              @ DW_AT_decl_line
	.byte	5                               @ DW_AT_location
	.byte	3
	.long	CPU_FREQ_Hz
	.byte	3                               @ Abbrev [3] 0x105:0x11 DW_TAG_variable
	.long	.Linfo_string18                 @ DW_AT_name
	.long	208                             @ DW_AT_type
	.byte	2                               @ DW_AT_decl_file
	.byte	16                              @ DW_AT_decl_line
	.byte	5                               @ DW_AT_location
	.byte	3
	.long	CPU_FREQ_Hz_ms
	.byte	3                               @ Abbrev [3] 0x116:0x11 DW_TAG_variable
	.long	.Linfo_string19                 @ DW_AT_name
	.long	208                             @ DW_AT_type
	.byte	2                               @ DW_AT_decl_file
	.byte	16                              @ DW_AT_decl_line
	.byte	5                               @ DW_AT_location
	.byte	3
	.long	CPU_FREQ_Hz_us
	.byte	3                               @ Abbrev [3] 0x127:0x11 DW_TAG_variable
	.long	.Linfo_string20                 @ DW_AT_name
	.long	208                             @ DW_AT_type
	.byte	2                               @ DW_AT_decl_file
	.byte	17                              @ DW_AT_decl_line
	.byte	5                               @ DW_AT_location
	.byte	3
	.long	CYCCNT_RountCount
	.byte	7                               @ Abbrev [7] 0x138:0x11 DW_TAG_variable
	.long	.Linfo_string21                 @ DW_AT_name
	.long	121                             @ DW_AT_type
                                        @ DW_AT_external
	.byte	2                               @ DW_AT_decl_file
	.byte	19                              @ DW_AT_decl_line
	.byte	5                               @ DW_AT_location
	.byte	3
	.long	CYCCNT64
	.byte	3                               @ Abbrev [3] 0x149:0x11 DW_TAG_variable
	.long	.Linfo_string22                 @ DW_AT_name
	.long	208                             @ DW_AT_type
	.byte	2                               @ DW_AT_decl_file
	.byte	18                              @ DW_AT_decl_line
	.byte	5                               @ DW_AT_location
	.byte	3
	.long	CYCCNT_LAST
	.byte	10                              @ Abbrev [10] 0x15a:0x5 DW_TAG_pointer_type
	.long	351                             @ DW_AT_type
	.byte	11                              @ Abbrev [11] 0x15f:0xc DW_TAG_typedef
	.long	363                             @ DW_AT_type
	.long	.Linfo_string27                 @ DW_AT_name
	.byte	4                               @ DW_AT_decl_file
	.short	1654                            @ DW_AT_decl_line
	.byte	12                              @ Abbrev [12] 0x16b:0x3a DW_TAG_structure_type
	.byte	16                              @ DW_AT_byte_size
	.byte	4                               @ DW_AT_decl_file
	.short	1648                            @ DW_AT_decl_line
	.byte	13                              @ Abbrev [13] 0x170:0xd DW_TAG_member
	.long	.Linfo_string23                 @ DW_AT_name
	.long	421                             @ DW_AT_type
	.byte	4                               @ DW_AT_decl_file
	.short	1650                            @ DW_AT_decl_line
	.byte	0                               @ DW_AT_data_member_location
	.byte	13                              @ Abbrev [13] 0x17d:0xd DW_TAG_member
	.long	.Linfo_string24                 @ DW_AT_name
	.long	421                             @ DW_AT_type
	.byte	4                               @ DW_AT_decl_file
	.short	1651                            @ DW_AT_decl_line
	.byte	4                               @ DW_AT_data_member_location
	.byte	13                              @ Abbrev [13] 0x18a:0xd DW_TAG_member
	.long	.Linfo_string25                 @ DW_AT_name
	.long	421                             @ DW_AT_type
	.byte	4                               @ DW_AT_decl_file
	.short	1652                            @ DW_AT_decl_line
	.byte	8                               @ DW_AT_data_member_location
	.byte	13                              @ Abbrev [13] 0x197:0xd DW_TAG_member
	.long	.Linfo_string26                 @ DW_AT_name
	.long	421                             @ DW_AT_type
	.byte	4                               @ DW_AT_decl_file
	.short	1653                            @ DW_AT_decl_line
	.byte	12                              @ DW_AT_data_member_location
	.byte	0                               @ End Of Children Mark
	.byte	14                              @ Abbrev [14] 0x1a5:0x5 DW_TAG_volatile_type
	.long	208                             @ DW_AT_type
	.byte	10                              @ Abbrev [10] 0x1aa:0x5 DW_TAG_pointer_type
	.long	431                             @ DW_AT_type
	.byte	11                              @ Abbrev [11] 0x1af:0xc DW_TAG_typedef
	.long	443                             @ DW_AT_type
	.long	.Linfo_string55                 @ DW_AT_name
	.byte	4                               @ DW_AT_decl_file
	.short	1156                            @ DW_AT_decl_line
	.byte	15                              @ Abbrev [15] 0x1bb:0x15b DW_TAG_structure_type
	.short	4024                            @ DW_AT_byte_size
	.byte	4                               @ DW_AT_decl_file
	.short	1128                            @ DW_AT_decl_line
	.byte	13                              @ Abbrev [13] 0x1c1:0xd DW_TAG_member
	.long	.Linfo_string28                 @ DW_AT_name
	.long	421                             @ DW_AT_type
	.byte	4                               @ DW_AT_decl_file
	.short	1130                            @ DW_AT_decl_line
	.byte	0                               @ DW_AT_data_member_location
	.byte	13                              @ Abbrev [13] 0x1ce:0xd DW_TAG_member
	.long	.Linfo_string29                 @ DW_AT_name
	.long	421                             @ DW_AT_type
	.byte	4                               @ DW_AT_decl_file
	.short	1131                            @ DW_AT_decl_line
	.byte	4                               @ DW_AT_data_member_location
	.byte	13                              @ Abbrev [13] 0x1db:0xd DW_TAG_member
	.long	.Linfo_string30                 @ DW_AT_name
	.long	421                             @ DW_AT_type
	.byte	4                               @ DW_AT_decl_file
	.short	1132                            @ DW_AT_decl_line
	.byte	8                               @ DW_AT_data_member_location
	.byte	13                              @ Abbrev [13] 0x1e8:0xd DW_TAG_member
	.long	.Linfo_string31                 @ DW_AT_name
	.long	421                             @ DW_AT_type
	.byte	4                               @ DW_AT_decl_file
	.short	1133                            @ DW_AT_decl_line
	.byte	12                              @ DW_AT_data_member_location
	.byte	13                              @ Abbrev [13] 0x1f5:0xd DW_TAG_member
	.long	.Linfo_string32                 @ DW_AT_name
	.long	421                             @ DW_AT_type
	.byte	4                               @ DW_AT_decl_file
	.short	1134                            @ DW_AT_decl_line
	.byte	16                              @ DW_AT_data_member_location
	.byte	13                              @ Abbrev [13] 0x202:0xd DW_TAG_member
	.long	.Linfo_string33                 @ DW_AT_name
	.long	421                             @ DW_AT_type
	.byte	4                               @ DW_AT_decl_file
	.short	1135                            @ DW_AT_decl_line
	.byte	20                              @ DW_AT_data_member_location
	.byte	13                              @ Abbrev [13] 0x20f:0xd DW_TAG_member
	.long	.Linfo_string34                 @ DW_AT_name
	.long	421                             @ DW_AT_type
	.byte	4                               @ DW_AT_decl_file
	.short	1136                            @ DW_AT_decl_line
	.byte	24                              @ DW_AT_data_member_location
	.byte	13                              @ Abbrev [13] 0x21c:0xd DW_TAG_member
	.long	.Linfo_string35                 @ DW_AT_name
	.long	790                             @ DW_AT_type
	.byte	4                               @ DW_AT_decl_file
	.short	1137                            @ DW_AT_decl_line
	.byte	28                              @ DW_AT_data_member_location
	.byte	13                              @ Abbrev [13] 0x229:0xd DW_TAG_member
	.long	.Linfo_string36                 @ DW_AT_name
	.long	421                             @ DW_AT_type
	.byte	4                               @ DW_AT_decl_file
	.short	1138                            @ DW_AT_decl_line
	.byte	32                              @ DW_AT_data_member_location
	.byte	13                              @ Abbrev [13] 0x236:0xd DW_TAG_member
	.long	.Linfo_string37                 @ DW_AT_name
	.long	421                             @ DW_AT_type
	.byte	4                               @ DW_AT_decl_file
	.short	1139                            @ DW_AT_decl_line
	.byte	36                              @ DW_AT_data_member_location
	.byte	13                              @ Abbrev [13] 0x243:0xd DW_TAG_member
	.long	.Linfo_string38                 @ DW_AT_name
	.long	421                             @ DW_AT_type
	.byte	4                               @ DW_AT_decl_file
	.short	1140                            @ DW_AT_decl_line
	.byte	40                              @ DW_AT_data_member_location
	.byte	13                              @ Abbrev [13] 0x250:0xd DW_TAG_member
	.long	.Linfo_string39                 @ DW_AT_name
	.long	795                             @ DW_AT_type
	.byte	4                               @ DW_AT_decl_file
	.short	1141                            @ DW_AT_decl_line
	.byte	44                              @ DW_AT_data_member_location
	.byte	13                              @ Abbrev [13] 0x25d:0xd DW_TAG_member
	.long	.Linfo_string41                 @ DW_AT_name
	.long	421                             @ DW_AT_type
	.byte	4                               @ DW_AT_decl_file
	.short	1142                            @ DW_AT_decl_line
	.byte	48                              @ DW_AT_data_member_location
	.byte	13                              @ Abbrev [13] 0x26a:0xd DW_TAG_member
	.long	.Linfo_string42                 @ DW_AT_name
	.long	421                             @ DW_AT_type
	.byte	4                               @ DW_AT_decl_file
	.short	1143                            @ DW_AT_decl_line
	.byte	52                              @ DW_AT_data_member_location
	.byte	13                              @ Abbrev [13] 0x277:0xd DW_TAG_member
	.long	.Linfo_string43                 @ DW_AT_name
	.long	421                             @ DW_AT_type
	.byte	4                               @ DW_AT_decl_file
	.short	1144                            @ DW_AT_decl_line
	.byte	56                              @ DW_AT_data_member_location
	.byte	13                              @ Abbrev [13] 0x284:0xd DW_TAG_member
	.long	.Linfo_string44                 @ DW_AT_name
	.long	795                             @ DW_AT_type
	.byte	4                               @ DW_AT_decl_file
	.short	1145                            @ DW_AT_decl_line
	.byte	60                              @ DW_AT_data_member_location
	.byte	13                              @ Abbrev [13] 0x291:0xd DW_TAG_member
	.long	.Linfo_string45                 @ DW_AT_name
	.long	421                             @ DW_AT_type
	.byte	4                               @ DW_AT_decl_file
	.short	1146                            @ DW_AT_decl_line
	.byte	64                              @ DW_AT_data_member_location
	.byte	13                              @ Abbrev [13] 0x29e:0xd DW_TAG_member
	.long	.Linfo_string46                 @ DW_AT_name
	.long	421                             @ DW_AT_type
	.byte	4                               @ DW_AT_decl_file
	.short	1147                            @ DW_AT_decl_line
	.byte	68                              @ DW_AT_data_member_location
	.byte	13                              @ Abbrev [13] 0x2ab:0xd DW_TAG_member
	.long	.Linfo_string47                 @ DW_AT_name
	.long	421                             @ DW_AT_type
	.byte	4                               @ DW_AT_decl_file
	.short	1148                            @ DW_AT_decl_line
	.byte	72                              @ DW_AT_data_member_location
	.byte	13                              @ Abbrev [13] 0x2b8:0xd DW_TAG_member
	.long	.Linfo_string48                 @ DW_AT_name
	.long	795                             @ DW_AT_type
	.byte	4                               @ DW_AT_decl_file
	.short	1149                            @ DW_AT_decl_line
	.byte	76                              @ DW_AT_data_member_location
	.byte	13                              @ Abbrev [13] 0x2c5:0xd DW_TAG_member
	.long	.Linfo_string49                 @ DW_AT_name
	.long	421                             @ DW_AT_type
	.byte	4                               @ DW_AT_decl_file
	.short	1150                            @ DW_AT_decl_line
	.byte	80                              @ DW_AT_data_member_location
	.byte	13                              @ Abbrev [13] 0x2d2:0xd DW_TAG_member
	.long	.Linfo_string50                 @ DW_AT_name
	.long	421                             @ DW_AT_type
	.byte	4                               @ DW_AT_decl_file
	.short	1151                            @ DW_AT_decl_line
	.byte	84                              @ DW_AT_data_member_location
	.byte	13                              @ Abbrev [13] 0x2df:0xd DW_TAG_member
	.long	.Linfo_string51                 @ DW_AT_name
	.long	421                             @ DW_AT_type
	.byte	4                               @ DW_AT_decl_file
	.short	1152                            @ DW_AT_decl_line
	.byte	88                              @ DW_AT_data_member_location
	.byte	13                              @ Abbrev [13] 0x2ec:0xd DW_TAG_member
	.long	.Linfo_string52                 @ DW_AT_name
	.long	814                             @ DW_AT_type
	.byte	4                               @ DW_AT_decl_file
	.short	1153                            @ DW_AT_decl_line
	.byte	92                              @ DW_AT_data_member_location
	.byte	16                              @ Abbrev [16] 0x2f9:0xe DW_TAG_member
	.long	.Linfo_string53                 @ DW_AT_name
	.long	421                             @ DW_AT_type
	.byte	4                               @ DW_AT_decl_file
	.short	1154                            @ DW_AT_decl_line
	.short	4016                            @ DW_AT_data_member_location
	.byte	16                              @ Abbrev [16] 0x307:0xe DW_TAG_member
	.long	.Linfo_string54                 @ DW_AT_name
	.long	790                             @ DW_AT_type
	.byte	4                               @ DW_AT_decl_file
	.short	1155                            @ DW_AT_decl_line
	.short	4020                            @ DW_AT_data_member_location
	.byte	0                               @ End Of Children Mark
	.byte	17                              @ Abbrev [17] 0x316:0x5 DW_TAG_const_type
	.long	421                             @ DW_AT_type
	.byte	18                              @ Abbrev [18] 0x31b:0xc DW_TAG_array_type
	.long	208                             @ DW_AT_type
	.byte	19                              @ Abbrev [19] 0x320:0x6 DW_TAG_subrange_type
	.long	807                             @ DW_AT_type
	.byte	1                               @ DW_AT_count
	.byte	0                               @ End Of Children Mark
	.byte	20                              @ Abbrev [20] 0x327:0x7 DW_TAG_base_type
	.long	.Linfo_string40                 @ DW_AT_name
	.byte	8                               @ DW_AT_byte_size
	.byte	7                               @ DW_AT_encoding
	.byte	18                              @ Abbrev [18] 0x32e:0xd DW_TAG_array_type
	.long	208                             @ DW_AT_type
	.byte	21                              @ Abbrev [21] 0x333:0x7 DW_TAG_subrange_type
	.long	807                             @ DW_AT_type
	.short	981                             @ DW_AT_count
	.byte	0                               @ End Of Children Mark
	.byte	6                               @ Abbrev [6] 0x33b:0x7 DW_TAG_base_type
	.long	.Linfo_string56                 @ DW_AT_name
	.byte	4                               @ DW_AT_encoding
	.byte	4                               @ DW_AT_byte_size
	.byte	6                               @ Abbrev [6] 0x342:0x7 DW_TAG_base_type
	.long	.Linfo_string57                 @ DW_AT_name
	.byte	4                               @ DW_AT_encoding
	.byte	8                               @ DW_AT_byte_size
	.byte	2                               @ Abbrev [2] 0x349:0x20 DW_TAG_subprogram
	.long	.Lfunc_begin0                   @ DW_AT_low_pc
	.long	.Lfunc_end0-.Lfunc_begin0       @ DW_AT_high_pc
	.byte	1                               @ DW_AT_frame_base
	.byte	93
	.long	.Linfo_string58                 @ DW_AT_name
	.byte	2                               @ DW_AT_decl_file
	.byte	22                              @ DW_AT_decl_line
                                        @ DW_AT_prototyped
                                        @ DW_AT_external
	.byte	22                              @ Abbrev [22] 0x35a:0xe DW_TAG_formal_parameter
	.byte	2                               @ DW_AT_location
	.byte	145
	.byte	0
	.long	.Linfo_string67                 @ DW_AT_name
	.byte	2                               @ DW_AT_decl_file
	.byte	22                              @ DW_AT_decl_line
	.long	208                             @ DW_AT_type
	.byte	0                               @ End Of Children Mark
	.byte	23                              @ Abbrev [23] 0x369:0x40 DW_TAG_subprogram
	.long	.Lfunc_begin1                   @ DW_AT_low_pc
	.long	.Lfunc_end1-.Lfunc_begin1       @ DW_AT_high_pc
	.byte	1                               @ DW_AT_frame_base
	.byte	93
	.long	.Linfo_string59                 @ DW_AT_name
	.byte	2                               @ DW_AT_decl_file
	.byte	39                              @ DW_AT_decl_line
                                        @ DW_AT_prototyped
	.long	827                             @ DW_AT_type
                                        @ DW_AT_external
	.byte	22                              @ Abbrev [22] 0x37e:0xe DW_TAG_formal_parameter
	.byte	2                               @ DW_AT_location
	.byte	145
	.byte	12
	.long	.Linfo_string68                 @ DW_AT_name
	.byte	2                               @ DW_AT_decl_file
	.byte	39                              @ DW_AT_decl_line
	.long	1201                            @ DW_AT_type
	.byte	4                               @ Abbrev [4] 0x38c:0xe DW_TAG_variable
	.byte	2                               @ DW_AT_location
	.byte	145
	.byte	8
	.long	.Linfo_string69                 @ DW_AT_name
	.byte	2                               @ DW_AT_decl_file
	.byte	41                              @ DW_AT_decl_line
	.long	421                             @ DW_AT_type
	.byte	4                               @ Abbrev [4] 0x39a:0xe DW_TAG_variable
	.byte	2                               @ DW_AT_location
	.byte	145
	.byte	4
	.long	.Linfo_string70                 @ DW_AT_name
	.byte	2                               @ DW_AT_decl_file
	.byte	42                              @ DW_AT_decl_line
	.long	827                             @ DW_AT_type
	.byte	0                               @ End Of Children Mark
	.byte	24                              @ Abbrev [24] 0x3a9:0x20 DW_TAG_subprogram
	.long	.Lfunc_begin2                   @ DW_AT_low_pc
	.long	.Lfunc_end2-.Lfunc_begin2       @ DW_AT_high_pc
	.byte	1                               @ DW_AT_frame_base
	.byte	93
	.long	.Linfo_string60                 @ DW_AT_name
	.byte	2                               @ DW_AT_decl_file
	.byte	104                             @ DW_AT_decl_line
                                        @ DW_AT_prototyped
	.byte	4                               @ Abbrev [4] 0x3ba:0xe DW_TAG_variable
	.byte	2                               @ DW_AT_location
	.byte	145
	.byte	0
	.long	.Linfo_string69                 @ DW_AT_name
	.byte	2                               @ DW_AT_decl_file
	.byte	106                             @ DW_AT_decl_line
	.long	421                             @ DW_AT_type
	.byte	0                               @ End Of Children Mark
	.byte	23                              @ Abbrev [23] 0x3c9:0x40 DW_TAG_subprogram
	.long	.Lfunc_begin3                   @ DW_AT_low_pc
	.long	.Lfunc_end3-.Lfunc_begin3       @ DW_AT_high_pc
	.byte	1                               @ DW_AT_frame_base
	.byte	93
	.long	.Linfo_string61                 @ DW_AT_name
	.byte	2                               @ DW_AT_decl_file
	.byte	50                              @ DW_AT_decl_line
                                        @ DW_AT_prototyped
	.long	834                             @ DW_AT_type
                                        @ DW_AT_external
	.byte	22                              @ Abbrev [22] 0x3de:0xe DW_TAG_formal_parameter
	.byte	2                               @ DW_AT_location
	.byte	145
	.byte	12
	.long	.Linfo_string68                 @ DW_AT_name
	.byte	2                               @ DW_AT_decl_file
	.byte	50                              @ DW_AT_decl_line
	.long	1201                            @ DW_AT_type
	.byte	4                               @ Abbrev [4] 0x3ec:0xe DW_TAG_variable
	.byte	2                               @ DW_AT_location
	.byte	145
	.byte	8
	.long	.Linfo_string69                 @ DW_AT_name
	.byte	2                               @ DW_AT_decl_file
	.byte	52                              @ DW_AT_decl_line
	.long	421                             @ DW_AT_type
	.byte	4                               @ Abbrev [4] 0x3fa:0xe DW_TAG_variable
	.byte	2                               @ DW_AT_location
	.byte	145
	.byte	0
	.long	.Linfo_string70                 @ DW_AT_name
	.byte	2                               @ DW_AT_decl_file
	.byte	53                              @ DW_AT_decl_line
	.long	834                             @ DW_AT_type
	.byte	0                               @ End Of Children Mark
	.byte	23                              @ Abbrev [23] 0x409:0x24 DW_TAG_subprogram
	.long	.Lfunc_begin5                   @ DW_AT_low_pc
	.long	.Lfunc_end5-.Lfunc_begin5       @ DW_AT_high_pc
	.byte	1                               @ DW_AT_frame_base
	.byte	93
	.long	.Linfo_string63                 @ DW_AT_name
	.byte	2                               @ DW_AT_decl_file
	.byte	77                              @ DW_AT_decl_line
                                        @ DW_AT_prototyped
	.long	827                             @ DW_AT_type
                                        @ DW_AT_external
	.byte	4                               @ Abbrev [4] 0x41e:0xe DW_TAG_variable
	.byte	2                               @ DW_AT_location
	.byte	145
	.byte	4
	.long	.Linfo_string71                 @ DW_AT_name
	.byte	2                               @ DW_AT_decl_file
	.byte	81                              @ DW_AT_decl_line
	.long	827                             @ DW_AT_type
	.byte	0                               @ End Of Children Mark
	.byte	23                              @ Abbrev [23] 0x42d:0x24 DW_TAG_subprogram
	.long	.Lfunc_begin6                   @ DW_AT_low_pc
	.long	.Lfunc_end6-.Lfunc_begin6       @ DW_AT_high_pc
	.byte	1                               @ DW_AT_frame_base
	.byte	93
	.long	.Linfo_string64                 @ DW_AT_name
	.byte	2                               @ DW_AT_decl_file
	.byte	86                              @ DW_AT_decl_line
                                        @ DW_AT_prototyped
	.long	827                             @ DW_AT_type
                                        @ DW_AT_external
	.byte	4                               @ Abbrev [4] 0x442:0xe DW_TAG_variable
	.byte	2                               @ DW_AT_location
	.byte	145
	.byte	4
	.long	.Linfo_string71                 @ DW_AT_name
	.byte	2                               @ DW_AT_decl_file
	.byte	90                              @ DW_AT_decl_line
	.long	827                             @ DW_AT_type
	.byte	0                               @ End Of Children Mark
	.byte	23                              @ Abbrev [23] 0x451:0x24 DW_TAG_subprogram
	.long	.Lfunc_begin7                   @ DW_AT_low_pc
	.long	.Lfunc_end7-.Lfunc_begin7       @ DW_AT_high_pc
	.byte	1                               @ DW_AT_frame_base
	.byte	93
	.long	.Linfo_string65                 @ DW_AT_name
	.byte	2                               @ DW_AT_decl_file
	.byte	95                              @ DW_AT_decl_line
                                        @ DW_AT_prototyped
	.long	121                             @ DW_AT_type
                                        @ DW_AT_external
	.byte	4                               @ Abbrev [4] 0x466:0xe DW_TAG_variable
	.byte	2                               @ DW_AT_location
	.byte	145
	.byte	0
	.long	.Linfo_string71                 @ DW_AT_name
	.byte	2                               @ DW_AT_decl_file
	.byte	99                              @ DW_AT_decl_line
	.long	121                             @ DW_AT_type
	.byte	0                               @ End Of Children Mark
	.byte	2                               @ Abbrev [2] 0x475:0x3c DW_TAG_subprogram
	.long	.Lfunc_begin8                   @ DW_AT_low_pc
	.long	.Lfunc_end8-.Lfunc_begin8       @ DW_AT_high_pc
	.byte	1                               @ DW_AT_frame_base
	.byte	93
	.long	.Linfo_string66                 @ DW_AT_name
	.byte	2                               @ DW_AT_decl_file
	.byte	114                             @ DW_AT_decl_line
                                        @ DW_AT_prototyped
                                        @ DW_AT_external
	.byte	22                              @ Abbrev [22] 0x486:0xe DW_TAG_formal_parameter
	.byte	2                               @ DW_AT_location
	.byte	145
	.byte	8
	.long	.Linfo_string72                 @ DW_AT_name
	.byte	2                               @ DW_AT_decl_file
	.byte	114                             @ DW_AT_decl_line
	.long	827                             @ DW_AT_type
	.byte	4                               @ Abbrev [4] 0x494:0xe DW_TAG_variable
	.byte	2                               @ DW_AT_location
	.byte	145
	.byte	4
	.long	.Linfo_string73                 @ DW_AT_name
	.byte	2                               @ DW_AT_decl_file
	.byte	116                             @ DW_AT_decl_line
	.long	208                             @ DW_AT_type
	.byte	4                               @ Abbrev [4] 0x4a2:0xe DW_TAG_variable
	.byte	2                               @ DW_AT_location
	.byte	145
	.byte	0
	.long	.Linfo_string74                 @ DW_AT_name
	.byte	2                               @ DW_AT_decl_file
	.byte	117                             @ DW_AT_decl_line
	.long	827                             @ DW_AT_type
	.byte	0                               @ End Of Children Mark
	.byte	10                              @ Abbrev [10] 0x4b1:0x5 DW_TAG_pointer_type
	.long	208                             @ DW_AT_type
	.byte	0                               @ End Of Children Mark
.Ldebug_info_end0:
	.section	.debug_ranges,"",%progbits
.Ldebug_ranges0:
	.long	.Lfunc_begin0
	.long	.Lfunc_end0
	.long	.Lfunc_begin1
	.long	.Lfunc_end1
	.long	.Lfunc_begin2
	.long	.Lfunc_end2
	.long	.Lfunc_begin3
	.long	.Lfunc_end3
	.long	.Lfunc_begin4
	.long	.Lfunc_end4
	.long	.Lfunc_begin5
	.long	.Lfunc_end5
	.long	.Lfunc_begin6
	.long	.Lfunc_end6
	.long	.Lfunc_begin7
	.long	.Lfunc_end7
	.long	.Lfunc_begin8
	.long	.Lfunc_end8
	.long	0
	.long	0
	.section	.debug_str,"MS",%progbits,1
.Linfo_string0:
	.asciz	"Component: Arm Compiler for Embedded 6.24 Tool: armclang [5f371800]" @ string offset=0
.Linfo_string1:
	.asciz	"../app/src\\bsp_dwt.c"         @ string offset=68
.Linfo_string2:
	.asciz	"D:\\RM_projects\\h7_final_4\\MDK-ARM" @ string offset=89
.Linfo_string3:
	.asciz	"CNT_TEMP1"                     @ string offset=123
.Linfo_string4:
	.asciz	"unsigned long long"            @ string offset=133
.Linfo_string5:
	.asciz	"uint64_t"                      @ string offset=152
.Linfo_string6:
	.asciz	"CNT_TEMP2"                     @ string offset=161
.Linfo_string7:
	.asciz	"CNT_TEMP3"                     @ string offset=171
.Linfo_string8:
	.asciz	"SysTime"                       @ string offset=181
.Linfo_string9:
	.asciz	"s"                             @ string offset=189
.Linfo_string10:
	.asciz	"unsigned int"                  @ string offset=191
.Linfo_string11:
	.asciz	"uint32_t"                      @ string offset=204
.Linfo_string12:
	.asciz	"ms"                            @ string offset=213
.Linfo_string13:
	.asciz	"unsigned short"                @ string offset=216
.Linfo_string14:
	.asciz	"uint16_t"                      @ string offset=231
.Linfo_string15:
	.asciz	"us"                            @ string offset=240
.Linfo_string16:
	.asciz	"DWT_Time_t"                    @ string offset=243
.Linfo_string17:
	.asciz	"CPU_FREQ_Hz"                   @ string offset=254
.Linfo_string18:
	.asciz	"CPU_FREQ_Hz_ms"                @ string offset=266
.Linfo_string19:
	.asciz	"CPU_FREQ_Hz_us"                @ string offset=281
.Linfo_string20:
	.asciz	"CYCCNT_RountCount"             @ string offset=296
.Linfo_string21:
	.asciz	"CYCCNT64"                      @ string offset=314
.Linfo_string22:
	.asciz	"CYCCNT_LAST"                   @ string offset=323
.Linfo_string23:
	.asciz	"DHCSR"                         @ string offset=335
.Linfo_string24:
	.asciz	"DCRSR"                         @ string offset=341
.Linfo_string25:
	.asciz	"DCRDR"                         @ string offset=347
.Linfo_string26:
	.asciz	"DEMCR"                         @ string offset=353
.Linfo_string27:
	.asciz	"CoreDebug_Type"                @ string offset=359
.Linfo_string28:
	.asciz	"CTRL"                          @ string offset=374
.Linfo_string29:
	.asciz	"CYCCNT"                        @ string offset=379
.Linfo_string30:
	.asciz	"CPICNT"                        @ string offset=386
.Linfo_string31:
	.asciz	"EXCCNT"                        @ string offset=393
.Linfo_string32:
	.asciz	"SLEEPCNT"                      @ string offset=400
.Linfo_string33:
	.asciz	"LSUCNT"                        @ string offset=409
.Linfo_string34:
	.asciz	"FOLDCNT"                       @ string offset=416
.Linfo_string35:
	.asciz	"PCSR"                          @ string offset=424
.Linfo_string36:
	.asciz	"COMP0"                         @ string offset=429
.Linfo_string37:
	.asciz	"MASK0"                         @ string offset=435
.Linfo_string38:
	.asciz	"FUNCTION0"                     @ string offset=441
.Linfo_string39:
	.asciz	"RESERVED0"                     @ string offset=451
.Linfo_string40:
	.asciz	"__ARRAY_SIZE_TYPE__"           @ string offset=461
.Linfo_string41:
	.asciz	"COMP1"                         @ string offset=481
.Linfo_string42:
	.asciz	"MASK1"                         @ string offset=487
.Linfo_string43:
	.asciz	"FUNCTION1"                     @ string offset=493
.Linfo_string44:
	.asciz	"RESERVED1"                     @ string offset=503
.Linfo_string45:
	.asciz	"COMP2"                         @ string offset=513
.Linfo_string46:
	.asciz	"MASK2"                         @ string offset=519
.Linfo_string47:
	.asciz	"FUNCTION2"                     @ string offset=525
.Linfo_string48:
	.asciz	"RESERVED2"                     @ string offset=535
.Linfo_string49:
	.asciz	"COMP3"                         @ string offset=545
.Linfo_string50:
	.asciz	"MASK3"                         @ string offset=551
.Linfo_string51:
	.asciz	"FUNCTION3"                     @ string offset=557
.Linfo_string52:
	.asciz	"RESERVED3"                     @ string offset=567
.Linfo_string53:
	.asciz	"LAR"                           @ string offset=577
.Linfo_string54:
	.asciz	"LSR"                           @ string offset=581
.Linfo_string55:
	.asciz	"DWT_Type"                      @ string offset=585
.Linfo_string56:
	.asciz	"float"                         @ string offset=594
.Linfo_string57:
	.asciz	"double"                        @ string offset=600
.Linfo_string58:
	.asciz	"DWT_Init"                      @ string offset=607
.Linfo_string59:
	.asciz	"DWT_GetDeltaT"                 @ string offset=616
.Linfo_string60:
	.asciz	"DWT_CNT_Update"                @ string offset=630
.Linfo_string61:
	.asciz	"DWT_GetDeltaT64"               @ string offset=645
.Linfo_string62:
	.asciz	"DWT_SysTimeUpdate"             @ string offset=661
.Linfo_string63:
	.asciz	"DWT_GetTimeline_s"             @ string offset=679
.Linfo_string64:
	.asciz	"DWT_GetTimeline_ms"            @ string offset=697
.Linfo_string65:
	.asciz	"DWT_GetTimeline_us"            @ string offset=716
.Linfo_string66:
	.asciz	"DWT_Delay"                     @ string offset=735
.Linfo_string67:
	.asciz	"CPU_Freq_mHz"                  @ string offset=745
.Linfo_string68:
	.asciz	"cnt_last"                      @ string offset=758
.Linfo_string69:
	.asciz	"cnt_now"                       @ string offset=767
.Linfo_string70:
	.asciz	"dt"                            @ string offset=775
.Linfo_string71:
	.asciz	"DWT_Timelinef32"               @ string offset=778
.Linfo_string72:
	.asciz	"Delay"                         @ string offset=794
.Linfo_string73:
	.asciz	"tickstart"                     @ string offset=800
.Linfo_string74:
	.asciz	"wait"                          @ string offset=810
	.ident	"Component: Arm Compiler for Embedded 6.24 Tool: armclang [5f371800]"
	.section	".note.GNU-stack","",%progbits
	.eabi_attribute	30, 6	@ Tag_ABI_optimization_goals
	.ARM_attribute	16, 1	@ Tag_AV_eba
	.section	.debug_line,"",%progbits
.Lline_table_start0:
