	.text
	.syntax unified
	.eabi_attribute	67, "2.09"	@ Tag_conformance
	.cpu	cortex-m7
	.eabi_attribute	6, 13	@ Tag_CPU_arch
	.eabi_attribute	7, 77	@ Tag_CPU_arch_profile
	.eabi_attribute	8, 0	@ Tag_ARM_ISA_use
	.eabi_attribute	9, 2	@ Tag_THUMB_ISA_use
	.fpu	fpv5-d16
	.eabi_attribute	36, 1	@ Tag_FP_HP_extension
	.eabi_attribute	34, 1	@ Tag_CPU_unaligned_access
	.eabi_attribute	17, 1	@ Tag_ABI_PCS_GOT_use
	.eabi_attribute	20, 2	@ Tag_ABI_FP_denormal
	.eabi_attribute	21, 0	@ Tag_ABI_FP_exceptions
	.eabi_attribute	23, 1	@ Tag_ABI_FP_number_model
	.eabi_attribute	24, 1	@ Tag_ABI_align_needed
	.eabi_attribute	25, 1	@ Tag_ABI_align_preserved
	.eabi_attribute	28, 1	@ Tag_ABI_VFP_args
	.eabi_attribute	38, 1	@ Tag_ABI_FP_16bit_format
	.eabi_attribute	18, 2	@ Tag_ABI_PCS_wchar_t
	.eabi_attribute	26, 1	@ Tag_ABI_enum_size
	.eabi_attribute	14, 0	@ Tag_ABI_PCS_R9_use
	.file	"ComplexMathFunctionsF16.c"
	.file	1 "D:/keil_1/keilpacks/ARM/CMSIS-DSP/1.16.2/Include" "arm_math_types.h"
	.file	2 "D:/keil_1/keilpacks/ARM/CMSIS-DSP/1.16.2/Include" "arm_math_types_f16.h"
	.section	.text.arm_cmplx_conj_f16,"ax",%progbits
	.hidden	arm_cmplx_conj_f16              @ -- Begin function arm_cmplx_conj_f16
	.globl	arm_cmplx_conj_f16
	.p2align	3
	.type	arm_cmplx_conj_f16,%function
	.code	16                              @ @arm_cmplx_conj_f16
	.thumb_func
arm_cmplx_conj_f16:
.Lfunc_begin0:
	.file	3 "D:/keil_1/keilpacks/ARM/CMSIS-DSP/1.16.2/Source/ComplexMathFunctions" "arm_cmplx_conj_f16.c"
	.loc	3 105 0                         @ D:/keil_1/keilpacks/ARM/CMSIS-DSP/1.16.2/Source/ComplexMathFunctions\arm_cmplx_conj_f16.c:105:0
	.fnstart
	.cfi_sections .debug_frame
	.cfi_startproc
@ %bb.0:
	.pad	#16
	sub	sp, #16
	.cfi_def_cfa_offset 16
	str	r0, [sp, #12]
	str	r1, [sp, #8]
	str	r2, [sp, #4]
.Ltmp0:
	.loc	3 140 12 prologue_end           @ D:/keil_1/keilpacks/ARM/CMSIS-DSP/1.16.2/Source/ComplexMathFunctions\arm_cmplx_conj_f16.c:140:12
	ldr	r0, [sp, #4]
	.loc	3 140 10 is_stmt 0              @ D:/keil_1/keilpacks/ARM/CMSIS-DSP/1.16.2/Source/ComplexMathFunctions\arm_cmplx_conj_f16.c:140:10
	str	r0, [sp]
	.loc	3 144 3 is_stmt 1               @ D:/keil_1/keilpacks/ARM/CMSIS-DSP/1.16.2/Source/ComplexMathFunctions\arm_cmplx_conj_f16.c:144:3
	b	.LBB0_1
.LBB0_1:                                @ =>This Inner Loop Header: Depth=1
	.loc	3 144 10 is_stmt 0              @ D:/keil_1/keilpacks/ARM/CMSIS-DSP/1.16.2/Source/ComplexMathFunctions\arm_cmplx_conj_f16.c:144:10
	ldr	r0, [sp]
	.loc	3 144 3                         @ D:/keil_1/keilpacks/ARM/CMSIS-DSP/1.16.2/Source/ComplexMathFunctions\arm_cmplx_conj_f16.c:144:3
	cbz	r0, .LBB0_3
	b	.LBB0_2
.LBB0_2:                                @   in Loop: Header=BB0_1 Depth=1
.Ltmp1:
	.loc	3 149 21 is_stmt 1              @ D:/keil_1/keilpacks/ARM/CMSIS-DSP/1.16.2/Source/ComplexMathFunctions\arm_cmplx_conj_f16.c:149:21
	ldr	r0, [sp, #12]
	adds	r1, r0, #2
	str	r1, [sp, #12]
	.loc	3 149 16 is_stmt 0              @ D:/keil_1/keilpacks/ARM/CMSIS-DSP/1.16.2/Source/ComplexMathFunctions\arm_cmplx_conj_f16.c:149:16
	ldrh	r0, [r0]
	.loc	3 149 10                        @ D:/keil_1/keilpacks/ARM/CMSIS-DSP/1.16.2/Source/ComplexMathFunctions\arm_cmplx_conj_f16.c:149:10
	ldr	r1, [sp, #8]
	adds	r2, r1, #2
	str	r2, [sp, #8]
	.loc	3 149 13                        @ D:/keil_1/keilpacks/ARM/CMSIS-DSP/1.16.2/Source/ComplexMathFunctions\arm_cmplx_conj_f16.c:149:13
	strh	r0, [r1]
	.loc	3 150 31 is_stmt 1              @ D:/keil_1/keilpacks/ARM/CMSIS-DSP/1.16.2/Source/ComplexMathFunctions\arm_cmplx_conj_f16.c:150:31
	ldr	r0, [sp, #12]
	adds	r1, r0, #2
	str	r1, [sp, #12]
	.loc	3 150 26 is_stmt 0              @ D:/keil_1/keilpacks/ARM/CMSIS-DSP/1.16.2/Source/ComplexMathFunctions\arm_cmplx_conj_f16.c:150:26
	ldrh	r0, [r0]
	.loc	3 150 15                        @ D:/keil_1/keilpacks/ARM/CMSIS-DSP/1.16.2/Source/ComplexMathFunctions\arm_cmplx_conj_f16.c:150:15
	vmov	s0, r0
	vcvtb.f32.f16	s0, s0
	vneg.f32	s2, s0
                                        @ implicit-def: $s0
	vcvtb.f16.f32	s0, s2
	vmov	r0, s0
	.loc	3 150 10                        @ D:/keil_1/keilpacks/ARM/CMSIS-DSP/1.16.2/Source/ComplexMathFunctions\arm_cmplx_conj_f16.c:150:10
	ldr	r1, [sp, #8]
	adds	r2, r1, #2
	str	r2, [sp, #8]
	.loc	3 150 13                        @ D:/keil_1/keilpacks/ARM/CMSIS-DSP/1.16.2/Source/ComplexMathFunctions\arm_cmplx_conj_f16.c:150:13
	strh	r0, [r1]
	.loc	3 153 11 is_stmt 1              @ D:/keil_1/keilpacks/ARM/CMSIS-DSP/1.16.2/Source/ComplexMathFunctions\arm_cmplx_conj_f16.c:153:11
	ldr	r0, [sp]
	subs	r0, #1
	str	r0, [sp]
.Ltmp2:
	.loc	3 144 3                         @ D:/keil_1/keilpacks/ARM/CMSIS-DSP/1.16.2/Source/ComplexMathFunctions\arm_cmplx_conj_f16.c:144:3
	b	.LBB0_1
.LBB0_3:
	.loc	3 156 1 epilogue_begin          @ D:/keil_1/keilpacks/ARM/CMSIS-DSP/1.16.2/Source/ComplexMathFunctions\arm_cmplx_conj_f16.c:156:1
	add	sp, #16
	bx	lr
.Ltmp3:
.Lfunc_end0:
	.size	arm_cmplx_conj_f16, .Lfunc_end0-arm_cmplx_conj_f16
	.cfi_endproc
	.cantunwind
	.fnend
                                        @ -- End function
	.section	.text.arm_cmplx_dot_prod_f16,"ax",%progbits
	.hidden	arm_cmplx_dot_prod_f16          @ -- Begin function arm_cmplx_dot_prod_f16
	.globl	arm_cmplx_dot_prod_f16
	.p2align	3
	.type	arm_cmplx_dot_prod_f16,%function
	.code	16                              @ @arm_cmplx_dot_prod_f16
	.thumb_func
arm_cmplx_dot_prod_f16:
.Lfunc_begin1:
	.file	4 "D:/keil_1/keilpacks/ARM/CMSIS-DSP/1.16.2/Source/ComplexMathFunctions" "arm_cmplx_dot_prod_f16.c"
	.loc	4 169 0                         @ D:/keil_1/keilpacks/ARM/CMSIS-DSP/1.16.2/Source/ComplexMathFunctions\arm_cmplx_dot_prod_f16.c:169:0
	.fnstart
	.cfi_startproc
@ %bb.0:
	.pad	#32
	sub	sp, #32
	.cfi_def_cfa_offset 32
	ldr.w	r12, [sp, #32]
	str	r0, [sp, #28]
	str	r1, [sp, #24]
	str	r2, [sp, #20]
	str	r3, [sp, #16]
	movs	r0, #0
.Ltmp4:
	.loc	4 171 18 prologue_end           @ D:/keil_1/keilpacks/ARM/CMSIS-DSP/1.16.2/Source/ComplexMathFunctions\arm_cmplx_dot_prod_f16.c:171:18
	strh.w	r0, [sp, #10]
	.loc	4 171 35 is_stmt 0              @ D:/keil_1/keilpacks/ARM/CMSIS-DSP/1.16.2/Source/ComplexMathFunctions\arm_cmplx_dot_prod_f16.c:171:35
	strh.w	r0, [sp, #8]
	.loc	4 231 12 is_stmt 1              @ D:/keil_1/keilpacks/ARM/CMSIS-DSP/1.16.2/Source/ComplexMathFunctions\arm_cmplx_dot_prod_f16.c:231:12
	ldr	r0, [sp, #20]
	.loc	4 231 10 is_stmt 0              @ D:/keil_1/keilpacks/ARM/CMSIS-DSP/1.16.2/Source/ComplexMathFunctions\arm_cmplx_dot_prod_f16.c:231:10
	str	r0, [sp, #12]
	.loc	4 235 3 is_stmt 1               @ D:/keil_1/keilpacks/ARM/CMSIS-DSP/1.16.2/Source/ComplexMathFunctions\arm_cmplx_dot_prod_f16.c:235:3
	b	.LBB1_1
.LBB1_1:                                @ =>This Inner Loop Header: Depth=1
	.loc	4 235 10 is_stmt 0              @ D:/keil_1/keilpacks/ARM/CMSIS-DSP/1.16.2/Source/ComplexMathFunctions\arm_cmplx_dot_prod_f16.c:235:10
	ldr	r0, [sp, #12]
	.loc	4 235 3                         @ D:/keil_1/keilpacks/ARM/CMSIS-DSP/1.16.2/Source/ComplexMathFunctions\arm_cmplx_dot_prod_f16.c:235:3
	cmp	r0, #0
	beq.w	.LBB1_3
	b	.LBB1_2
.LBB1_2:                                @   in Loop: Header=BB1_1 Depth=1
.Ltmp5:
	.loc	4 237 16 is_stmt 1              @ D:/keil_1/keilpacks/ARM/CMSIS-DSP/1.16.2/Source/ComplexMathFunctions\arm_cmplx_dot_prod_f16.c:237:16
	ldr	r0, [sp, #28]
	adds	r1, r0, #2
	str	r1, [sp, #28]
	.loc	4 237 10 is_stmt 0              @ D:/keil_1/keilpacks/ARM/CMSIS-DSP/1.16.2/Source/ComplexMathFunctions\arm_cmplx_dot_prod_f16.c:237:10
	ldrh	r0, [r0]
	.loc	4 237 8                         @ D:/keil_1/keilpacks/ARM/CMSIS-DSP/1.16.2/Source/ComplexMathFunctions\arm_cmplx_dot_prod_f16.c:237:8
	strh.w	r0, [sp, #6]
	.loc	4 238 16 is_stmt 1              @ D:/keil_1/keilpacks/ARM/CMSIS-DSP/1.16.2/Source/ComplexMathFunctions\arm_cmplx_dot_prod_f16.c:238:16
	ldr	r0, [sp, #28]
	adds	r1, r0, #2
	str	r1, [sp, #28]
	.loc	4 238 10 is_stmt 0              @ D:/keil_1/keilpacks/ARM/CMSIS-DSP/1.16.2/Source/ComplexMathFunctions\arm_cmplx_dot_prod_f16.c:238:10
	ldrh	r0, [r0]
	.loc	4 238 8                         @ D:/keil_1/keilpacks/ARM/CMSIS-DSP/1.16.2/Source/ComplexMathFunctions\arm_cmplx_dot_prod_f16.c:238:8
	strh.w	r0, [sp, #4]
	.loc	4 239 16 is_stmt 1              @ D:/keil_1/keilpacks/ARM/CMSIS-DSP/1.16.2/Source/ComplexMathFunctions\arm_cmplx_dot_prod_f16.c:239:16
	ldr	r0, [sp, #24]
	adds	r1, r0, #2
	str	r1, [sp, #24]
	.loc	4 239 10 is_stmt 0              @ D:/keil_1/keilpacks/ARM/CMSIS-DSP/1.16.2/Source/ComplexMathFunctions\arm_cmplx_dot_prod_f16.c:239:10
	ldrh	r0, [r0]
	.loc	4 239 8                         @ D:/keil_1/keilpacks/ARM/CMSIS-DSP/1.16.2/Source/ComplexMathFunctions\arm_cmplx_dot_prod_f16.c:239:8
	strh.w	r0, [sp, #2]
	.loc	4 240 16 is_stmt 1              @ D:/keil_1/keilpacks/ARM/CMSIS-DSP/1.16.2/Source/ComplexMathFunctions\arm_cmplx_dot_prod_f16.c:240:16
	ldr	r0, [sp, #24]
	adds	r1, r0, #2
	str	r1, [sp, #24]
	.loc	4 240 10 is_stmt 0              @ D:/keil_1/keilpacks/ARM/CMSIS-DSP/1.16.2/Source/ComplexMathFunctions\arm_cmplx_dot_prod_f16.c:240:10
	ldrh	r0, [r0]
	.loc	4 240 8                         @ D:/keil_1/keilpacks/ARM/CMSIS-DSP/1.16.2/Source/ComplexMathFunctions\arm_cmplx_dot_prod_f16.c:240:8
	strh.w	r0, [sp]
	.loc	4 242 17 is_stmt 1              @ D:/keil_1/keilpacks/ARM/CMSIS-DSP/1.16.2/Source/ComplexMathFunctions\arm_cmplx_dot_prod_f16.c:242:17
	ldrh.w	r0, [sp, #6]
	.loc	4 242 14 is_stmt 0              @ D:/keil_1/keilpacks/ARM/CMSIS-DSP/1.16.2/Source/ComplexMathFunctions\arm_cmplx_dot_prod_f16.c:242:14
	vmov	s0, r0
	vcvtb.f32.f16	s0, s0
	.loc	4 242 22                        @ D:/keil_1/keilpacks/ARM/CMSIS-DSP/1.16.2/Source/ComplexMathFunctions\arm_cmplx_dot_prod_f16.c:242:22
	ldrh.w	r0, [sp, #2]
	.loc	4 242 14                        @ D:/keil_1/keilpacks/ARM/CMSIS-DSP/1.16.2/Source/ComplexMathFunctions\arm_cmplx_dot_prod_f16.c:242:14
	vmov	s2, r0
	vcvtb.f32.f16	s4, s2
	ldrh.w	r0, [sp, #10]
	vmov	s2, r0
	vcvtb.f32.f16	s2, s2
	vfma.f32	s2, s0, s4
                                        @ implicit-def: $s0
	vcvtb.f16.f32	s0, s2
	vmov	r0, s0
	strh.w	r0, [sp, #10]
	.loc	4 243 17 is_stmt 1              @ D:/keil_1/keilpacks/ARM/CMSIS-DSP/1.16.2/Source/ComplexMathFunctions\arm_cmplx_dot_prod_f16.c:243:17
	ldrh.w	r0, [sp, #6]
	.loc	4 243 14 is_stmt 0              @ D:/keil_1/keilpacks/ARM/CMSIS-DSP/1.16.2/Source/ComplexMathFunctions\arm_cmplx_dot_prod_f16.c:243:14
	vmov	s0, r0
	vcvtb.f32.f16	s0, s0
	.loc	4 243 22                        @ D:/keil_1/keilpacks/ARM/CMSIS-DSP/1.16.2/Source/ComplexMathFunctions\arm_cmplx_dot_prod_f16.c:243:22
	ldrh.w	r0, [sp]
	.loc	4 243 14                        @ D:/keil_1/keilpacks/ARM/CMSIS-DSP/1.16.2/Source/ComplexMathFunctions\arm_cmplx_dot_prod_f16.c:243:14
	vmov	s2, r0
	vcvtb.f32.f16	s4, s2
	ldrh.w	r0, [sp, #8]
	vmov	s2, r0
	vcvtb.f32.f16	s2, s2
	vfma.f32	s2, s0, s4
                                        @ implicit-def: $s0
	vcvtb.f16.f32	s0, s2
	vmov	r0, s0
	strh.w	r0, [sp, #8]
	.loc	4 244 17 is_stmt 1              @ D:/keil_1/keilpacks/ARM/CMSIS-DSP/1.16.2/Source/ComplexMathFunctions\arm_cmplx_dot_prod_f16.c:244:17
	ldrh.w	r0, [sp, #4]
	.loc	4 244 14 is_stmt 0              @ D:/keil_1/keilpacks/ARM/CMSIS-DSP/1.16.2/Source/ComplexMathFunctions\arm_cmplx_dot_prod_f16.c:244:14
	vmov	s0, r0
	vcvtb.f32.f16	s0, s0
	.loc	4 244 22                        @ D:/keil_1/keilpacks/ARM/CMSIS-DSP/1.16.2/Source/ComplexMathFunctions\arm_cmplx_dot_prod_f16.c:244:22
	ldrh.w	r0, [sp]
	.loc	4 244 14                        @ D:/keil_1/keilpacks/ARM/CMSIS-DSP/1.16.2/Source/ComplexMathFunctions\arm_cmplx_dot_prod_f16.c:244:14
	vmov	s2, r0
	vcvtb.f32.f16	s4, s2
	ldrh.w	r0, [sp, #10]
	vmov	s2, r0
	vcvtb.f32.f16	s2, s2
	vfms.f32	s2, s0, s4
                                        @ implicit-def: $s0
	vcvtb.f16.f32	s0, s2
	vmov	r0, s0
	strh.w	r0, [sp, #10]
	.loc	4 245 17 is_stmt 1              @ D:/keil_1/keilpacks/ARM/CMSIS-DSP/1.16.2/Source/ComplexMathFunctions\arm_cmplx_dot_prod_f16.c:245:17
	ldrh.w	r0, [sp, #4]
	.loc	4 245 14 is_stmt 0              @ D:/keil_1/keilpacks/ARM/CMSIS-DSP/1.16.2/Source/ComplexMathFunctions\arm_cmplx_dot_prod_f16.c:245:14
	vmov	s0, r0
	vcvtb.f32.f16	s0, s0
	.loc	4 245 22                        @ D:/keil_1/keilpacks/ARM/CMSIS-DSP/1.16.2/Source/ComplexMathFunctions\arm_cmplx_dot_prod_f16.c:245:22
	ldrh.w	r0, [sp, #2]
	.loc	4 245 14                        @ D:/keil_1/keilpacks/ARM/CMSIS-DSP/1.16.2/Source/ComplexMathFunctions\arm_cmplx_dot_prod_f16.c:245:14
	vmov	s2, r0
	vcvtb.f32.f16	s4, s2
	ldrh.w	r0, [sp, #8]
	vmov	s2, r0
	vcvtb.f32.f16	s2, s2
	vfma.f32	s2, s0, s4
                                        @ implicit-def: $s0
	vcvtb.f16.f32	s0, s2
	vmov	r0, s0
	strh.w	r0, [sp, #8]
	.loc	4 248 11 is_stmt 1              @ D:/keil_1/keilpacks/ARM/CMSIS-DSP/1.16.2/Source/ComplexMathFunctions\arm_cmplx_dot_prod_f16.c:248:11
	ldr	r0, [sp, #12]
	subs	r0, #1
	str	r0, [sp, #12]
.Ltmp6:
	.loc	4 235 3                         @ D:/keil_1/keilpacks/ARM/CMSIS-DSP/1.16.2/Source/ComplexMathFunctions\arm_cmplx_dot_prod_f16.c:235:3
	b	.LBB1_1
.LBB1_3:
	.loc	4 252 17                        @ D:/keil_1/keilpacks/ARM/CMSIS-DSP/1.16.2/Source/ComplexMathFunctions\arm_cmplx_dot_prod_f16.c:252:17
	ldrh.w	r0, [sp, #10]
	.loc	4 252 4 is_stmt 0               @ D:/keil_1/keilpacks/ARM/CMSIS-DSP/1.16.2/Source/ComplexMathFunctions\arm_cmplx_dot_prod_f16.c:252:4
	ldr	r1, [sp, #16]
	.loc	4 252 15                        @ D:/keil_1/keilpacks/ARM/CMSIS-DSP/1.16.2/Source/ComplexMathFunctions\arm_cmplx_dot_prod_f16.c:252:15
	strh	r0, [r1]
	.loc	4 253 17 is_stmt 1              @ D:/keil_1/keilpacks/ARM/CMSIS-DSP/1.16.2/Source/ComplexMathFunctions\arm_cmplx_dot_prod_f16.c:253:17
	ldrh.w	r0, [sp, #8]
	.loc	4 253 4 is_stmt 0               @ D:/keil_1/keilpacks/ARM/CMSIS-DSP/1.16.2/Source/ComplexMathFunctions\arm_cmplx_dot_prod_f16.c:253:4
	ldr	r1, [sp, #32]
	.loc	4 253 15                        @ D:/keil_1/keilpacks/ARM/CMSIS-DSP/1.16.2/Source/ComplexMathFunctions\arm_cmplx_dot_prod_f16.c:253:15
	strh	r0, [r1]
	.loc	4 254 1 epilogue_begin is_stmt 1 @ D:/keil_1/keilpacks/ARM/CMSIS-DSP/1.16.2/Source/ComplexMathFunctions\arm_cmplx_dot_prod_f16.c:254:1
	add	sp, #32
	bx	lr
.Ltmp7:
.Lfunc_end1:
	.size	arm_cmplx_dot_prod_f16, .Lfunc_end1-arm_cmplx_dot_prod_f16
	.cfi_endproc
	.cantunwind
	.fnend
                                        @ -- End function
	.section	.text.arm_cmplx_mag_f16,"ax",%progbits
	.hidden	arm_cmplx_mag_f16               @ -- Begin function arm_cmplx_mag_f16
	.globl	arm_cmplx_mag_f16
	.p2align	3
	.type	arm_cmplx_mag_f16,%function
	.code	16                              @ @arm_cmplx_mag_f16
	.thumb_func
arm_cmplx_mag_f16:
.Lfunc_begin2:
	.file	5 "D:/keil_1/keilpacks/ARM/CMSIS-DSP/1.16.2/Source/ComplexMathFunctions" "arm_cmplx_mag_f16.c"
	.loc	5 152 0                         @ D:/keil_1/keilpacks/ARM/CMSIS-DSP/1.16.2/Source/ComplexMathFunctions\arm_cmplx_mag_f16.c:152:0
	.fnstart
	.cfi_startproc
@ %bb.0:
	.save	{r7, lr}
	push	{r7, lr}
	.cfi_def_cfa_offset 8
	.cfi_offset lr, -4
	.cfi_offset r7, -8
	.pad	#48
	sub	sp, #48
	.cfi_def_cfa_offset 56
	str	r0, [sp, #16]
	str	r1, [sp, #12]
	str	r2, [sp, #8]
.Ltmp8:
	.loc	5 193 12 prologue_end           @ D:/keil_1/keilpacks/ARM/CMSIS-DSP/1.16.2/Source/ComplexMathFunctions\arm_cmplx_mag_f16.c:193:12
	ldr	r0, [sp, #8]
	.loc	5 193 10 is_stmt 0              @ D:/keil_1/keilpacks/ARM/CMSIS-DSP/1.16.2/Source/ComplexMathFunctions\arm_cmplx_mag_f16.c:193:10
	str	r0, [sp, #4]
	.loc	5 197 3 is_stmt 1               @ D:/keil_1/keilpacks/ARM/CMSIS-DSP/1.16.2/Source/ComplexMathFunctions\arm_cmplx_mag_f16.c:197:3
	b	.LBB2_1
.LBB2_1:                                @ =>This Inner Loop Header: Depth=1
	.loc	5 197 10 is_stmt 0              @ D:/keil_1/keilpacks/ARM/CMSIS-DSP/1.16.2/Source/ComplexMathFunctions\arm_cmplx_mag_f16.c:197:10
	ldr	r0, [sp, #4]
	.loc	5 197 3                         @ D:/keil_1/keilpacks/ARM/CMSIS-DSP/1.16.2/Source/ComplexMathFunctions\arm_cmplx_mag_f16.c:197:3
	cmp	r0, #0
	beq	.LBB2_6
	b	.LBB2_2
.LBB2_2:                                @   in Loop: Header=BB2_1 Depth=1
.Ltmp9:
	.loc	5 201 17 is_stmt 1              @ D:/keil_1/keilpacks/ARM/CMSIS-DSP/1.16.2/Source/ComplexMathFunctions\arm_cmplx_mag_f16.c:201:17
	ldr	r0, [sp, #16]
	adds	r1, r0, #2
	str	r1, [sp, #16]
	.loc	5 201 12 is_stmt 0              @ D:/keil_1/keilpacks/ARM/CMSIS-DSP/1.16.2/Source/ComplexMathFunctions\arm_cmplx_mag_f16.c:201:12
	ldrh	r0, [r0]
	.loc	5 201 10                        @ D:/keil_1/keilpacks/ARM/CMSIS-DSP/1.16.2/Source/ComplexMathFunctions\arm_cmplx_mag_f16.c:201:10
	strh.w	r0, [sp, #2]
	.loc	5 202 17 is_stmt 1              @ D:/keil_1/keilpacks/ARM/CMSIS-DSP/1.16.2/Source/ComplexMathFunctions\arm_cmplx_mag_f16.c:202:17
	ldr	r0, [sp, #16]
	adds	r1, r0, #2
	str	r1, [sp, #16]
	.loc	5 202 12 is_stmt 0              @ D:/keil_1/keilpacks/ARM/CMSIS-DSP/1.16.2/Source/ComplexMathFunctions\arm_cmplx_mag_f16.c:202:12
	ldrh	r0, [r0]
	.loc	5 202 10                        @ D:/keil_1/keilpacks/ARM/CMSIS-DSP/1.16.2/Source/ComplexMathFunctions\arm_cmplx_mag_f16.c:202:10
	strh.w	r0, [sp]
	.loc	5 205 19 is_stmt 1              @ D:/keil_1/keilpacks/ARM/CMSIS-DSP/1.16.2/Source/ComplexMathFunctions\arm_cmplx_mag_f16.c:205:19
	ldrh.w	r0, [sp, #2]
	.loc	5 205 32 is_stmt 0              @ D:/keil_1/keilpacks/ARM/CMSIS-DSP/1.16.2/Source/ComplexMathFunctions\arm_cmplx_mag_f16.c:205:32
	vmov	s0, r0
	vcvtb.f32.f16	s0, s0
	.loc	5 205 35                        @ D:/keil_1/keilpacks/ARM/CMSIS-DSP/1.16.2/Source/ComplexMathFunctions\arm_cmplx_mag_f16.c:205:35
	ldrh.w	r0, [sp]
	.loc	5 205 32                        @ D:/keil_1/keilpacks/ARM/CMSIS-DSP/1.16.2/Source/ComplexMathFunctions\arm_cmplx_mag_f16.c:205:32
	vmov	s2, r0
	vcvtb.f32.f16	s2, s2
	vmul.f32	s2, s2, s2
	vfma.f32	s2, s0, s0
                                        @ implicit-def: $s0
	vcvtb.f16.f32	s0, s2
	vmov	r1, s0
	.loc	5 205 53                        @ D:/keil_1/keilpacks/ARM/CMSIS-DSP/1.16.2/Source/ComplexMathFunctions\arm_cmplx_mag_f16.c:205:53
	ldr	r0, [sp, #12]
	adds	r2, r0, #2
	str	r2, [sp, #12]
	strh.w	r1, [sp, #34]
	str	r0, [sp, #28]
.Ltmp10:
	.file	6 "D:/keil_1/keilpacks/ARM/CMSIS-DSP/1.16.2/Include\\dsp" "fast_math_functions_f16.h"
	.loc	6 65 36 is_stmt 1               @ D:/keil_1/keilpacks/ARM/CMSIS-DSP/1.16.2/Include\dsp/fast_math_functions_f16.h:65:36
	ldrh.w	r0, [sp, #34]
	.loc	6 65 25 is_stmt 0               @ D:/keil_1/keilpacks/ARM/CMSIS-DSP/1.16.2/Include\dsp/fast_math_functions_f16.h:65:25
	vmov	s0, r0
	vcvtb.f32.f16	s0, s0
	vstr	s0, [sp, #40]
	add	r0, sp, #24
	str	r0, [sp, #36]
.Ltmp11:
	.file	7 "D:/keil_1/keilpacks/ARM/CMSIS-DSP/1.16.2/Include\\dsp" "fast_math_functions.h"
	.loc	7 238 9 is_stmt 1               @ D:/keil_1/keilpacks/ARM/CMSIS-DSP/1.16.2/Include\dsp/fast_math_functions.h:238:9
	vldr	s0, [sp, #40]
.Ltmp12:
	.loc	7 238 9 is_stmt 0               @ D:/keil_1/keilpacks/ARM/CMSIS-DSP/1.16.2/Include\dsp/fast_math_functions.h:238:9
	vcmp.f32	s0, #0
	vmrs	APSR_nzcv, fpscr
	blt	.LBB2_4
	b	.LBB2_3
.LBB2_3:                                @   in Loop: Header=BB2_1 Depth=1
.Ltmp13:
	.loc	7 255 22 is_stmt 1              @ D:/keil_1/keilpacks/ARM/CMSIS-DSP/1.16.2/Include\dsp/fast_math_functions.h:255:22
	vldr	s0, [sp, #40]
	.loc	7 255 15 is_stmt 0              @ D:/keil_1/keilpacks/ARM/CMSIS-DSP/1.16.2/Include\dsp/fast_math_functions.h:255:15
	bl	_sqrtf
	.loc	7 255 8                         @ D:/keil_1/keilpacks/ARM/CMSIS-DSP/1.16.2/Include\dsp/fast_math_functions.h:255:8
	ldr	r0, [sp, #36]
	.loc	7 255 13                        @ D:/keil_1/keilpacks/ARM/CMSIS-DSP/1.16.2/Include\dsp/fast_math_functions.h:255:13
	vstr	s0, [r0]
	movs	r0, #0
	.loc	7 268 7 is_stmt 1               @ D:/keil_1/keilpacks/ARM/CMSIS-DSP/1.16.2/Include\dsp/fast_math_functions.h:268:7
	strb.w	r0, [sp, #47]
	b	.LBB2_5
.Ltmp14:
.LBB2_4:                                @   in Loop: Header=BB2_1 Depth=1
	.loc	7 272 8                         @ D:/keil_1/keilpacks/ARM/CMSIS-DSP/1.16.2/Include\dsp/fast_math_functions.h:272:8
	ldr	r1, [sp, #36]
	movs	r0, #0
	.loc	7 272 13 is_stmt 0              @ D:/keil_1/keilpacks/ARM/CMSIS-DSP/1.16.2/Include\dsp/fast_math_functions.h:272:13
	str	r0, [r1]
	movs	r0, #255
	.loc	7 273 7 is_stmt 1               @ D:/keil_1/keilpacks/ARM/CMSIS-DSP/1.16.2/Include\dsp/fast_math_functions.h:273:7
	strb.w	r0, [sp, #47]
	b	.LBB2_5
.Ltmp15:
.LBB2_5:                                @   in Loop: Header=BB2_1 Depth=1
	.loc	7 275 3                         @ D:/keil_1/keilpacks/ARM/CMSIS-DSP/1.16.2/Include\dsp/fast_math_functions.h:275:3
	ldrb.w	r0, [sp, #47]
.Ltmp16:
	.loc	6 65 11                         @ D:/keil_1/keilpacks/ARM/CMSIS-DSP/1.16.2/Include\dsp/fast_math_functions_f16.h:65:11
	strb.w	r0, [sp, #23]
	.loc	6 66 22                         @ D:/keil_1/keilpacks/ARM/CMSIS-DSP/1.16.2/Include\dsp/fast_math_functions_f16.h:66:22
	vldr	s2, [sp, #24]
                                        @ implicit-def: $s0
	.loc	6 66 11 is_stmt 0               @ D:/keil_1/keilpacks/ARM/CMSIS-DSP/1.16.2/Include\dsp/fast_math_functions_f16.h:66:11
	vcvtb.f16.f32	s0, s2
	vmov	r0, s0
	.loc	6 66 6                          @ D:/keil_1/keilpacks/ARM/CMSIS-DSP/1.16.2/Include\dsp/fast_math_functions_f16.h:66:6
	ldr	r1, [sp, #28]
	.loc	6 66 10                         @ D:/keil_1/keilpacks/ARM/CMSIS-DSP/1.16.2/Include\dsp/fast_math_functions_f16.h:66:10
	strh	r0, [r1]
.Ltmp17:
	.loc	5 208 11 is_stmt 1              @ D:/keil_1/keilpacks/ARM/CMSIS-DSP/1.16.2/Source/ComplexMathFunctions\arm_cmplx_mag_f16.c:208:11
	ldr	r0, [sp, #4]
	subs	r0, #1
	str	r0, [sp, #4]
.Ltmp18:
	.loc	5 197 3                         @ D:/keil_1/keilpacks/ARM/CMSIS-DSP/1.16.2/Source/ComplexMathFunctions\arm_cmplx_mag_f16.c:197:3
	b	.LBB2_1
.LBB2_6:
	.loc	5 211 1 epilogue_begin          @ D:/keil_1/keilpacks/ARM/CMSIS-DSP/1.16.2/Source/ComplexMathFunctions\arm_cmplx_mag_f16.c:211:1
	add	sp, #48
	pop	{r7, pc}
.Ltmp19:
.Lfunc_end2:
	.size	arm_cmplx_mag_f16, .Lfunc_end2-arm_cmplx_mag_f16
	.cfi_endproc
	.cantunwind
	.fnend
                                        @ -- End function
	.section	.text.arm_cmplx_mag_squared_f16,"ax",%progbits
	.hidden	arm_cmplx_mag_squared_f16       @ -- Begin function arm_cmplx_mag_squared_f16
	.globl	arm_cmplx_mag_squared_f16
	.p2align	3
	.type	arm_cmplx_mag_squared_f16,%function
	.code	16                              @ @arm_cmplx_mag_squared_f16
	.thumb_func
arm_cmplx_mag_squared_f16:
.Lfunc_begin3:
	.file	8 "D:/keil_1/keilpacks/ARM/CMSIS-DSP/1.16.2/Source/ComplexMathFunctions" "arm_cmplx_mag_squared_f16.c"
	.loc	8 86 0                          @ D:/keil_1/keilpacks/ARM/CMSIS-DSP/1.16.2/Source/ComplexMathFunctions\arm_cmplx_mag_squared_f16.c:86:0
	.fnstart
	.cfi_startproc
@ %bb.0:
	.pad	#20
	sub	sp, #20
	.cfi_def_cfa_offset 20
	str	r0, [sp, #16]
	str	r1, [sp, #12]
	str	r2, [sp, #8]
.Ltmp20:
	.loc	8 125 12 prologue_end           @ D:/keil_1/keilpacks/ARM/CMSIS-DSP/1.16.2/Source/ComplexMathFunctions\arm_cmplx_mag_squared_f16.c:125:12
	ldr	r0, [sp, #8]
	.loc	8 125 10 is_stmt 0              @ D:/keil_1/keilpacks/ARM/CMSIS-DSP/1.16.2/Source/ComplexMathFunctions\arm_cmplx_mag_squared_f16.c:125:10
	str	r0, [sp, #4]
	.loc	8 129 3 is_stmt 1               @ D:/keil_1/keilpacks/ARM/CMSIS-DSP/1.16.2/Source/ComplexMathFunctions\arm_cmplx_mag_squared_f16.c:129:3
	b	.LBB3_1
.LBB3_1:                                @ =>This Inner Loop Header: Depth=1
	.loc	8 129 10 is_stmt 0              @ D:/keil_1/keilpacks/ARM/CMSIS-DSP/1.16.2/Source/ComplexMathFunctions\arm_cmplx_mag_squared_f16.c:129:10
	ldr	r0, [sp, #4]
	.loc	8 129 3                         @ D:/keil_1/keilpacks/ARM/CMSIS-DSP/1.16.2/Source/ComplexMathFunctions\arm_cmplx_mag_squared_f16.c:129:3
	cbz	r0, .LBB3_3
	b	.LBB3_2
.LBB3_2:                                @   in Loop: Header=BB3_1 Depth=1
.Ltmp21:
	.loc	8 133 17 is_stmt 1              @ D:/keil_1/keilpacks/ARM/CMSIS-DSP/1.16.2/Source/ComplexMathFunctions\arm_cmplx_mag_squared_f16.c:133:17
	ldr	r0, [sp, #16]
	adds	r1, r0, #2
	str	r1, [sp, #16]
	.loc	8 133 12 is_stmt 0              @ D:/keil_1/keilpacks/ARM/CMSIS-DSP/1.16.2/Source/ComplexMathFunctions\arm_cmplx_mag_squared_f16.c:133:12
	ldrh	r0, [r0]
	.loc	8 133 10                        @ D:/keil_1/keilpacks/ARM/CMSIS-DSP/1.16.2/Source/ComplexMathFunctions\arm_cmplx_mag_squared_f16.c:133:10
	strh.w	r0, [sp, #2]
	.loc	8 134 17 is_stmt 1              @ D:/keil_1/keilpacks/ARM/CMSIS-DSP/1.16.2/Source/ComplexMathFunctions\arm_cmplx_mag_squared_f16.c:134:17
	ldr	r0, [sp, #16]
	adds	r1, r0, #2
	str	r1, [sp, #16]
	.loc	8 134 12 is_stmt 0              @ D:/keil_1/keilpacks/ARM/CMSIS-DSP/1.16.2/Source/ComplexMathFunctions\arm_cmplx_mag_squared_f16.c:134:12
	ldrh	r0, [r0]
	.loc	8 134 10                        @ D:/keil_1/keilpacks/ARM/CMSIS-DSP/1.16.2/Source/ComplexMathFunctions\arm_cmplx_mag_squared_f16.c:134:10
	strh.w	r0, [sp]
	.loc	8 137 16 is_stmt 1              @ D:/keil_1/keilpacks/ARM/CMSIS-DSP/1.16.2/Source/ComplexMathFunctions\arm_cmplx_mag_squared_f16.c:137:16
	ldrh.w	r0, [sp, #2]
	.loc	8 137 29 is_stmt 0              @ D:/keil_1/keilpacks/ARM/CMSIS-DSP/1.16.2/Source/ComplexMathFunctions\arm_cmplx_mag_squared_f16.c:137:29
	vmov	s0, r0
	vcvtb.f32.f16	s0, s0
	.loc	8 137 32                        @ D:/keil_1/keilpacks/ARM/CMSIS-DSP/1.16.2/Source/ComplexMathFunctions\arm_cmplx_mag_squared_f16.c:137:32
	ldrh.w	r0, [sp]
	.loc	8 137 29                        @ D:/keil_1/keilpacks/ARM/CMSIS-DSP/1.16.2/Source/ComplexMathFunctions\arm_cmplx_mag_squared_f16.c:137:29
	vmov	s2, r0
	vcvtb.f32.f16	s2, s2
	vmul.f32	s2, s2, s2
	vfma.f32	s2, s0, s0
                                        @ implicit-def: $s0
	vcvtb.f16.f32	s0, s2
	vmov	r0, s0
	.loc	8 137 10                        @ D:/keil_1/keilpacks/ARM/CMSIS-DSP/1.16.2/Source/ComplexMathFunctions\arm_cmplx_mag_squared_f16.c:137:10
	ldr	r1, [sp, #12]
	adds	r2, r1, #2
	str	r2, [sp, #12]
	.loc	8 137 13                        @ D:/keil_1/keilpacks/ARM/CMSIS-DSP/1.16.2/Source/ComplexMathFunctions\arm_cmplx_mag_squared_f16.c:137:13
	strh	r0, [r1]
	.loc	8 140 11 is_stmt 1              @ D:/keil_1/keilpacks/ARM/CMSIS-DSP/1.16.2/Source/ComplexMathFunctions\arm_cmplx_mag_squared_f16.c:140:11
	ldr	r0, [sp, #4]
	subs	r0, #1
	str	r0, [sp, #4]
.Ltmp22:
	.loc	8 129 3                         @ D:/keil_1/keilpacks/ARM/CMSIS-DSP/1.16.2/Source/ComplexMathFunctions\arm_cmplx_mag_squared_f16.c:129:3
	b	.LBB3_1
.LBB3_3:
	.loc	8 143 1 epilogue_begin          @ D:/keil_1/keilpacks/ARM/CMSIS-DSP/1.16.2/Source/ComplexMathFunctions\arm_cmplx_mag_squared_f16.c:143:1
	add	sp, #20
	bx	lr
.Ltmp23:
.Lfunc_end3:
	.size	arm_cmplx_mag_squared_f16, .Lfunc_end3-arm_cmplx_mag_squared_f16
	.cfi_endproc
	.cantunwind
	.fnend
                                        @ -- End function
	.section	.text.arm_cmplx_mult_cmplx_f16,"ax",%progbits
	.hidden	arm_cmplx_mult_cmplx_f16        @ -- Begin function arm_cmplx_mult_cmplx_f16
	.globl	arm_cmplx_mult_cmplx_f16
	.p2align	3
	.type	arm_cmplx_mult_cmplx_f16,%function
	.code	16                              @ @arm_cmplx_mult_cmplx_f16
	.thumb_func
arm_cmplx_mult_cmplx_f16:
.Lfunc_begin4:
	.file	9 "D:/keil_1/keilpacks/ARM/CMSIS-DSP/1.16.2/Source/ComplexMathFunctions" "arm_cmplx_mult_cmplx_f16.c"
	.loc	9 168 0                         @ D:/keil_1/keilpacks/ARM/CMSIS-DSP/1.16.2/Source/ComplexMathFunctions\arm_cmplx_mult_cmplx_f16.c:168:0
	.fnstart
	.cfi_startproc
@ %bb.0:
	.pad	#28
	sub	sp, #28
	.cfi_def_cfa_offset 28
	str	r0, [sp, #24]
	str	r1, [sp, #20]
	str	r2, [sp, #16]
	str	r3, [sp, #12]
.Ltmp24:
	.loc	9 221 12 prologue_end           @ D:/keil_1/keilpacks/ARM/CMSIS-DSP/1.16.2/Source/ComplexMathFunctions\arm_cmplx_mult_cmplx_f16.c:221:12
	ldr	r0, [sp, #12]
	.loc	9 221 10 is_stmt 0              @ D:/keil_1/keilpacks/ARM/CMSIS-DSP/1.16.2/Source/ComplexMathFunctions\arm_cmplx_mult_cmplx_f16.c:221:10
	str	r0, [sp, #8]
	.loc	9 225 3 is_stmt 1               @ D:/keil_1/keilpacks/ARM/CMSIS-DSP/1.16.2/Source/ComplexMathFunctions\arm_cmplx_mult_cmplx_f16.c:225:3
	b	.LBB4_1
.LBB4_1:                                @ =>This Inner Loop Header: Depth=1
	.loc	9 225 10 is_stmt 0              @ D:/keil_1/keilpacks/ARM/CMSIS-DSP/1.16.2/Source/ComplexMathFunctions\arm_cmplx_mult_cmplx_f16.c:225:10
	ldr	r0, [sp, #8]
	.loc	9 225 3                         @ D:/keil_1/keilpacks/ARM/CMSIS-DSP/1.16.2/Source/ComplexMathFunctions\arm_cmplx_mult_cmplx_f16.c:225:3
	cmp	r0, #0
	beq	.LBB4_3
	b	.LBB4_2
.LBB4_2:                                @   in Loop: Header=BB4_1 Depth=1
.Ltmp25:
	.loc	9 230 15 is_stmt 1              @ D:/keil_1/keilpacks/ARM/CMSIS-DSP/1.16.2/Source/ComplexMathFunctions\arm_cmplx_mult_cmplx_f16.c:230:15
	ldr	r0, [sp, #24]
	adds	r1, r0, #2
	str	r1, [sp, #24]
	.loc	9 230 9 is_stmt 0               @ D:/keil_1/keilpacks/ARM/CMSIS-DSP/1.16.2/Source/ComplexMathFunctions\arm_cmplx_mult_cmplx_f16.c:230:9
	ldrh	r0, [r0]
	.loc	9 230 7                         @ D:/keil_1/keilpacks/ARM/CMSIS-DSP/1.16.2/Source/ComplexMathFunctions\arm_cmplx_mult_cmplx_f16.c:230:7
	strh.w	r0, [sp, #6]
	.loc	9 231 15 is_stmt 1              @ D:/keil_1/keilpacks/ARM/CMSIS-DSP/1.16.2/Source/ComplexMathFunctions\arm_cmplx_mult_cmplx_f16.c:231:15
	ldr	r0, [sp, #24]
	adds	r1, r0, #2
	str	r1, [sp, #24]
	.loc	9 231 9 is_stmt 0               @ D:/keil_1/keilpacks/ARM/CMSIS-DSP/1.16.2/Source/ComplexMathFunctions\arm_cmplx_mult_cmplx_f16.c:231:9
	ldrh	r0, [r0]
	.loc	9 231 7                         @ D:/keil_1/keilpacks/ARM/CMSIS-DSP/1.16.2/Source/ComplexMathFunctions\arm_cmplx_mult_cmplx_f16.c:231:7
	strh.w	r0, [sp, #4]
	.loc	9 232 15 is_stmt 1              @ D:/keil_1/keilpacks/ARM/CMSIS-DSP/1.16.2/Source/ComplexMathFunctions\arm_cmplx_mult_cmplx_f16.c:232:15
	ldr	r0, [sp, #20]
	adds	r1, r0, #2
	str	r1, [sp, #20]
	.loc	9 232 9 is_stmt 0               @ D:/keil_1/keilpacks/ARM/CMSIS-DSP/1.16.2/Source/ComplexMathFunctions\arm_cmplx_mult_cmplx_f16.c:232:9
	ldrh	r0, [r0]
	.loc	9 232 7                         @ D:/keil_1/keilpacks/ARM/CMSIS-DSP/1.16.2/Source/ComplexMathFunctions\arm_cmplx_mult_cmplx_f16.c:232:7
	strh.w	r0, [sp, #2]
	.loc	9 233 15 is_stmt 1              @ D:/keil_1/keilpacks/ARM/CMSIS-DSP/1.16.2/Source/ComplexMathFunctions\arm_cmplx_mult_cmplx_f16.c:233:15
	ldr	r0, [sp, #20]
	adds	r1, r0, #2
	str	r1, [sp, #20]
	.loc	9 233 9 is_stmt 0               @ D:/keil_1/keilpacks/ARM/CMSIS-DSP/1.16.2/Source/ComplexMathFunctions\arm_cmplx_mult_cmplx_f16.c:233:9
	ldrh	r0, [r0]
	.loc	9 233 7                         @ D:/keil_1/keilpacks/ARM/CMSIS-DSP/1.16.2/Source/ComplexMathFunctions\arm_cmplx_mult_cmplx_f16.c:233:7
	strh.w	r0, [sp]
	.loc	9 236 16 is_stmt 1              @ D:/keil_1/keilpacks/ARM/CMSIS-DSP/1.16.2/Source/ComplexMathFunctions\arm_cmplx_mult_cmplx_f16.c:236:16
	ldrh.w	r0, [sp, #6]
	.loc	9 236 23 is_stmt 0              @ D:/keil_1/keilpacks/ARM/CMSIS-DSP/1.16.2/Source/ComplexMathFunctions\arm_cmplx_mult_cmplx_f16.c:236:23
	vmov	s0, r0
	vcvtb.f32.f16	s0, s0
	.loc	9 236 20                        @ D:/keil_1/keilpacks/ARM/CMSIS-DSP/1.16.2/Source/ComplexMathFunctions\arm_cmplx_mult_cmplx_f16.c:236:20
	ldrh.w	r0, [sp, #2]
	.loc	9 236 23                        @ D:/keil_1/keilpacks/ARM/CMSIS-DSP/1.16.2/Source/ComplexMathFunctions\arm_cmplx_mult_cmplx_f16.c:236:23
	vmov	s2, r0
	vcvtb.f32.f16	s4, s2
	.loc	9 236 26                        @ D:/keil_1/keilpacks/ARM/CMSIS-DSP/1.16.2/Source/ComplexMathFunctions\arm_cmplx_mult_cmplx_f16.c:236:26
	ldrh.w	r0, [sp, #4]
	.loc	9 236 23                        @ D:/keil_1/keilpacks/ARM/CMSIS-DSP/1.16.2/Source/ComplexMathFunctions\arm_cmplx_mult_cmplx_f16.c:236:23
	vmov	s2, r0
	vcvtb.f32.f16	s2, s2
	.loc	9 236 30                        @ D:/keil_1/keilpacks/ARM/CMSIS-DSP/1.16.2/Source/ComplexMathFunctions\arm_cmplx_mult_cmplx_f16.c:236:30
	ldrh.w	r0, [sp]
	.loc	9 236 23                        @ D:/keil_1/keilpacks/ARM/CMSIS-DSP/1.16.2/Source/ComplexMathFunctions\arm_cmplx_mult_cmplx_f16.c:236:23
	vmov	s6, r0
	vcvtb.f32.f16	s6, s6
	vmul.f32	s2, s2, s6
	vfnms.f32	s2, s0, s4
                                        @ implicit-def: $s0
	vcvtb.f16.f32	s0, s2
	vmov	r0, s0
	.loc	9 236 10                        @ D:/keil_1/keilpacks/ARM/CMSIS-DSP/1.16.2/Source/ComplexMathFunctions\arm_cmplx_mult_cmplx_f16.c:236:10
	ldr	r1, [sp, #16]
	adds	r2, r1, #2
	str	r2, [sp, #16]
	.loc	9 236 13                        @ D:/keil_1/keilpacks/ARM/CMSIS-DSP/1.16.2/Source/ComplexMathFunctions\arm_cmplx_mult_cmplx_f16.c:236:13
	strh	r0, [r1]
	.loc	9 237 16 is_stmt 1              @ D:/keil_1/keilpacks/ARM/CMSIS-DSP/1.16.2/Source/ComplexMathFunctions\arm_cmplx_mult_cmplx_f16.c:237:16
	ldrh.w	r0, [sp, #6]
	.loc	9 237 23 is_stmt 0              @ D:/keil_1/keilpacks/ARM/CMSIS-DSP/1.16.2/Source/ComplexMathFunctions\arm_cmplx_mult_cmplx_f16.c:237:23
	vmov	s0, r0
	vcvtb.f32.f16	s0, s0
	.loc	9 237 20                        @ D:/keil_1/keilpacks/ARM/CMSIS-DSP/1.16.2/Source/ComplexMathFunctions\arm_cmplx_mult_cmplx_f16.c:237:20
	ldrh.w	r0, [sp]
	.loc	9 237 23                        @ D:/keil_1/keilpacks/ARM/CMSIS-DSP/1.16.2/Source/ComplexMathFunctions\arm_cmplx_mult_cmplx_f16.c:237:23
	vmov	s2, r0
	vcvtb.f32.f16	s4, s2
	.loc	9 237 26                        @ D:/keil_1/keilpacks/ARM/CMSIS-DSP/1.16.2/Source/ComplexMathFunctions\arm_cmplx_mult_cmplx_f16.c:237:26
	ldrh.w	r0, [sp, #4]
	.loc	9 237 23                        @ D:/keil_1/keilpacks/ARM/CMSIS-DSP/1.16.2/Source/ComplexMathFunctions\arm_cmplx_mult_cmplx_f16.c:237:23
	vmov	s2, r0
	vcvtb.f32.f16	s2, s2
	.loc	9 237 30                        @ D:/keil_1/keilpacks/ARM/CMSIS-DSP/1.16.2/Source/ComplexMathFunctions\arm_cmplx_mult_cmplx_f16.c:237:30
	ldrh.w	r0, [sp, #2]
	.loc	9 237 23                        @ D:/keil_1/keilpacks/ARM/CMSIS-DSP/1.16.2/Source/ComplexMathFunctions\arm_cmplx_mult_cmplx_f16.c:237:23
	vmov	s6, r0
	vcvtb.f32.f16	s6, s6
	vmul.f32	s2, s2, s6
	vfma.f32	s2, s0, s4
                                        @ implicit-def: $s0
	vcvtb.f16.f32	s0, s2
	vmov	r0, s0
	.loc	9 237 10                        @ D:/keil_1/keilpacks/ARM/CMSIS-DSP/1.16.2/Source/ComplexMathFunctions\arm_cmplx_mult_cmplx_f16.c:237:10
	ldr	r1, [sp, #16]
	adds	r2, r1, #2
	str	r2, [sp, #16]
	.loc	9 237 13                        @ D:/keil_1/keilpacks/ARM/CMSIS-DSP/1.16.2/Source/ComplexMathFunctions\arm_cmplx_mult_cmplx_f16.c:237:13
	strh	r0, [r1]
	.loc	9 240 11 is_stmt 1              @ D:/keil_1/keilpacks/ARM/CMSIS-DSP/1.16.2/Source/ComplexMathFunctions\arm_cmplx_mult_cmplx_f16.c:240:11
	ldr	r0, [sp, #8]
	subs	r0, #1
	str	r0, [sp, #8]
.Ltmp26:
	.loc	9 225 3                         @ D:/keil_1/keilpacks/ARM/CMSIS-DSP/1.16.2/Source/ComplexMathFunctions\arm_cmplx_mult_cmplx_f16.c:225:3
	b	.LBB4_1
.LBB4_3:
	.loc	9 243 1 epilogue_begin          @ D:/keil_1/keilpacks/ARM/CMSIS-DSP/1.16.2/Source/ComplexMathFunctions\arm_cmplx_mult_cmplx_f16.c:243:1
	add	sp, #28
	bx	lr
.Ltmp27:
.Lfunc_end4:
	.size	arm_cmplx_mult_cmplx_f16, .Lfunc_end4-arm_cmplx_mult_cmplx_f16
	.cfi_endproc
	.cantunwind
	.fnend
                                        @ -- End function
	.section	.text.arm_cmplx_mult_real_f16,"ax",%progbits
	.hidden	arm_cmplx_mult_real_f16         @ -- Begin function arm_cmplx_mult_real_f16
	.globl	arm_cmplx_mult_real_f16
	.p2align	3
	.type	arm_cmplx_mult_real_f16,%function
	.code	16                              @ @arm_cmplx_mult_real_f16
	.thumb_func
arm_cmplx_mult_real_f16:
.Lfunc_begin5:
	.file	10 "D:/keil_1/keilpacks/ARM/CMSIS-DSP/1.16.2/Source/ComplexMathFunctions" "arm_cmplx_mult_real_f16.c"
	.loc	10 105 0                        @ D:/keil_1/keilpacks/ARM/CMSIS-DSP/1.16.2/Source/ComplexMathFunctions\arm_cmplx_mult_real_f16.c:105:0
	.fnstart
	.cfi_startproc
@ %bb.0:
	.pad	#24
	sub	sp, #24
	.cfi_def_cfa_offset 24
	str	r0, [sp, #20]
	str	r1, [sp, #16]
	str	r2, [sp, #12]
	str	r3, [sp, #8]
.Ltmp28:
	.loc	10 146 12 prologue_end          @ D:/keil_1/keilpacks/ARM/CMSIS-DSP/1.16.2/Source/ComplexMathFunctions\arm_cmplx_mult_real_f16.c:146:12
	ldr	r0, [sp, #8]
	.loc	10 146 10 is_stmt 0             @ D:/keil_1/keilpacks/ARM/CMSIS-DSP/1.16.2/Source/ComplexMathFunctions\arm_cmplx_mult_real_f16.c:146:10
	str	r0, [sp, #4]
	.loc	10 150 3 is_stmt 1              @ D:/keil_1/keilpacks/ARM/CMSIS-DSP/1.16.2/Source/ComplexMathFunctions\arm_cmplx_mult_real_f16.c:150:3
	b	.LBB5_1
.LBB5_1:                                @ =>This Inner Loop Header: Depth=1
	.loc	10 150 10 is_stmt 0             @ D:/keil_1/keilpacks/ARM/CMSIS-DSP/1.16.2/Source/ComplexMathFunctions\arm_cmplx_mult_real_f16.c:150:10
	ldr	r0, [sp, #4]
	.loc	10 150 3                        @ D:/keil_1/keilpacks/ARM/CMSIS-DSP/1.16.2/Source/ComplexMathFunctions\arm_cmplx_mult_real_f16.c:150:3
	cbz	r0, .LBB5_3
	b	.LBB5_2
.LBB5_2:                                @   in Loop: Header=BB5_1 Depth=1
.Ltmp29:
	.loc	10 155 19 is_stmt 1             @ D:/keil_1/keilpacks/ARM/CMSIS-DSP/1.16.2/Source/ComplexMathFunctions\arm_cmplx_mult_real_f16.c:155:19
	ldr	r0, [sp, #16]
	adds	r1, r0, #2
	str	r1, [sp, #16]
	.loc	10 155 10 is_stmt 0             @ D:/keil_1/keilpacks/ARM/CMSIS-DSP/1.16.2/Source/ComplexMathFunctions\arm_cmplx_mult_real_f16.c:155:10
	ldrh	r0, [r0]
	.loc	10 155 8                        @ D:/keil_1/keilpacks/ARM/CMSIS-DSP/1.16.2/Source/ComplexMathFunctions\arm_cmplx_mult_real_f16.c:155:8
	strh.w	r0, [sp, #2]
	.loc	10 157 40 is_stmt 1             @ D:/keil_1/keilpacks/ARM/CMSIS-DSP/1.16.2/Source/ComplexMathFunctions\arm_cmplx_mult_real_f16.c:157:40
	ldr	r0, [sp, #20]
	adds	r1, r0, #2
	str	r1, [sp, #20]
	.loc	10 157 30 is_stmt 0             @ D:/keil_1/keilpacks/ARM/CMSIS-DSP/1.16.2/Source/ComplexMathFunctions\arm_cmplx_mult_real_f16.c:157:30
	ldrh	r0, [r0]
	.loc	10 157 43                       @ D:/keil_1/keilpacks/ARM/CMSIS-DSP/1.16.2/Source/ComplexMathFunctions\arm_cmplx_mult_real_f16.c:157:43
	vmov	s0, r0
	vcvtb.f32.f16	s0, s0
	.loc	10 157 55                       @ D:/keil_1/keilpacks/ARM/CMSIS-DSP/1.16.2/Source/ComplexMathFunctions\arm_cmplx_mult_real_f16.c:157:55
	ldrh.w	r0, [sp, #2]
	.loc	10 157 43                       @ D:/keil_1/keilpacks/ARM/CMSIS-DSP/1.16.2/Source/ComplexMathFunctions\arm_cmplx_mult_real_f16.c:157:43
	vmov	s2, r0
	vcvtb.f32.f16	s2, s2
	vmul.f32	s2, s0, s2
                                        @ implicit-def: $s0
	vcvtb.f16.f32	s0, s2
	vmov	r0, s0
	.loc	10 157 15                       @ D:/keil_1/keilpacks/ARM/CMSIS-DSP/1.16.2/Source/ComplexMathFunctions\arm_cmplx_mult_real_f16.c:157:15
	ldr	r1, [sp, #12]
	adds	r2, r1, #2
	str	r2, [sp, #12]
	.loc	10 157 18                       @ D:/keil_1/keilpacks/ARM/CMSIS-DSP/1.16.2/Source/ComplexMathFunctions\arm_cmplx_mult_real_f16.c:157:18
	strh	r0, [r1]
	.loc	10 158 40 is_stmt 1             @ D:/keil_1/keilpacks/ARM/CMSIS-DSP/1.16.2/Source/ComplexMathFunctions\arm_cmplx_mult_real_f16.c:158:40
	ldr	r0, [sp, #20]
	adds	r1, r0, #2
	str	r1, [sp, #20]
	.loc	10 158 30 is_stmt 0             @ D:/keil_1/keilpacks/ARM/CMSIS-DSP/1.16.2/Source/ComplexMathFunctions\arm_cmplx_mult_real_f16.c:158:30
	ldrh	r0, [r0]
	.loc	10 158 43                       @ D:/keil_1/keilpacks/ARM/CMSIS-DSP/1.16.2/Source/ComplexMathFunctions\arm_cmplx_mult_real_f16.c:158:43
	vmov	s0, r0
	vcvtb.f32.f16	s0, s0
	.loc	10 158 55                       @ D:/keil_1/keilpacks/ARM/CMSIS-DSP/1.16.2/Source/ComplexMathFunctions\arm_cmplx_mult_real_f16.c:158:55
	ldrh.w	r0, [sp, #2]
	.loc	10 158 43                       @ D:/keil_1/keilpacks/ARM/CMSIS-DSP/1.16.2/Source/ComplexMathFunctions\arm_cmplx_mult_real_f16.c:158:43
	vmov	s2, r0
	vcvtb.f32.f16	s2, s2
	vmul.f32	s2, s0, s2
                                        @ implicit-def: $s0
	vcvtb.f16.f32	s0, s2
	vmov	r0, s0
	.loc	10 158 15                       @ D:/keil_1/keilpacks/ARM/CMSIS-DSP/1.16.2/Source/ComplexMathFunctions\arm_cmplx_mult_real_f16.c:158:15
	ldr	r1, [sp, #12]
	adds	r2, r1, #2
	str	r2, [sp, #12]
	.loc	10 158 18                       @ D:/keil_1/keilpacks/ARM/CMSIS-DSP/1.16.2/Source/ComplexMathFunctions\arm_cmplx_mult_real_f16.c:158:18
	strh	r0, [r1]
	.loc	10 161 11 is_stmt 1             @ D:/keil_1/keilpacks/ARM/CMSIS-DSP/1.16.2/Source/ComplexMathFunctions\arm_cmplx_mult_real_f16.c:161:11
	ldr	r0, [sp, #4]
	subs	r0, #1
	str	r0, [sp, #4]
.Ltmp30:
	.loc	10 150 3                        @ D:/keil_1/keilpacks/ARM/CMSIS-DSP/1.16.2/Source/ComplexMathFunctions\arm_cmplx_mult_real_f16.c:150:3
	b	.LBB5_1
.LBB5_3:
	.loc	10 164 1 epilogue_begin         @ D:/keil_1/keilpacks/ARM/CMSIS-DSP/1.16.2/Source/ComplexMathFunctions\arm_cmplx_mult_real_f16.c:164:1
	add	sp, #24
	bx	lr
.Ltmp31:
.Lfunc_end5:
	.size	arm_cmplx_mult_real_f16, .Lfunc_end5-arm_cmplx_mult_real_f16
	.cfi_endproc
	.cantunwind
	.fnend
                                        @ -- End function
	.section	.text._sqrtf,"ax",%progbits
	.p2align	3                               @ -- Begin function _sqrtf
	.type	_sqrtf,%function
	.code	16                              @ @_sqrtf
	.thumb_func
_sqrtf:
.Lfunc_begin6:
	.file	11 "D:\\keil_1\\keil\\ARM\\ARMCLANG\\bin\\..\\include" "math.h"
	.loc	11 425 0                        @ D:\keil_1\keil\ARM\ARMCLANG\bin\..\include\math.h:425:0
	.fnstart
	.cfi_startproc
@ %bb.0:
	.pad	#8
	sub	sp, #8
	.cfi_def_cfa_offset 8
	vstr	s0, [sp]
.Ltmp32:
	.loc	11 425 61 prologue_end          @ D:\keil_1\keil\ARM\ARMCLANG\bin\..\include\math.h:425:61
	ldr	r0, [sp]
	str	r0, [sp, #4]
.Ltmp33:
	.loc	11 415 7                        @ D:\keil_1\keil\ARM\ARMCLANG\bin\..\include\math.h:415:7
	vldr	s0, [sp, #4]
	@APP
	vsqrt.f32	s0, s0
	@NO_APP
	vstr	s0, [sp, #4]
	.loc	11 422 14                       @ D:\keil_1\keil\ARM\ARMCLANG\bin\..\include\math.h:422:14
	vldr	s0, [sp, #4]
.Ltmp34:
	.loc	11 425 46 epilogue_begin        @ D:\keil_1\keil\ARM\ARMCLANG\bin\..\include\math.h:425:46
	add	sp, #8
	bx	lr
.Ltmp35:
.Lfunc_end6:
	.size	_sqrtf, .Lfunc_end6-_sqrtf
	.cfi_endproc
	.cantunwind
	.fnend
                                        @ -- End function
	.file	12 "D:\\keil_1\\keil\\ARM\\ARMCLANG\\bin\\..\\include" "stdint.h"
	.section	.debug_abbrev,"",%progbits
	.byte	1                               @ Abbreviation Code
	.byte	17                              @ DW_TAG_compile_unit
	.byte	1                               @ DW_CHILDREN_yes
	.byte	37                              @ DW_AT_producer
	.byte	14                              @ DW_FORM_strp
	.byte	19                              @ DW_AT_language
	.byte	5                               @ DW_FORM_data2
	.byte	3                               @ DW_AT_name
	.byte	14                              @ DW_FORM_strp
	.byte	16                              @ DW_AT_stmt_list
	.byte	23                              @ DW_FORM_sec_offset
	.byte	27                              @ DW_AT_comp_dir
	.byte	14                              @ DW_FORM_strp
	.byte	17                              @ DW_AT_low_pc
	.byte	1                               @ DW_FORM_addr
	.byte	85                              @ DW_AT_ranges
	.byte	23                              @ DW_FORM_sec_offset
	.byte	0                               @ EOM(1)
	.byte	0                               @ EOM(2)
	.byte	2                               @ Abbreviation Code
	.byte	4                               @ DW_TAG_enumeration_type
	.byte	1                               @ DW_CHILDREN_yes
	.byte	73                              @ DW_AT_type
	.byte	19                              @ DW_FORM_ref4
	.byte	11                              @ DW_AT_byte_size
	.byte	11                              @ DW_FORM_data1
	.byte	58                              @ DW_AT_decl_file
	.byte	11                              @ DW_FORM_data1
	.byte	59                              @ DW_AT_decl_line
	.byte	5                               @ DW_FORM_data2
	.byte	0                               @ EOM(1)
	.byte	0                               @ EOM(2)
	.byte	3                               @ Abbreviation Code
	.byte	40                              @ DW_TAG_enumerator
	.byte	0                               @ DW_CHILDREN_no
	.byte	3                               @ DW_AT_name
	.byte	14                              @ DW_FORM_strp
	.byte	28                              @ DW_AT_const_value
	.byte	13                              @ DW_FORM_sdata
	.byte	0                               @ EOM(1)
	.byte	0                               @ EOM(2)
	.byte	4                               @ Abbreviation Code
	.byte	36                              @ DW_TAG_base_type
	.byte	0                               @ DW_CHILDREN_no
	.byte	3                               @ DW_AT_name
	.byte	14                              @ DW_FORM_strp
	.byte	62                              @ DW_AT_encoding
	.byte	11                              @ DW_FORM_data1
	.byte	11                              @ DW_AT_byte_size
	.byte	11                              @ DW_FORM_data1
	.byte	0                               @ EOM(1)
	.byte	0                               @ EOM(2)
	.byte	5                               @ Abbreviation Code
	.byte	22                              @ DW_TAG_typedef
	.byte	0                               @ DW_CHILDREN_no
	.byte	73                              @ DW_AT_type
	.byte	19                              @ DW_FORM_ref4
	.byte	3                               @ DW_AT_name
	.byte	14                              @ DW_FORM_strp
	.byte	58                              @ DW_AT_decl_file
	.byte	11                              @ DW_FORM_data1
	.byte	59                              @ DW_AT_decl_line
	.byte	5                               @ DW_FORM_data2
	.byte	0                               @ EOM(1)
	.byte	0                               @ EOM(2)
	.byte	6                               @ Abbreviation Code
	.byte	22                              @ DW_TAG_typedef
	.byte	0                               @ DW_CHILDREN_no
	.byte	73                              @ DW_AT_type
	.byte	19                              @ DW_FORM_ref4
	.byte	3                               @ DW_AT_name
	.byte	14                              @ DW_FORM_strp
	.byte	58                              @ DW_AT_decl_file
	.byte	11                              @ DW_FORM_data1
	.byte	59                              @ DW_AT_decl_line
	.byte	11                              @ DW_FORM_data1
	.byte	0                               @ EOM(1)
	.byte	0                               @ EOM(2)
	.byte	7                               @ Abbreviation Code
	.byte	46                              @ DW_TAG_subprogram
	.byte	1                               @ DW_CHILDREN_yes
	.byte	17                              @ DW_AT_low_pc
	.byte	1                               @ DW_FORM_addr
	.byte	18                              @ DW_AT_high_pc
	.byte	6                               @ DW_FORM_data4
	.byte	64                              @ DW_AT_frame_base
	.byte	24                              @ DW_FORM_exprloc
	.byte	3                               @ DW_AT_name
	.byte	14                              @ DW_FORM_strp
	.byte	58                              @ DW_AT_decl_file
	.byte	11                              @ DW_FORM_data1
	.byte	59                              @ DW_AT_decl_line
	.byte	11                              @ DW_FORM_data1
	.byte	39                              @ DW_AT_prototyped
	.byte	25                              @ DW_FORM_flag_present
	.byte	63                              @ DW_AT_external
	.byte	25                              @ DW_FORM_flag_present
	.byte	0                               @ EOM(1)
	.byte	0                               @ EOM(2)
	.byte	8                               @ Abbreviation Code
	.byte	5                               @ DW_TAG_formal_parameter
	.byte	0                               @ DW_CHILDREN_no
	.byte	2                               @ DW_AT_location
	.byte	24                              @ DW_FORM_exprloc
	.byte	3                               @ DW_AT_name
	.byte	14                              @ DW_FORM_strp
	.byte	58                              @ DW_AT_decl_file
	.byte	11                              @ DW_FORM_data1
	.byte	59                              @ DW_AT_decl_line
	.byte	11                              @ DW_FORM_data1
	.byte	73                              @ DW_AT_type
	.byte	19                              @ DW_FORM_ref4
	.byte	0                               @ EOM(1)
	.byte	0                               @ EOM(2)
	.byte	9                               @ Abbreviation Code
	.byte	52                              @ DW_TAG_variable
	.byte	0                               @ DW_CHILDREN_no
	.byte	2                               @ DW_AT_location
	.byte	24                              @ DW_FORM_exprloc
	.byte	3                               @ DW_AT_name
	.byte	14                              @ DW_FORM_strp
	.byte	58                              @ DW_AT_decl_file
	.byte	11                              @ DW_FORM_data1
	.byte	59                              @ DW_AT_decl_line
	.byte	11                              @ DW_FORM_data1
	.byte	73                              @ DW_AT_type
	.byte	19                              @ DW_FORM_ref4
	.byte	0                               @ EOM(1)
	.byte	0                               @ EOM(2)
	.byte	10                              @ Abbreviation Code
	.byte	46                              @ DW_TAG_subprogram
	.byte	1                               @ DW_CHILDREN_yes
	.byte	3                               @ DW_AT_name
	.byte	14                              @ DW_FORM_strp
	.byte	58                              @ DW_AT_decl_file
	.byte	11                              @ DW_FORM_data1
	.byte	59                              @ DW_AT_decl_line
	.byte	11                              @ DW_FORM_data1
	.byte	39                              @ DW_AT_prototyped
	.byte	25                              @ DW_FORM_flag_present
	.byte	73                              @ DW_AT_type
	.byte	19                              @ DW_FORM_ref4
	.byte	32                              @ DW_AT_inline
	.byte	11                              @ DW_FORM_data1
	.byte	0                               @ EOM(1)
	.byte	0                               @ EOM(2)
	.byte	11                              @ Abbreviation Code
	.byte	5                               @ DW_TAG_formal_parameter
	.byte	0                               @ DW_CHILDREN_no
	.byte	3                               @ DW_AT_name
	.byte	14                              @ DW_FORM_strp
	.byte	58                              @ DW_AT_decl_file
	.byte	11                              @ DW_FORM_data1
	.byte	59                              @ DW_AT_decl_line
	.byte	11                              @ DW_FORM_data1
	.byte	73                              @ DW_AT_type
	.byte	19                              @ DW_FORM_ref4
	.byte	0                               @ EOM(1)
	.byte	0                               @ EOM(2)
	.byte	12                              @ Abbreviation Code
	.byte	52                              @ DW_TAG_variable
	.byte	0                               @ DW_CHILDREN_no
	.byte	3                               @ DW_AT_name
	.byte	14                              @ DW_FORM_strp
	.byte	58                              @ DW_AT_decl_file
	.byte	11                              @ DW_FORM_data1
	.byte	59                              @ DW_AT_decl_line
	.byte	11                              @ DW_FORM_data1
	.byte	73                              @ DW_AT_type
	.byte	19                              @ DW_FORM_ref4
	.byte	0                               @ EOM(1)
	.byte	0                               @ EOM(2)
	.byte	13                              @ Abbreviation Code
	.byte	15                              @ DW_TAG_pointer_type
	.byte	0                               @ DW_CHILDREN_no
	.byte	73                              @ DW_AT_type
	.byte	19                              @ DW_FORM_ref4
	.byte	0                               @ EOM(1)
	.byte	0                               @ EOM(2)
	.byte	14                              @ Abbreviation Code
	.byte	38                              @ DW_TAG_const_type
	.byte	0                               @ DW_CHILDREN_no
	.byte	73                              @ DW_AT_type
	.byte	19                              @ DW_FORM_ref4
	.byte	0                               @ EOM(1)
	.byte	0                               @ EOM(2)
	.byte	15                              @ Abbreviation Code
	.byte	29                              @ DW_TAG_inlined_subroutine
	.byte	1                               @ DW_CHILDREN_yes
	.byte	49                              @ DW_AT_abstract_origin
	.byte	19                              @ DW_FORM_ref4
	.byte	17                              @ DW_AT_low_pc
	.byte	1                               @ DW_FORM_addr
	.byte	18                              @ DW_AT_high_pc
	.byte	6                               @ DW_FORM_data4
	.byte	88                              @ DW_AT_call_file
	.byte	11                              @ DW_FORM_data1
	.byte	89                              @ DW_AT_call_line
	.byte	11                              @ DW_FORM_data1
	.byte	87                              @ DW_AT_call_column
	.byte	11                              @ DW_FORM_data1
	.byte	0                               @ EOM(1)
	.byte	0                               @ EOM(2)
	.byte	16                              @ Abbreviation Code
	.byte	5                               @ DW_TAG_formal_parameter
	.byte	0                               @ DW_CHILDREN_no
	.byte	2                               @ DW_AT_location
	.byte	24                              @ DW_FORM_exprloc
	.byte	49                              @ DW_AT_abstract_origin
	.byte	19                              @ DW_FORM_ref4
	.byte	0                               @ EOM(1)
	.byte	0                               @ EOM(2)
	.byte	17                              @ Abbreviation Code
	.byte	52                              @ DW_TAG_variable
	.byte	0                               @ DW_CHILDREN_no
	.byte	2                               @ DW_AT_location
	.byte	24                              @ DW_FORM_exprloc
	.byte	49                              @ DW_AT_abstract_origin
	.byte	19                              @ DW_FORM_ref4
	.byte	0                               @ EOM(1)
	.byte	0                               @ EOM(2)
	.byte	18                              @ Abbreviation Code
	.byte	46                              @ DW_TAG_subprogram
	.byte	1                               @ DW_CHILDREN_yes
	.byte	3                               @ DW_AT_name
	.byte	14                              @ DW_FORM_strp
	.byte	58                              @ DW_AT_decl_file
	.byte	11                              @ DW_FORM_data1
	.byte	59                              @ DW_AT_decl_line
	.byte	5                               @ DW_FORM_data2
	.byte	39                              @ DW_AT_prototyped
	.byte	25                              @ DW_FORM_flag_present
	.byte	73                              @ DW_AT_type
	.byte	19                              @ DW_FORM_ref4
	.byte	32                              @ DW_AT_inline
	.byte	11                              @ DW_FORM_data1
	.byte	0                               @ EOM(1)
	.byte	0                               @ EOM(2)
	.byte	19                              @ Abbreviation Code
	.byte	5                               @ DW_TAG_formal_parameter
	.byte	0                               @ DW_CHILDREN_no
	.byte	3                               @ DW_AT_name
	.byte	14                              @ DW_FORM_strp
	.byte	58                              @ DW_AT_decl_file
	.byte	11                              @ DW_FORM_data1
	.byte	59                              @ DW_AT_decl_line
	.byte	5                               @ DW_FORM_data2
	.byte	73                              @ DW_AT_type
	.byte	19                              @ DW_FORM_ref4
	.byte	0                               @ EOM(1)
	.byte	0                               @ EOM(2)
	.byte	20                              @ Abbreviation Code
	.byte	46                              @ DW_TAG_subprogram
	.byte	1                               @ DW_CHILDREN_yes
	.byte	17                              @ DW_AT_low_pc
	.byte	1                               @ DW_FORM_addr
	.byte	18                              @ DW_AT_high_pc
	.byte	6                               @ DW_FORM_data4
	.byte	64                              @ DW_AT_frame_base
	.byte	24                              @ DW_FORM_exprloc
	.byte	3                               @ DW_AT_name
	.byte	14                              @ DW_FORM_strp
	.byte	58                              @ DW_AT_decl_file
	.byte	11                              @ DW_FORM_data1
	.byte	59                              @ DW_AT_decl_line
	.byte	5                               @ DW_FORM_data2
	.byte	39                              @ DW_AT_prototyped
	.byte	25                              @ DW_FORM_flag_present
	.byte	73                              @ DW_AT_type
	.byte	19                              @ DW_FORM_ref4
	.byte	0                               @ EOM(1)
	.byte	0                               @ EOM(2)
	.byte	21                              @ Abbreviation Code
	.byte	5                               @ DW_TAG_formal_parameter
	.byte	0                               @ DW_CHILDREN_no
	.byte	2                               @ DW_AT_location
	.byte	24                              @ DW_FORM_exprloc
	.byte	3                               @ DW_AT_name
	.byte	14                              @ DW_FORM_strp
	.byte	58                              @ DW_AT_decl_file
	.byte	11                              @ DW_FORM_data1
	.byte	59                              @ DW_AT_decl_line
	.byte	5                               @ DW_FORM_data2
	.byte	73                              @ DW_AT_type
	.byte	19                              @ DW_FORM_ref4
	.byte	0                               @ EOM(1)
	.byte	0                               @ EOM(2)
	.byte	22                              @ Abbreviation Code
	.byte	29                              @ DW_TAG_inlined_subroutine
	.byte	1                               @ DW_CHILDREN_yes
	.byte	49                              @ DW_AT_abstract_origin
	.byte	19                              @ DW_FORM_ref4
	.byte	17                              @ DW_AT_low_pc
	.byte	1                               @ DW_FORM_addr
	.byte	18                              @ DW_AT_high_pc
	.byte	6                               @ DW_FORM_data4
	.byte	88                              @ DW_AT_call_file
	.byte	11                              @ DW_FORM_data1
	.byte	89                              @ DW_AT_call_line
	.byte	5                               @ DW_FORM_data2
	.byte	87                              @ DW_AT_call_column
	.byte	11                              @ DW_FORM_data1
	.byte	0                               @ EOM(1)
	.byte	0                               @ EOM(2)
	.byte	0                               @ EOM(3)
	.section	.debug_info,"",%progbits
.Lcu_begin0:
	.long	.Ldebug_info_end0-.Ldebug_info_start0 @ Length of Unit
.Ldebug_info_start0:
	.short	4                               @ DWARF version number
	.long	.debug_abbrev                   @ Offset Into Abbrev. Section
	.byte	4                               @ Address Size (in bytes)
	.byte	1                               @ Abbrev [1] 0xb:0x48e DW_TAG_compile_unit
	.long	.Linfo_string0                  @ DW_AT_producer
	.short	12                              @ DW_AT_language
	.long	.Linfo_string1                  @ DW_AT_name
	.long	.Lline_table_start0             @ DW_AT_stmt_list
	.long	.Linfo_string2                  @ DW_AT_comp_dir
	.long	0                               @ DW_AT_low_pc
	.long	.Ldebug_ranges0                 @ DW_AT_ranges
	.byte	2                               @ Abbrev [2] 0x26:0x3a DW_TAG_enumeration_type
	.long	96                              @ DW_AT_type
	.byte	1                               @ DW_AT_byte_size
	.byte	1                               @ DW_AT_decl_file
	.short	588                             @ DW_AT_decl_line
	.byte	3                               @ Abbrev [3] 0x2f:0x6 DW_TAG_enumerator
	.long	.Linfo_string4                  @ DW_AT_name
	.byte	0                               @ DW_AT_const_value
	.byte	3                               @ Abbrev [3] 0x35:0x6 DW_TAG_enumerator
	.long	.Linfo_string5                  @ DW_AT_name
	.byte	127                             @ DW_AT_const_value
	.byte	3                               @ Abbrev [3] 0x3b:0x6 DW_TAG_enumerator
	.long	.Linfo_string6                  @ DW_AT_name
	.byte	126                             @ DW_AT_const_value
	.byte	3                               @ Abbrev [3] 0x41:0x6 DW_TAG_enumerator
	.long	.Linfo_string7                  @ DW_AT_name
	.byte	125                             @ DW_AT_const_value
	.byte	3                               @ Abbrev [3] 0x47:0x6 DW_TAG_enumerator
	.long	.Linfo_string8                  @ DW_AT_name
	.byte	124                             @ DW_AT_const_value
	.byte	3                               @ Abbrev [3] 0x4d:0x6 DW_TAG_enumerator
	.long	.Linfo_string9                  @ DW_AT_name
	.byte	123                             @ DW_AT_const_value
	.byte	3                               @ Abbrev [3] 0x53:0x6 DW_TAG_enumerator
	.long	.Linfo_string10                 @ DW_AT_name
	.byte	122                             @ DW_AT_const_value
	.byte	3                               @ Abbrev [3] 0x59:0x6 DW_TAG_enumerator
	.long	.Linfo_string11                 @ DW_AT_name
	.byte	121                             @ DW_AT_const_value
	.byte	0                               @ End Of Children Mark
	.byte	4                               @ Abbrev [4] 0x60:0x7 DW_TAG_base_type
	.long	.Linfo_string3                  @ DW_AT_name
	.byte	6                               @ DW_AT_encoding
	.byte	1                               @ DW_AT_byte_size
	.byte	4                               @ Abbrev [4] 0x67:0x7 DW_TAG_base_type
	.long	.Linfo_string12                 @ DW_AT_name
	.byte	4                               @ DW_AT_encoding
	.byte	2                               @ DW_AT_byte_size
	.byte	5                               @ Abbrev [5] 0x6e:0xc DW_TAG_typedef
	.long	122                             @ DW_AT_type
	.long	.Linfo_string14                 @ DW_AT_name
	.byte	1                               @ DW_AT_decl_file
	.short	334                             @ DW_AT_decl_line
	.byte	4                               @ Abbrev [4] 0x7a:0x7 DW_TAG_base_type
	.long	.Linfo_string13                 @ DW_AT_name
	.byte	4                               @ DW_AT_encoding
	.byte	4                               @ DW_AT_byte_size
	.byte	6                               @ Abbrev [6] 0x81:0xb DW_TAG_typedef
	.long	140                             @ DW_AT_type
	.long	.Linfo_string16                 @ DW_AT_name
	.byte	2                               @ DW_AT_decl_file
	.byte	58                              @ DW_AT_decl_line
	.byte	4                               @ Abbrev [4] 0x8c:0x7 DW_TAG_base_type
	.long	.Linfo_string15                 @ DW_AT_name
	.byte	4                               @ DW_AT_encoding
	.byte	2                               @ DW_AT_byte_size
	.byte	7                               @ Abbrev [7] 0x93:0x4a DW_TAG_subprogram
	.long	.Lfunc_begin0                   @ DW_AT_low_pc
	.long	.Lfunc_end0-.Lfunc_begin0       @ DW_AT_high_pc
	.byte	1                               @ DW_AT_frame_base
	.byte	93
	.long	.Linfo_string26                 @ DW_AT_name
	.byte	3                               @ DW_AT_decl_file
	.byte	101                             @ DW_AT_decl_line
                                        @ DW_AT_prototyped
                                        @ DW_AT_external
	.byte	8                               @ Abbrev [8] 0xa4:0xe DW_TAG_formal_parameter
	.byte	2                               @ DW_AT_location
	.byte	145
	.byte	12
	.long	.Linfo_string33                 @ DW_AT_name
	.byte	3                               @ DW_AT_decl_file
	.byte	102                             @ DW_AT_decl_line
	.long	1148                            @ DW_AT_type
	.byte	8                               @ Abbrev [8] 0xb2:0xe DW_TAG_formal_parameter
	.byte	2                               @ DW_AT_location
	.byte	145
	.byte	8
	.long	.Linfo_string34                 @ DW_AT_name
	.byte	3                               @ DW_AT_decl_file
	.byte	103                             @ DW_AT_decl_line
	.long	476                             @ DW_AT_type
	.byte	8                               @ Abbrev [8] 0xc0:0xe DW_TAG_formal_parameter
	.byte	2                               @ DW_AT_location
	.byte	145
	.byte	4
	.long	.Linfo_string35                 @ DW_AT_name
	.byte	3                               @ DW_AT_decl_file
	.byte	104                             @ DW_AT_decl_line
	.long	1158                            @ DW_AT_type
	.byte	9                               @ Abbrev [9] 0xce:0xe DW_TAG_variable
	.byte	2                               @ DW_AT_location
	.byte	145
	.byte	0
	.long	.Linfo_string38                 @ DW_AT_name
	.byte	3                               @ DW_AT_decl_file
	.byte	106                             @ DW_AT_decl_line
	.long	1158                            @ DW_AT_type
	.byte	0                               @ End Of Children Mark
	.byte	7                               @ Abbrev [7] 0xdd:0xba DW_TAG_subprogram
	.long	.Lfunc_begin1                   @ DW_AT_low_pc
	.long	.Lfunc_end1-.Lfunc_begin1       @ DW_AT_high_pc
	.byte	1                               @ DW_AT_frame_base
	.byte	93
	.long	.Linfo_string27                 @ DW_AT_name
	.byte	4                               @ DW_AT_decl_file
	.byte	163                             @ DW_AT_decl_line
                                        @ DW_AT_prototyped
                                        @ DW_AT_external
	.byte	8                               @ Abbrev [8] 0xee:0xe DW_TAG_formal_parameter
	.byte	2                               @ DW_AT_location
	.byte	145
	.byte	28
	.long	.Linfo_string39                 @ DW_AT_name
	.byte	4                               @ DW_AT_decl_file
	.byte	164                             @ DW_AT_decl_line
	.long	1148                            @ DW_AT_type
	.byte	8                               @ Abbrev [8] 0xfc:0xe DW_TAG_formal_parameter
	.byte	2                               @ DW_AT_location
	.byte	145
	.byte	24
	.long	.Linfo_string40                 @ DW_AT_name
	.byte	4                               @ DW_AT_decl_file
	.byte	165                             @ DW_AT_decl_line
	.long	1148                            @ DW_AT_type
	.byte	8                               @ Abbrev [8] 0x10a:0xe DW_TAG_formal_parameter
	.byte	2                               @ DW_AT_location
	.byte	145
	.byte	20
	.long	.Linfo_string35                 @ DW_AT_name
	.byte	4                               @ DW_AT_decl_file
	.byte	166                             @ DW_AT_decl_line
	.long	1158                            @ DW_AT_type
	.byte	8                               @ Abbrev [8] 0x118:0xe DW_TAG_formal_parameter
	.byte	2                               @ DW_AT_location
	.byte	145
	.byte	16
	.long	.Linfo_string41                 @ DW_AT_name
	.byte	4                               @ DW_AT_decl_file
	.byte	167                             @ DW_AT_decl_line
	.long	476                             @ DW_AT_type
	.byte	8                               @ Abbrev [8] 0x126:0xe DW_TAG_formal_parameter
	.byte	2                               @ DW_AT_location
	.byte	145
	.byte	32
	.long	.Linfo_string42                 @ DW_AT_name
	.byte	4                               @ DW_AT_decl_file
	.byte	168                             @ DW_AT_decl_line
	.long	476                             @ DW_AT_type
	.byte	9                               @ Abbrev [9] 0x134:0xe DW_TAG_variable
	.byte	2                               @ DW_AT_location
	.byte	145
	.byte	12
	.long	.Linfo_string38                 @ DW_AT_name
	.byte	4                               @ DW_AT_decl_file
	.byte	170                             @ DW_AT_decl_line
	.long	1158                            @ DW_AT_type
	.byte	9                               @ Abbrev [9] 0x142:0xe DW_TAG_variable
	.byte	2                               @ DW_AT_location
	.byte	145
	.byte	10
	.long	.Linfo_string43                 @ DW_AT_name
	.byte	4                               @ DW_AT_decl_file
	.byte	171                             @ DW_AT_decl_line
	.long	103                             @ DW_AT_type
	.byte	9                               @ Abbrev [9] 0x150:0xe DW_TAG_variable
	.byte	2                               @ DW_AT_location
	.byte	145
	.byte	8
	.long	.Linfo_string44                 @ DW_AT_name
	.byte	4                               @ DW_AT_decl_file
	.byte	171                             @ DW_AT_decl_line
	.long	103                             @ DW_AT_type
	.byte	9                               @ Abbrev [9] 0x15e:0xe DW_TAG_variable
	.byte	2                               @ DW_AT_location
	.byte	145
	.byte	6
	.long	.Linfo_string45                 @ DW_AT_name
	.byte	4                               @ DW_AT_decl_file
	.byte	172                             @ DW_AT_decl_line
	.long	103                             @ DW_AT_type
	.byte	9                               @ Abbrev [9] 0x16c:0xe DW_TAG_variable
	.byte	2                               @ DW_AT_location
	.byte	145
	.byte	4
	.long	.Linfo_string46                 @ DW_AT_name
	.byte	4                               @ DW_AT_decl_file
	.byte	172                             @ DW_AT_decl_line
	.long	103                             @ DW_AT_type
	.byte	9                               @ Abbrev [9] 0x17a:0xe DW_TAG_variable
	.byte	2                               @ DW_AT_location
	.byte	145
	.byte	2
	.long	.Linfo_string47                 @ DW_AT_name
	.byte	4                               @ DW_AT_decl_file
	.byte	172                             @ DW_AT_decl_line
	.long	103                             @ DW_AT_type
	.byte	9                               @ Abbrev [9] 0x188:0xe DW_TAG_variable
	.byte	2                               @ DW_AT_location
	.byte	145
	.byte	0
	.long	.Linfo_string48                 @ DW_AT_name
	.byte	4                               @ DW_AT_decl_file
	.byte	172                             @ DW_AT_decl_line
	.long	103                             @ DW_AT_type
	.byte	0                               @ End Of Children Mark
	.byte	10                              @ Abbrev [10] 0x197:0x39 DW_TAG_subprogram
	.long	.Linfo_string17                 @ DW_AT_name
	.byte	6                               @ DW_AT_decl_file
	.byte	59                              @ DW_AT_decl_line
                                        @ DW_AT_prototyped
	.long	464                             @ DW_AT_type
	.byte	1                               @ DW_AT_inline
	.byte	11                              @ Abbrev [11] 0x1a3:0xb DW_TAG_formal_parameter
	.long	.Linfo_string19                 @ DW_AT_name
	.byte	6                               @ DW_AT_decl_file
	.byte	60                              @ DW_AT_decl_line
	.long	129                             @ DW_AT_type
	.byte	11                              @ Abbrev [11] 0x1ae:0xb DW_TAG_formal_parameter
	.long	.Linfo_string20                 @ DW_AT_name
	.byte	6                               @ DW_AT_decl_file
	.byte	61                              @ DW_AT_decl_line
	.long	476                             @ DW_AT_type
	.byte	12                              @ Abbrev [12] 0x1b9:0xb DW_TAG_variable
	.long	.Linfo_string21                 @ DW_AT_name
	.byte	6                               @ DW_AT_decl_file
	.byte	63                              @ DW_AT_decl_line
	.long	110                             @ DW_AT_type
	.byte	12                              @ Abbrev [12] 0x1c4:0xb DW_TAG_variable
	.long	.Linfo_string22                 @ DW_AT_name
	.byte	6                               @ DW_AT_decl_file
	.byte	64                              @ DW_AT_decl_line
	.long	464                             @ DW_AT_type
	.byte	0                               @ End Of Children Mark
	.byte	5                               @ Abbrev [5] 0x1d0:0xc DW_TAG_typedef
	.long	38                              @ DW_AT_type
	.long	.Linfo_string18                 @ DW_AT_name
	.byte	1                               @ DW_AT_decl_file
	.short	598                             @ DW_AT_decl_line
	.byte	13                              @ Abbrev [13] 0x1dc:0x5 DW_TAG_pointer_type
	.long	129                             @ DW_AT_type
	.byte	10                              @ Abbrev [10] 0x1e1:0x23 DW_TAG_subprogram
	.long	.Linfo_string23                 @ DW_AT_name
	.byte	7                               @ DW_AT_decl_file
	.byte	234                             @ DW_AT_decl_line
                                        @ DW_AT_prototyped
	.long	464                             @ DW_AT_type
	.byte	1                               @ DW_AT_inline
	.byte	11                              @ Abbrev [11] 0x1ed:0xb DW_TAG_formal_parameter
	.long	.Linfo_string19                 @ DW_AT_name
	.byte	7                               @ DW_AT_decl_file
	.byte	235                             @ DW_AT_decl_line
	.long	516                             @ DW_AT_type
	.byte	11                              @ Abbrev [11] 0x1f8:0xb DW_TAG_formal_parameter
	.long	.Linfo_string20                 @ DW_AT_name
	.byte	7                               @ DW_AT_decl_file
	.byte	236                             @ DW_AT_decl_line
	.long	521                             @ DW_AT_type
	.byte	0                               @ End Of Children Mark
	.byte	14                              @ Abbrev [14] 0x204:0x5 DW_TAG_const_type
	.long	110                             @ DW_AT_type
	.byte	13                              @ Abbrev [13] 0x209:0x5 DW_TAG_pointer_type
	.long	110                             @ DW_AT_type
	.byte	7                               @ Abbrev [7] 0x20e:0xb8 DW_TAG_subprogram
	.long	.Lfunc_begin2                   @ DW_AT_low_pc
	.long	.Lfunc_end2-.Lfunc_begin2       @ DW_AT_high_pc
	.byte	1                               @ DW_AT_frame_base
	.byte	93
	.long	.Linfo_string28                 @ DW_AT_name
	.byte	5                               @ DW_AT_decl_file
	.byte	148                             @ DW_AT_decl_line
                                        @ DW_AT_prototyped
                                        @ DW_AT_external
	.byte	8                               @ Abbrev [8] 0x21f:0xe DW_TAG_formal_parameter
	.byte	2                               @ DW_AT_location
	.byte	145
	.byte	16
	.long	.Linfo_string33                 @ DW_AT_name
	.byte	5                               @ DW_AT_decl_file
	.byte	149                             @ DW_AT_decl_line
	.long	1148                            @ DW_AT_type
	.byte	8                               @ Abbrev [8] 0x22d:0xe DW_TAG_formal_parameter
	.byte	2                               @ DW_AT_location
	.byte	145
	.byte	12
	.long	.Linfo_string34                 @ DW_AT_name
	.byte	5                               @ DW_AT_decl_file
	.byte	150                             @ DW_AT_decl_line
	.long	476                             @ DW_AT_type
	.byte	8                               @ Abbrev [8] 0x23b:0xe DW_TAG_formal_parameter
	.byte	2                               @ DW_AT_location
	.byte	145
	.byte	8
	.long	.Linfo_string35                 @ DW_AT_name
	.byte	5                               @ DW_AT_decl_file
	.byte	151                             @ DW_AT_decl_line
	.long	1158                            @ DW_AT_type
	.byte	9                               @ Abbrev [9] 0x249:0xe DW_TAG_variable
	.byte	2                               @ DW_AT_location
	.byte	145
	.byte	4
	.long	.Linfo_string38                 @ DW_AT_name
	.byte	5                               @ DW_AT_decl_file
	.byte	153                             @ DW_AT_decl_line
	.long	1158                            @ DW_AT_type
	.byte	9                               @ Abbrev [9] 0x257:0xe DW_TAG_variable
	.byte	2                               @ DW_AT_location
	.byte	145
	.byte	2
	.long	.Linfo_string49                 @ DW_AT_name
	.byte	5                               @ DW_AT_decl_file
	.byte	154                             @ DW_AT_decl_line
	.long	103                             @ DW_AT_type
	.byte	9                               @ Abbrev [9] 0x265:0xe DW_TAG_variable
	.byte	2                               @ DW_AT_location
	.byte	145
	.byte	0
	.long	.Linfo_string50                 @ DW_AT_name
	.byte	5                               @ DW_AT_decl_file
	.byte	154                             @ DW_AT_decl_line
	.long	103                             @ DW_AT_type
	.byte	15                              @ Abbrev [15] 0x273:0x52 DW_TAG_inlined_subroutine
	.long	407                             @ DW_AT_abstract_origin
	.long	.Ltmp10                         @ DW_AT_low_pc
	.long	.Ltmp17-.Ltmp10                 @ DW_AT_high_pc
	.byte	5                               @ DW_AT_call_file
	.byte	205                             @ DW_AT_call_line
	.byte	5                               @ DW_AT_call_column
	.byte	16                              @ Abbrev [16] 0x283:0x8 DW_TAG_formal_parameter
	.byte	2                               @ DW_AT_location
	.byte	145
	.byte	34
	.long	419                             @ DW_AT_abstract_origin
	.byte	16                              @ Abbrev [16] 0x28b:0x8 DW_TAG_formal_parameter
	.byte	2                               @ DW_AT_location
	.byte	145
	.byte	28
	.long	430                             @ DW_AT_abstract_origin
	.byte	17                              @ Abbrev [17] 0x293:0x8 DW_TAG_variable
	.byte	2                               @ DW_AT_location
	.byte	145
	.byte	24
	.long	441                             @ DW_AT_abstract_origin
	.byte	17                              @ Abbrev [17] 0x29b:0x8 DW_TAG_variable
	.byte	2                               @ DW_AT_location
	.byte	145
	.byte	23
	.long	452                             @ DW_AT_abstract_origin
	.byte	15                              @ Abbrev [15] 0x2a3:0x21 DW_TAG_inlined_subroutine
	.long	481                             @ DW_AT_abstract_origin
	.long	.Ltmp11                         @ DW_AT_low_pc
	.long	.Ltmp16-.Ltmp11                 @ DW_AT_high_pc
	.byte	6                               @ DW_AT_call_file
	.byte	65                              @ DW_AT_call_line
	.byte	12                              @ DW_AT_call_column
	.byte	16                              @ Abbrev [16] 0x2b3:0x8 DW_TAG_formal_parameter
	.byte	2                               @ DW_AT_location
	.byte	145
	.byte	40
	.long	493                             @ DW_AT_abstract_origin
	.byte	16                              @ Abbrev [16] 0x2bb:0x8 DW_TAG_formal_parameter
	.byte	2                               @ DW_AT_location
	.byte	145
	.byte	36
	.long	504                             @ DW_AT_abstract_origin
	.byte	0                               @ End Of Children Mark
	.byte	0                               @ End Of Children Mark
	.byte	0                               @ End Of Children Mark
	.byte	7                               @ Abbrev [7] 0x2c6:0x66 DW_TAG_subprogram
	.long	.Lfunc_begin3                   @ DW_AT_low_pc
	.long	.Lfunc_end3-.Lfunc_begin3       @ DW_AT_high_pc
	.byte	1                               @ DW_AT_frame_base
	.byte	93
	.long	.Linfo_string29                 @ DW_AT_name
	.byte	8                               @ DW_AT_decl_file
	.byte	82                              @ DW_AT_decl_line
                                        @ DW_AT_prototyped
                                        @ DW_AT_external
	.byte	8                               @ Abbrev [8] 0x2d7:0xe DW_TAG_formal_parameter
	.byte	2                               @ DW_AT_location
	.byte	145
	.byte	16
	.long	.Linfo_string33                 @ DW_AT_name
	.byte	8                               @ DW_AT_decl_file
	.byte	83                              @ DW_AT_decl_line
	.long	1148                            @ DW_AT_type
	.byte	8                               @ Abbrev [8] 0x2e5:0xe DW_TAG_formal_parameter
	.byte	2                               @ DW_AT_location
	.byte	145
	.byte	12
	.long	.Linfo_string34                 @ DW_AT_name
	.byte	8                               @ DW_AT_decl_file
	.byte	84                              @ DW_AT_decl_line
	.long	476                             @ DW_AT_type
	.byte	8                               @ Abbrev [8] 0x2f3:0xe DW_TAG_formal_parameter
	.byte	2                               @ DW_AT_location
	.byte	145
	.byte	8
	.long	.Linfo_string35                 @ DW_AT_name
	.byte	8                               @ DW_AT_decl_file
	.byte	85                              @ DW_AT_decl_line
	.long	1158                            @ DW_AT_type
	.byte	9                               @ Abbrev [9] 0x301:0xe DW_TAG_variable
	.byte	2                               @ DW_AT_location
	.byte	145
	.byte	4
	.long	.Linfo_string38                 @ DW_AT_name
	.byte	8                               @ DW_AT_decl_file
	.byte	87                              @ DW_AT_decl_line
	.long	1158                            @ DW_AT_type
	.byte	9                               @ Abbrev [9] 0x30f:0xe DW_TAG_variable
	.byte	2                               @ DW_AT_location
	.byte	145
	.byte	2
	.long	.Linfo_string49                 @ DW_AT_name
	.byte	8                               @ DW_AT_decl_file
	.byte	88                              @ DW_AT_decl_line
	.long	103                             @ DW_AT_type
	.byte	9                               @ Abbrev [9] 0x31d:0xe DW_TAG_variable
	.byte	2                               @ DW_AT_location
	.byte	145
	.byte	0
	.long	.Linfo_string50                 @ DW_AT_name
	.byte	8                               @ DW_AT_decl_file
	.byte	88                              @ DW_AT_decl_line
	.long	103                             @ DW_AT_type
	.byte	0                               @ End Of Children Mark
	.byte	7                               @ Abbrev [7] 0x32c:0x90 DW_TAG_subprogram
	.long	.Lfunc_begin4                   @ DW_AT_low_pc
	.long	.Lfunc_end4-.Lfunc_begin4       @ DW_AT_high_pc
	.byte	1                               @ DW_AT_frame_base
	.byte	93
	.long	.Linfo_string30                 @ DW_AT_name
	.byte	9                               @ DW_AT_decl_file
	.byte	163                             @ DW_AT_decl_line
                                        @ DW_AT_prototyped
                                        @ DW_AT_external
	.byte	8                               @ Abbrev [8] 0x33d:0xe DW_TAG_formal_parameter
	.byte	2                               @ DW_AT_location
	.byte	145
	.byte	24
	.long	.Linfo_string39                 @ DW_AT_name
	.byte	9                               @ DW_AT_decl_file
	.byte	164                             @ DW_AT_decl_line
	.long	1148                            @ DW_AT_type
	.byte	8                               @ Abbrev [8] 0x34b:0xe DW_TAG_formal_parameter
	.byte	2                               @ DW_AT_location
	.byte	145
	.byte	20
	.long	.Linfo_string40                 @ DW_AT_name
	.byte	9                               @ DW_AT_decl_file
	.byte	165                             @ DW_AT_decl_line
	.long	1148                            @ DW_AT_type
	.byte	8                               @ Abbrev [8] 0x359:0xe DW_TAG_formal_parameter
	.byte	2                               @ DW_AT_location
	.byte	145
	.byte	16
	.long	.Linfo_string34                 @ DW_AT_name
	.byte	9                               @ DW_AT_decl_file
	.byte	166                             @ DW_AT_decl_line
	.long	476                             @ DW_AT_type
	.byte	8                               @ Abbrev [8] 0x367:0xe DW_TAG_formal_parameter
	.byte	2                               @ DW_AT_location
	.byte	145
	.byte	12
	.long	.Linfo_string35                 @ DW_AT_name
	.byte	9                               @ DW_AT_decl_file
	.byte	167                             @ DW_AT_decl_line
	.long	1158                            @ DW_AT_type
	.byte	9                               @ Abbrev [9] 0x375:0xe DW_TAG_variable
	.byte	2                               @ DW_AT_location
	.byte	145
	.byte	8
	.long	.Linfo_string38                 @ DW_AT_name
	.byte	9                               @ DW_AT_decl_file
	.byte	169                             @ DW_AT_decl_line
	.long	1158                            @ DW_AT_type
	.byte	9                               @ Abbrev [9] 0x383:0xe DW_TAG_variable
	.byte	2                               @ DW_AT_location
	.byte	145
	.byte	6
	.long	.Linfo_string51                 @ DW_AT_name
	.byte	9                               @ DW_AT_decl_file
	.byte	170                             @ DW_AT_decl_line
	.long	103                             @ DW_AT_type
	.byte	9                               @ Abbrev [9] 0x391:0xe DW_TAG_variable
	.byte	2                               @ DW_AT_location
	.byte	145
	.byte	4
	.long	.Linfo_string52                 @ DW_AT_name
	.byte	9                               @ DW_AT_decl_file
	.byte	170                             @ DW_AT_decl_line
	.long	103                             @ DW_AT_type
	.byte	9                               @ Abbrev [9] 0x39f:0xe DW_TAG_variable
	.byte	2                               @ DW_AT_location
	.byte	145
	.byte	2
	.long	.Linfo_string53                 @ DW_AT_name
	.byte	9                               @ DW_AT_decl_file
	.byte	170                             @ DW_AT_decl_line
	.long	103                             @ DW_AT_type
	.byte	9                               @ Abbrev [9] 0x3ad:0xe DW_TAG_variable
	.byte	2                               @ DW_AT_location
	.byte	145
	.byte	0
	.long	.Linfo_string54                 @ DW_AT_name
	.byte	9                               @ DW_AT_decl_file
	.byte	170                             @ DW_AT_decl_line
	.long	103                             @ DW_AT_type
	.byte	0                               @ End Of Children Mark
	.byte	7                               @ Abbrev [7] 0x3bc:0x66 DW_TAG_subprogram
	.long	.Lfunc_begin5                   @ DW_AT_low_pc
	.long	.Lfunc_end5-.Lfunc_begin5       @ DW_AT_high_pc
	.byte	1                               @ DW_AT_frame_base
	.byte	93
	.long	.Linfo_string31                 @ DW_AT_name
	.byte	10                              @ DW_AT_decl_file
	.byte	100                             @ DW_AT_decl_line
                                        @ DW_AT_prototyped
                                        @ DW_AT_external
	.byte	8                               @ Abbrev [8] 0x3cd:0xe DW_TAG_formal_parameter
	.byte	2                               @ DW_AT_location
	.byte	145
	.byte	20
	.long	.Linfo_string55                 @ DW_AT_name
	.byte	10                              @ DW_AT_decl_file
	.byte	101                             @ DW_AT_decl_line
	.long	1148                            @ DW_AT_type
	.byte	8                               @ Abbrev [8] 0x3db:0xe DW_TAG_formal_parameter
	.byte	2                               @ DW_AT_location
	.byte	145
	.byte	16
	.long	.Linfo_string56                 @ DW_AT_name
	.byte	10                              @ DW_AT_decl_file
	.byte	102                             @ DW_AT_decl_line
	.long	1148                            @ DW_AT_type
	.byte	8                               @ Abbrev [8] 0x3e9:0xe DW_TAG_formal_parameter
	.byte	2                               @ DW_AT_location
	.byte	145
	.byte	12
	.long	.Linfo_string57                 @ DW_AT_name
	.byte	10                              @ DW_AT_decl_file
	.byte	103                             @ DW_AT_decl_line
	.long	476                             @ DW_AT_type
	.byte	8                               @ Abbrev [8] 0x3f7:0xe DW_TAG_formal_parameter
	.byte	2                               @ DW_AT_location
	.byte	145
	.byte	8
	.long	.Linfo_string35                 @ DW_AT_name
	.byte	10                              @ DW_AT_decl_file
	.byte	104                             @ DW_AT_decl_line
	.long	1158                            @ DW_AT_type
	.byte	9                               @ Abbrev [9] 0x405:0xe DW_TAG_variable
	.byte	2                               @ DW_AT_location
	.byte	145
	.byte	4
	.long	.Linfo_string38                 @ DW_AT_name
	.byte	10                              @ DW_AT_decl_file
	.byte	106                             @ DW_AT_decl_line
	.long	1158                            @ DW_AT_type
	.byte	9                               @ Abbrev [9] 0x413:0xe DW_TAG_variable
	.byte	2                               @ DW_AT_location
	.byte	145
	.byte	2
	.long	.Linfo_string19                 @ DW_AT_name
	.byte	10                              @ DW_AT_decl_file
	.byte	107                             @ DW_AT_decl_line
	.long	129                             @ DW_AT_type
	.byte	0                               @ End Of Children Mark
	.byte	18                              @ Abbrev [18] 0x422:0x1a DW_TAG_subprogram
	.long	.Linfo_string24                 @ DW_AT_name
	.byte	11                              @ DW_AT_decl_file
	.short	414                             @ DW_AT_decl_line
                                        @ DW_AT_prototyped
	.long	122                             @ DW_AT_type
	.byte	1                               @ DW_AT_inline
	.byte	19                              @ Abbrev [19] 0x42f:0xc DW_TAG_formal_parameter
	.long	.Linfo_string25                 @ DW_AT_name
	.byte	11                              @ DW_AT_decl_file
	.short	414                             @ DW_AT_decl_line
	.long	122                             @ DW_AT_type
	.byte	0                               @ End Of Children Mark
	.byte	20                              @ Abbrev [20] 0x43c:0x40 DW_TAG_subprogram
	.long	.Lfunc_begin6                   @ DW_AT_low_pc
	.long	.Lfunc_end6-.Lfunc_begin6       @ DW_AT_high_pc
	.byte	1                               @ DW_AT_frame_base
	.byte	93
	.long	.Linfo_string32                 @ DW_AT_name
	.byte	11                              @ DW_AT_decl_file
	.short	425                             @ DW_AT_decl_line
                                        @ DW_AT_prototyped
	.long	122                             @ DW_AT_type
	.byte	21                              @ Abbrev [21] 0x452:0xf DW_TAG_formal_parameter
	.byte	2                               @ DW_AT_location
	.byte	145
	.byte	0
	.long	.Linfo_string58                 @ DW_AT_name
	.byte	11                              @ DW_AT_decl_file
	.short	425                             @ DW_AT_decl_line
	.long	122                             @ DW_AT_type
	.byte	22                              @ Abbrev [22] 0x461:0x1a DW_TAG_inlined_subroutine
	.long	1058                            @ DW_AT_abstract_origin
	.long	.Ltmp33                         @ DW_AT_low_pc
	.long	.Ltmp34-.Ltmp33                 @ DW_AT_high_pc
	.byte	11                              @ DW_AT_call_file
	.short	425                             @ DW_AT_call_line
	.byte	53                              @ DW_AT_call_column
	.byte	16                              @ Abbrev [16] 0x472:0x8 DW_TAG_formal_parameter
	.byte	2                               @ DW_AT_location
	.byte	145
	.byte	4
	.long	1071                            @ DW_AT_abstract_origin
	.byte	0                               @ End Of Children Mark
	.byte	0                               @ End Of Children Mark
	.byte	13                              @ Abbrev [13] 0x47c:0x5 DW_TAG_pointer_type
	.long	1153                            @ DW_AT_type
	.byte	14                              @ Abbrev [14] 0x481:0x5 DW_TAG_const_type
	.long	129                             @ DW_AT_type
	.byte	6                               @ Abbrev [6] 0x486:0xb DW_TAG_typedef
	.long	1169                            @ DW_AT_type
	.long	.Linfo_string37                 @ DW_AT_name
	.byte	12                              @ DW_AT_decl_file
	.byte	64                              @ DW_AT_decl_line
	.byte	4                               @ Abbrev [4] 0x491:0x7 DW_TAG_base_type
	.long	.Linfo_string36                 @ DW_AT_name
	.byte	7                               @ DW_AT_encoding
	.byte	4                               @ DW_AT_byte_size
	.byte	0                               @ End Of Children Mark
.Ldebug_info_end0:
	.section	.debug_ranges,"",%progbits
.Ldebug_ranges0:
	.long	.Lfunc_begin0
	.long	.Lfunc_end0
	.long	.Lfunc_begin1
	.long	.Lfunc_end1
	.long	.Lfunc_begin2
	.long	.Lfunc_end2
	.long	.Lfunc_begin3
	.long	.Lfunc_end3
	.long	.Lfunc_begin4
	.long	.Lfunc_end4
	.long	.Lfunc_begin5
	.long	.Lfunc_end5
	.long	.Lfunc_begin6
	.long	.Lfunc_end6
	.long	0
	.long	0
	.section	.debug_str,"MS",%progbits,1
.Linfo_string0:
	.asciz	"Component: Arm Compiler for Embedded 6.24 Tool: armclang [5f371800]" @ string offset=0
.Linfo_string1:
	.asciz	"D:/keil_1/keilpacks/ARM/CMSIS-DSP/1.16.2/Source/ComplexMathFunctions\\ComplexMathFunctionsF16.c" @ string offset=68
.Linfo_string2:
	.asciz	"D:\\RM_projects\\h7_final_4\\MDK-ARM" @ string offset=163
.Linfo_string3:
	.asciz	"signed char"                   @ string offset=197
.Linfo_string4:
	.asciz	"ARM_MATH_SUCCESS"              @ string offset=209
.Linfo_string5:
	.asciz	"ARM_MATH_ARGUMENT_ERROR"       @ string offset=226
.Linfo_string6:
	.asciz	"ARM_MATH_LENGTH_ERROR"         @ string offset=250
.Linfo_string7:
	.asciz	"ARM_MATH_SIZE_MISMATCH"        @ string offset=272
.Linfo_string8:
	.asciz	"ARM_MATH_NANINF"               @ string offset=295
.Linfo_string9:
	.asciz	"ARM_MATH_SINGULAR"             @ string offset=311
.Linfo_string10:
	.asciz	"ARM_MATH_TEST_FAILURE"         @ string offset=329
.Linfo_string11:
	.asciz	"ARM_MATH_DECOMPOSITION_FAILURE" @ string offset=351
.Linfo_string12:
	.asciz	"_Float16"                      @ string offset=382
.Linfo_string13:
	.asciz	"float"                         @ string offset=391
.Linfo_string14:
	.asciz	"float32_t"                     @ string offset=397
.Linfo_string15:
	.asciz	"__fp16"                        @ string offset=407
.Linfo_string16:
	.asciz	"float16_t"                     @ string offset=414
.Linfo_string17:
	.asciz	"arm_sqrt_f16"                  @ string offset=424
.Linfo_string18:
	.asciz	"arm_status"                    @ string offset=437
.Linfo_string19:
	.asciz	"in"                            @ string offset=448
.Linfo_string20:
	.asciz	"pOut"                          @ string offset=451
.Linfo_string21:
	.asciz	"r"                             @ string offset=456
.Linfo_string22:
	.asciz	"status"                        @ string offset=458
.Linfo_string23:
	.asciz	"arm_sqrt_f32"                  @ string offset=465
.Linfo_string24:
	.asciz	"__sqrtf"                       @ string offset=478
.Linfo_string25:
	.asciz	"f"                             @ string offset=486
.Linfo_string26:
	.asciz	"arm_cmplx_conj_f16"            @ string offset=488
.Linfo_string27:
	.asciz	"arm_cmplx_dot_prod_f16"        @ string offset=507
.Linfo_string28:
	.asciz	"arm_cmplx_mag_f16"             @ string offset=530
.Linfo_string29:
	.asciz	"arm_cmplx_mag_squared_f16"     @ string offset=548
.Linfo_string30:
	.asciz	"arm_cmplx_mult_cmplx_f16"      @ string offset=574
.Linfo_string31:
	.asciz	"arm_cmplx_mult_real_f16"       @ string offset=599
.Linfo_string32:
	.asciz	"_sqrtf"                        @ string offset=623
.Linfo_string33:
	.asciz	"pSrc"                          @ string offset=630
.Linfo_string34:
	.asciz	"pDst"                          @ string offset=635
.Linfo_string35:
	.asciz	"numSamples"                    @ string offset=640
.Linfo_string36:
	.asciz	"unsigned int"                  @ string offset=651
.Linfo_string37:
	.asciz	"uint32_t"                      @ string offset=664
.Linfo_string38:
	.asciz	"blkCnt"                        @ string offset=673
.Linfo_string39:
	.asciz	"pSrcA"                         @ string offset=680
.Linfo_string40:
	.asciz	"pSrcB"                         @ string offset=686
.Linfo_string41:
	.asciz	"realResult"                    @ string offset=692
.Linfo_string42:
	.asciz	"imagResult"                    @ string offset=703
.Linfo_string43:
	.asciz	"real_sum"                      @ string offset=714
.Linfo_string44:
	.asciz	"imag_sum"                      @ string offset=723
.Linfo_string45:
	.asciz	"a0"                            @ string offset=732
.Linfo_string46:
	.asciz	"b0"                            @ string offset=735
.Linfo_string47:
	.asciz	"c0"                            @ string offset=738
.Linfo_string48:
	.asciz	"d0"                            @ string offset=741
.Linfo_string49:
	.asciz	"real"                          @ string offset=744
.Linfo_string50:
	.asciz	"imag"                          @ string offset=749
.Linfo_string51:
	.asciz	"a"                             @ string offset=754
.Linfo_string52:
	.asciz	"b"                             @ string offset=756
.Linfo_string53:
	.asciz	"c"                             @ string offset=758
.Linfo_string54:
	.asciz	"d"                             @ string offset=760
.Linfo_string55:
	.asciz	"pSrcCmplx"                     @ string offset=762
.Linfo_string56:
	.asciz	"pSrcReal"                      @ string offset=772
.Linfo_string57:
	.asciz	"pCmplxDst"                     @ string offset=781
.Linfo_string58:
	.asciz	"__x"                           @ string offset=791
	.ident	"Component: Arm Compiler for Embedded 6.24 Tool: armclang [5f371800]"
	.section	".note.GNU-stack","",%progbits
	.eabi_attribute	30, 6	@ Tag_ABI_optimization_goals
	.ARM_attribute	16, 1	@ Tag_AV_eba
	.section	.debug_line,"",%progbits
.Lline_table_start0:
