	.text
	.syntax unified
	.eabi_attribute	67, "2.09"	@ Tag_conformance
	.cpu	cortex-m7
	.eabi_attribute	6, 13	@ Tag_CPU_arch
	.eabi_attribute	7, 77	@ Tag_CPU_arch_profile
	.eabi_attribute	8, 0	@ Tag_ARM_ISA_use
	.eabi_attribute	9, 2	@ Tag_THUMB_ISA_use
	.fpu	fpv5-d16
	.eabi_attribute	36, 1	@ Tag_FP_HP_extension
	.eabi_attribute	34, 1	@ Tag_CPU_unaligned_access
	.eabi_attribute	17, 1	@ Tag_ABI_PCS_GOT_use
	.eabi_attribute	20, 2	@ Tag_ABI_FP_denormal
	.eabi_attribute	21, 0	@ Tag_ABI_FP_exceptions
	.eabi_attribute	23, 1	@ Tag_ABI_FP_number_model
	.eabi_attribute	24, 1	@ Tag_ABI_align_needed
	.eabi_attribute	25, 1	@ Tag_ABI_align_preserved
	.eabi_attribute	28, 1	@ Tag_ABI_VFP_args
	.eabi_attribute	38, 1	@ Tag_ABI_FP_16bit_format
	.eabi_attribute	18, 2	@ Tag_ABI_PCS_wchar_t
	.eabi_attribute	26, 1	@ Tag_ABI_enum_size
	.eabi_attribute	14, 0	@ Tag_ABI_PCS_R9_use
	.file	"InterpolationFunctionsF16.c"
	.file	1 "D:\\keil_1\\keil\\ARM\\ARMCLANG\\bin\\..\\include" "stdint.h"
	.section	.text.arm_bilinear_interp_f16,"ax",%progbits
	.hidden	arm_bilinear_interp_f16         @ -- Begin function arm_bilinear_interp_f16
	.globl	arm_bilinear_interp_f16
	.p2align	3
	.type	arm_bilinear_interp_f16,%function
	.code	16                              @ @arm_bilinear_interp_f16
	.thumb_func
arm_bilinear_interp_f16:
.Lfunc_begin0:
	.file	2 "D:/keil_1/keilpacks/ARM/CMSIS-DSP/1.16.2/Source/InterpolationFunctions" "arm_bilinear_interp_f16.c"
	.loc	2 57 0                          @ D:/keil_1/keilpacks/ARM/CMSIS-DSP/1.16.2/Source/InterpolationFunctions\arm_bilinear_interp_f16.c:57:0
	.fnstart
	.cfi_sections .debug_frame
	.cfi_startproc
@ %bb.0:
	.pad	#52
	sub	sp, #52
	.cfi_def_cfa_offset 52
	mov	r2, r0
	vmov	r0, s1
	vmov	r1, s0
	str	r2, [sp, #44]
	strh.w	r1, [sp, #42]
	strh.w	r0, [sp, #40]
.Ltmp0:
	.loc	2 60 30 prologue_end            @ D:/keil_1/keilpacks/ARM/CMSIS-DSP/1.16.2/Source/InterpolationFunctions\arm_bilinear_interp_f16.c:60:30
	ldr	r0, [sp, #44]
	.loc	2 60 33 is_stmt 0               @ D:/keil_1/keilpacks/ARM/CMSIS-DSP/1.16.2/Source/InterpolationFunctions\arm_bilinear_interp_f16.c:60:33
	ldr	r0, [r0, #4]
	.loc	2 60 22                         @ D:/keil_1/keilpacks/ARM/CMSIS-DSP/1.16.2/Source/InterpolationFunctions\arm_bilinear_interp_f16.c:60:22
	str	r0, [sp, #24]
	.loc	2 65 24 is_stmt 1               @ D:/keil_1/keilpacks/ARM/CMSIS-DSP/1.16.2/Source/InterpolationFunctions\arm_bilinear_interp_f16.c:65:24
	ldrh.w	r0, [sp, #42]
	.loc	2 65 14 is_stmt 0               @ D:/keil_1/keilpacks/ARM/CMSIS-DSP/1.16.2/Source/InterpolationFunctions\arm_bilinear_interp_f16.c:65:14
	vmov	s0, r0
	vcvtb.f32.f16	s0, s0
	.loc	2 65 12                         @ D:/keil_1/keilpacks/ARM/CMSIS-DSP/1.16.2/Source/InterpolationFunctions\arm_bilinear_interp_f16.c:65:12
	vcvt.s32.f32	s0, s0
	vstr	s0, [sp, #20]
	.loc	2 66 24 is_stmt 1               @ D:/keil_1/keilpacks/ARM/CMSIS-DSP/1.16.2/Source/InterpolationFunctions\arm_bilinear_interp_f16.c:66:24
	ldrh.w	r0, [sp, #40]
	.loc	2 66 14 is_stmt 0               @ D:/keil_1/keilpacks/ARM/CMSIS-DSP/1.16.2/Source/InterpolationFunctions\arm_bilinear_interp_f16.c:66:14
	vmov	s0, r0
	vcvtb.f32.f16	s0, s0
	.loc	2 66 12                         @ D:/keil_1/keilpacks/ARM/CMSIS-DSP/1.16.2/Source/InterpolationFunctions\arm_bilinear_interp_f16.c:66:12
	vcvt.s32.f32	s0, s0
	vstr	s0, [sp, #16]
.Ltmp1:
	.loc	2 70 9 is_stmt 1                @ D:/keil_1/keilpacks/ARM/CMSIS-DSP/1.16.2/Source/InterpolationFunctions\arm_bilinear_interp_f16.c:70:9
	ldr	r0, [sp, #20]
	.loc	2 70 20 is_stmt 0               @ D:/keil_1/keilpacks/ARM/CMSIS-DSP/1.16.2/Source/InterpolationFunctions\arm_bilinear_interp_f16.c:70:20
	cmp	r0, #0
	bmi	.LBB0_4
	b	.LBB0_1
.LBB0_1:
	.loc	2 70 23                         @ D:/keil_1/keilpacks/ARM/CMSIS-DSP/1.16.2/Source/InterpolationFunctions\arm_bilinear_interp_f16.c:70:23
	ldr	r0, [sp, #20]
	.loc	2 70 33                         @ D:/keil_1/keilpacks/ARM/CMSIS-DSP/1.16.2/Source/InterpolationFunctions\arm_bilinear_interp_f16.c:70:33
	ldr	r1, [sp, #44]
	.loc	2 70 36                         @ D:/keil_1/keilpacks/ARM/CMSIS-DSP/1.16.2/Source/InterpolationFunctions\arm_bilinear_interp_f16.c:70:36
	ldrh	r1, [r1, #2]
	.loc	2 70 44                         @ D:/keil_1/keilpacks/ARM/CMSIS-DSP/1.16.2/Source/InterpolationFunctions\arm_bilinear_interp_f16.c:70:44
	subs	r1, #2
	.loc	2 70 49                         @ D:/keil_1/keilpacks/ARM/CMSIS-DSP/1.16.2/Source/InterpolationFunctions\arm_bilinear_interp_f16.c:70:49
	cmp	r0, r1
	bgt	.LBB0_4
	b	.LBB0_2
.LBB0_2:
	.loc	2 70 52                         @ D:/keil_1/keilpacks/ARM/CMSIS-DSP/1.16.2/Source/InterpolationFunctions\arm_bilinear_interp_f16.c:70:52
	ldr	r0, [sp, #16]
	.loc	2 70 63                         @ D:/keil_1/keilpacks/ARM/CMSIS-DSP/1.16.2/Source/InterpolationFunctions\arm_bilinear_interp_f16.c:70:63
	cmp	r0, #0
	bmi	.LBB0_4
	b	.LBB0_3
.LBB0_3:
	.loc	2 70 66                         @ D:/keil_1/keilpacks/ARM/CMSIS-DSP/1.16.2/Source/InterpolationFunctions\arm_bilinear_interp_f16.c:70:66
	ldr	r0, [sp, #16]
	.loc	2 70 76                         @ D:/keil_1/keilpacks/ARM/CMSIS-DSP/1.16.2/Source/InterpolationFunctions\arm_bilinear_interp_f16.c:70:76
	ldr	r1, [sp, #44]
	.loc	2 70 79                         @ D:/keil_1/keilpacks/ARM/CMSIS-DSP/1.16.2/Source/InterpolationFunctions\arm_bilinear_interp_f16.c:70:79
	ldrh	r1, [r1]
	.loc	2 70 87                         @ D:/keil_1/keilpacks/ARM/CMSIS-DSP/1.16.2/Source/InterpolationFunctions\arm_bilinear_interp_f16.c:70:87
	subs	r1, #2
.Ltmp2:
	.loc	2 70 9                          @ D:/keil_1/keilpacks/ARM/CMSIS-DSP/1.16.2/Source/InterpolationFunctions\arm_bilinear_interp_f16.c:70:9
	cmp	r0, r1
	ble	.LBB0_5
	b	.LBB0_4
.LBB0_4:
	.loc	2 0 9                           @ D:/keil_1/keilpacks/ARM/CMSIS-DSP/1.16.2/Source/InterpolationFunctions\arm_bilinear_interp_f16.c:0:9
	movs	r0, #0
.Ltmp3:
	.loc	2 72 7 is_stmt 1                @ D:/keil_1/keilpacks/ARM/CMSIS-DSP/1.16.2/Source/InterpolationFunctions\arm_bilinear_interp_f16.c:72:7
	strh.w	r0, [sp, #50]
	b	.LBB0_6
.Ltmp4:
.LBB0_5:
	.loc	2 76 14                         @ D:/keil_1/keilpacks/ARM/CMSIS-DSP/1.16.2/Source/InterpolationFunctions\arm_bilinear_interp_f16.c:76:14
	ldr	r2, [sp, #20]
	.loc	2 76 26 is_stmt 0               @ D:/keil_1/keilpacks/ARM/CMSIS-DSP/1.16.2/Source/InterpolationFunctions\arm_bilinear_interp_f16.c:76:26
	ldr	r0, [sp, #16]
	.loc	2 76 37                         @ D:/keil_1/keilpacks/ARM/CMSIS-DSP/1.16.2/Source/InterpolationFunctions\arm_bilinear_interp_f16.c:76:37
	ldr	r1, [sp, #44]
	.loc	2 76 40                         @ D:/keil_1/keilpacks/ARM/CMSIS-DSP/1.16.2/Source/InterpolationFunctions\arm_bilinear_interp_f16.c:76:40
	ldrh	r1, [r1, #2]
	.loc	2 76 23                         @ D:/keil_1/keilpacks/ARM/CMSIS-DSP/1.16.2/Source/InterpolationFunctions\arm_bilinear_interp_f16.c:76:23
	mla	r0, r0, r1, r2
	.loc	2 76 11                         @ D:/keil_1/keilpacks/ARM/CMSIS-DSP/1.16.2/Source/InterpolationFunctions\arm_bilinear_interp_f16.c:76:11
	str	r0, [sp, #12]
	.loc	2 80 11 is_stmt 1               @ D:/keil_1/keilpacks/ARM/CMSIS-DSP/1.16.2/Source/InterpolationFunctions\arm_bilinear_interp_f16.c:80:11
	ldr	r0, [sp, #24]
	.loc	2 80 17 is_stmt 0               @ D:/keil_1/keilpacks/ARM/CMSIS-DSP/1.16.2/Source/InterpolationFunctions\arm_bilinear_interp_f16.c:80:17
	ldr	r1, [sp, #12]
	.loc	2 80 11                         @ D:/keil_1/keilpacks/ARM/CMSIS-DSP/1.16.2/Source/InterpolationFunctions\arm_bilinear_interp_f16.c:80:11
	ldrh.w	r0, [r0, r1, lsl #1]
	.loc	2 80 9                          @ D:/keil_1/keilpacks/ARM/CMSIS-DSP/1.16.2/Source/InterpolationFunctions\arm_bilinear_interp_f16.c:80:9
	strh.w	r0, [sp, #36]
	.loc	2 81 11 is_stmt 1               @ D:/keil_1/keilpacks/ARM/CMSIS-DSP/1.16.2/Source/InterpolationFunctions\arm_bilinear_interp_f16.c:81:11
	ldr	r0, [sp, #24]
	.loc	2 81 17 is_stmt 0               @ D:/keil_1/keilpacks/ARM/CMSIS-DSP/1.16.2/Source/InterpolationFunctions\arm_bilinear_interp_f16.c:81:17
	ldr	r1, [sp, #12]
	.loc	2 81 11                         @ D:/keil_1/keilpacks/ARM/CMSIS-DSP/1.16.2/Source/InterpolationFunctions\arm_bilinear_interp_f16.c:81:11
	add.w	r0, r0, r1, lsl #1
	ldrh	r0, [r0, #2]
	.loc	2 81 9                          @ D:/keil_1/keilpacks/ARM/CMSIS-DSP/1.16.2/Source/InterpolationFunctions\arm_bilinear_interp_f16.c:81:9
	strh.w	r0, [sp, #34]
	.loc	2 84 14 is_stmt 1               @ D:/keil_1/keilpacks/ARM/CMSIS-DSP/1.16.2/Source/InterpolationFunctions\arm_bilinear_interp_f16.c:84:14
	ldr	r2, [sp, #20]
	.loc	2 84 26 is_stmt 0               @ D:/keil_1/keilpacks/ARM/CMSIS-DSP/1.16.2/Source/InterpolationFunctions\arm_bilinear_interp_f16.c:84:26
	ldr	r0, [sp, #16]
	.loc	2 84 32                         @ D:/keil_1/keilpacks/ARM/CMSIS-DSP/1.16.2/Source/InterpolationFunctions\arm_bilinear_interp_f16.c:84:32
	adds	r0, #1
	.loc	2 84 38                         @ D:/keil_1/keilpacks/ARM/CMSIS-DSP/1.16.2/Source/InterpolationFunctions\arm_bilinear_interp_f16.c:84:38
	ldr	r1, [sp, #44]
	.loc	2 84 41                         @ D:/keil_1/keilpacks/ARM/CMSIS-DSP/1.16.2/Source/InterpolationFunctions\arm_bilinear_interp_f16.c:84:41
	ldrh	r1, [r1, #2]
	.loc	2 84 23                         @ D:/keil_1/keilpacks/ARM/CMSIS-DSP/1.16.2/Source/InterpolationFunctions\arm_bilinear_interp_f16.c:84:23
	mla	r0, r0, r1, r2
	.loc	2 84 11                         @ D:/keil_1/keilpacks/ARM/CMSIS-DSP/1.16.2/Source/InterpolationFunctions\arm_bilinear_interp_f16.c:84:11
	str	r0, [sp, #12]
	.loc	2 88 11 is_stmt 1               @ D:/keil_1/keilpacks/ARM/CMSIS-DSP/1.16.2/Source/InterpolationFunctions\arm_bilinear_interp_f16.c:88:11
	ldr	r0, [sp, #24]
	.loc	2 88 17 is_stmt 0               @ D:/keil_1/keilpacks/ARM/CMSIS-DSP/1.16.2/Source/InterpolationFunctions\arm_bilinear_interp_f16.c:88:17
	ldr	r1, [sp, #12]
	.loc	2 88 11                         @ D:/keil_1/keilpacks/ARM/CMSIS-DSP/1.16.2/Source/InterpolationFunctions\arm_bilinear_interp_f16.c:88:11
	ldrh.w	r0, [r0, r1, lsl #1]
	.loc	2 88 9                          @ D:/keil_1/keilpacks/ARM/CMSIS-DSP/1.16.2/Source/InterpolationFunctions\arm_bilinear_interp_f16.c:88:9
	strh.w	r0, [sp, #32]
	.loc	2 89 11 is_stmt 1               @ D:/keil_1/keilpacks/ARM/CMSIS-DSP/1.16.2/Source/InterpolationFunctions\arm_bilinear_interp_f16.c:89:11
	ldr	r0, [sp, #24]
	.loc	2 89 17 is_stmt 0               @ D:/keil_1/keilpacks/ARM/CMSIS-DSP/1.16.2/Source/InterpolationFunctions\arm_bilinear_interp_f16.c:89:17
	ldr	r1, [sp, #12]
	.loc	2 89 11                         @ D:/keil_1/keilpacks/ARM/CMSIS-DSP/1.16.2/Source/InterpolationFunctions\arm_bilinear_interp_f16.c:89:11
	add.w	r0, r0, r1, lsl #1
	ldrh	r0, [r0, #2]
	.loc	2 89 9                          @ D:/keil_1/keilpacks/ARM/CMSIS-DSP/1.16.2/Source/InterpolationFunctions\arm_bilinear_interp_f16.c:89:9
	strh.w	r0, [sp, #30]
	.loc	2 92 10 is_stmt 1               @ D:/keil_1/keilpacks/ARM/CMSIS-DSP/1.16.2/Source/InterpolationFunctions\arm_bilinear_interp_f16.c:92:10
	ldrh.w	r0, [sp, #36]
	.loc	2 92 8 is_stmt 0                @ D:/keil_1/keilpacks/ARM/CMSIS-DSP/1.16.2/Source/InterpolationFunctions\arm_bilinear_interp_f16.c:92:8
	strh.w	r0, [sp, #6]
	.loc	2 93 20 is_stmt 1               @ D:/keil_1/keilpacks/ARM/CMSIS-DSP/1.16.2/Source/InterpolationFunctions\arm_bilinear_interp_f16.c:93:20
	ldrh.w	r0, [sp, #34]
	.loc	2 93 24 is_stmt 0               @ D:/keil_1/keilpacks/ARM/CMSIS-DSP/1.16.2/Source/InterpolationFunctions\arm_bilinear_interp_f16.c:93:24
	vmov	s0, r0
	vcvtb.f32.f16	s0, s0
	.loc	2 93 36                         @ D:/keil_1/keilpacks/ARM/CMSIS-DSP/1.16.2/Source/InterpolationFunctions\arm_bilinear_interp_f16.c:93:36
	ldrh.w	r0, [sp, #36]
	.loc	2 93 24                         @ D:/keil_1/keilpacks/ARM/CMSIS-DSP/1.16.2/Source/InterpolationFunctions\arm_bilinear_interp_f16.c:93:24
	vmov	s2, r0
	vcvtb.f32.f16	s2, s2
	vsub.f32	s2, s0, s2
                                        @ implicit-def: $s0
	vcvtb.f16.f32	s0, s2
	vmov	r0, s0
	.loc	2 93 8                          @ D:/keil_1/keilpacks/ARM/CMSIS-DSP/1.16.2/Source/InterpolationFunctions\arm_bilinear_interp_f16.c:93:8
	strh.w	r0, [sp, #4]
	.loc	2 94 20 is_stmt 1               @ D:/keil_1/keilpacks/ARM/CMSIS-DSP/1.16.2/Source/InterpolationFunctions\arm_bilinear_interp_f16.c:94:20
	ldrh.w	r0, [sp, #32]
	.loc	2 94 24 is_stmt 0               @ D:/keil_1/keilpacks/ARM/CMSIS-DSP/1.16.2/Source/InterpolationFunctions\arm_bilinear_interp_f16.c:94:24
	vmov	s0, r0
	vcvtb.f32.f16	s0, s0
	.loc	2 94 36                         @ D:/keil_1/keilpacks/ARM/CMSIS-DSP/1.16.2/Source/InterpolationFunctions\arm_bilinear_interp_f16.c:94:36
	ldrh.w	r0, [sp, #36]
	.loc	2 94 24                         @ D:/keil_1/keilpacks/ARM/CMSIS-DSP/1.16.2/Source/InterpolationFunctions\arm_bilinear_interp_f16.c:94:24
	vmov	s2, r0
	vcvtb.f32.f16	s2, s2
	vsub.f32	s2, s0, s2
                                        @ implicit-def: $s0
	vcvtb.f16.f32	s0, s2
	vmov	r0, s0
	.loc	2 94 8                          @ D:/keil_1/keilpacks/ARM/CMSIS-DSP/1.16.2/Source/InterpolationFunctions\arm_bilinear_interp_f16.c:94:8
	strh.w	r0, [sp, #2]
	.loc	2 95 20 is_stmt 1               @ D:/keil_1/keilpacks/ARM/CMSIS-DSP/1.16.2/Source/InterpolationFunctions\arm_bilinear_interp_f16.c:95:20
	ldrh.w	r0, [sp, #36]
	.loc	2 95 56 is_stmt 0               @ D:/keil_1/keilpacks/ARM/CMSIS-DSP/1.16.2/Source/InterpolationFunctions\arm_bilinear_interp_f16.c:95:56
	vmov	s0, r0
	vcvtb.f32.f16	s0, s0
	.loc	2 95 36                         @ D:/keil_1/keilpacks/ARM/CMSIS-DSP/1.16.2/Source/InterpolationFunctions\arm_bilinear_interp_f16.c:95:36
	ldrh.w	r0, [sp, #34]
	.loc	2 95 56                         @ D:/keil_1/keilpacks/ARM/CMSIS-DSP/1.16.2/Source/InterpolationFunctions\arm_bilinear_interp_f16.c:95:56
	vmov	s2, r0
	vcvtb.f32.f16	s2, s2
	vsub.f32	s0, s0, s2
	.loc	2 95 52                         @ D:/keil_1/keilpacks/ARM/CMSIS-DSP/1.16.2/Source/InterpolationFunctions\arm_bilinear_interp_f16.c:95:52
	ldrh.w	r0, [sp, #32]
	.loc	2 95 56                         @ D:/keil_1/keilpacks/ARM/CMSIS-DSP/1.16.2/Source/InterpolationFunctions\arm_bilinear_interp_f16.c:95:56
	vmov	s2, r0
	vcvtb.f32.f16	s2, s2
	vsub.f32	s0, s0, s2
	.loc	2 95 68                         @ D:/keil_1/keilpacks/ARM/CMSIS-DSP/1.16.2/Source/InterpolationFunctions\arm_bilinear_interp_f16.c:95:68
	ldrh.w	r0, [sp, #30]
	.loc	2 95 56                         @ D:/keil_1/keilpacks/ARM/CMSIS-DSP/1.16.2/Source/InterpolationFunctions\arm_bilinear_interp_f16.c:95:56
	vmov	s2, r0
	vcvtb.f32.f16	s2, s2
	vadd.f32	s2, s0, s2
                                        @ implicit-def: $s0
	vcvtb.f16.f32	s0, s2
	vmov	r0, s0
	.loc	2 95 8                          @ D:/keil_1/keilpacks/ARM/CMSIS-DSP/1.16.2/Source/InterpolationFunctions\arm_bilinear_interp_f16.c:95:8
	strh.w	r0, [sp]
	.loc	2 98 23 is_stmt 1               @ D:/keil_1/keilpacks/ARM/CMSIS-DSP/1.16.2/Source/InterpolationFunctions\arm_bilinear_interp_f16.c:98:23
	ldrh.w	r0, [sp, #42]
	.loc	2 98 25 is_stmt 0               @ D:/keil_1/keilpacks/ARM/CMSIS-DSP/1.16.2/Source/InterpolationFunctions\arm_bilinear_interp_f16.c:98:25
	vmov	s0, r0
	vcvtb.f32.f16	s0, s0
	.loc	2 98 27                         @ D:/keil_1/keilpacks/ARM/CMSIS-DSP/1.16.2/Source/InterpolationFunctions\arm_bilinear_interp_f16.c:98:27
	vldr	s2, [sp, #20]
	vcvt.f32.s32	s4, s2
                                        @ implicit-def: $s2
	vcvtb.f16.f32	s2, s4
	vmov	r0, s2
	.loc	2 98 25                         @ D:/keil_1/keilpacks/ARM/CMSIS-DSP/1.16.2/Source/InterpolationFunctions\arm_bilinear_interp_f16.c:98:25
	vmov	s2, r0
	vcvtb.f32.f16	s2, s2
	vsub.f32	s2, s0, s2
                                        @ implicit-def: $s0
	vcvtb.f16.f32	s0, s2
	vmov	r0, s0
	.loc	2 98 11                         @ D:/keil_1/keilpacks/ARM/CMSIS-DSP/1.16.2/Source/InterpolationFunctions\arm_bilinear_interp_f16.c:98:11
	strh.w	r0, [sp, #10]
	.loc	2 101 23 is_stmt 1              @ D:/keil_1/keilpacks/ARM/CMSIS-DSP/1.16.2/Source/InterpolationFunctions\arm_bilinear_interp_f16.c:101:23
	ldrh.w	r0, [sp, #40]
	.loc	2 101 25 is_stmt 0              @ D:/keil_1/keilpacks/ARM/CMSIS-DSP/1.16.2/Source/InterpolationFunctions\arm_bilinear_interp_f16.c:101:25
	vmov	s0, r0
	vcvtb.f32.f16	s0, s0
	.loc	2 101 27                        @ D:/keil_1/keilpacks/ARM/CMSIS-DSP/1.16.2/Source/InterpolationFunctions\arm_bilinear_interp_f16.c:101:27
	vldr	s2, [sp, #16]
	vcvt.f32.s32	s4, s2
                                        @ implicit-def: $s2
	vcvtb.f16.f32	s2, s4
	vmov	r0, s2
	.loc	2 101 25                        @ D:/keil_1/keilpacks/ARM/CMSIS-DSP/1.16.2/Source/InterpolationFunctions\arm_bilinear_interp_f16.c:101:25
	vmov	s2, r0
	vcvtb.f32.f16	s2, s2
	vsub.f32	s2, s0, s2
                                        @ implicit-def: $s0
	vcvtb.f16.f32	s0, s2
	vmov	r0, s0
	.loc	2 101 11                        @ D:/keil_1/keilpacks/ARM/CMSIS-DSP/1.16.2/Source/InterpolationFunctions\arm_bilinear_interp_f16.c:101:11
	strh.w	r0, [sp, #8]
	.loc	2 104 21 is_stmt 1              @ D:/keil_1/keilpacks/ARM/CMSIS-DSP/1.16.2/Source/InterpolationFunctions\arm_bilinear_interp_f16.c:104:21
	ldrh.w	r0, [sp, #6]
	.loc	2 105 36                        @ D:/keil_1/keilpacks/ARM/CMSIS-DSP/1.16.2/Source/InterpolationFunctions\arm_bilinear_interp_f16.c:105:36
	vmov	s0, r0
	vcvtb.f32.f16	s2, s0
	.loc	2 104 36                        @ D:/keil_1/keilpacks/ARM/CMSIS-DSP/1.16.2/Source/InterpolationFunctions\arm_bilinear_interp_f16.c:104:36
	ldrh.w	r0, [sp, #4]
	.loc	2 105 36                        @ D:/keil_1/keilpacks/ARM/CMSIS-DSP/1.16.2/Source/InterpolationFunctions\arm_bilinear_interp_f16.c:105:36
	vmov	s0, r0
	vcvtb.f32.f16	s0, s0
	.loc	2 104 51                        @ D:/keil_1/keilpacks/ARM/CMSIS-DSP/1.16.2/Source/InterpolationFunctions\arm_bilinear_interp_f16.c:104:51
	ldrh.w	r0, [sp, #10]
	.loc	2 105 36                        @ D:/keil_1/keilpacks/ARM/CMSIS-DSP/1.16.2/Source/InterpolationFunctions\arm_bilinear_interp_f16.c:105:36
	vmov	s4, r0
	vcvtb.f32.f16	s6, s4
	vfma.f32	s2, s0, s6
	.loc	2 105 15 is_stmt 0              @ D:/keil_1/keilpacks/ARM/CMSIS-DSP/1.16.2/Source/InterpolationFunctions\arm_bilinear_interp_f16.c:105:15
	ldrh.w	r0, [sp, #2]
	.loc	2 105 36                        @ D:/keil_1/keilpacks/ARM/CMSIS-DSP/1.16.2/Source/InterpolationFunctions\arm_bilinear_interp_f16.c:105:36
	vmov	s0, r0
	vcvtb.f32.f16	s0, s0
	.loc	2 105 30                        @ D:/keil_1/keilpacks/ARM/CMSIS-DSP/1.16.2/Source/InterpolationFunctions\arm_bilinear_interp_f16.c:105:30
	ldrh.w	r0, [sp, #8]
	.loc	2 105 36                        @ D:/keil_1/keilpacks/ARM/CMSIS-DSP/1.16.2/Source/InterpolationFunctions\arm_bilinear_interp_f16.c:105:36
	vmov	s4, r0
	vcvtb.f32.f16	s4, s4
	vfma.f32	s2, s0, s4
	.loc	2 105 48                        @ D:/keil_1/keilpacks/ARM/CMSIS-DSP/1.16.2/Source/InterpolationFunctions\arm_bilinear_interp_f16.c:105:48
	ldrh.w	r0, [sp]
	.loc	2 105 36                        @ D:/keil_1/keilpacks/ARM/CMSIS-DSP/1.16.2/Source/InterpolationFunctions\arm_bilinear_interp_f16.c:105:36
	vmov	s0, r0
	vcvtb.f32.f16	s0, s0
	vmul.f32	s0, s0, s6
	vfma.f32	s2, s0, s4
                                        @ implicit-def: $s0
	vcvtb.f16.f32	s0, s2
	vmov	r0, s0
	.loc	2 104 9 is_stmt 1               @ D:/keil_1/keilpacks/ARM/CMSIS-DSP/1.16.2/Source/InterpolationFunctions\arm_bilinear_interp_f16.c:104:9
	strh.w	r0, [sp, #38]
	.loc	2 108 13                        @ D:/keil_1/keilpacks/ARM/CMSIS-DSP/1.16.2/Source/InterpolationFunctions\arm_bilinear_interp_f16.c:108:13
	ldrh.w	r0, [sp, #38]
	.loc	2 108 5 is_stmt 0               @ D:/keil_1/keilpacks/ARM/CMSIS-DSP/1.16.2/Source/InterpolationFunctions\arm_bilinear_interp_f16.c:108:5
	strh.w	r0, [sp, #50]
	b	.LBB0_6
.LBB0_6:
	.loc	2 109 3 is_stmt 1               @ D:/keil_1/keilpacks/ARM/CMSIS-DSP/1.16.2/Source/InterpolationFunctions\arm_bilinear_interp_f16.c:109:3
	ldrh.w	r0, [sp, #50]
	vmov	s0, r0
	.loc	2 109 3 epilogue_begin is_stmt 0 @ D:/keil_1/keilpacks/ARM/CMSIS-DSP/1.16.2/Source/InterpolationFunctions\arm_bilinear_interp_f16.c:109:3
	add	sp, #52
	bx	lr
.Ltmp5:
.Lfunc_end0:
	.size	arm_bilinear_interp_f16, .Lfunc_end0-arm_bilinear_interp_f16
	.cfi_endproc
	.cantunwind
	.fnend
                                        @ -- End function
	.section	.text.arm_linear_interp_f16,"ax",%progbits
	.hidden	arm_linear_interp_f16           @ -- Begin function arm_linear_interp_f16
	.globl	arm_linear_interp_f16
	.p2align	3
	.type	arm_linear_interp_f16,%function
	.code	16                              @ @arm_linear_interp_f16
	.thumb_func
arm_linear_interp_f16:
.Lfunc_begin1:
	.file	3 "D:/keil_1/keilpacks/ARM/CMSIS-DSP/1.16.2/Source/InterpolationFunctions" "arm_linear_interp_f16.c"
	.loc	3 54 0 is_stmt 1                @ D:/keil_1/keilpacks/ARM/CMSIS-DSP/1.16.2/Source/InterpolationFunctions\arm_linear_interp_f16.c:54:0
	.fnstart
	.cfi_startproc
@ %bb.0:
	.pad	#28
	sub	sp, #28
	.cfi_def_cfa_offset 28
	mov	r1, r0
	vmov	r0, s0
	str	r1, [sp, #24]
	strh.w	r0, [sp, #22]
.Ltmp6:
	.loc	3 58 26 prologue_end            @ D:/keil_1/keilpacks/ARM/CMSIS-DSP/1.16.2/Source/InterpolationFunctions\arm_linear_interp_f16.c:58:26
	ldr	r0, [sp, #24]
	.loc	3 58 29 is_stmt 0               @ D:/keil_1/keilpacks/ARM/CMSIS-DSP/1.16.2/Source/InterpolationFunctions\arm_linear_interp_f16.c:58:29
	ldrh	r0, [r0, #6]
	.loc	3 58 15                         @ D:/keil_1/keilpacks/ARM/CMSIS-DSP/1.16.2/Source/InterpolationFunctions\arm_linear_interp_f16.c:58:15
	strh.w	r0, [sp, #10]
	.loc	3 60 31 is_stmt 1               @ D:/keil_1/keilpacks/ARM/CMSIS-DSP/1.16.2/Source/InterpolationFunctions\arm_linear_interp_f16.c:60:31
	ldr	r0, [sp, #24]
	.loc	3 60 34 is_stmt 0               @ D:/keil_1/keilpacks/ARM/CMSIS-DSP/1.16.2/Source/InterpolationFunctions\arm_linear_interp_f16.c:60:34
	ldr	r0, [r0, #8]
	.loc	3 60 22                         @ D:/keil_1/keilpacks/ARM/CMSIS-DSP/1.16.2/Source/InterpolationFunctions\arm_linear_interp_f16.c:60:22
	str	r0, [sp]
	.loc	3 63 31 is_stmt 1               @ D:/keil_1/keilpacks/ARM/CMSIS-DSP/1.16.2/Source/InterpolationFunctions\arm_linear_interp_f16.c:63:31
	ldrh.w	r0, [sp, #22]
	.loc	3 63 52 is_stmt 0               @ D:/keil_1/keilpacks/ARM/CMSIS-DSP/1.16.2/Source/InterpolationFunctions\arm_linear_interp_f16.c:63:52
	vmov	s0, r0
	vcvtb.f32.f16	s0, s0
	.loc	3 63 45                         @ D:/keil_1/keilpacks/ARM/CMSIS-DSP/1.16.2/Source/InterpolationFunctions\arm_linear_interp_f16.c:63:45
	ldr	r0, [sp, #24]
	.loc	3 63 48                         @ D:/keil_1/keilpacks/ARM/CMSIS-DSP/1.16.2/Source/InterpolationFunctions\arm_linear_interp_f16.c:63:48
	ldrh	r0, [r0, #4]
	.loc	3 63 52                         @ D:/keil_1/keilpacks/ARM/CMSIS-DSP/1.16.2/Source/InterpolationFunctions\arm_linear_interp_f16.c:63:52
	vmov	s2, r0
	vcvtb.f32.f16	s2, s2
	vsub.f32	s0, s0, s2
	.loc	3 63 64                         @ D:/keil_1/keilpacks/ARM/CMSIS-DSP/1.16.2/Source/InterpolationFunctions\arm_linear_interp_f16.c:63:64
	ldrh.w	r0, [sp, #10]
	.loc	3 63 52                         @ D:/keil_1/keilpacks/ARM/CMSIS-DSP/1.16.2/Source/InterpolationFunctions\arm_linear_interp_f16.c:63:52
	vmov	s2, r0
	vcvtb.f32.f16	s2, s2
	vdiv.f32	s2, s0, s2
                                        @ implicit-def: $s0
	vcvtb.f16.f32	s0, s2
	vmov	r0, s0
	.loc	3 63 9                          @ D:/keil_1/keilpacks/ARM/CMSIS-DSP/1.16.2/Source/InterpolationFunctions\arm_linear_interp_f16.c:63:9
	vmov	s0, r0
	vcvtb.f32.f16	s0, s0
	.loc	3 63 7                          @ D:/keil_1/keilpacks/ARM/CMSIS-DSP/1.16.2/Source/InterpolationFunctions\arm_linear_interp_f16.c:63:7
	vcvt.s32.f32	s0, s0
	vstr	s0, [sp, #4]
.Ltmp7:
	.loc	3 65 20 is_stmt 1               @ D:/keil_1/keilpacks/ARM/CMSIS-DSP/1.16.2/Source/InterpolationFunctions\arm_linear_interp_f16.c:65:20
	ldrh.w	r1, [sp, #22]
	.loc	3 65 34 is_stmt 0               @ D:/keil_1/keilpacks/ARM/CMSIS-DSP/1.16.2/Source/InterpolationFunctions\arm_linear_interp_f16.c:65:34
	ldr	r0, [sp, #24]
	.loc	3 65 37                         @ D:/keil_1/keilpacks/ARM/CMSIS-DSP/1.16.2/Source/InterpolationFunctions\arm_linear_interp_f16.c:65:37
	ldrh	r0, [r0, #4]
	.loc	3 65 22                         @ D:/keil_1/keilpacks/ARM/CMSIS-DSP/1.16.2/Source/InterpolationFunctions\arm_linear_interp_f16.c:65:22
	vmov	s0, r1
	vcvtb.f32.f16	s0, s0
	vmov	s2, r0
	vcvtb.f32.f16	s2, s2
.Ltmp8:
	.loc	3 65 9                          @ D:/keil_1/keilpacks/ARM/CMSIS-DSP/1.16.2/Source/InterpolationFunctions\arm_linear_interp_f16.c:65:9
	vcmp.f32	s0, s2
	vmrs	APSR_nzcv, fpscr
	bge	.LBB1_2
	b	.LBB1_1
.LBB1_1:
.Ltmp9:
	.loc	3 68 11 is_stmt 1               @ D:/keil_1/keilpacks/ARM/CMSIS-DSP/1.16.2/Source/InterpolationFunctions\arm_linear_interp_f16.c:68:11
	ldr	r0, [sp]
	ldrh	r0, [r0]
	.loc	3 68 9 is_stmt 0                @ D:/keil_1/keilpacks/ARM/CMSIS-DSP/1.16.2/Source/InterpolationFunctions\arm_linear_interp_f16.c:68:9
	strh.w	r0, [sp, #20]
	.loc	3 69 5 is_stmt 1                @ D:/keil_1/keilpacks/ARM/CMSIS-DSP/1.16.2/Source/InterpolationFunctions\arm_linear_interp_f16.c:69:5
	b	.LBB1_6
.Ltmp10:
.LBB1_2:
	.loc	3 70 24                         @ D:/keil_1/keilpacks/ARM/CMSIS-DSP/1.16.2/Source/InterpolationFunctions\arm_linear_interp_f16.c:70:24
	ldr	r0, [sp, #4]
	.loc	3 70 30 is_stmt 0               @ D:/keil_1/keilpacks/ARM/CMSIS-DSP/1.16.2/Source/InterpolationFunctions\arm_linear_interp_f16.c:70:30
	ldr	r1, [sp, #24]
	.loc	3 70 33                         @ D:/keil_1/keilpacks/ARM/CMSIS-DSP/1.16.2/Source/InterpolationFunctions\arm_linear_interp_f16.c:70:33
	ldr	r1, [r1]
	.loc	3 70 41                         @ D:/keil_1/keilpacks/ARM/CMSIS-DSP/1.16.2/Source/InterpolationFunctions\arm_linear_interp_f16.c:70:41
	subs	r1, #1
.Ltmp11:
	.loc	3 70 14                         @ D:/keil_1/keilpacks/ARM/CMSIS-DSP/1.16.2/Source/InterpolationFunctions\arm_linear_interp_f16.c:70:14
	cmp	r0, r1
	blo	.LBB1_4
	b	.LBB1_3
.LBB1_3:
.Ltmp12:
	.loc	3 73 11 is_stmt 1               @ D:/keil_1/keilpacks/ARM/CMSIS-DSP/1.16.2/Source/InterpolationFunctions\arm_linear_interp_f16.c:73:11
	ldr	r0, [sp]
	.loc	3 73 18 is_stmt 0               @ D:/keil_1/keilpacks/ARM/CMSIS-DSP/1.16.2/Source/InterpolationFunctions\arm_linear_interp_f16.c:73:18
	ldr	r1, [sp, #24]
	.loc	3 73 21                         @ D:/keil_1/keilpacks/ARM/CMSIS-DSP/1.16.2/Source/InterpolationFunctions\arm_linear_interp_f16.c:73:21
	ldr	r1, [r1]
	.loc	3 73 11                         @ D:/keil_1/keilpacks/ARM/CMSIS-DSP/1.16.2/Source/InterpolationFunctions\arm_linear_interp_f16.c:73:11
	add.w	r0, r0, r1, lsl #1
	ldrh	r0, [r0, #-2]
	.loc	3 73 9                          @ D:/keil_1/keilpacks/ARM/CMSIS-DSP/1.16.2/Source/InterpolationFunctions\arm_linear_interp_f16.c:73:9
	strh.w	r0, [sp, #20]
	.loc	3 74 5 is_stmt 1                @ D:/keil_1/keilpacks/ARM/CMSIS-DSP/1.16.2/Source/InterpolationFunctions\arm_linear_interp_f16.c:74:5
	b	.LBB1_5
.Ltmp13:
.LBB1_4:
	.loc	3 78 22                         @ D:/keil_1/keilpacks/ARM/CMSIS-DSP/1.16.2/Source/InterpolationFunctions\arm_linear_interp_f16.c:78:22
	ldr	r0, [sp, #24]
	.loc	3 78 25 is_stmt 0               @ D:/keil_1/keilpacks/ARM/CMSIS-DSP/1.16.2/Source/InterpolationFunctions\arm_linear_interp_f16.c:78:25
	ldrh	r0, [r0, #4]
	.loc	3 78 28                         @ D:/keil_1/keilpacks/ARM/CMSIS-DSP/1.16.2/Source/InterpolationFunctions\arm_linear_interp_f16.c:78:28
	vmov	s0, r0
	vcvtb.f32.f16	s2, s0
	.loc	3 78 31                         @ D:/keil_1/keilpacks/ARM/CMSIS-DSP/1.16.2/Source/InterpolationFunctions\arm_linear_interp_f16.c:78:31
	vldr	s0, [sp, #4]
	vcvt.f32.s32	s4, s0
                                        @ implicit-def: $s0
	vcvtb.f16.f32	s0, s4
	vmov	r0, s0
	.loc	3 78 28                         @ D:/keil_1/keilpacks/ARM/CMSIS-DSP/1.16.2/Source/InterpolationFunctions\arm_linear_interp_f16.c:78:28
	vmov	s0, r0
	vcvtb.f32.f16	s0, s0
	.loc	3 78 60                         @ D:/keil_1/keilpacks/ARM/CMSIS-DSP/1.16.2/Source/InterpolationFunctions\arm_linear_interp_f16.c:78:60
	ldrh.w	r0, [sp, #10]
	.loc	3 78 28                         @ D:/keil_1/keilpacks/ARM/CMSIS-DSP/1.16.2/Source/InterpolationFunctions\arm_linear_interp_f16.c:78:28
	vmov	s4, r0
	vcvtb.f32.f16	s4, s4
	vfma.f32	s2, s0, s4
                                        @ implicit-def: $s0
	vcvtb.f16.f32	s0, s2
	vmov	r0, s0
	.loc	3 78 10                         @ D:/keil_1/keilpacks/ARM/CMSIS-DSP/1.16.2/Source/InterpolationFunctions\arm_linear_interp_f16.c:78:10
	strh.w	r0, [sp, #18]
	.loc	3 79 22 is_stmt 1               @ D:/keil_1/keilpacks/ARM/CMSIS-DSP/1.16.2/Source/InterpolationFunctions\arm_linear_interp_f16.c:79:22
	ldr	r0, [sp, #24]
	.loc	3 79 25 is_stmt 0               @ D:/keil_1/keilpacks/ARM/CMSIS-DSP/1.16.2/Source/InterpolationFunctions\arm_linear_interp_f16.c:79:25
	ldrh	r0, [r0, #4]
	.loc	3 79 28                         @ D:/keil_1/keilpacks/ARM/CMSIS-DSP/1.16.2/Source/InterpolationFunctions\arm_linear_interp_f16.c:79:28
	vmov	s0, r0
	vcvtb.f32.f16	s2, s0
	.loc	3 79 41                         @ D:/keil_1/keilpacks/ARM/CMSIS-DSP/1.16.2/Source/InterpolationFunctions\arm_linear_interp_f16.c:79:41
	ldr	r0, [sp, #4]
	.loc	3 79 43                         @ D:/keil_1/keilpacks/ARM/CMSIS-DSP/1.16.2/Source/InterpolationFunctions\arm_linear_interp_f16.c:79:43
	adds	r0, #1
	.loc	3 79 30                         @ D:/keil_1/keilpacks/ARM/CMSIS-DSP/1.16.2/Source/InterpolationFunctions\arm_linear_interp_f16.c:79:30
	vmov	s0, r0
	vcvt.f32.s32	s4, s0
                                        @ implicit-def: $s0
	vcvtb.f16.f32	s0, s4
	vmov	r0, s0
	.loc	3 79 28                         @ D:/keil_1/keilpacks/ARM/CMSIS-DSP/1.16.2/Source/InterpolationFunctions\arm_linear_interp_f16.c:79:28
	vmov	s0, r0
	vcvtb.f32.f16	s0, s0
	.loc	3 79 60                         @ D:/keil_1/keilpacks/ARM/CMSIS-DSP/1.16.2/Source/InterpolationFunctions\arm_linear_interp_f16.c:79:60
	ldrh.w	r0, [sp, #10]
	.loc	3 79 28                         @ D:/keil_1/keilpacks/ARM/CMSIS-DSP/1.16.2/Source/InterpolationFunctions\arm_linear_interp_f16.c:79:28
	vmov	s4, r0
	vcvtb.f32.f16	s4, s4
	vfma.f32	s2, s0, s4
                                        @ implicit-def: $s0
	vcvtb.f16.f32	s0, s2
	vmov	r0, s0
	.loc	3 79 10                         @ D:/keil_1/keilpacks/ARM/CMSIS-DSP/1.16.2/Source/InterpolationFunctions\arm_linear_interp_f16.c:79:10
	strh.w	r0, [sp, #16]
	.loc	3 82 12 is_stmt 1               @ D:/keil_1/keilpacks/ARM/CMSIS-DSP/1.16.2/Source/InterpolationFunctions\arm_linear_interp_f16.c:82:12
	ldr	r0, [sp]
	.loc	3 82 19 is_stmt 0               @ D:/keil_1/keilpacks/ARM/CMSIS-DSP/1.16.2/Source/InterpolationFunctions\arm_linear_interp_f16.c:82:19
	ldr	r1, [sp, #4]
	.loc	3 82 12                         @ D:/keil_1/keilpacks/ARM/CMSIS-DSP/1.16.2/Source/InterpolationFunctions\arm_linear_interp_f16.c:82:12
	ldrh.w	r0, [r0, r1, lsl #1]
	.loc	3 82 10                         @ D:/keil_1/keilpacks/ARM/CMSIS-DSP/1.16.2/Source/InterpolationFunctions\arm_linear_interp_f16.c:82:10
	strh.w	r0, [sp, #14]
	.loc	3 83 12 is_stmt 1               @ D:/keil_1/keilpacks/ARM/CMSIS-DSP/1.16.2/Source/InterpolationFunctions\arm_linear_interp_f16.c:83:12
	ldr	r0, [sp]
	.loc	3 83 19 is_stmt 0               @ D:/keil_1/keilpacks/ARM/CMSIS-DSP/1.16.2/Source/InterpolationFunctions\arm_linear_interp_f16.c:83:19
	ldr	r1, [sp, #4]
	.loc	3 83 12                         @ D:/keil_1/keilpacks/ARM/CMSIS-DSP/1.16.2/Source/InterpolationFunctions\arm_linear_interp_f16.c:83:12
	add.w	r0, r0, r1, lsl #1
	ldrh	r0, [r0, #2]
	.loc	3 83 10                         @ D:/keil_1/keilpacks/ARM/CMSIS-DSP/1.16.2/Source/InterpolationFunctions\arm_linear_interp_f16.c:83:10
	strh.w	r0, [sp, #12]
	.loc	3 86 21 is_stmt 1               @ D:/keil_1/keilpacks/ARM/CMSIS-DSP/1.16.2/Source/InterpolationFunctions\arm_linear_interp_f16.c:86:21
	ldrh.w	r0, [sp, #14]
	.loc	3 86 24 is_stmt 0               @ D:/keil_1/keilpacks/ARM/CMSIS-DSP/1.16.2/Source/InterpolationFunctions\arm_linear_interp_f16.c:86:24
	vmov	s0, r0
	vcvtb.f32.f16	s2, s0
	.loc	3 86 37                         @ D:/keil_1/keilpacks/ARM/CMSIS-DSP/1.16.2/Source/InterpolationFunctions\arm_linear_interp_f16.c:86:37
	ldrh.w	r0, [sp, #22]
	.loc	3 86 24                         @ D:/keil_1/keilpacks/ARM/CMSIS-DSP/1.16.2/Source/InterpolationFunctions\arm_linear_interp_f16.c:86:24
	vmov	s0, r0
	vcvtb.f32.f16	s0, s0
	.loc	3 86 51                         @ D:/keil_1/keilpacks/ARM/CMSIS-DSP/1.16.2/Source/InterpolationFunctions\arm_linear_interp_f16.c:86:51
	ldrh.w	r0, [sp, #18]
	.loc	3 86 24                         @ D:/keil_1/keilpacks/ARM/CMSIS-DSP/1.16.2/Source/InterpolationFunctions\arm_linear_interp_f16.c:86:24
	vmov	s4, r0
	vcvtb.f32.f16	s8, s4
	vsub.f32	s0, s0, s8
	.loc	3 87 19 is_stmt 1               @ D:/keil_1/keilpacks/ARM/CMSIS-DSP/1.16.2/Source/InterpolationFunctions\arm_linear_interp_f16.c:87:19
	ldrh.w	r0, [sp, #12]
	.loc	3 86 24                         @ D:/keil_1/keilpacks/ARM/CMSIS-DSP/1.16.2/Source/InterpolationFunctions\arm_linear_interp_f16.c:86:24
	vmov	s4, r0
	vcvtb.f32.f16	s4, s4
	vsub.f32	s4, s4, s2
	.loc	3 87 51                         @ D:/keil_1/keilpacks/ARM/CMSIS-DSP/1.16.2/Source/InterpolationFunctions\arm_linear_interp_f16.c:87:51
	ldrh.w	r0, [sp, #16]
	.loc	3 86 24                         @ D:/keil_1/keilpacks/ARM/CMSIS-DSP/1.16.2/Source/InterpolationFunctions\arm_linear_interp_f16.c:86:24
	vmov	s6, r0
	vcvtb.f32.f16	s6, s6
	vsub.f32	s6, s6, s8
	vdiv.f32	s4, s4, s6
	vfma.f32	s2, s0, s4
                                        @ implicit-def: $s0
	vcvtb.f16.f32	s0, s2
	vmov	r0, s0
	.loc	3 86 9 is_stmt 0                @ D:/keil_1/keilpacks/ARM/CMSIS-DSP/1.16.2/Source/InterpolationFunctions\arm_linear_interp_f16.c:86:9
	strh.w	r0, [sp, #20]
	b	.LBB1_5
.Ltmp14:
.LBB1_5:
	.loc	3 0 9                           @ D:/keil_1/keilpacks/ARM/CMSIS-DSP/1.16.2/Source/InterpolationFunctions\arm_linear_interp_f16.c:0:9
	b	.LBB1_6
.LBB1_6:
	.loc	3 92 5 is_stmt 1                @ D:/keil_1/keilpacks/ARM/CMSIS-DSP/1.16.2/Source/InterpolationFunctions\arm_linear_interp_f16.c:92:5
	ldrh.w	r0, [sp, #20]
	vmov	s0, r0
	.loc	3 92 5 epilogue_begin is_stmt 0 @ D:/keil_1/keilpacks/ARM/CMSIS-DSP/1.16.2/Source/InterpolationFunctions\arm_linear_interp_f16.c:92:5
	add	sp, #28
	bx	lr
.Ltmp15:
.Lfunc_end1:
	.size	arm_linear_interp_f16, .Lfunc_end1-arm_linear_interp_f16
	.cfi_endproc
	.cantunwind
	.fnend
                                        @ -- End function
	.file	4 "D:/keil_1/keilpacks/ARM/CMSIS-DSP/1.16.2/Include" "arm_math_types_f16.h"
	.file	5 "D:/keil_1/keilpacks/ARM/CMSIS-DSP/1.16.2/Include\\dsp" "interpolation_functions_f16.h"
	.section	.debug_abbrev,"",%progbits
	.byte	1                               @ Abbreviation Code
	.byte	17                              @ DW_TAG_compile_unit
	.byte	1                               @ DW_CHILDREN_yes
	.byte	37                              @ DW_AT_producer
	.byte	14                              @ DW_FORM_strp
	.byte	19                              @ DW_AT_language
	.byte	5                               @ DW_FORM_data2
	.byte	3                               @ DW_AT_name
	.byte	14                              @ DW_FORM_strp
	.byte	16                              @ DW_AT_stmt_list
	.byte	23                              @ DW_FORM_sec_offset
	.byte	27                              @ DW_AT_comp_dir
	.byte	14                              @ DW_FORM_strp
	.byte	17                              @ DW_AT_low_pc
	.byte	1                               @ DW_FORM_addr
	.byte	85                              @ DW_AT_ranges
	.byte	23                              @ DW_FORM_sec_offset
	.byte	0                               @ EOM(1)
	.byte	0                               @ EOM(2)
	.byte	2                               @ Abbreviation Code
	.byte	22                              @ DW_TAG_typedef
	.byte	0                               @ DW_CHILDREN_no
	.byte	73                              @ DW_AT_type
	.byte	19                              @ DW_FORM_ref4
	.byte	3                               @ DW_AT_name
	.byte	14                              @ DW_FORM_strp
	.byte	58                              @ DW_AT_decl_file
	.byte	11                              @ DW_FORM_data1
	.byte	59                              @ DW_AT_decl_line
	.byte	11                              @ DW_FORM_data1
	.byte	0                               @ EOM(1)
	.byte	0                               @ EOM(2)
	.byte	3                               @ Abbreviation Code
	.byte	36                              @ DW_TAG_base_type
	.byte	0                               @ DW_CHILDREN_no
	.byte	3                               @ DW_AT_name
	.byte	14                              @ DW_FORM_strp
	.byte	62                              @ DW_AT_encoding
	.byte	11                              @ DW_FORM_data1
	.byte	11                              @ DW_AT_byte_size
	.byte	11                              @ DW_FORM_data1
	.byte	0                               @ EOM(1)
	.byte	0                               @ EOM(2)
	.byte	4                               @ Abbreviation Code
	.byte	46                              @ DW_TAG_subprogram
	.byte	1                               @ DW_CHILDREN_yes
	.byte	17                              @ DW_AT_low_pc
	.byte	1                               @ DW_FORM_addr
	.byte	18                              @ DW_AT_high_pc
	.byte	6                               @ DW_FORM_data4
	.byte	64                              @ DW_AT_frame_base
	.byte	24                              @ DW_FORM_exprloc
	.byte	3                               @ DW_AT_name
	.byte	14                              @ DW_FORM_strp
	.byte	58                              @ DW_AT_decl_file
	.byte	11                              @ DW_FORM_data1
	.byte	59                              @ DW_AT_decl_line
	.byte	11                              @ DW_FORM_data1
	.byte	39                              @ DW_AT_prototyped
	.byte	25                              @ DW_FORM_flag_present
	.byte	73                              @ DW_AT_type
	.byte	19                              @ DW_FORM_ref4
	.byte	63                              @ DW_AT_external
	.byte	25                              @ DW_FORM_flag_present
	.byte	0                               @ EOM(1)
	.byte	0                               @ EOM(2)
	.byte	5                               @ Abbreviation Code
	.byte	5                               @ DW_TAG_formal_parameter
	.byte	0                               @ DW_CHILDREN_no
	.byte	2                               @ DW_AT_location
	.byte	24                              @ DW_FORM_exprloc
	.byte	3                               @ DW_AT_name
	.byte	14                              @ DW_FORM_strp
	.byte	58                              @ DW_AT_decl_file
	.byte	11                              @ DW_FORM_data1
	.byte	59                              @ DW_AT_decl_line
	.byte	11                              @ DW_FORM_data1
	.byte	73                              @ DW_AT_type
	.byte	19                              @ DW_FORM_ref4
	.byte	0                               @ EOM(1)
	.byte	0                               @ EOM(2)
	.byte	6                               @ Abbreviation Code
	.byte	52                              @ DW_TAG_variable
	.byte	0                               @ DW_CHILDREN_no
	.byte	2                               @ DW_AT_location
	.byte	24                              @ DW_FORM_exprloc
	.byte	3                               @ DW_AT_name
	.byte	14                              @ DW_FORM_strp
	.byte	58                              @ DW_AT_decl_file
	.byte	11                              @ DW_FORM_data1
	.byte	59                              @ DW_AT_decl_line
	.byte	11                              @ DW_FORM_data1
	.byte	73                              @ DW_AT_type
	.byte	19                              @ DW_FORM_ref4
	.byte	0                               @ EOM(1)
	.byte	0                               @ EOM(2)
	.byte	7                               @ Abbreviation Code
	.byte	15                              @ DW_TAG_pointer_type
	.byte	0                               @ DW_CHILDREN_no
	.byte	73                              @ DW_AT_type
	.byte	19                              @ DW_FORM_ref4
	.byte	0                               @ EOM(1)
	.byte	0                               @ EOM(2)
	.byte	8                               @ Abbreviation Code
	.byte	38                              @ DW_TAG_const_type
	.byte	0                               @ DW_CHILDREN_no
	.byte	73                              @ DW_AT_type
	.byte	19                              @ DW_FORM_ref4
	.byte	0                               @ EOM(1)
	.byte	0                               @ EOM(2)
	.byte	9                               @ Abbreviation Code
	.byte	19                              @ DW_TAG_structure_type
	.byte	1                               @ DW_CHILDREN_yes
	.byte	11                              @ DW_AT_byte_size
	.byte	11                              @ DW_FORM_data1
	.byte	58                              @ DW_AT_decl_file
	.byte	11                              @ DW_FORM_data1
	.byte	59                              @ DW_AT_decl_line
	.byte	11                              @ DW_FORM_data1
	.byte	0                               @ EOM(1)
	.byte	0                               @ EOM(2)
	.byte	10                              @ Abbreviation Code
	.byte	13                              @ DW_TAG_member
	.byte	0                               @ DW_CHILDREN_no
	.byte	3                               @ DW_AT_name
	.byte	14                              @ DW_FORM_strp
	.byte	73                              @ DW_AT_type
	.byte	19                              @ DW_FORM_ref4
	.byte	58                              @ DW_AT_decl_file
	.byte	11                              @ DW_FORM_data1
	.byte	59                              @ DW_AT_decl_line
	.byte	11                              @ DW_FORM_data1
	.byte	56                              @ DW_AT_data_member_location
	.byte	11                              @ DW_FORM_data1
	.byte	0                               @ EOM(1)
	.byte	0                               @ EOM(2)
	.byte	0                               @ EOM(3)
	.section	.debug_info,"",%progbits
.Lcu_begin0:
	.long	.Ldebug_info_end0-.Ldebug_info_start0 @ Length of Unit
.Ldebug_info_start0:
	.short	4                               @ DWARF version number
	.long	.debug_abbrev                   @ Offset Into Abbrev. Section
	.byte	4                               @ Address Size (in bytes)
	.byte	1                               @ Abbrev [1] 0xb:0x2b1 DW_TAG_compile_unit
	.long	.Linfo_string0                  @ DW_AT_producer
	.short	12                              @ DW_AT_language
	.long	.Linfo_string1                  @ DW_AT_name
	.long	.Lline_table_start0             @ DW_AT_stmt_list
	.long	.Linfo_string2                  @ DW_AT_comp_dir
	.long	0                               @ DW_AT_low_pc
	.long	.Ldebug_ranges0                 @ DW_AT_ranges
	.byte	2                               @ Abbrev [2] 0x26:0xb DW_TAG_typedef
	.long	49                              @ DW_AT_type
	.long	.Linfo_string4                  @ DW_AT_name
	.byte	1                               @ DW_AT_decl_file
	.byte	58                              @ DW_AT_decl_line
	.byte	3                               @ Abbrev [3] 0x31:0x7 DW_TAG_base_type
	.long	.Linfo_string3                  @ DW_AT_name
	.byte	5                               @ DW_AT_encoding
	.byte	4                               @ DW_AT_byte_size
	.byte	3                               @ Abbrev [3] 0x38:0x7 DW_TAG_base_type
	.long	.Linfo_string5                  @ DW_AT_name
	.byte	4                               @ DW_AT_encoding
	.byte	2                               @ DW_AT_byte_size
	.byte	2                               @ Abbrev [2] 0x3f:0xb DW_TAG_typedef
	.long	74                              @ DW_AT_type
	.long	.Linfo_string7                  @ DW_AT_name
	.byte	1                               @ DW_AT_decl_file
	.byte	64                              @ DW_AT_decl_line
	.byte	3                               @ Abbrev [3] 0x4a:0x7 DW_TAG_base_type
	.long	.Linfo_string6                  @ DW_AT_name
	.byte	7                               @ DW_AT_encoding
	.byte	4                               @ DW_AT_byte_size
	.byte	4                               @ Abbrev [4] 0x51:0x112 DW_TAG_subprogram
	.long	.Lfunc_begin0                   @ DW_AT_low_pc
	.long	.Lfunc_end0-.Lfunc_begin0       @ DW_AT_high_pc
	.byte	1                               @ DW_AT_frame_base
	.byte	93
	.long	.Linfo_string8                  @ DW_AT_name
	.byte	2                               @ DW_AT_decl_file
	.byte	53                              @ DW_AT_decl_line
                                        @ DW_AT_prototyped
	.long	517                             @ DW_AT_type
                                        @ DW_AT_external
	.byte	5                               @ Abbrev [5] 0x66:0xe DW_TAG_formal_parameter
	.byte	2                               @ DW_AT_location
	.byte	145
	.byte	44
	.long	.Linfo_string12                 @ DW_AT_name
	.byte	2                               @ DW_AT_decl_file
	.byte	54                              @ DW_AT_decl_line
	.long	535                             @ DW_AT_type
	.byte	5                               @ Abbrev [5] 0x74:0xe DW_TAG_formal_parameter
	.byte	2                               @ DW_AT_location
	.byte	145
	.byte	42
	.long	.Linfo_string19                 @ DW_AT_name
	.byte	2                               @ DW_AT_decl_file
	.byte	55                              @ DW_AT_decl_line
	.long	517                             @ DW_AT_type
	.byte	5                               @ Abbrev [5] 0x82:0xe DW_TAG_formal_parameter
	.byte	2                               @ DW_AT_location
	.byte	145
	.byte	40
	.long	.Linfo_string20                 @ DW_AT_name
	.byte	2                               @ DW_AT_decl_file
	.byte	56                              @ DW_AT_decl_line
	.long	517                             @ DW_AT_type
	.byte	6                               @ Abbrev [6] 0x90:0xe DW_TAG_variable
	.byte	2                               @ DW_AT_location
	.byte	145
	.byte	38
	.long	.Linfo_string21                 @ DW_AT_name
	.byte	2                               @ DW_AT_decl_file
	.byte	58                              @ DW_AT_decl_line
	.long	517                             @ DW_AT_type
	.byte	6                               @ Abbrev [6] 0x9e:0xe DW_TAG_variable
	.byte	2                               @ DW_AT_location
	.byte	145
	.byte	36
	.long	.Linfo_string22                 @ DW_AT_name
	.byte	2                               @ DW_AT_decl_file
	.byte	59                              @ DW_AT_decl_line
	.long	517                             @ DW_AT_type
	.byte	6                               @ Abbrev [6] 0xac:0xe DW_TAG_variable
	.byte	2                               @ DW_AT_location
	.byte	145
	.byte	34
	.long	.Linfo_string23                 @ DW_AT_name
	.byte	2                               @ DW_AT_decl_file
	.byte	59                              @ DW_AT_decl_line
	.long	517                             @ DW_AT_type
	.byte	6                               @ Abbrev [6] 0xba:0xe DW_TAG_variable
	.byte	2                               @ DW_AT_location
	.byte	145
	.byte	32
	.long	.Linfo_string24                 @ DW_AT_name
	.byte	2                               @ DW_AT_decl_file
	.byte	59                              @ DW_AT_decl_line
	.long	517                             @ DW_AT_type
	.byte	6                               @ Abbrev [6] 0xc8:0xe DW_TAG_variable
	.byte	2                               @ DW_AT_location
	.byte	145
	.byte	30
	.long	.Linfo_string25                 @ DW_AT_name
	.byte	2                               @ DW_AT_decl_file
	.byte	59                              @ DW_AT_decl_line
	.long	517                             @ DW_AT_type
	.byte	6                               @ Abbrev [6] 0xd6:0xe DW_TAG_variable
	.byte	2                               @ DW_AT_location
	.byte	145
	.byte	24
	.long	.Linfo_string17                 @ DW_AT_name
	.byte	2                               @ DW_AT_decl_file
	.byte	60                              @ DW_AT_decl_line
	.long	615                             @ DW_AT_type
	.byte	6                               @ Abbrev [6] 0xe4:0xe DW_TAG_variable
	.byte	2                               @ DW_AT_location
	.byte	145
	.byte	20
	.long	.Linfo_string26                 @ DW_AT_name
	.byte	2                               @ DW_AT_decl_file
	.byte	61                              @ DW_AT_decl_line
	.long	38                              @ DW_AT_type
	.byte	6                               @ Abbrev [6] 0xf2:0xe DW_TAG_variable
	.byte	2                               @ DW_AT_location
	.byte	145
	.byte	16
	.long	.Linfo_string27                 @ DW_AT_name
	.byte	2                               @ DW_AT_decl_file
	.byte	61                              @ DW_AT_decl_line
	.long	38                              @ DW_AT_type
	.byte	6                               @ Abbrev [6] 0x100:0xe DW_TAG_variable
	.byte	2                               @ DW_AT_location
	.byte	145
	.byte	12
	.long	.Linfo_string28                 @ DW_AT_name
	.byte	2                               @ DW_AT_decl_file
	.byte	61                              @ DW_AT_decl_line
	.long	38                              @ DW_AT_type
	.byte	6                               @ Abbrev [6] 0x10e:0xe DW_TAG_variable
	.byte	2                               @ DW_AT_location
	.byte	145
	.byte	10
	.long	.Linfo_string29                 @ DW_AT_name
	.byte	2                               @ DW_AT_decl_file
	.byte	62                              @ DW_AT_decl_line
	.long	517                             @ DW_AT_type
	.byte	6                               @ Abbrev [6] 0x11c:0xe DW_TAG_variable
	.byte	2                               @ DW_AT_location
	.byte	145
	.byte	8
	.long	.Linfo_string30                 @ DW_AT_name
	.byte	2                               @ DW_AT_decl_file
	.byte	62                              @ DW_AT_decl_line
	.long	517                             @ DW_AT_type
	.byte	6                               @ Abbrev [6] 0x12a:0xe DW_TAG_variable
	.byte	2                               @ DW_AT_location
	.byte	145
	.byte	6
	.long	.Linfo_string31                 @ DW_AT_name
	.byte	2                               @ DW_AT_decl_file
	.byte	63                              @ DW_AT_decl_line
	.long	517                             @ DW_AT_type
	.byte	6                               @ Abbrev [6] 0x138:0xe DW_TAG_variable
	.byte	2                               @ DW_AT_location
	.byte	145
	.byte	4
	.long	.Linfo_string32                 @ DW_AT_name
	.byte	2                               @ DW_AT_decl_file
	.byte	63                              @ DW_AT_decl_line
	.long	517                             @ DW_AT_type
	.byte	6                               @ Abbrev [6] 0x146:0xe DW_TAG_variable
	.byte	2                               @ DW_AT_location
	.byte	145
	.byte	2
	.long	.Linfo_string33                 @ DW_AT_name
	.byte	2                               @ DW_AT_decl_file
	.byte	63                              @ DW_AT_decl_line
	.long	517                             @ DW_AT_type
	.byte	6                               @ Abbrev [6] 0x154:0xe DW_TAG_variable
	.byte	2                               @ DW_AT_location
	.byte	145
	.byte	0
	.long	.Linfo_string34                 @ DW_AT_name
	.byte	2                               @ DW_AT_decl_file
	.byte	63                              @ DW_AT_decl_line
	.long	517                             @ DW_AT_type
	.byte	0                               @ End Of Children Mark
	.byte	4                               @ Abbrev [4] 0x163:0xa2 DW_TAG_subprogram
	.long	.Lfunc_begin1                   @ DW_AT_low_pc
	.long	.Lfunc_end1-.Lfunc_begin1       @ DW_AT_high_pc
	.byte	1                               @ DW_AT_frame_base
	.byte	93
	.long	.Linfo_string11                 @ DW_AT_name
	.byte	3                               @ DW_AT_decl_file
	.byte	51                              @ DW_AT_decl_line
                                        @ DW_AT_prototyped
	.long	517                             @ DW_AT_type
                                        @ DW_AT_external
	.byte	5                               @ Abbrev [5] 0x178:0xe DW_TAG_formal_parameter
	.byte	2                               @ DW_AT_location
	.byte	145
	.byte	24
	.long	.Linfo_string12                 @ DW_AT_name
	.byte	3                               @ DW_AT_decl_file
	.byte	52                              @ DW_AT_decl_line
	.long	625                             @ DW_AT_type
	.byte	5                               @ Abbrev [5] 0x186:0xe DW_TAG_formal_parameter
	.byte	2                               @ DW_AT_location
	.byte	145
	.byte	22
	.long	.Linfo_string40                 @ DW_AT_name
	.byte	3                               @ DW_AT_decl_file
	.byte	53                              @ DW_AT_decl_line
	.long	517                             @ DW_AT_type
	.byte	6                               @ Abbrev [6] 0x194:0xe DW_TAG_variable
	.byte	2                               @ DW_AT_location
	.byte	145
	.byte	20
	.long	.Linfo_string41                 @ DW_AT_name
	.byte	3                               @ DW_AT_decl_file
	.byte	55                              @ DW_AT_decl_line
	.long	517                             @ DW_AT_type
	.byte	6                               @ Abbrev [6] 0x1a2:0xe DW_TAG_variable
	.byte	2                               @ DW_AT_location
	.byte	145
	.byte	18
	.long	.Linfo_string42                 @ DW_AT_name
	.byte	3                               @ DW_AT_decl_file
	.byte	56                              @ DW_AT_decl_line
	.long	517                             @ DW_AT_type
	.byte	6                               @ Abbrev [6] 0x1b0:0xe DW_TAG_variable
	.byte	2                               @ DW_AT_location
	.byte	145
	.byte	16
	.long	.Linfo_string36                 @ DW_AT_name
	.byte	3                               @ DW_AT_decl_file
	.byte	56                              @ DW_AT_decl_line
	.long	517                             @ DW_AT_type
	.byte	6                               @ Abbrev [6] 0x1be:0xe DW_TAG_variable
	.byte	2                               @ DW_AT_location
	.byte	145
	.byte	14
	.long	.Linfo_string43                 @ DW_AT_name
	.byte	3                               @ DW_AT_decl_file
	.byte	57                              @ DW_AT_decl_line
	.long	517                             @ DW_AT_type
	.byte	6                               @ Abbrev [6] 0x1cc:0xe DW_TAG_variable
	.byte	2                               @ DW_AT_location
	.byte	145
	.byte	12
	.long	.Linfo_string44                 @ DW_AT_name
	.byte	3                               @ DW_AT_decl_file
	.byte	57                              @ DW_AT_decl_line
	.long	517                             @ DW_AT_type
	.byte	6                               @ Abbrev [6] 0x1da:0xe DW_TAG_variable
	.byte	2                               @ DW_AT_location
	.byte	145
	.byte	10
	.long	.Linfo_string37                 @ DW_AT_name
	.byte	3                               @ DW_AT_decl_file
	.byte	58                              @ DW_AT_decl_line
	.long	517                             @ DW_AT_type
	.byte	6                               @ Abbrev [6] 0x1e8:0xe DW_TAG_variable
	.byte	2                               @ DW_AT_location
	.byte	145
	.byte	4
	.long	.Linfo_string45                 @ DW_AT_name
	.byte	3                               @ DW_AT_decl_file
	.byte	59                              @ DW_AT_decl_line
	.long	38                              @ DW_AT_type
	.byte	6                               @ Abbrev [6] 0x1f6:0xe DW_TAG_variable
	.byte	2                               @ DW_AT_location
	.byte	145
	.byte	0
	.long	.Linfo_string38                 @ DW_AT_name
	.byte	3                               @ DW_AT_decl_file
	.byte	60                              @ DW_AT_decl_line
	.long	615                             @ DW_AT_type
	.byte	0                               @ End Of Children Mark
	.byte	2                               @ Abbrev [2] 0x205:0xb DW_TAG_typedef
	.long	528                             @ DW_AT_type
	.long	.Linfo_string10                 @ DW_AT_name
	.byte	4                               @ DW_AT_decl_file
	.byte	58                              @ DW_AT_decl_line
	.byte	3                               @ Abbrev [3] 0x210:0x7 DW_TAG_base_type
	.long	.Linfo_string9                  @ DW_AT_name
	.byte	4                               @ DW_AT_encoding
	.byte	2                               @ DW_AT_byte_size
	.byte	7                               @ Abbrev [7] 0x217:0x5 DW_TAG_pointer_type
	.long	540                             @ DW_AT_type
	.byte	8                               @ Abbrev [8] 0x21c:0x5 DW_TAG_const_type
	.long	545                             @ DW_AT_type
	.byte	2                               @ Abbrev [2] 0x221:0xb DW_TAG_typedef
	.long	556                             @ DW_AT_type
	.long	.Linfo_string18                 @ DW_AT_name
	.byte	5                               @ DW_AT_decl_file
	.byte	62                              @ DW_AT_decl_line
	.byte	9                               @ Abbrev [9] 0x22c:0x29 DW_TAG_structure_type
	.byte	8                               @ DW_AT_byte_size
	.byte	5                               @ DW_AT_decl_file
	.byte	57                              @ DW_AT_decl_line
	.byte	10                              @ Abbrev [10] 0x230:0xc DW_TAG_member
	.long	.Linfo_string13                 @ DW_AT_name
	.long	597                             @ DW_AT_type
	.byte	5                               @ DW_AT_decl_file
	.byte	59                              @ DW_AT_decl_line
	.byte	0                               @ DW_AT_data_member_location
	.byte	10                              @ Abbrev [10] 0x23c:0xc DW_TAG_member
	.long	.Linfo_string16                 @ DW_AT_name
	.long	597                             @ DW_AT_type
	.byte	5                               @ DW_AT_decl_file
	.byte	60                              @ DW_AT_decl_line
	.byte	2                               @ DW_AT_data_member_location
	.byte	10                              @ Abbrev [10] 0x248:0xc DW_TAG_member
	.long	.Linfo_string17                 @ DW_AT_name
	.long	615                             @ DW_AT_type
	.byte	5                               @ DW_AT_decl_file
	.byte	61                              @ DW_AT_decl_line
	.byte	4                               @ DW_AT_data_member_location
	.byte	0                               @ End Of Children Mark
	.byte	2                               @ Abbrev [2] 0x255:0xb DW_TAG_typedef
	.long	608                             @ DW_AT_type
	.long	.Linfo_string15                 @ DW_AT_name
	.byte	1                               @ DW_AT_decl_file
	.byte	63                              @ DW_AT_decl_line
	.byte	3                               @ Abbrev [3] 0x260:0x7 DW_TAG_base_type
	.long	.Linfo_string14                 @ DW_AT_name
	.byte	7                               @ DW_AT_encoding
	.byte	2                               @ DW_AT_byte_size
	.byte	7                               @ Abbrev [7] 0x267:0x5 DW_TAG_pointer_type
	.long	620                             @ DW_AT_type
	.byte	8                               @ Abbrev [8] 0x26c:0x5 DW_TAG_const_type
	.long	517                             @ DW_AT_type
	.byte	7                               @ Abbrev [7] 0x271:0x5 DW_TAG_pointer_type
	.long	630                             @ DW_AT_type
	.byte	8                               @ Abbrev [8] 0x276:0x5 DW_TAG_const_type
	.long	635                             @ DW_AT_type
	.byte	2                               @ Abbrev [2] 0x27b:0xb DW_TAG_typedef
	.long	646                             @ DW_AT_type
	.long	.Linfo_string39                 @ DW_AT_name
	.byte	5                               @ DW_AT_decl_file
	.byte	52                              @ DW_AT_decl_line
	.byte	9                               @ Abbrev [9] 0x286:0x35 DW_TAG_structure_type
	.byte	12                              @ DW_AT_byte_size
	.byte	5                               @ DW_AT_decl_file
	.byte	46                              @ DW_AT_decl_line
	.byte	10                              @ Abbrev [10] 0x28a:0xc DW_TAG_member
	.long	.Linfo_string35                 @ DW_AT_name
	.long	63                              @ DW_AT_type
	.byte	5                               @ DW_AT_decl_file
	.byte	48                              @ DW_AT_decl_line
	.byte	0                               @ DW_AT_data_member_location
	.byte	10                              @ Abbrev [10] 0x296:0xc DW_TAG_member
	.long	.Linfo_string36                 @ DW_AT_name
	.long	517                             @ DW_AT_type
	.byte	5                               @ DW_AT_decl_file
	.byte	49                              @ DW_AT_decl_line
	.byte	4                               @ DW_AT_data_member_location
	.byte	10                              @ Abbrev [10] 0x2a2:0xc DW_TAG_member
	.long	.Linfo_string37                 @ DW_AT_name
	.long	517                             @ DW_AT_type
	.byte	5                               @ DW_AT_decl_file
	.byte	50                              @ DW_AT_decl_line
	.byte	6                               @ DW_AT_data_member_location
	.byte	10                              @ Abbrev [10] 0x2ae:0xc DW_TAG_member
	.long	.Linfo_string38                 @ DW_AT_name
	.long	615                             @ DW_AT_type
	.byte	5                               @ DW_AT_decl_file
	.byte	51                              @ DW_AT_decl_line
	.byte	8                               @ DW_AT_data_member_location
	.byte	0                               @ End Of Children Mark
	.byte	0                               @ End Of Children Mark
.Ldebug_info_end0:
	.section	.debug_ranges,"",%progbits
.Ldebug_ranges0:
	.long	.Lfunc_begin0
	.long	.Lfunc_end0
	.long	.Lfunc_begin1
	.long	.Lfunc_end1
	.long	0
	.long	0
	.section	.debug_str,"MS",%progbits,1
.Linfo_string0:
	.asciz	"Component: Arm Compiler for Embedded 6.24 Tool: armclang [5f371800]" @ string offset=0
.Linfo_string1:
	.asciz	"D:/keil_1/keilpacks/ARM/CMSIS-DSP/1.16.2/Source/InterpolationFunctions\\InterpolationFunctionsF16.c" @ string offset=68
.Linfo_string2:
	.asciz	"D:\\RM_projects\\h7_final_4\\MDK-ARM" @ string offset=167
.Linfo_string3:
	.asciz	"int"                           @ string offset=201
.Linfo_string4:
	.asciz	"int32_t"                       @ string offset=205
.Linfo_string5:
	.asciz	"_Float16"                      @ string offset=213
.Linfo_string6:
	.asciz	"unsigned int"                  @ string offset=222
.Linfo_string7:
	.asciz	"uint32_t"                      @ string offset=235
.Linfo_string8:
	.asciz	"arm_bilinear_interp_f16"       @ string offset=244
.Linfo_string9:
	.asciz	"__fp16"                        @ string offset=268
.Linfo_string10:
	.asciz	"float16_t"                     @ string offset=275
.Linfo_string11:
	.asciz	"arm_linear_interp_f16"         @ string offset=285
.Linfo_string12:
	.asciz	"S"                             @ string offset=307
.Linfo_string13:
	.asciz	"numRows"                       @ string offset=309
.Linfo_string14:
	.asciz	"unsigned short"                @ string offset=317
.Linfo_string15:
	.asciz	"uint16_t"                      @ string offset=332
.Linfo_string16:
	.asciz	"numCols"                       @ string offset=341
.Linfo_string17:
	.asciz	"pData"                         @ string offset=349
.Linfo_string18:
	.asciz	"arm_bilinear_interp_instance_f16" @ string offset=355
.Linfo_string19:
	.asciz	"X"                             @ string offset=388
.Linfo_string20:
	.asciz	"Y"                             @ string offset=390
.Linfo_string21:
	.asciz	"out"                           @ string offset=392
.Linfo_string22:
	.asciz	"f00"                           @ string offset=396
.Linfo_string23:
	.asciz	"f01"                           @ string offset=400
.Linfo_string24:
	.asciz	"f10"                           @ string offset=404
.Linfo_string25:
	.asciz	"f11"                           @ string offset=408
.Linfo_string26:
	.asciz	"xIndex"                        @ string offset=412
.Linfo_string27:
	.asciz	"yIndex"                        @ string offset=419
.Linfo_string28:
	.asciz	"index"                         @ string offset=426
.Linfo_string29:
	.asciz	"xdiff"                         @ string offset=432
.Linfo_string30:
	.asciz	"ydiff"                         @ string offset=438
.Linfo_string31:
	.asciz	"b1"                            @ string offset=444
.Linfo_string32:
	.asciz	"b2"                            @ string offset=447
.Linfo_string33:
	.asciz	"b3"                            @ string offset=450
.Linfo_string34:
	.asciz	"b4"                            @ string offset=453
.Linfo_string35:
	.asciz	"nValues"                       @ string offset=456
.Linfo_string36:
	.asciz	"x1"                            @ string offset=464
.Linfo_string37:
	.asciz	"xSpacing"                      @ string offset=467
.Linfo_string38:
	.asciz	"pYData"                        @ string offset=476
.Linfo_string39:
	.asciz	"arm_linear_interp_instance_f16" @ string offset=483
.Linfo_string40:
	.asciz	"x"                             @ string offset=514
.Linfo_string41:
	.asciz	"y"                             @ string offset=516
.Linfo_string42:
	.asciz	"x0"                            @ string offset=518
.Linfo_string43:
	.asciz	"y0"                            @ string offset=521
.Linfo_string44:
	.asciz	"y1"                            @ string offset=524
.Linfo_string45:
	.asciz	"i"                             @ string offset=527
	.ident	"Component: Arm Compiler for Embedded 6.24 Tool: armclang [5f371800]"
	.section	".note.GNU-stack","",%progbits
	.eabi_attribute	30, 6	@ Tag_ABI_optimization_goals
	.ARM_attribute	16, 1	@ Tag_AV_eba
	.section	.debug_line,"",%progbits
.Lline_table_start0:
