	.text
	.syntax unified
	.eabi_attribute	67, "2.09"	@ Tag_conformance
	.cpu	cortex-m7
	.eabi_attribute	6, 13	@ Tag_CPU_arch
	.eabi_attribute	7, 77	@ Tag_CPU_arch_profile
	.eabi_attribute	8, 0	@ Tag_ARM_ISA_use
	.eabi_attribute	9, 2	@ Tag_THUMB_ISA_use
	.fpu	fpv5-d16
	.eabi_attribute	36, 1	@ Tag_FP_HP_extension
	.eabi_attribute	34, 1	@ Tag_CPU_unaligned_access
	.eabi_attribute	17, 1	@ Tag_ABI_PCS_GOT_use
	.eabi_attribute	20, 2	@ Tag_ABI_FP_denormal
	.eabi_attribute	21, 0	@ Tag_ABI_FP_exceptions
	.eabi_attribute	23, 1	@ Tag_ABI_FP_number_model
	.eabi_attribute	24, 1	@ Tag_ABI_align_needed
	.eabi_attribute	25, 1	@ Tag_ABI_align_preserved
	.eabi_attribute	28, 1	@ Tag_ABI_VFP_args
	.eabi_attribute	38, 1	@ Tag_ABI_FP_16bit_format
	.eabi_attribute	18, 2	@ Tag_ABI_PCS_wchar_t
	.eabi_attribute	26, 1	@ Tag_ABI_enum_size
	.eabi_attribute	14, 0	@ Tag_ABI_PCS_R9_use
	.file	"PID_T.c"
	.section	.text.Positional_PID_Init,"ax",%progbits
	.hidden	Positional_PID_Init             @ -- Begin function Positional_PID_Init
	.globl	Positional_PID_Init
	.p2align	3
	.type	Positional_PID_Init,%function
	.code	16                              @ @Positional_PID_Init
	.thumb_func
Positional_PID_Init:
.Lfunc_begin0:
	.file	1 "D:\\RM_projects\\h7_final_4\\MDK-ARM" "../app/src/PID_T.c"
	.loc	1 5 0                           @ ../app/src/PID_T.c:5:0
	.fnstart
	.cfi_sections .debug_frame
	.cfi_startproc
@ %bb.0:
	.pad	#24
	sub	sp, #24
	.cfi_def_cfa_offset 24
	str	r0, [sp, #20]
	vstr	s0, [sp, #16]
	vstr	s1, [sp, #12]
	vstr	s2, [sp, #8]
	vstr	s3, [sp, #4]
	vstr	s4, [sp]
.Ltmp0:
	.loc	1 6 15 prologue_end             @ ../app/src/PID_T.c:6:15
	ldr	r0, [sp, #16]
	.loc	1 6 5 is_stmt 0                 @ ../app/src/PID_T.c:6:5
	ldr	r1, [sp, #20]
	.loc	1 6 13                          @ ../app/src/PID_T.c:6:13
	str	r0, [r1]
	.loc	1 7 15 is_stmt 1                @ ../app/src/PID_T.c:7:15
	ldr	r0, [sp, #12]
	.loc	1 7 5 is_stmt 0                 @ ../app/src/PID_T.c:7:5
	ldr	r1, [sp, #20]
	.loc	1 7 13                          @ ../app/src/PID_T.c:7:13
	str	r0, [r1, #4]
	.loc	1 8 15 is_stmt 1                @ ../app/src/PID_T.c:8:15
	ldr	r0, [sp, #8]
	.loc	1 8 5 is_stmt 0                 @ ../app/src/PID_T.c:8:5
	ldr	r1, [sp, #20]
	.loc	1 8 13                          @ ../app/src/PID_T.c:8:13
	str	r0, [r1, #8]
	.loc	1 9 5 is_stmt 1                 @ ../app/src/PID_T.c:9:5
	ldr	r1, [sp, #20]
	movs	r0, #0
	.loc	1 9 21 is_stmt 0                @ ../app/src/PID_T.c:9:21
	str	r0, [r1, #12]
	.loc	1 10 5 is_stmt 1                @ ../app/src/PID_T.c:10:5
	ldr	r1, [sp, #20]
	.loc	1 10 21 is_stmt 0               @ ../app/src/PID_T.c:10:21
	str	r0, [r1, #16]
	.loc	1 11 21 is_stmt 1               @ ../app/src/PID_T.c:11:21
	ldr	r0, [sp, #4]
	.loc	1 11 5 is_stmt 0                @ ../app/src/PID_T.c:11:5
	ldr	r1, [sp, #20]
	.loc	1 11 20                         @ ../app/src/PID_T.c:11:20
	str	r0, [r1, #20]
	.loc	1 12 23 is_stmt 1               @ ../app/src/PID_T.c:12:23
	ldr	r0, [sp]
	.loc	1 12 5 is_stmt 0                @ ../app/src/PID_T.c:12:5
	ldr	r1, [sp, #20]
	.loc	1 12 21                         @ ../app/src/PID_T.c:12:21
	str	r0, [r1, #24]
	.loc	1 13 12 is_stmt 1               @ ../app/src/PID_T.c:13:12
	ldr	r0, [sp, #20]
	.loc	1 13 5 epilogue_begin is_stmt 0 @ ../app/src/PID_T.c:13:5
	add	sp, #24
	bx	lr
.Ltmp1:
.Lfunc_end0:
	.size	Positional_PID_Init, .Lfunc_end0-Positional_PID_Init
	.cfi_endproc
	.cantunwind
	.fnend
                                        @ -- End function
	.section	.text.Positional_PID_Compute,"ax",%progbits
	.hidden	Positional_PID_Compute          @ -- Begin function Positional_PID_Compute
	.globl	Positional_PID_Compute
	.p2align	3
	.type	Positional_PID_Compute,%function
	.code	16                              @ @Positional_PID_Compute
	.thumb_func
Positional_PID_Compute:
.Lfunc_begin1:
	.loc	1 19 0 is_stmt 1                @ ../app/src/PID_T.c:19:0
	.fnstart
	.cfi_startproc
@ %bb.0:
	.pad	#20
	sub	sp, #20
	.cfi_def_cfa_offset 20
	str	r0, [sp, #16]
	vstr	s0, [sp, #12]
	vstr	s1, [sp, #8]
.Ltmp2:
	.loc	1 20 16 prologue_end            @ ../app/src/PID_T.c:20:16
	vldr	s0, [sp, #12]
	.loc	1 20 25 is_stmt 0               @ ../app/src/PID_T.c:20:25
	vldr	s2, [sp, #8]
	.loc	1 20 23                         @ ../app/src/PID_T.c:20:23
	vsub.f32	s0, s0, s2
	.loc	1 20 8                          @ ../app/src/PID_T.c:20:8
	vstr	s0, [sp, #4]
	.loc	1 21 22 is_stmt 1               @ ../app/src/PID_T.c:21:22
	vldr	s2, [sp, #4]
	.loc	1 21 2 is_stmt 0                @ ../app/src/PID_T.c:21:2
	ldr	r0, [sp, #16]
	.loc	1 21 19                         @ ../app/src/PID_T.c:21:19
	vldr	s0, [r0, #12]
	vadd.f32	s0, s0, s2
	vstr	s0, [r0, #12]
	.loc	1 22 22 is_stmt 1               @ ../app/src/PID_T.c:22:22
	ldr	r0, [sp, #4]
	.loc	1 22 2 is_stmt 0                @ ../app/src/PID_T.c:22:2
	ldr	r1, [sp, #16]
	.loc	1 22 20                         @ ../app/src/PID_T.c:22:20
	str	r0, [r1, #16]
.Ltmp3:
	.loc	1 24 5 is_stmt 1                @ ../app/src/PID_T.c:24:5
	ldr	r0, [sp, #16]
	.loc	1 24 12 is_stmt 0               @ ../app/src/PID_T.c:24:12
	vldr	s0, [r0, #12]
	.loc	1 24 31                         @ ../app/src/PID_T.c:24:31
	vldr	s2, [r0, #24]
.Ltmp4:
	.loc	1 24 5                          @ ../app/src/PID_T.c:24:5
	vcmp.f32	s0, s2
	vmrs	APSR_nzcv, fpscr
	ble	.LBB1_2
	b	.LBB1_1
.LBB1_1:
.Ltmp5:
	.loc	1 25 20 is_stmt 1               @ ../app/src/PID_T.c:25:20
	ldr	r1, [sp, #16]
	.loc	1 25 27 is_stmt 0               @ ../app/src/PID_T.c:25:27
	ldr	r0, [r1, #24]
	.loc	1 25 19                         @ ../app/src/PID_T.c:25:19
	str	r0, [r1, #12]
	.loc	1 25 39                         @ ../app/src/PID_T.c:25:39
	b	.LBB1_5
.Ltmp6:
.LBB1_2:
	.loc	1 26 11 is_stmt 1               @ ../app/src/PID_T.c:26:11
	ldr	r0, [sp, #16]
	.loc	1 26 18 is_stmt 0               @ ../app/src/PID_T.c:26:18
	vldr	s0, [r0, #12]
	.loc	1 26 38                         @ ../app/src/PID_T.c:26:38
	vldr	s2, [r0, #24]
	.loc	1 26 30                         @ ../app/src/PID_T.c:26:30
	vneg.f32	s2, s2
.Ltmp7:
	.loc	1 26 11                         @ ../app/src/PID_T.c:26:11
	vcmp.f32	s0, s2
	vmrs	APSR_nzcv, fpscr
	bge	.LBB1_4
	b	.LBB1_3
.LBB1_3:
.Ltmp8:
	.loc	1 27 21 is_stmt 1               @ ../app/src/PID_T.c:27:21
	ldr	r0, [sp, #16]
	.loc	1 27 28 is_stmt 0               @ ../app/src/PID_T.c:27:28
	vldr	s0, [r0, #24]
	.loc	1 27 20                         @ ../app/src/PID_T.c:27:20
	vneg.f32	s0, s0
	.loc	1 27 19                         @ ../app/src/PID_T.c:27:19
	vstr	s0, [r0, #12]
	.loc	1 27 40                         @ ../app/src/PID_T.c:27:40
	b	.LBB1_4
.Ltmp9:
.LBB1_4:
	.loc	1 0 40                          @ ../app/src/PID_T.c:0:40
	b	.LBB1_5
.LBB1_5:
	.loc	1 28 17 is_stmt 1               @ ../app/src/PID_T.c:28:17
	ldr	r0, [sp, #16]
	.loc	1 28 30 is_stmt 0               @ ../app/src/PID_T.c:28:30
	vldr	s0, [sp, #12]
	.loc	1 28 39                         @ ../app/src/PID_T.c:28:39
	vldr	s2, [sp, #8]
	.loc	1 28 37                         @ ../app/src/PID_T.c:28:37
	vsub.f32	s4, s0, s2
	.loc	1 28 24                         @ ../app/src/PID_T.c:28:24
	vldr	s6, [r0]
	.loc	1 29 25 is_stmt 1               @ ../app/src/PID_T.c:29:25
	vldr	s0, [r0, #4]
	.loc	1 30 25                         @ ../app/src/PID_T.c:30:25
	vldr	s2, [r0, #8]
	.loc	1 29 37                         @ ../app/src/PID_T.c:29:37
	vldr	s8, [r0, #12]
	.loc	1 29 28 is_stmt 0               @ ../app/src/PID_T.c:29:28
	vmul.f32	s0, s0, s8
	.loc	1 29 16                         @ ../app/src/PID_T.c:29:16
	vfma.f32	s0, s6, s4
	.loc	1 30 57 is_stmt 1               @ ../app/src/PID_T.c:30:57
	vldr	s6, [r0, #16]
	.loc	1 30 48 is_stmt 0               @ ../app/src/PID_T.c:30:48
	vsub.f32	s4, s4, s6
	.loc	1 30 16                         @ ../app/src/PID_T.c:30:16
	vfma.f32	s0, s2, s4
	.loc	1 28 8 is_stmt 1                @ ../app/src/PID_T.c:28:8
	vstr	s0, [sp]
.Ltmp10:
	.loc	1 31 5                          @ ../app/src/PID_T.c:31:5
	vldr	s0, [sp]
	.loc	1 31 13 is_stmt 0               @ ../app/src/PID_T.c:31:13
	ldr	r0, [sp, #16]
	.loc	1 31 20                         @ ../app/src/PID_T.c:31:20
	vldr	s2, [r0, #20]
.Ltmp11:
	.loc	1 31 5                          @ ../app/src/PID_T.c:31:5
	vcmp.f32	s0, s2
	vmrs	APSR_nzcv, fpscr
	ble	.LBB1_7
	b	.LBB1_6
.LBB1_6:
.Ltmp12:
	.loc	1 32 10 is_stmt 1               @ ../app/src/PID_T.c:32:10
	ldr	r0, [sp, #16]
	.loc	1 32 17 is_stmt 0               @ ../app/src/PID_T.c:32:17
	ldr	r0, [r0, #20]
	.loc	1 32 9                          @ ../app/src/PID_T.c:32:9
	str	r0, [sp]
	.loc	1 32 27                         @ ../app/src/PID_T.c:32:27
	b	.LBB1_11
.Ltmp13:
.LBB1_7:
	.loc	1 33 11 is_stmt 1               @ ../app/src/PID_T.c:33:11
	vldr	s0, [sp]
	.loc	1 33 20 is_stmt 0               @ ../app/src/PID_T.c:33:20
	ldr	r0, [sp, #16]
	.loc	1 33 27                         @ ../app/src/PID_T.c:33:27
	vldr	s2, [r0, #20]
	.loc	1 33 19                         @ ../app/src/PID_T.c:33:19
	vneg.f32	s2, s2
	.loc	1 33 36                         @ ../app/src/PID_T.c:33:36
	vcmp.f32	s0, s2
	vmrs	APSR_nzcv, fpscr
	blt	.LBB1_9
	b	.LBB1_8
.LBB1_8:
	.loc	1 33 38                         @ ../app/src/PID_T.c:33:38
	vldr	s0, [sp]
	.loc	1 33 47                         @ ../app/src/PID_T.c:33:47
	ldr	r0, [sp, #16]
	.loc	1 33 54                         @ ../app/src/PID_T.c:33:54
	vldr	s2, [r0, #20]
	.loc	1 33 46                         @ ../app/src/PID_T.c:33:46
	vneg.f32	s2, s2
.Ltmp14:
	.loc	1 33 11                         @ ../app/src/PID_T.c:33:11
	vcmp.f32	s0, s2
	vmrs	APSR_nzcv, fpscr
	bge	.LBB1_10
	b	.LBB1_9
.LBB1_9:
.Ltmp15:
	.loc	1 34 11 is_stmt 1               @ ../app/src/PID_T.c:34:11
	ldr	r0, [sp, #16]
	.loc	1 34 18 is_stmt 0               @ ../app/src/PID_T.c:34:18
	vldr	s0, [r0, #20]
	.loc	1 34 10                         @ ../app/src/PID_T.c:34:10
	vneg.f32	s0, s0
	.loc	1 34 9                          @ ../app/src/PID_T.c:34:9
	vstr	s0, [sp]
	.loc	1 34 28                         @ ../app/src/PID_T.c:34:28
	b	.LBB1_10
.Ltmp16:
.LBB1_10:
	.loc	1 0 28                          @ ../app/src/PID_T.c:0:28
	b	.LBB1_11
.LBB1_11:
	.loc	1 36 9 is_stmt 1                @ ../app/src/PID_T.c:36:9
	vldr	s0, [sp]
	.loc	1 36 2 epilogue_begin is_stmt 0 @ ../app/src/PID_T.c:36:2
	add	sp, #20
	bx	lr
.Ltmp17:
.Lfunc_end1:
	.size	Positional_PID_Compute, .Lfunc_end1-Positional_PID_Compute
	.cfi_endproc
	.cantunwind
	.fnend
                                        @ -- End function
	.section	.text.Positional_PID_Reset,"ax",%progbits
	.hidden	Positional_PID_Reset            @ -- Begin function Positional_PID_Reset
	.globl	Positional_PID_Reset
	.p2align	3
	.type	Positional_PID_Reset,%function
	.code	16                              @ @Positional_PID_Reset
	.thumb_func
Positional_PID_Reset:
.Lfunc_begin2:
	.loc	1 40 0 is_stmt 1                @ ../app/src/PID_T.c:40:0
	.fnstart
	.cfi_startproc
@ %bb.0:
	.pad	#4
	sub	sp, #4
	.cfi_def_cfa_offset 4
	str	r0, [sp]
.Ltmp18:
	.loc	1 41 5 prologue_end             @ ../app/src/PID_T.c:41:5
	ldr	r1, [sp]
	movs	r0, #0
	.loc	1 41 20 is_stmt 0               @ ../app/src/PID_T.c:41:20
	str	r0, [r1, #12]
	.loc	1 42 5 is_stmt 1                @ ../app/src/PID_T.c:42:5
	ldr	r1, [sp]
	.loc	1 42 21 is_stmt 0               @ ../app/src/PID_T.c:42:21
	str	r0, [r1, #16]
	.loc	1 43 5 is_stmt 1                @ ../app/src/PID_T.c:43:5
	ldr	r1, [sp]
	.loc	1 43 13 is_stmt 0               @ ../app/src/PID_T.c:43:13
	str	r0, [r1]
	.loc	1 44 5 is_stmt 1                @ ../app/src/PID_T.c:44:5
	ldr	r1, [sp]
	.loc	1 44 13 is_stmt 0               @ ../app/src/PID_T.c:44:13
	str	r0, [r1, #4]
	.loc	1 45 5 is_stmt 1                @ ../app/src/PID_T.c:45:5
	ldr	r1, [sp]
	.loc	1 45 13 is_stmt 0               @ ../app/src/PID_T.c:45:13
	str	r0, [r1, #8]
	.loc	1 46 12 is_stmt 1               @ ../app/src/PID_T.c:46:12
	ldr	r0, [sp]
	.loc	1 46 5 epilogue_begin is_stmt 0 @ ../app/src/PID_T.c:46:5
	add	sp, #4
	bx	lr
.Ltmp19:
.Lfunc_end2:
	.size	Positional_PID_Reset, .Lfunc_end2-Positional_PID_Reset
	.cfi_endproc
	.cantunwind
	.fnend
                                        @ -- End function
	.section	.text.Positional_PID_Reset_nomal,"ax",%progbits
	.hidden	Positional_PID_Reset_nomal      @ -- Begin function Positional_PID_Reset_nomal
	.globl	Positional_PID_Reset_nomal
	.p2align	3
	.type	Positional_PID_Reset_nomal,%function
	.code	16                              @ @Positional_PID_Reset_nomal
	.thumb_func
Positional_PID_Reset_nomal:
.Lfunc_begin3:
	.loc	1 50 0 is_stmt 1                @ ../app/src/PID_T.c:50:0
	.fnstart
	.cfi_startproc
@ %bb.0:
	.pad	#4
	sub	sp, #4
	.cfi_def_cfa_offset 4
	str	r0, [sp]
.Ltmp20:
	.loc	1 51 5 prologue_end             @ ../app/src/PID_T.c:51:5
	ldr	r1, [sp]
	movs	r0, #0
	.loc	1 51 20 is_stmt 0               @ ../app/src/PID_T.c:51:20
	str	r0, [r1, #12]
	.loc	1 52 5 is_stmt 1                @ ../app/src/PID_T.c:52:5
	ldr	r1, [sp]
	.loc	1 52 21 is_stmt 0               @ ../app/src/PID_T.c:52:21
	str	r0, [r1, #16]
	.loc	1 53 12 is_stmt 1               @ ../app/src/PID_T.c:53:12
	ldr	r0, [sp]
	.loc	1 53 5 epilogue_begin is_stmt 0 @ ../app/src/PID_T.c:53:5
	add	sp, #4
	bx	lr
.Ltmp21:
.Lfunc_end3:
	.size	Positional_PID_Reset_nomal, .Lfunc_end3-Positional_PID_Reset_nomal
	.cfi_endproc
	.cantunwind
	.fnend
                                        @ -- End function
	.section	.text.Incremental_PID_Init,"ax",%progbits
	.hidden	Incremental_PID_Init            @ -- Begin function Incremental_PID_Init
	.globl	Incremental_PID_Init
	.p2align	3
	.type	Incremental_PID_Init,%function
	.code	16                              @ @Incremental_PID_Init
	.thumb_func
Incremental_PID_Init:
.Lfunc_begin4:
	.loc	1 59 0 is_stmt 1                @ ../app/src/PID_T.c:59:0
	.fnstart
	.cfi_startproc
@ %bb.0:
	.pad	#16
	sub	sp, #16
	.cfi_def_cfa_offset 16
	str	r0, [sp, #12]
	vstr	s0, [sp, #8]
	vstr	s1, [sp, #4]
	vstr	s2, [sp]
.Ltmp22:
	.loc	1 60 16 prologue_end            @ ../app/src/PID_T.c:60:16
	ldr	r0, [sp, #8]
	.loc	1 60 5 is_stmt 0                @ ../app/src/PID_T.c:60:5
	ldr	r1, [sp, #12]
	.loc	1 60 15                         @ ../app/src/PID_T.c:60:15
	str	r0, [r1]
	.loc	1 61 16 is_stmt 1               @ ../app/src/PID_T.c:61:16
	ldr	r0, [sp, #4]
	.loc	1 61 5 is_stmt 0                @ ../app/src/PID_T.c:61:5
	ldr	r1, [sp, #12]
	.loc	1 61 15                         @ ../app/src/PID_T.c:61:15
	str	r0, [r1, #4]
	.loc	1 62 16 is_stmt 1               @ ../app/src/PID_T.c:62:16
	ldr	r0, [sp]
	.loc	1 62 5 is_stmt 0                @ ../app/src/PID_T.c:62:5
	ldr	r1, [sp, #12]
	.loc	1 62 15                         @ ../app/src/PID_T.c:62:15
	str	r0, [r1, #8]
	.loc	1 63 5 is_stmt 1                @ ../app/src/PID_T.c:63:5
	ldr	r1, [sp, #12]
	movs	r0, #0
	.loc	1 63 20 is_stmt 0               @ ../app/src/PID_T.c:63:20
	str	r0, [r1, #12]
	.loc	1 64 5 is_stmt 1                @ ../app/src/PID_T.c:64:5
	ldr	r1, [sp, #12]
	.loc	1 64 22 is_stmt 0               @ ../app/src/PID_T.c:64:22
	str	r0, [r1, #16]
	.loc	1 65 5 is_stmt 1                @ ../app/src/PID_T.c:65:5
	ldr	r1, [sp, #12]
	.loc	1 65 22 is_stmt 0               @ ../app/src/PID_T.c:65:22
	str	r0, [r1, #20]
	.loc	1 66 12 is_stmt 1               @ ../app/src/PID_T.c:66:12
	ldr	r0, [sp, #12]
	.loc	1 66 5 epilogue_begin is_stmt 0 @ ../app/src/PID_T.c:66:5
	add	sp, #16
	bx	lr
.Ltmp23:
.Lfunc_end4:
	.size	Incremental_PID_Init, .Lfunc_end4-Incremental_PID_Init
	.cfi_endproc
	.cantunwind
	.fnend
                                        @ -- End function
	.section	.text.Incremental_PID_Compute,"ax",%progbits
	.hidden	Incremental_PID_Compute         @ -- Begin function Incremental_PID_Compute
	.globl	Incremental_PID_Compute
	.p2align	3
	.type	Incremental_PID_Compute,%function
	.code	16                              @ @Incremental_PID_Compute
	.thumb_func
Incremental_PID_Compute:
.Lfunc_begin5:
	.loc	1 70 0 is_stmt 1                @ ../app/src/PID_T.c:70:0
	.fnstart
	.cfi_startproc
@ %bb.0:
	.pad	#12
	sub	sp, #12
	.cfi_def_cfa_offset 12
	str	r0, [sp, #8]
	vstr	s0, [sp, #4]
	vstr	s1, [sp]
.Ltmp24:
	.loc	1 72 22 prologue_end            @ ../app/src/PID_T.c:72:22
	ldr	r1, [sp, #8]
	.loc	1 72 29 is_stmt 0               @ ../app/src/PID_T.c:72:29
	ldr	r0, [r1, #12]
	.loc	1 72 21                         @ ../app/src/PID_T.c:72:21
	str	r0, [r1, #16]
	.loc	1 73 22 is_stmt 1               @ ../app/src/PID_T.c:73:22
	ldr	r1, [sp, #8]
	.loc	1 73 29 is_stmt 0               @ ../app/src/PID_T.c:73:29
	ldr	r0, [r1, #16]
	.loc	1 73 21                         @ ../app/src/PID_T.c:73:21
	str	r0, [r1, #20]
	.loc	1 74 23 is_stmt 1               @ ../app/src/PID_T.c:74:23
	vldr	s0, [sp, #4]
	.loc	1 74 30 is_stmt 0               @ ../app/src/PID_T.c:74:30
	vldr	s2, [sp]
	.loc	1 74 29                         @ ../app/src/PID_T.c:74:29
	vsub.f32	s0, s0, s2
	.loc	1 74 5                          @ ../app/src/PID_T.c:74:5
	ldr	r0, [sp, #8]
	.loc	1 74 21                         @ ../app/src/PID_T.c:74:21
	vstr	s0, [r0, #12]
	.loc	1 75 13 is_stmt 1               @ ../app/src/PID_T.c:75:13
	ldr	r0, [sp, #8]
	.loc	1 75 20 is_stmt 0               @ ../app/src/PID_T.c:75:20
	vldr	s8, [r0]
	.loc	1 76 21 is_stmt 1               @ ../app/src/PID_T.c:76:21
	vldr	s0, [r0, #4]
	.loc	1 77 21                         @ ../app/src/PID_T.c:77:21
	vldr	s2, [r0, #8]
	.loc	1 75 31                         @ ../app/src/PID_T.c:75:31
	vldr	s4, [r0, #12]
	.loc	1 75 46 is_stmt 0               @ ../app/src/PID_T.c:75:46
	vldr	s6, [r0, #16]
	.loc	1 75 38                         @ ../app/src/PID_T.c:75:38
	vsub.f32	s10, s4, s6
	.loc	1 76 23 is_stmt 1               @ ../app/src/PID_T.c:76:23
	vmul.f32	s0, s0, s4
	.loc	1 76 13 is_stmt 0               @ ../app/src/PID_T.c:76:13
	vfma.f32	s0, s8, s10
	.loc	1 77 47 is_stmt 1               @ ../app/src/PID_T.c:77:47
	vldr	s8, [r0, #20]
	.loc	1 77 39 is_stmt 0               @ ../app/src/PID_T.c:77:39
	vadd.f32	s4, s4, s8
	vmov.f32	s8, #-2.000000e+00
	.loc	1 77 56                         @ ../app/src/PID_T.c:77:56
	vfma.f32	s4, s6, s8
	.loc	1 77 13                         @ ../app/src/PID_T.c:77:13
	vfma.f32	s0, s2, s4
	.loc	1 75 5 epilogue_begin is_stmt 1 @ ../app/src/PID_T.c:75:5
	add	sp, #12
	bx	lr
.Ltmp25:
.Lfunc_end5:
	.size	Incremental_PID_Compute, .Lfunc_end5-Incremental_PID_Compute
	.cfi_endproc
	.cantunwind
	.fnend
                                        @ -- End function
	.section	.text.Incremental_PID_Reset_normal,"ax",%progbits
	.hidden	Incremental_PID_Reset_normal    @ -- Begin function Incremental_PID_Reset_normal
	.globl	Incremental_PID_Reset_normal
	.p2align	3
	.type	Incremental_PID_Reset_normal,%function
	.code	16                              @ @Incremental_PID_Reset_normal
	.thumb_func
Incremental_PID_Reset_normal:
.Lfunc_begin6:
	.loc	1 81 0                          @ ../app/src/PID_T.c:81:0
	.fnstart
	.cfi_startproc
@ %bb.0:
	.pad	#4
	sub	sp, #4
	.cfi_def_cfa_offset 4
	str	r0, [sp]
.Ltmp26:
	.loc	1 82 5 prologue_end             @ ../app/src/PID_T.c:82:5
	ldr	r1, [sp]
	movs	r0, #0
	.loc	1 82 22 is_stmt 0               @ ../app/src/PID_T.c:82:22
	str	r0, [r1, #12]
	.loc	1 83 5 is_stmt 1                @ ../app/src/PID_T.c:83:5
	ldr	r1, [sp]
	.loc	1 83 22 is_stmt 0               @ ../app/src/PID_T.c:83:22
	str	r0, [r1, #16]
	.loc	1 84 5 is_stmt 1                @ ../app/src/PID_T.c:84:5
	ldr	r1, [sp]
	.loc	1 84 22 is_stmt 0               @ ../app/src/PID_T.c:84:22
	str	r0, [r1, #20]
	.loc	1 85 12 is_stmt 1               @ ../app/src/PID_T.c:85:12
	ldr	r0, [sp]
	.loc	1 85 5 epilogue_begin is_stmt 0 @ ../app/src/PID_T.c:85:5
	add	sp, #4
	bx	lr
.Ltmp27:
.Lfunc_end6:
	.size	Incremental_PID_Reset_normal, .Lfunc_end6-Incremental_PID_Reset_normal
	.cfi_endproc
	.cantunwind
	.fnend
                                        @ -- End function
	.section	.text.Incremental_PID_Reset,"ax",%progbits
	.hidden	Incremental_PID_Reset           @ -- Begin function Incremental_PID_Reset
	.globl	Incremental_PID_Reset
	.p2align	3
	.type	Incremental_PID_Reset,%function
	.code	16                              @ @Incremental_PID_Reset
	.thumb_func
Incremental_PID_Reset:
.Lfunc_begin7:
	.loc	1 89 0 is_stmt 1                @ ../app/src/PID_T.c:89:0
	.fnstart
	.cfi_startproc
@ %bb.0:
	.pad	#4
	sub	sp, #4
	.cfi_def_cfa_offset 4
	str	r0, [sp]
.Ltmp28:
	.loc	1 90 5 prologue_end             @ ../app/src/PID_T.c:90:5
	ldr	r1, [sp]
	movs	r0, #0
	.loc	1 90 14 is_stmt 0               @ ../app/src/PID_T.c:90:14
	str	r0, [r1]
	.loc	1 91 5 is_stmt 1                @ ../app/src/PID_T.c:91:5
	ldr	r1, [sp]
	.loc	1 91 14 is_stmt 0               @ ../app/src/PID_T.c:91:14
	str	r0, [r1, #4]
	.loc	1 92 5 is_stmt 1                @ ../app/src/PID_T.c:92:5
	ldr	r1, [sp]
	.loc	1 92 14 is_stmt 0               @ ../app/src/PID_T.c:92:14
	str	r0, [r1, #8]
	.loc	1 93 5 is_stmt 1                @ ../app/src/PID_T.c:93:5
	ldr	r1, [sp]
	.loc	1 93 20 is_stmt 0               @ ../app/src/PID_T.c:93:20
	str	r0, [r1, #12]
	.loc	1 94 5 is_stmt 1                @ ../app/src/PID_T.c:94:5
	ldr	r1, [sp]
	.loc	1 94 22 is_stmt 0               @ ../app/src/PID_T.c:94:22
	str	r0, [r1, #16]
	.loc	1 95 5 is_stmt 1                @ ../app/src/PID_T.c:95:5
	ldr	r1, [sp]
	.loc	1 95 22 is_stmt 0               @ ../app/src/PID_T.c:95:22
	str	r0, [r1, #20]
	.loc	1 96 12 is_stmt 1               @ ../app/src/PID_T.c:96:12
	ldr	r0, [sp]
	.loc	1 96 5 epilogue_begin is_stmt 0 @ ../app/src/PID_T.c:96:5
	add	sp, #4
	bx	lr
.Ltmp29:
.Lfunc_end7:
	.size	Incremental_PID_Reset, .Lfunc_end7-Incremental_PID_Reset
	.cfi_endproc
	.cantunwind
	.fnend
                                        @ -- End function
	.file	2 "D:\\RM_projects\\h7_final_4\\MDK-ARM" "../app/inc\\PID_T.h"
	.section	.debug_abbrev,"",%progbits
	.byte	1                               @ Abbreviation Code
	.byte	17                              @ DW_TAG_compile_unit
	.byte	1                               @ DW_CHILDREN_yes
	.byte	37                              @ DW_AT_producer
	.byte	14                              @ DW_FORM_strp
	.byte	19                              @ DW_AT_language
	.byte	5                               @ DW_FORM_data2
	.byte	3                               @ DW_AT_name
	.byte	14                              @ DW_FORM_strp
	.byte	16                              @ DW_AT_stmt_list
	.byte	23                              @ DW_FORM_sec_offset
	.byte	27                              @ DW_AT_comp_dir
	.byte	14                              @ DW_FORM_strp
	.byte	17                              @ DW_AT_low_pc
	.byte	1                               @ DW_FORM_addr
	.byte	85                              @ DW_AT_ranges
	.byte	23                              @ DW_FORM_sec_offset
	.byte	0                               @ EOM(1)
	.byte	0                               @ EOM(2)
	.byte	2                               @ Abbreviation Code
	.byte	46                              @ DW_TAG_subprogram
	.byte	1                               @ DW_CHILDREN_yes
	.byte	17                              @ DW_AT_low_pc
	.byte	1                               @ DW_FORM_addr
	.byte	18                              @ DW_AT_high_pc
	.byte	6                               @ DW_FORM_data4
	.byte	64                              @ DW_AT_frame_base
	.byte	24                              @ DW_FORM_exprloc
	.byte	3                               @ DW_AT_name
	.byte	14                              @ DW_FORM_strp
	.byte	58                              @ DW_AT_decl_file
	.byte	11                              @ DW_FORM_data1
	.byte	59                              @ DW_AT_decl_line
	.byte	11                              @ DW_FORM_data1
	.byte	39                              @ DW_AT_prototyped
	.byte	25                              @ DW_FORM_flag_present
	.byte	73                              @ DW_AT_type
	.byte	19                              @ DW_FORM_ref4
	.byte	63                              @ DW_AT_external
	.byte	25                              @ DW_FORM_flag_present
	.byte	0                               @ EOM(1)
	.byte	0                               @ EOM(2)
	.byte	3                               @ Abbreviation Code
	.byte	5                               @ DW_TAG_formal_parameter
	.byte	0                               @ DW_CHILDREN_no
	.byte	2                               @ DW_AT_location
	.byte	24                              @ DW_FORM_exprloc
	.byte	3                               @ DW_AT_name
	.byte	14                              @ DW_FORM_strp
	.byte	58                              @ DW_AT_decl_file
	.byte	11                              @ DW_FORM_data1
	.byte	59                              @ DW_AT_decl_line
	.byte	11                              @ DW_FORM_data1
	.byte	73                              @ DW_AT_type
	.byte	19                              @ DW_FORM_ref4
	.byte	0                               @ EOM(1)
	.byte	0                               @ EOM(2)
	.byte	4                               @ Abbreviation Code
	.byte	52                              @ DW_TAG_variable
	.byte	0                               @ DW_CHILDREN_no
	.byte	2                               @ DW_AT_location
	.byte	24                              @ DW_FORM_exprloc
	.byte	3                               @ DW_AT_name
	.byte	14                              @ DW_FORM_strp
	.byte	58                              @ DW_AT_decl_file
	.byte	11                              @ DW_FORM_data1
	.byte	59                              @ DW_AT_decl_line
	.byte	11                              @ DW_FORM_data1
	.byte	73                              @ DW_AT_type
	.byte	19                              @ DW_FORM_ref4
	.byte	0                               @ EOM(1)
	.byte	0                               @ EOM(2)
	.byte	5                               @ Abbreviation Code
	.byte	15                              @ DW_TAG_pointer_type
	.byte	0                               @ DW_CHILDREN_no
	.byte	73                              @ DW_AT_type
	.byte	19                              @ DW_FORM_ref4
	.byte	0                               @ EOM(1)
	.byte	0                               @ EOM(2)
	.byte	6                               @ Abbreviation Code
	.byte	22                              @ DW_TAG_typedef
	.byte	0                               @ DW_CHILDREN_no
	.byte	73                              @ DW_AT_type
	.byte	19                              @ DW_FORM_ref4
	.byte	3                               @ DW_AT_name
	.byte	14                              @ DW_FORM_strp
	.byte	58                              @ DW_AT_decl_file
	.byte	11                              @ DW_FORM_data1
	.byte	59                              @ DW_AT_decl_line
	.byte	11                              @ DW_FORM_data1
	.byte	0                               @ EOM(1)
	.byte	0                               @ EOM(2)
	.byte	7                               @ Abbreviation Code
	.byte	19                              @ DW_TAG_structure_type
	.byte	1                               @ DW_CHILDREN_yes
	.byte	11                              @ DW_AT_byte_size
	.byte	11                              @ DW_FORM_data1
	.byte	58                              @ DW_AT_decl_file
	.byte	11                              @ DW_FORM_data1
	.byte	59                              @ DW_AT_decl_line
	.byte	11                              @ DW_FORM_data1
	.byte	0                               @ EOM(1)
	.byte	0                               @ EOM(2)
	.byte	8                               @ Abbreviation Code
	.byte	13                              @ DW_TAG_member
	.byte	0                               @ DW_CHILDREN_no
	.byte	3                               @ DW_AT_name
	.byte	14                              @ DW_FORM_strp
	.byte	73                              @ DW_AT_type
	.byte	19                              @ DW_FORM_ref4
	.byte	58                              @ DW_AT_decl_file
	.byte	11                              @ DW_FORM_data1
	.byte	59                              @ DW_AT_decl_line
	.byte	11                              @ DW_FORM_data1
	.byte	56                              @ DW_AT_data_member_location
	.byte	11                              @ DW_FORM_data1
	.byte	0                               @ EOM(1)
	.byte	0                               @ EOM(2)
	.byte	9                               @ Abbreviation Code
	.byte	36                              @ DW_TAG_base_type
	.byte	0                               @ DW_CHILDREN_no
	.byte	3                               @ DW_AT_name
	.byte	14                              @ DW_FORM_strp
	.byte	62                              @ DW_AT_encoding
	.byte	11                              @ DW_FORM_data1
	.byte	11                              @ DW_AT_byte_size
	.byte	11                              @ DW_FORM_data1
	.byte	0                               @ EOM(1)
	.byte	0                               @ EOM(2)
	.byte	0                               @ EOM(3)
	.section	.debug_info,"",%progbits
.Lcu_begin0:
	.long	.Ldebug_info_end0-.Ldebug_info_start0 @ Length of Unit
.Ldebug_info_start0:
	.short	4                               @ DWARF version number
	.long	.debug_abbrev                   @ Offset Into Abbrev. Section
	.byte	4                               @ Address Size (in bytes)
	.byte	1                               @ Abbrev [1] 0xb:0x2cd DW_TAG_compile_unit
	.long	.Linfo_string0                  @ DW_AT_producer
	.short	12                              @ DW_AT_language
	.long	.Linfo_string1                  @ DW_AT_name
	.long	.Lline_table_start0             @ DW_AT_stmt_list
	.long	.Linfo_string2                  @ DW_AT_comp_dir
	.long	0                               @ DW_AT_low_pc
	.long	.Ldebug_ranges0                 @ DW_AT_ranges
	.byte	2                               @ Abbrev [2] 0x26:0x6a DW_TAG_subprogram
	.long	.Lfunc_begin0                   @ DW_AT_low_pc
	.long	.Lfunc_end0-.Lfunc_begin0       @ DW_AT_high_pc
	.byte	1                               @ DW_AT_frame_base
	.byte	93
	.long	.Linfo_string3                  @ DW_AT_name
	.byte	1                               @ DW_AT_decl_file
	.byte	4                               @ DW_AT_decl_line
                                        @ DW_AT_prototyped
	.long	522                             @ DW_AT_type
                                        @ DW_AT_external
	.byte	3                               @ Abbrev [3] 0x3b:0xe DW_TAG_formal_parameter
	.byte	2                               @ DW_AT_location
	.byte	145
	.byte	20
	.long	.Linfo_string24                 @ DW_AT_name
	.byte	1                               @ DW_AT_decl_file
	.byte	4                               @ DW_AT_decl_line
	.long	522                             @ DW_AT_type
	.byte	3                               @ Abbrev [3] 0x49:0xe DW_TAG_formal_parameter
	.byte	2                               @ DW_AT_location
	.byte	145
	.byte	16
	.long	.Linfo_string4                  @ DW_AT_name
	.byte	1                               @ DW_AT_decl_file
	.byte	4                               @ DW_AT_decl_line
	.long	627                             @ DW_AT_type
	.byte	3                               @ Abbrev [3] 0x57:0xe DW_TAG_formal_parameter
	.byte	2                               @ DW_AT_location
	.byte	145
	.byte	12
	.long	.Linfo_string6                  @ DW_AT_name
	.byte	1                               @ DW_AT_decl_file
	.byte	4                               @ DW_AT_decl_line
	.long	627                             @ DW_AT_type
	.byte	3                               @ Abbrev [3] 0x65:0xe DW_TAG_formal_parameter
	.byte	2                               @ DW_AT_location
	.byte	145
	.byte	8
	.long	.Linfo_string7                  @ DW_AT_name
	.byte	1                               @ DW_AT_decl_file
	.byte	4                               @ DW_AT_decl_line
	.long	627                             @ DW_AT_type
	.byte	3                               @ Abbrev [3] 0x73:0xe DW_TAG_formal_parameter
	.byte	2                               @ DW_AT_location
	.byte	145
	.byte	4
	.long	.Linfo_string10                 @ DW_AT_name
	.byte	1                               @ DW_AT_decl_file
	.byte	4                               @ DW_AT_decl_line
	.long	627                             @ DW_AT_type
	.byte	3                               @ Abbrev [3] 0x81:0xe DW_TAG_formal_parameter
	.byte	2                               @ DW_AT_location
	.byte	145
	.byte	0
	.long	.Linfo_string11                 @ DW_AT_name
	.byte	1                               @ DW_AT_decl_file
	.byte	4                               @ DW_AT_decl_line
	.long	627                             @ DW_AT_type
	.byte	0                               @ End Of Children Mark
	.byte	2                               @ Abbrev [2] 0x90:0x5c DW_TAG_subprogram
	.long	.Lfunc_begin1                   @ DW_AT_low_pc
	.long	.Lfunc_end1-.Lfunc_begin1       @ DW_AT_high_pc
	.byte	1                               @ DW_AT_frame_base
	.byte	93
	.long	.Linfo_string13                 @ DW_AT_name
	.byte	1                               @ DW_AT_decl_file
	.byte	18                              @ DW_AT_decl_line
                                        @ DW_AT_prototyped
	.long	627                             @ DW_AT_type
                                        @ DW_AT_external
	.byte	3                               @ Abbrev [3] 0xa5:0xe DW_TAG_formal_parameter
	.byte	2                               @ DW_AT_location
	.byte	145
	.byte	16
	.long	.Linfo_string25                 @ DW_AT_name
	.byte	1                               @ DW_AT_decl_file
	.byte	18                              @ DW_AT_decl_line
	.long	522                             @ DW_AT_type
	.byte	3                               @ Abbrev [3] 0xb3:0xe DW_TAG_formal_parameter
	.byte	2                               @ DW_AT_location
	.byte	145
	.byte	12
	.long	.Linfo_string26                 @ DW_AT_name
	.byte	1                               @ DW_AT_decl_file
	.byte	18                              @ DW_AT_decl_line
	.long	627                             @ DW_AT_type
	.byte	3                               @ Abbrev [3] 0xc1:0xe DW_TAG_formal_parameter
	.byte	2                               @ DW_AT_location
	.byte	145
	.byte	8
	.long	.Linfo_string27                 @ DW_AT_name
	.byte	1                               @ DW_AT_decl_file
	.byte	18                              @ DW_AT_decl_line
	.long	627                             @ DW_AT_type
	.byte	4                               @ Abbrev [4] 0xcf:0xe DW_TAG_variable
	.byte	2                               @ DW_AT_location
	.byte	145
	.byte	4
	.long	.Linfo_string28                 @ DW_AT_name
	.byte	1                               @ DW_AT_decl_file
	.byte	20                              @ DW_AT_decl_line
	.long	627                             @ DW_AT_type
	.byte	4                               @ Abbrev [4] 0xdd:0xe DW_TAG_variable
	.byte	2                               @ DW_AT_location
	.byte	145
	.byte	0
	.long	.Linfo_string29                 @ DW_AT_name
	.byte	1                               @ DW_AT_decl_file
	.byte	28                              @ DW_AT_decl_line
	.long	627                             @ DW_AT_type
	.byte	0                               @ End Of Children Mark
	.byte	2                               @ Abbrev [2] 0xec:0x24 DW_TAG_subprogram
	.long	.Lfunc_begin2                   @ DW_AT_low_pc
	.long	.Lfunc_end2-.Lfunc_begin2       @ DW_AT_high_pc
	.byte	1                               @ DW_AT_frame_base
	.byte	93
	.long	.Linfo_string14                 @ DW_AT_name
	.byte	1                               @ DW_AT_decl_file
	.byte	39                              @ DW_AT_decl_line
                                        @ DW_AT_prototyped
	.long	522                             @ DW_AT_type
                                        @ DW_AT_external
	.byte	3                               @ Abbrev [3] 0x101:0xe DW_TAG_formal_parameter
	.byte	2                               @ DW_AT_location
	.byte	145
	.byte	0
	.long	.Linfo_string24                 @ DW_AT_name
	.byte	1                               @ DW_AT_decl_file
	.byte	39                              @ DW_AT_decl_line
	.long	522                             @ DW_AT_type
	.byte	0                               @ End Of Children Mark
	.byte	2                               @ Abbrev [2] 0x110:0x24 DW_TAG_subprogram
	.long	.Lfunc_begin3                   @ DW_AT_low_pc
	.long	.Lfunc_end3-.Lfunc_begin3       @ DW_AT_high_pc
	.byte	1                               @ DW_AT_frame_base
	.byte	93
	.long	.Linfo_string15                 @ DW_AT_name
	.byte	1                               @ DW_AT_decl_file
	.byte	49                              @ DW_AT_decl_line
                                        @ DW_AT_prototyped
	.long	522                             @ DW_AT_type
                                        @ DW_AT_external
	.byte	3                               @ Abbrev [3] 0x125:0xe DW_TAG_formal_parameter
	.byte	2                               @ DW_AT_location
	.byte	145
	.byte	0
	.long	.Linfo_string24                 @ DW_AT_name
	.byte	1                               @ DW_AT_decl_file
	.byte	49                              @ DW_AT_decl_line
	.long	522                             @ DW_AT_type
	.byte	0                               @ End Of Children Mark
	.byte	2                               @ Abbrev [2] 0x134:0x4e DW_TAG_subprogram
	.long	.Lfunc_begin4                   @ DW_AT_low_pc
	.long	.Lfunc_end4-.Lfunc_begin4       @ DW_AT_high_pc
	.byte	1                               @ DW_AT_frame_base
	.byte	93
	.long	.Linfo_string16                 @ DW_AT_name
	.byte	1                               @ DW_AT_decl_file
	.byte	58                              @ DW_AT_decl_line
                                        @ DW_AT_prototyped
	.long	634                             @ DW_AT_type
                                        @ DW_AT_external
	.byte	3                               @ Abbrev [3] 0x149:0xe DW_TAG_formal_parameter
	.byte	2                               @ DW_AT_location
	.byte	145
	.byte	12
	.long	.Linfo_string25                 @ DW_AT_name
	.byte	1                               @ DW_AT_decl_file
	.byte	58                              @ DW_AT_decl_line
	.long	634                             @ DW_AT_type
	.byte	3                               @ Abbrev [3] 0x157:0xe DW_TAG_formal_parameter
	.byte	2                               @ DW_AT_location
	.byte	145
	.byte	8
	.long	.Linfo_string4                  @ DW_AT_name
	.byte	1                               @ DW_AT_decl_file
	.byte	58                              @ DW_AT_decl_line
	.long	627                             @ DW_AT_type
	.byte	3                               @ Abbrev [3] 0x165:0xe DW_TAG_formal_parameter
	.byte	2                               @ DW_AT_location
	.byte	145
	.byte	4
	.long	.Linfo_string6                  @ DW_AT_name
	.byte	1                               @ DW_AT_decl_file
	.byte	58                              @ DW_AT_decl_line
	.long	627                             @ DW_AT_type
	.byte	3                               @ Abbrev [3] 0x173:0xe DW_TAG_formal_parameter
	.byte	2                               @ DW_AT_location
	.byte	145
	.byte	0
	.long	.Linfo_string7                  @ DW_AT_name
	.byte	1                               @ DW_AT_decl_file
	.byte	58                              @ DW_AT_decl_line
	.long	627                             @ DW_AT_type
	.byte	0                               @ End Of Children Mark
	.byte	2                               @ Abbrev [2] 0x182:0x40 DW_TAG_subprogram
	.long	.Lfunc_begin5                   @ DW_AT_low_pc
	.long	.Lfunc_end5-.Lfunc_begin5       @ DW_AT_high_pc
	.byte	1                               @ DW_AT_frame_base
	.byte	93
	.long	.Linfo_string21                 @ DW_AT_name
	.byte	1                               @ DW_AT_decl_file
	.byte	69                              @ DW_AT_decl_line
                                        @ DW_AT_prototyped
	.long	627                             @ DW_AT_type
                                        @ DW_AT_external
	.byte	3                               @ Abbrev [3] 0x197:0xe DW_TAG_formal_parameter
	.byte	2                               @ DW_AT_location
	.byte	145
	.byte	8
	.long	.Linfo_string25                 @ DW_AT_name
	.byte	1                               @ DW_AT_decl_file
	.byte	69                              @ DW_AT_decl_line
	.long	634                             @ DW_AT_type
	.byte	3                               @ Abbrev [3] 0x1a5:0xe DW_TAG_formal_parameter
	.byte	2                               @ DW_AT_location
	.byte	145
	.byte	4
	.long	.Linfo_string26                 @ DW_AT_name
	.byte	1                               @ DW_AT_decl_file
	.byte	69                              @ DW_AT_decl_line
	.long	627                             @ DW_AT_type
	.byte	3                               @ Abbrev [3] 0x1b3:0xe DW_TAG_formal_parameter
	.byte	2                               @ DW_AT_location
	.byte	145
	.byte	0
	.long	.Linfo_string27                 @ DW_AT_name
	.byte	1                               @ DW_AT_decl_file
	.byte	69                              @ DW_AT_decl_line
	.long	627                             @ DW_AT_type
	.byte	0                               @ End Of Children Mark
	.byte	2                               @ Abbrev [2] 0x1c2:0x24 DW_TAG_subprogram
	.long	.Lfunc_begin6                   @ DW_AT_low_pc
	.long	.Lfunc_end6-.Lfunc_begin6       @ DW_AT_high_pc
	.byte	1                               @ DW_AT_frame_base
	.byte	93
	.long	.Linfo_string22                 @ DW_AT_name
	.byte	1                               @ DW_AT_decl_file
	.byte	80                              @ DW_AT_decl_line
                                        @ DW_AT_prototyped
	.long	634                             @ DW_AT_type
                                        @ DW_AT_external
	.byte	3                               @ Abbrev [3] 0x1d7:0xe DW_TAG_formal_parameter
	.byte	2                               @ DW_AT_location
	.byte	145
	.byte	0
	.long	.Linfo_string25                 @ DW_AT_name
	.byte	1                               @ DW_AT_decl_file
	.byte	80                              @ DW_AT_decl_line
	.long	634                             @ DW_AT_type
	.byte	0                               @ End Of Children Mark
	.byte	2                               @ Abbrev [2] 0x1e6:0x24 DW_TAG_subprogram
	.long	.Lfunc_begin7                   @ DW_AT_low_pc
	.long	.Lfunc_end7-.Lfunc_begin7       @ DW_AT_high_pc
	.byte	1                               @ DW_AT_frame_base
	.byte	93
	.long	.Linfo_string23                 @ DW_AT_name
	.byte	1                               @ DW_AT_decl_file
	.byte	88                              @ DW_AT_decl_line
                                        @ DW_AT_prototyped
	.long	634                             @ DW_AT_type
                                        @ DW_AT_external
	.byte	3                               @ Abbrev [3] 0x1fb:0xe DW_TAG_formal_parameter
	.byte	2                               @ DW_AT_location
	.byte	145
	.byte	0
	.long	.Linfo_string25                 @ DW_AT_name
	.byte	1                               @ DW_AT_decl_file
	.byte	88                              @ DW_AT_decl_line
	.long	634                             @ DW_AT_type
	.byte	0                               @ End Of Children Mark
	.byte	5                               @ Abbrev [5] 0x20a:0x5 DW_TAG_pointer_type
	.long	527                             @ DW_AT_type
	.byte	6                               @ Abbrev [6] 0x20f:0xb DW_TAG_typedef
	.long	538                             @ DW_AT_type
	.long	.Linfo_string12                 @ DW_AT_name
	.byte	2                               @ DW_AT_decl_file
	.byte	14                              @ DW_AT_decl_line
	.byte	7                               @ Abbrev [7] 0x21a:0x59 DW_TAG_structure_type
	.byte	28                              @ DW_AT_byte_size
	.byte	2                               @ DW_AT_decl_file
	.byte	6                               @ DW_AT_decl_line
	.byte	8                               @ Abbrev [8] 0x21e:0xc DW_TAG_member
	.long	.Linfo_string4                  @ DW_AT_name
	.long	627                             @ DW_AT_type
	.byte	2                               @ DW_AT_decl_file
	.byte	7                               @ DW_AT_decl_line
	.byte	0                               @ DW_AT_data_member_location
	.byte	8                               @ Abbrev [8] 0x22a:0xc DW_TAG_member
	.long	.Linfo_string6                  @ DW_AT_name
	.long	627                             @ DW_AT_type
	.byte	2                               @ DW_AT_decl_file
	.byte	8                               @ DW_AT_decl_line
	.byte	4                               @ DW_AT_data_member_location
	.byte	8                               @ Abbrev [8] 0x236:0xc DW_TAG_member
	.long	.Linfo_string7                  @ DW_AT_name
	.long	627                             @ DW_AT_type
	.byte	2                               @ DW_AT_decl_file
	.byte	9                               @ DW_AT_decl_line
	.byte	8                               @ DW_AT_data_member_location
	.byte	8                               @ Abbrev [8] 0x242:0xc DW_TAG_member
	.long	.Linfo_string8                  @ DW_AT_name
	.long	627                             @ DW_AT_type
	.byte	2                               @ DW_AT_decl_file
	.byte	10                              @ DW_AT_decl_line
	.byte	12                              @ DW_AT_data_member_location
	.byte	8                               @ Abbrev [8] 0x24e:0xc DW_TAG_member
	.long	.Linfo_string9                  @ DW_AT_name
	.long	627                             @ DW_AT_type
	.byte	2                               @ DW_AT_decl_file
	.byte	11                              @ DW_AT_decl_line
	.byte	16                              @ DW_AT_data_member_location
	.byte	8                               @ Abbrev [8] 0x25a:0xc DW_TAG_member
	.long	.Linfo_string10                 @ DW_AT_name
	.long	627                             @ DW_AT_type
	.byte	2                               @ DW_AT_decl_file
	.byte	12                              @ DW_AT_decl_line
	.byte	20                              @ DW_AT_data_member_location
	.byte	8                               @ Abbrev [8] 0x266:0xc DW_TAG_member
	.long	.Linfo_string11                 @ DW_AT_name
	.long	627                             @ DW_AT_type
	.byte	2                               @ DW_AT_decl_file
	.byte	13                              @ DW_AT_decl_line
	.byte	24                              @ DW_AT_data_member_location
	.byte	0                               @ End Of Children Mark
	.byte	9                               @ Abbrev [9] 0x273:0x7 DW_TAG_base_type
	.long	.Linfo_string5                  @ DW_AT_name
	.byte	4                               @ DW_AT_encoding
	.byte	4                               @ DW_AT_byte_size
	.byte	5                               @ Abbrev [5] 0x27a:0x5 DW_TAG_pointer_type
	.long	639                             @ DW_AT_type
	.byte	6                               @ Abbrev [6] 0x27f:0xb DW_TAG_typedef
	.long	650                             @ DW_AT_type
	.long	.Linfo_string20                 @ DW_AT_name
	.byte	2                               @ DW_AT_decl_file
	.byte	23                              @ DW_AT_decl_line
	.byte	7                               @ Abbrev [7] 0x28a:0x4d DW_TAG_structure_type
	.byte	24                              @ DW_AT_byte_size
	.byte	2                               @ DW_AT_decl_file
	.byte	16                              @ DW_AT_decl_line
	.byte	8                               @ Abbrev [8] 0x28e:0xc DW_TAG_member
	.long	.Linfo_string4                  @ DW_AT_name
	.long	627                             @ DW_AT_type
	.byte	2                               @ DW_AT_decl_file
	.byte	17                              @ DW_AT_decl_line
	.byte	0                               @ DW_AT_data_member_location
	.byte	8                               @ Abbrev [8] 0x29a:0xc DW_TAG_member
	.long	.Linfo_string6                  @ DW_AT_name
	.long	627                             @ DW_AT_type
	.byte	2                               @ DW_AT_decl_file
	.byte	18                              @ DW_AT_decl_line
	.byte	4                               @ DW_AT_data_member_location
	.byte	8                               @ Abbrev [8] 0x2a6:0xc DW_TAG_member
	.long	.Linfo_string7                  @ DW_AT_name
	.long	627                             @ DW_AT_type
	.byte	2                               @ DW_AT_decl_file
	.byte	19                              @ DW_AT_decl_line
	.byte	8                               @ DW_AT_data_member_location
	.byte	8                               @ Abbrev [8] 0x2b2:0xc DW_TAG_member
	.long	.Linfo_string17                 @ DW_AT_name
	.long	627                             @ DW_AT_type
	.byte	2                               @ DW_AT_decl_file
	.byte	20                              @ DW_AT_decl_line
	.byte	12                              @ DW_AT_data_member_location
	.byte	8                               @ Abbrev [8] 0x2be:0xc DW_TAG_member
	.long	.Linfo_string18                 @ DW_AT_name
	.long	627                             @ DW_AT_type
	.byte	2                               @ DW_AT_decl_file
	.byte	21                              @ DW_AT_decl_line
	.byte	16                              @ DW_AT_data_member_location
	.byte	8                               @ Abbrev [8] 0x2ca:0xc DW_TAG_member
	.long	.Linfo_string19                 @ DW_AT_name
	.long	627                             @ DW_AT_type
	.byte	2                               @ DW_AT_decl_file
	.byte	22                              @ DW_AT_decl_line
	.byte	20                              @ DW_AT_data_member_location
	.byte	0                               @ End Of Children Mark
	.byte	0                               @ End Of Children Mark
.Ldebug_info_end0:
	.section	.debug_ranges,"",%progbits
.Ldebug_ranges0:
	.long	.Lfunc_begin0
	.long	.Lfunc_end0
	.long	.Lfunc_begin1
	.long	.Lfunc_end1
	.long	.Lfunc_begin2
	.long	.Lfunc_end2
	.long	.Lfunc_begin3
	.long	.Lfunc_end3
	.long	.Lfunc_begin4
	.long	.Lfunc_end4
	.long	.Lfunc_begin5
	.long	.Lfunc_end5
	.long	.Lfunc_begin6
	.long	.Lfunc_end6
	.long	.Lfunc_begin7
	.long	.Lfunc_end7
	.long	0
	.long	0
	.section	.debug_str,"MS",%progbits,1
.Linfo_string0:
	.asciz	"Component: Arm Compiler for Embedded 6.24 Tool: armclang [5f371800]" @ string offset=0
.Linfo_string1:
	.asciz	"../app/src\\PID_T.c"           @ string offset=68
.Linfo_string2:
	.asciz	"D:\\RM_projects\\h7_final_4\\MDK-ARM" @ string offset=87
.Linfo_string3:
	.asciz	"Positional_PID_Init"           @ string offset=121
.Linfo_string4:
	.asciz	"Kp"                            @ string offset=141
.Linfo_string5:
	.asciz	"float"                         @ string offset=144
.Linfo_string6:
	.asciz	"Ki"                            @ string offset=150
.Linfo_string7:
	.asciz	"Kd"                            @ string offset=153
.Linfo_string8:
	.asciz	"error_sum"                     @ string offset=156
.Linfo_string9:
	.asciz	"last_error"                    @ string offset=166
.Linfo_string10:
	.asciz	"OutputMAX"                     @ string offset=177
.Linfo_string11:
	.asciz	"ErrorSumMax"                   @ string offset=187
.Linfo_string12:
	.asciz	"PID_H_POS"                     @ string offset=199
.Linfo_string13:
	.asciz	"Positional_PID_Compute"        @ string offset=209
.Linfo_string14:
	.asciz	"Positional_PID_Reset"          @ string offset=232
.Linfo_string15:
	.asciz	"Positional_PID_Reset_nomal"    @ string offset=253
.Linfo_string16:
	.asciz	"Incremental_PID_Init"          @ string offset=280
.Linfo_string17:
	.asciz	"error_n"                       @ string offset=301
.Linfo_string18:
	.asciz	"error_n_1"                     @ string offset=309
.Linfo_string19:
	.asciz	"error_n_2"                     @ string offset=319
.Linfo_string20:
	.asciz	"PID_H_ADD"                     @ string offset=329
.Linfo_string21:
	.asciz	"Incremental_PID_Compute"       @ string offset=339
.Linfo_string22:
	.asciz	"Incremental_PID_Reset_normal"  @ string offset=363
.Linfo_string23:
	.asciz	"Incremental_PID_Reset"         @ string offset=392
.Linfo_string24:
	.asciz	"pid"                           @ string offset=414
.Linfo_string25:
	.asciz	"pid_t"                         @ string offset=418
.Linfo_string26:
	.asciz	"target"                        @ string offset=424
.Linfo_string27:
	.asciz	"nowdata"                       @ string offset=431
.Linfo_string28:
	.asciz	"error"                         @ string offset=439
.Linfo_string29:
	.asciz	"output"                        @ string offset=445
	.ident	"Component: Arm Compiler for Embedded 6.24 Tool: armclang [5f371800]"
	.section	".note.GNU-stack","",%progbits
	.eabi_attribute	30, 6	@ Tag_ABI_optimization_goals
	.ARM_attribute	16, 1	@ Tag_AV_eba
	.section	.debug_line,"",%progbits
.Lline_table_start0:
