	.text
	.syntax unified
	.eabi_attribute	67, "2.09"	@ Tag_conformance
	.cpu	cortex-m7
	.eabi_attribute	6, 13	@ Tag_CPU_arch
	.eabi_attribute	7, 77	@ Tag_CPU_arch_profile
	.eabi_attribute	8, 0	@ Tag_ARM_ISA_use
	.eabi_attribute	9, 2	@ Tag_THUMB_ISA_use
	.fpu	fpv5-d16
	.eabi_attribute	36, 1	@ Tag_FP_HP_extension
	.eabi_attribute	34, 1	@ Tag_CPU_unaligned_access
	.eabi_attribute	17, 1	@ Tag_ABI_PCS_GOT_use
	.eabi_attribute	20, 2	@ Tag_ABI_FP_denormal
	.eabi_attribute	21, 0	@ Tag_ABI_FP_exceptions
	.eabi_attribute	23, 1	@ Tag_ABI_FP_number_model
	.eabi_attribute	24, 1	@ Tag_ABI_align_needed
	.eabi_attribute	25, 1	@ Tag_ABI_align_preserved
	.eabi_attribute	28, 1	@ Tag_ABI_VFP_args
	.eabi_attribute	38, 1	@ Tag_ABI_FP_16bit_format
	.eabi_attribute	18, 2	@ Tag_ABI_PCS_wchar_t
	.eabi_attribute	26, 1	@ Tag_ABI_enum_size
	.eabi_attribute	14, 0	@ Tag_ABI_PCS_R9_use
	.file	"port.c"
	.file	1 "D:\\keil_1\\keil\\ARM\\ARMCLANG\\bin\\..\\include" "stdint.h"
	.file	2 "D:\\RM_projects\\h7_final_4\\MDK-ARM" "../Middlewares/Third_Party/FreeRTOS/Source/portable/RVDS/ARM_CM4F/port.c"
	.file	3 "D:\\RM_projects\\h7_final_4\\MDK-ARM" "../Middlewares/Third_Party/FreeRTOS/Source/portable/RVDS/ARM_CM4F\\portmacro.h"
	.section	.text.pxPortInitialiseStack,"ax",%progbits
	.hidden	pxPortInitialiseStack           @ -- Begin function pxPortInitialiseStack
	.globl	pxPortInitialiseStack
	.p2align	3
	.type	pxPortInitialiseStack,%function
	.code	16                              @ @pxPortInitialiseStack
	.thumb_func
pxPortInitialiseStack:
.Lfunc_begin0:
	.loc	2 196 0                         @ ../Middlewares/Third_Party/FreeRTOS/Source/portable/RVDS/ARM_CM4F/port.c:196:0
	.fnstart
	.cfi_sections .debug_frame
	.cfi_startproc
@ %bb.0:
	.pad	#12
	sub	sp, #12
	.cfi_def_cfa_offset 12
	str	r0, [sp, #8]
	str	r1, [sp, #4]
	str	r2, [sp]
.Ltmp0:
	.loc	2 202 17 prologue_end           @ ../Middlewares/Third_Party/FreeRTOS/Source/portable/RVDS/ARM_CM4F/port.c:202:17
	ldr	r0, [sp, #8]
	subs	r0, #4
	str	r0, [sp, #8]
	.loc	2 204 6                         @ ../Middlewares/Third_Party/FreeRTOS/Source/portable/RVDS/ARM_CM4F/port.c:204:6
	ldr	r1, [sp, #8]
	mov.w	r0, #16777216
	.loc	2 204 19 is_stmt 0              @ ../Middlewares/Third_Party/FreeRTOS/Source/portable/RVDS/ARM_CM4F/port.c:204:19
	str	r0, [r1]
	.loc	2 205 17 is_stmt 1              @ ../Middlewares/Third_Party/FreeRTOS/Source/portable/RVDS/ARM_CM4F/port.c:205:17
	ldr	r0, [sp, #8]
	subs	r0, #4
	str	r0, [sp, #8]
	.loc	2 206 39                        @ ../Middlewares/Third_Party/FreeRTOS/Source/portable/RVDS/ARM_CM4F/port.c:206:39
	ldr	r0, [sp, #4]
	.loc	2 206 48 is_stmt 0              @ ../Middlewares/Third_Party/FreeRTOS/Source/portable/RVDS/ARM_CM4F/port.c:206:48
	bic	r0, r0, #1
	.loc	2 206 6                         @ ../Middlewares/Third_Party/FreeRTOS/Source/portable/RVDS/ARM_CM4F/port.c:206:6
	ldr	r1, [sp, #8]
	.loc	2 206 19                        @ ../Middlewares/Third_Party/FreeRTOS/Source/portable/RVDS/ARM_CM4F/port.c:206:19
	str	r0, [r1]
	.loc	2 207 17 is_stmt 1              @ ../Middlewares/Third_Party/FreeRTOS/Source/portable/RVDS/ARM_CM4F/port.c:207:17
	ldr	r0, [sp, #8]
	subs	r0, #4
	str	r0, [sp, #8]
	.loc	2 208 6                         @ ../Middlewares/Third_Party/FreeRTOS/Source/portable/RVDS/ARM_CM4F/port.c:208:6
	ldr	r1, [sp, #8]
	.loc	2 208 19 is_stmt 0              @ ../Middlewares/Third_Party/FreeRTOS/Source/portable/RVDS/ARM_CM4F/port.c:208:19
	movw	r0, :lower16:prvTaskExitError
	movt	r0, :upper16:prvTaskExitError
	str	r0, [r1]
	.loc	2 211 18 is_stmt 1              @ ../Middlewares/Third_Party/FreeRTOS/Source/portable/RVDS/ARM_CM4F/port.c:211:18
	ldr	r0, [sp, #8]
	subs	r0, #20
	str	r0, [sp, #8]
	.loc	2 212 37                        @ ../Middlewares/Third_Party/FreeRTOS/Source/portable/RVDS/ARM_CM4F/port.c:212:37
	ldr	r0, [sp]
	.loc	2 212 6 is_stmt 0               @ ../Middlewares/Third_Party/FreeRTOS/Source/portable/RVDS/ARM_CM4F/port.c:212:6
	ldr	r1, [sp, #8]
	.loc	2 212 19                        @ ../Middlewares/Third_Party/FreeRTOS/Source/portable/RVDS/ARM_CM4F/port.c:212:19
	str	r0, [r1]
	.loc	2 216 17 is_stmt 1              @ ../Middlewares/Third_Party/FreeRTOS/Source/portable/RVDS/ARM_CM4F/port.c:216:17
	ldr	r0, [sp, #8]
	subs	r0, #4
	str	r0, [sp, #8]
	.loc	2 217 6                         @ ../Middlewares/Third_Party/FreeRTOS/Source/portable/RVDS/ARM_CM4F/port.c:217:6
	ldr	r1, [sp, #8]
	mvn	r0, #2
	.loc	2 217 19 is_stmt 0              @ ../Middlewares/Third_Party/FreeRTOS/Source/portable/RVDS/ARM_CM4F/port.c:217:19
	str	r0, [r1]
	.loc	2 219 18 is_stmt 1              @ ../Middlewares/Third_Party/FreeRTOS/Source/portable/RVDS/ARM_CM4F/port.c:219:18
	ldr	r0, [sp, #8]
	subs	r0, #32
	str	r0, [sp, #8]
	.loc	2 221 12                        @ ../Middlewares/Third_Party/FreeRTOS/Source/portable/RVDS/ARM_CM4F/port.c:221:12
	ldr	r0, [sp, #8]
	.loc	2 221 5 epilogue_begin is_stmt 0 @ ../Middlewares/Third_Party/FreeRTOS/Source/portable/RVDS/ARM_CM4F/port.c:221:5
	add	sp, #12
	bx	lr
.Ltmp1:
.Lfunc_end0:
	.size	pxPortInitialiseStack, .Lfunc_end0-pxPortInitialiseStack
	.cfi_endproc
	.cantunwind
	.fnend
                                        @ -- End function
	.section	.text.prvTaskExitError,"ax",%progbits
	.p2align	3                               @ -- Begin function prvTaskExitError
	.type	prvTaskExitError,%function
	.code	16                              @ @prvTaskExitError
	.thumb_func
prvTaskExitError:
.Lfunc_begin1:
	.loc	2 226 0 is_stmt 1               @ ../Middlewares/Third_Party/FreeRTOS/Source/portable/RVDS/ARM_CM4F/port.c:226:0
	.fnstart
	.cfi_startproc
@ %bb.0:
	.pad	#12
	sub	sp, #12
	.cfi_def_cfa_offset 12
	movs	r0, #0
.Ltmp2:
	.loc	2 227 23 prologue_end           @ ../Middlewares/Third_Party/FreeRTOS/Source/portable/RVDS/ARM_CM4F/port.c:227:23
	str	r0, [sp]
.Ltmp3:
	.loc	2 235 5                         @ ../Middlewares/Third_Party/FreeRTOS/Source/portable/RVDS/ARM_CM4F/port.c:235:5
	movw	r0, :lower16:uxCriticalNesting
	movt	r0, :upper16:uxCriticalNesting
	ldr	r0, [r0]
.Ltmp4:
	.loc	2 235 5 is_stmt 0               @ ../Middlewares/Third_Party/FreeRTOS/Source/portable/RVDS/ARM_CM4F/port.c:235:5
	adds	r0, #1
	cbz	r0, .LBB1_3
	b	.LBB1_1
.LBB1_1:
.Ltmp5:
	.loc	3 205 9 is_stmt 1               @ ../Middlewares/Third_Party/FreeRTOS/Source/portable/RVDS/ARM_CM4F\portmacro.h:205:9
	@APP
	mov.w	r0, #80
	msr	basepri, r0
	isb	sy
	dsb	sy

	@NO_APP
	str	r0, [sp, #8]
.Ltmp6:
	.loc	2 235 5                         @ ../Middlewares/Third_Party/FreeRTOS/Source/portable/RVDS/ARM_CM4F/port.c:235:5
	b	.LBB1_2
.LBB1_2:                                @ =>This Inner Loop Header: Depth=1
.Ltmp7:
	.loc	2 235 5 is_stmt 0               @ ../Middlewares/Third_Party/FreeRTOS/Source/portable/RVDS/ARM_CM4F/port.c:235:5
	b	.LBB1_2
.Ltmp8:
.LBB1_3:
	.loc	3 205 9 is_stmt 1               @ ../Middlewares/Third_Party/FreeRTOS/Source/portable/RVDS/ARM_CM4F\portmacro.h:205:9
	@APP
	mov.w	r0, #80
	msr	basepri, r0
	isb	sy
	dsb	sy

	@NO_APP
	str	r0, [sp, #4]
.Ltmp9:
	.loc	2 238 5                         @ ../Middlewares/Third_Party/FreeRTOS/Source/portable/RVDS/ARM_CM4F/port.c:238:5
	b	.LBB1_4
.LBB1_4:                                @ =>This Inner Loop Header: Depth=1
	.loc	2 238 12 is_stmt 0              @ ../Middlewares/Third_Party/FreeRTOS/Source/portable/RVDS/ARM_CM4F/port.c:238:12
	ldr	r0, [sp]
	.loc	2 238 5                         @ ../Middlewares/Third_Party/FreeRTOS/Source/portable/RVDS/ARM_CM4F/port.c:238:5
	cbnz	r0, .LBB1_6
	b	.LBB1_5
.LBB1_5:                                @   in Loop: Header=BB1_4 Depth=1
	b	.LBB1_4
.LBB1_6:
	.loc	2 248 1 epilogue_begin is_stmt 1 @ ../Middlewares/Third_Party/FreeRTOS/Source/portable/RVDS/ARM_CM4F/port.c:248:1
	add	sp, #12
	bx	lr
.Ltmp10:
.Lfunc_end1:
	.size	prvTaskExitError, .Lfunc_end1-prvTaskExitError
	.cfi_endproc
	.cantunwind
	.fnend
                                        @ -- End function
	.section	.text.SVC_Handler,"ax",%progbits
	.hidden	SVC_Handler                     @ -- Begin function SVC_Handler
	.globl	SVC_Handler
	.p2align	3
	.type	SVC_Handler,%function
	.code	16                              @ @SVC_Handler
	.thumb_func
SVC_Handler:
.Lfunc_begin2:
	.fnstart
	.cfi_startproc
@ %bb.0:
	.loc	2 253 5 prologue_end            @ ../Middlewares/Third_Party/FreeRTOS/Source/portable/RVDS/ARM_CM4F/port.c:253:5
	@APP
	ldr	r3, pxCurrentTCBConst2
	ldr	r1, [r3]
	ldr	r0, [r1]
	ldm.w	r0!, {r4, r5, r6, r7, r8, r9, r10, r11, lr}
	msr	psp, r0
	isb	sy
	mov.w	r0, #0
	msr	basepri, r0
	bx	lr

	.p2align	4
pxCurrentTCBConst2:
	.long	pxCurrentTCB

	@NO_APP
.Ltmp11:
.Lfunc_end2:
	.size	SVC_Handler, .Lfunc_end2-SVC_Handler
	.cfi_endproc
	.cantunwind
	.fnend
                                        @ -- End function
	.section	.text.xPortStartScheduler,"ax",%progbits
	.hidden	xPortStartScheduler             @ -- Begin function xPortStartScheduler
	.globl	xPortStartScheduler
	.p2align	3
	.type	xPortStartScheduler,%function
	.code	16                              @ @xPortStartScheduler
	.thumb_func
xPortStartScheduler:
.Lfunc_begin3:
	.loc	2 298 0                         @ ../Middlewares/Third_Party/FreeRTOS/Source/portable/RVDS/ARM_CM4F/port.c:298:0
	.fnstart
	.cfi_startproc
@ %bb.0:
	.save	{r7, lr}
	push	{r7, lr}
	.cfi_def_cfa_offset 8
	.cfi_offset lr, -4
	.cfi_offset r7, -8
	.pad	#40
	sub	sp, #40
	.cfi_def_cfa_offset 48
	movw	r0, #60672
	movt	r0, #57344
.Ltmp12:
	.loc	2 302 5 prologue_end            @ ../Middlewares/Third_Party/FreeRTOS/Source/portable/RVDS/ARM_CM4F/port.c:302:5
	ldr	r0, [r0]
	movw	r1, #49777
	movt	r1, #16655
.Ltmp13:
	.loc	2 302 5 is_stmt 0               @ ../Middlewares/Third_Party/FreeRTOS/Source/portable/RVDS/ARM_CM4F/port.c:302:5
	cmp	r0, r1
	bne	.LBB3_3
	b	.LBB3_1
.LBB3_1:
.Ltmp14:
	.loc	3 205 9 is_stmt 1               @ ../Middlewares/Third_Party/FreeRTOS/Source/portable/RVDS/ARM_CM4F\portmacro.h:205:9
	@APP
	mov.w	r0, #80
	msr	basepri, r0
	isb	sy
	dsb	sy

	@NO_APP
	str	r0, [sp, #36]
.Ltmp15:
	.loc	2 302 5                         @ ../Middlewares/Third_Party/FreeRTOS/Source/portable/RVDS/ARM_CM4F/port.c:302:5
	b	.LBB3_2
.LBB3_2:                                @ =>This Inner Loop Header: Depth=1
.Ltmp16:
	.loc	2 302 5 is_stmt 0               @ ../Middlewares/Third_Party/FreeRTOS/Source/portable/RVDS/ARM_CM4F/port.c:302:5
	b	.LBB3_2
.Ltmp17:
.LBB3_3:
	.loc	2 0 5                           @ ../Middlewares/Third_Party/FreeRTOS/Source/portable/RVDS/ARM_CM4F/port.c:0:5
	movw	r0, #60672
	movt	r0, #57344
.Ltmp18:
	.loc	2 303 5 is_stmt 1               @ ../Middlewares/Third_Party/FreeRTOS/Source/portable/RVDS/ARM_CM4F/port.c:303:5
	ldr	r0, [r0]
	movw	r1, #49776
	movt	r1, #16655
.Ltmp19:
	.loc	2 303 5 is_stmt 0               @ ../Middlewares/Third_Party/FreeRTOS/Source/portable/RVDS/ARM_CM4F/port.c:303:5
	cmp	r0, r1
	bne	.LBB3_6
	b	.LBB3_4
.LBB3_4:
.Ltmp20:
	.loc	3 205 9 is_stmt 1               @ ../Middlewares/Third_Party/FreeRTOS/Source/portable/RVDS/ARM_CM4F\portmacro.h:205:9
	@APP
	mov.w	r0, #80
	msr	basepri, r0
	isb	sy
	dsb	sy

	@NO_APP
	str	r0, [sp, #32]
.Ltmp21:
	.loc	2 303 5                         @ ../Middlewares/Third_Party/FreeRTOS/Source/portable/RVDS/ARM_CM4F/port.c:303:5
	b	.LBB3_5
.LBB3_5:                                @ =>This Inner Loop Header: Depth=1
.Ltmp22:
	.loc	2 303 5 is_stmt 0               @ ../Middlewares/Third_Party/FreeRTOS/Source/portable/RVDS/ARM_CM4F/port.c:303:5
	b	.LBB3_5
.Ltmp23:
.LBB3_6:
	.loc	2 0 5                           @ ../Middlewares/Third_Party/FreeRTOS/Source/portable/RVDS/ARM_CM4F/port.c:0:5
	movs	r0, #0
.Ltmp24:
	.loc	2 308 27 is_stmt 1              @ ../Middlewares/Third_Party/FreeRTOS/Source/portable/RVDS/ARM_CM4F/port.c:308:27
	str	r0, [sp, #16]
	movw	r0, #58368
	movt	r0, #57344
	.loc	2 309 34                        @ ../Middlewares/Third_Party/FreeRTOS/Source/portable/RVDS/ARM_CM4F/port.c:309:34
	str	r0, [sp, #12]
	.loc	2 318 30                        @ ../Middlewares/Third_Party/FreeRTOS/Source/portable/RVDS/ARM_CM4F/port.c:318:30
	ldrb	r1, [r0]
	.loc	2 318 28 is_stmt 0              @ ../Middlewares/Third_Party/FreeRTOS/Source/portable/RVDS/ARM_CM4F/port.c:318:28
	strb.w	r1, [sp, #23]
	movs	r1, #255
	.loc	2 322 39 is_stmt 1              @ ../Middlewares/Third_Party/FreeRTOS/Source/portable/RVDS/ARM_CM4F/port.c:322:39
	strb	r1, [r0]
	.loc	2 325 30                        @ ../Middlewares/Third_Party/FreeRTOS/Source/portable/RVDS/ARM_CM4F/port.c:325:30
	ldrb	r0, [r0]
	.loc	2 325 28 is_stmt 0              @ ../Middlewares/Third_Party/FreeRTOS/Source/portable/RVDS/ARM_CM4F/port.c:325:28
	strb.w	r0, [sp, #11]
	.loc	2 328 71 is_stmt 1              @ ../Middlewares/Third_Party/FreeRTOS/Source/portable/RVDS/ARM_CM4F/port.c:328:71
	ldrb.w	r0, [sp, #11]
	.loc	2 328 69 is_stmt 0              @ ../Middlewares/Third_Party/FreeRTOS/Source/portable/RVDS/ARM_CM4F/port.c:328:69
	and	r1, r0, #80
	.loc	2 328 30                        @ ../Middlewares/Third_Party/FreeRTOS/Source/portable/RVDS/ARM_CM4F/port.c:328:30
	movw	r0, :lower16:ucMaxSysCallPriority
	movt	r0, :upper16:ucMaxSysCallPriority
	strb	r1, [r0]
.Ltmp25:
	.loc	2 336 9 is_stmt 1               @ ../Middlewares/Third_Party/FreeRTOS/Source/portable/RVDS/ARM_CM4F/port.c:336:9
	ldrb	r0, [r0]
.Ltmp26:
	.loc	2 336 9 is_stmt 0               @ ../Middlewares/Third_Party/FreeRTOS/Source/portable/RVDS/ARM_CM4F/port.c:336:9
	cbnz	r0, .LBB3_9
	b	.LBB3_7
.LBB3_7:
.Ltmp27:
	.loc	3 205 9 is_stmt 1               @ ../Middlewares/Third_Party/FreeRTOS/Source/portable/RVDS/ARM_CM4F\portmacro.h:205:9
	@APP
	mov.w	r0, #80
	msr	basepri, r0
	isb	sy
	dsb	sy

	@NO_APP
	str	r0, [sp, #28]
.Ltmp28:
	.loc	2 336 9                         @ ../Middlewares/Third_Party/FreeRTOS/Source/portable/RVDS/ARM_CM4F/port.c:336:9
	b	.LBB3_8
.LBB3_8:                                @ =>This Inner Loop Header: Depth=1
.Ltmp29:
	.loc	2 336 9 is_stmt 0               @ ../Middlewares/Third_Party/FreeRTOS/Source/portable/RVDS/ARM_CM4F/port.c:336:9
	b	.LBB3_8
.Ltmp30:
.LBB3_9:
	.loc	2 340 9 is_stmt 1               @ ../Middlewares/Third_Party/FreeRTOS/Source/portable/RVDS/ARM_CM4F/port.c:340:9
	ldrb.w	r0, [sp, #11]
	mvns	r0, r0
.Ltmp31:
	.loc	2 340 9 is_stmt 0               @ ../Middlewares/Third_Party/FreeRTOS/Source/portable/RVDS/ARM_CM4F/port.c:340:9
	tst.w	r0, #80
	beq	.LBB3_12
	b	.LBB3_10
.LBB3_10:
.Ltmp32:
	.loc	3 205 9 is_stmt 1               @ ../Middlewares/Third_Party/FreeRTOS/Source/portable/RVDS/ARM_CM4F\portmacro.h:205:9
	@APP
	mov.w	r0, #80
	msr	basepri, r0
	isb	sy
	dsb	sy

	@NO_APP
	str	r0, [sp, #24]
.Ltmp33:
	.loc	2 340 9                         @ ../Middlewares/Third_Party/FreeRTOS/Source/portable/RVDS/ARM_CM4F/port.c:340:9
	b	.LBB3_11
.LBB3_11:                               @ =>This Inner Loop Header: Depth=1
.Ltmp34:
	.loc	2 340 9 is_stmt 0               @ ../Middlewares/Third_Party/FreeRTOS/Source/portable/RVDS/ARM_CM4F/port.c:340:9
	b	.LBB3_11
.Ltmp35:
.LBB3_12:
	.loc	2 345 9 is_stmt 1               @ ../Middlewares/Third_Party/FreeRTOS/Source/portable/RVDS/ARM_CM4F/port.c:345:9
	b	.LBB3_13
.LBB3_13:                               @ =>This Inner Loop Header: Depth=1
	.loc	2 345 18 is_stmt 0              @ ../Middlewares/Third_Party/FreeRTOS/Source/portable/RVDS/ARM_CM4F/port.c:345:18
	ldrb.w	r0, [sp, #11]
	.loc	2 345 9                         @ ../Middlewares/Third_Party/FreeRTOS/Source/portable/RVDS/ARM_CM4F/port.c:345:9
	lsls	r0, r0, #24
	cmp	r0, #0
	bpl	.LBB3_15
	b	.LBB3_14
.LBB3_14:                               @   in Loop: Header=BB3_13 Depth=1
.Ltmp36:
	.loc	2 347 34 is_stmt 1              @ ../Middlewares/Third_Party/FreeRTOS/Source/portable/RVDS/ARM_CM4F/port.c:347:34
	ldr	r0, [sp, #16]
	adds	r0, #1
	str	r0, [sp, #16]
	.loc	2 348 32                        @ ../Middlewares/Third_Party/FreeRTOS/Source/portable/RVDS/ARM_CM4F/port.c:348:32
	ldrb.w	r0, [sp, #11]
	lsls	r0, r0, #1
	strb.w	r0, [sp, #11]
.Ltmp37:
	.loc	2 345 9                         @ ../Middlewares/Third_Party/FreeRTOS/Source/portable/RVDS/ARM_CM4F/port.c:345:9
	b	.LBB3_13
.LBB3_15:
.Ltmp38:
	.loc	2 351 13                        @ ../Middlewares/Third_Party/FreeRTOS/Source/portable/RVDS/ARM_CM4F/port.c:351:13
	ldr	r0, [sp, #16]
.Ltmp39:
	.loc	2 351 13 is_stmt 0              @ ../Middlewares/Third_Party/FreeRTOS/Source/portable/RVDS/ARM_CM4F/port.c:351:13
	cmp	r0, #8
	bne	.LBB3_17
	b	.LBB3_16
.LBB3_16:
.Ltmp40:
	.loc	2 371 32 is_stmt 1              @ ../Middlewares/Third_Party/FreeRTOS/Source/portable/RVDS/ARM_CM4F/port.c:371:32
	movw	r1, :lower16:ulMaxPRIGROUPValue
	movt	r1, :upper16:ulMaxPRIGROUPValue
	movs	r0, #0
	str	r0, [r1]
	.loc	2 372 9                         @ ../Middlewares/Third_Party/FreeRTOS/Source/portable/RVDS/ARM_CM4F/port.c:372:9
	b	.LBB3_18
.Ltmp41:
.LBB3_17:
	.loc	2 375 58                        @ ../Middlewares/Third_Party/FreeRTOS/Source/portable/RVDS/ARM_CM4F/port.c:375:58
	ldr	r0, [sp, #16]
	.loc	2 375 56 is_stmt 0              @ ../Middlewares/Third_Party/FreeRTOS/Source/portable/RVDS/ARM_CM4F/port.c:375:56
	rsb.w	r0, r0, #7
	.loc	2 375 32                        @ ../Middlewares/Third_Party/FreeRTOS/Source/portable/RVDS/ARM_CM4F/port.c:375:32
	movw	r1, :lower16:ulMaxPRIGROUPValue
	movt	r1, :upper16:ulMaxPRIGROUPValue
	str	r0, [r1]
	b	.LBB3_18
.Ltmp42:
.LBB3_18:
	.loc	2 380 28 is_stmt 1              @ ../Middlewares/Third_Party/FreeRTOS/Source/portable/RVDS/ARM_CM4F/port.c:380:28
	movw	r1, :lower16:ulMaxPRIGROUPValue
	movt	r1, :upper16:ulMaxPRIGROUPValue
	ldr	r0, [r1]
	lsls	r0, r0, #8
	str	r0, [r1]
	.loc	2 381 28                        @ ../Middlewares/Third_Party/FreeRTOS/Source/portable/RVDS/ARM_CM4F/port.c:381:28
	ldr	r0, [r1]
	and	r0, r0, #1792
	str	r0, [r1]
	.loc	2 385 41                        @ ../Middlewares/Third_Party/FreeRTOS/Source/portable/RVDS/ARM_CM4F/port.c:385:41
	ldrb.w	r0, [sp, #23]
	movw	r1, #58368
	movt	r1, #57344
	.loc	2 385 39 is_stmt 0              @ ../Middlewares/Third_Party/FreeRTOS/Source/portable/RVDS/ARM_CM4F/port.c:385:39
	strb	r0, [r1]
	movw	r1, #60704
	movt	r1, #57344
.Ltmp43:
	.loc	2 390 24 is_stmt 1              @ ../Middlewares/Third_Party/FreeRTOS/Source/portable/RVDS/ARM_CM4F/port.c:390:24
	ldr	r0, [r1]
	orr	r0, r0, #16711680
	str	r0, [r1]
	.loc	2 391 24                        @ ../Middlewares/Third_Party/FreeRTOS/Source/portable/RVDS/ARM_CM4F/port.c:391:24
	ldr	r0, [r1]
	orr	r0, r0, #-16777216
	str	r0, [r1]
	.loc	2 395 5                         @ ../Middlewares/Third_Party/FreeRTOS/Source/portable/RVDS/ARM_CM4F/port.c:395:5
	bl	vPortSetupTimerInterrupt
	.loc	2 398 23                        @ ../Middlewares/Third_Party/FreeRTOS/Source/portable/RVDS/ARM_CM4F/port.c:398:23
	movw	r1, :lower16:uxCriticalNesting
	movt	r1, :upper16:uxCriticalNesting
	movs	r0, #0
	str	r0, [sp, #4]                    @ 4-byte Spill
	str	r0, [r1]
	.loc	2 401 5                         @ ../Middlewares/Third_Party/FreeRTOS/Source/portable/RVDS/ARM_CM4F/port.c:401:5
	bl	vPortEnableVFP
	movw	r1, #61236
	movt	r1, #57344
	.loc	2 404 20                        @ ../Middlewares/Third_Party/FreeRTOS/Source/portable/RVDS/ARM_CM4F/port.c:404:20
	ldr	r0, [r1]
	orr	r0, r0, #-1073741824
	str	r0, [r1]
	.loc	2 407 5                         @ ../Middlewares/Third_Party/FreeRTOS/Source/portable/RVDS/ARM_CM4F/port.c:407:5
	bl	prvPortStartFirstTask
	.loc	2 415 5                         @ ../Middlewares/Third_Party/FreeRTOS/Source/portable/RVDS/ARM_CM4F/port.c:415:5
	bl	vTaskSwitchContext
	.loc	2 416 5                         @ ../Middlewares/Third_Party/FreeRTOS/Source/portable/RVDS/ARM_CM4F/port.c:416:5
	bl	prvTaskExitError
	ldr	r0, [sp, #4]                    @ 4-byte Reload
	.loc	2 419 5 epilogue_begin          @ ../Middlewares/Third_Party/FreeRTOS/Source/portable/RVDS/ARM_CM4F/port.c:419:5
	add	sp, #40
	pop	{r7, pc}
.Ltmp44:
.Lfunc_end3:
	.size	xPortStartScheduler, .Lfunc_end3-xPortStartScheduler
	.cfi_endproc
	.cantunwind
	.fnend
                                        @ -- End function
	.section	.text.vPortSetupTimerInterrupt,"ax",%progbits
	.hidden	vPortSetupTimerInterrupt        @ -- Begin function vPortSetupTimerInterrupt
	.weak	vPortSetupTimerInterrupt
	.p2align	3
	.type	vPortSetupTimerInterrupt,%function
	.code	16                              @ @vPortSetupTimerInterrupt
	.thumb_func
vPortSetupTimerInterrupt:
.Lfunc_begin4:
	.loc	2 763 0                         @ ../Middlewares/Third_Party/FreeRTOS/Source/portable/RVDS/ARM_CM4F/port.c:763:0
	.fnstart
	.cfi_startproc
@ %bb.0:
	movw	r1, #57360
	movt	r1, #57344
	movs	r0, #0
.Ltmp45:
	.loc	2 774 31 prologue_end           @ ../Middlewares/Third_Party/FreeRTOS/Source/portable/RVDS/ARM_CM4F/port.c:774:31
	str	r0, [r1]
	movw	r2, #57368
	movt	r2, #57344
	.loc	2 775 40                        @ ../Middlewares/Third_Party/FreeRTOS/Source/portable/RVDS/ARM_CM4F/port.c:775:40
	str	r0, [r2]
	.loc	2 778 35                        @ ../Middlewares/Third_Party/FreeRTOS/Source/portable/RVDS/ARM_CM4F/port.c:778:35
	movw	r0, :lower16:SystemCoreClock
	movt	r0, :upper16:SystemCoreClock
	ldr	r0, [r0]
	movw	r2, #19923
	movt	r2, #4194
	.loc	2 778 58 is_stmt 0              @ ../Middlewares/Third_Party/FreeRTOS/Source/portable/RVDS/ARM_CM4F/port.c:778:58
	umull	r0, r2, r0, r2
	mov.w	r0, #-1
	.loc	2 778 81                        @ ../Middlewares/Third_Party/FreeRTOS/Source/portable/RVDS/ARM_CM4F/port.c:778:81
	add.w	r0, r0, r2, lsr #6
	movw	r2, #57364
	movt	r2, #57344
	.loc	2 778 31                        @ ../Middlewares/Third_Party/FreeRTOS/Source/portable/RVDS/ARM_CM4F/port.c:778:31
	str	r0, [r2]
	movs	r0, #7
	.loc	2 779 31 is_stmt 1              @ ../Middlewares/Third_Party/FreeRTOS/Source/portable/RVDS/ARM_CM4F/port.c:779:31
	str	r0, [r1]
	.loc	2 780 1                         @ ../Middlewares/Third_Party/FreeRTOS/Source/portable/RVDS/ARM_CM4F/port.c:780:1
	bx	lr
.Ltmp46:
.Lfunc_end4:
	.size	vPortSetupTimerInterrupt, .Lfunc_end4-vPortSetupTimerInterrupt
	.cfi_endproc
	.cantunwind
	.fnend
                                        @ -- End function
	.section	.text.vPortEnableVFP,"ax",%progbits
	.p2align	3                               @ -- Begin function vPortEnableVFP
	.type	vPortEnableVFP,%function
	.code	16                              @ @vPortEnableVFP
	.thumb_func
vPortEnableVFP:
.Lfunc_begin5:
	.fnstart
	.cfi_startproc
@ %bb.0:
	.loc	2 786 5 prologue_end            @ ../Middlewares/Third_Party/FreeRTOS/Source/portable/RVDS/ARM_CM4F/port.c:786:5
	@APP
	ldr.w	r0, .Ltmp47
	ldr	r1, [r0]

	orr	r1, r1, #15728640
	str	r1, [r0]
	bx	lr
	.p2align	2, 0x0
.Ltmp47:
	.long	3758157192

	@NO_APP
.Ltmp48:
.Lfunc_end5:
	.size	vPortEnableVFP, .Lfunc_end5-vPortEnableVFP
	.cfi_endproc
	.cantunwind
	.fnend
                                        @ -- End function
	.section	.text.prvPortStartFirstTask,"ax",%progbits
	.p2align	3                               @ -- Begin function prvPortStartFirstTask
	.type	prvPortStartFirstTask,%function
	.code	16                              @ @prvPortStartFirstTask
	.thumb_func
prvPortStartFirstTask:
.Lfunc_begin6:
	.fnstart
	.cfi_startproc
@ %bb.0:
	.loc	2 276 5 prologue_end            @ ../Middlewares/Third_Party/FreeRTOS/Source/portable/RVDS/ARM_CM4F/port.c:276:5
	@APP
	ldr	r0, .Ltmp49
	ldr	r0, [r0]
	ldr	r0, [r0]
	msr	msp, r0
	mov.w	r0, #0
	msr	control, r0
	cpsie i
	cpsie f
	dsb	sy
	isb	sy
	svc	#0
	nop
	.p2align	2, 0x0
.Ltmp49:
	.long	3758157064

	@NO_APP
.Ltmp50:
.Lfunc_end6:
	.size	prvPortStartFirstTask, .Lfunc_end6-prvPortStartFirstTask
	.cfi_endproc
	.cantunwind
	.fnend
                                        @ -- End function
	.section	.text.vPortEndScheduler,"ax",%progbits
	.hidden	vPortEndScheduler               @ -- Begin function vPortEndScheduler
	.globl	vPortEndScheduler
	.p2align	3
	.type	vPortEndScheduler,%function
	.code	16                              @ @vPortEndScheduler
	.thumb_func
vPortEndScheduler:
.Lfunc_begin7:
	.loc	2 424 0                         @ ../Middlewares/Third_Party/FreeRTOS/Source/portable/RVDS/ARM_CM4F/port.c:424:0
	.fnstart
	.cfi_startproc
@ %bb.0:
	.pad	#4
	sub	sp, #4
	.cfi_def_cfa_offset 4
.Ltmp51:
	.loc	2 427 5 prologue_end            @ ../Middlewares/Third_Party/FreeRTOS/Source/portable/RVDS/ARM_CM4F/port.c:427:5
	movw	r0, :lower16:uxCriticalNesting
	movt	r0, :upper16:uxCriticalNesting
	ldr	r0, [r0]
.Ltmp52:
	.loc	2 427 5 is_stmt 0               @ ../Middlewares/Third_Party/FreeRTOS/Source/portable/RVDS/ARM_CM4F/port.c:427:5
	cmp.w	r0, #1000
	beq	.LBB7_3
	b	.LBB7_1
.LBB7_1:
.Ltmp53:
	.loc	3 205 9 is_stmt 1               @ ../Middlewares/Third_Party/FreeRTOS/Source/portable/RVDS/ARM_CM4F\portmacro.h:205:9
	@APP
	mov.w	r0, #80
	msr	basepri, r0
	isb	sy
	dsb	sy

	@NO_APP
	str	r0, [sp]
.Ltmp54:
	.loc	2 427 5                         @ ../Middlewares/Third_Party/FreeRTOS/Source/portable/RVDS/ARM_CM4F/port.c:427:5
	b	.LBB7_2
.LBB7_2:                                @ =>This Inner Loop Header: Depth=1
.Ltmp55:
	.loc	2 427 5 is_stmt 0               @ ../Middlewares/Third_Party/FreeRTOS/Source/portable/RVDS/ARM_CM4F/port.c:427:5
	b	.LBB7_2
.Ltmp56:
.LBB7_3:
	.loc	2 428 1 epilogue_begin is_stmt 1 @ ../Middlewares/Third_Party/FreeRTOS/Source/portable/RVDS/ARM_CM4F/port.c:428:1
	add	sp, #4
	bx	lr
.Ltmp57:
.Lfunc_end7:
	.size	vPortEndScheduler, .Lfunc_end7-vPortEndScheduler
	.cfi_endproc
	.cantunwind
	.fnend
                                        @ -- End function
	.section	.text.vPortEnterCritical,"ax",%progbits
	.hidden	vPortEnterCritical              @ -- Begin function vPortEnterCritical
	.globl	vPortEnterCritical
	.p2align	3
	.type	vPortEnterCritical,%function
	.code	16                              @ @vPortEnterCritical
	.thumb_func
vPortEnterCritical:
.Lfunc_begin8:
	.loc	2 432 0                         @ ../Middlewares/Third_Party/FreeRTOS/Source/portable/RVDS/ARM_CM4F/port.c:432:0
	.fnstart
	.cfi_startproc
@ %bb.0:
	.pad	#8
	sub	sp, #8
	.cfi_def_cfa_offset 8
.Ltmp58:
	.loc	3 205 9 prologue_end            @ ../Middlewares/Third_Party/FreeRTOS/Source/portable/RVDS/ARM_CM4F\portmacro.h:205:9
	@APP
	mov.w	r0, #80
	msr	basepri, r0
	isb	sy
	dsb	sy

	@NO_APP
	str	r0, [sp, #4]
.Ltmp59:
	.loc	2 434 22                        @ ../Middlewares/Third_Party/FreeRTOS/Source/portable/RVDS/ARM_CM4F/port.c:434:22
	movw	r0, :lower16:uxCriticalNesting
	movt	r0, :upper16:uxCriticalNesting
	ldr	r1, [r0]
	adds	r1, #1
	str	r1, [r0]
.Ltmp60:
	.loc	2 441 9                         @ ../Middlewares/Third_Party/FreeRTOS/Source/portable/RVDS/ARM_CM4F/port.c:441:9
	ldr	r0, [r0]
.Ltmp61:
	.loc	2 441 9 is_stmt 0               @ ../Middlewares/Third_Party/FreeRTOS/Source/portable/RVDS/ARM_CM4F/port.c:441:9
	cmp	r0, #1
	bne	.LBB8_5
	b	.LBB8_1
.LBB8_1:
	.loc	2 0 9                           @ ../Middlewares/Third_Party/FreeRTOS/Source/portable/RVDS/ARM_CM4F/port.c:0:9
	movw	r0, #60676
	movt	r0, #57344
.Ltmp62:
	.loc	2 443 9 is_stmt 1               @ ../Middlewares/Third_Party/FreeRTOS/Source/portable/RVDS/ARM_CM4F/port.c:443:9
	ldr	r0, [r0]
.Ltmp63:
	.loc	2 443 9 is_stmt 0               @ ../Middlewares/Third_Party/FreeRTOS/Source/portable/RVDS/ARM_CM4F/port.c:443:9
	lsls	r0, r0, #24
	cbz	r0, .LBB8_4
	b	.LBB8_2
.LBB8_2:
.Ltmp64:
	.loc	3 205 9 is_stmt 1               @ ../Middlewares/Third_Party/FreeRTOS/Source/portable/RVDS/ARM_CM4F\portmacro.h:205:9
	@APP
	mov.w	r0, #80
	msr	basepri, r0
	isb	sy
	dsb	sy

	@NO_APP
	str	r0, [sp]
.Ltmp65:
	.loc	2 443 9                         @ ../Middlewares/Third_Party/FreeRTOS/Source/portable/RVDS/ARM_CM4F/port.c:443:9
	b	.LBB8_3
.LBB8_3:                                @ =>This Inner Loop Header: Depth=1
.Ltmp66:
	.loc	2 443 9 is_stmt 0               @ ../Middlewares/Third_Party/FreeRTOS/Source/portable/RVDS/ARM_CM4F/port.c:443:9
	b	.LBB8_3
.Ltmp67:
.LBB8_4:
	.loc	2 444 5 is_stmt 1               @ ../Middlewares/Third_Party/FreeRTOS/Source/portable/RVDS/ARM_CM4F/port.c:444:5
	b	.LBB8_5
.Ltmp68:
.LBB8_5:
	.loc	2 445 1 epilogue_begin          @ ../Middlewares/Third_Party/FreeRTOS/Source/portable/RVDS/ARM_CM4F/port.c:445:1
	add	sp, #8
	bx	lr
.Ltmp69:
.Lfunc_end8:
	.size	vPortEnterCritical, .Lfunc_end8-vPortEnterCritical
	.cfi_endproc
	.cantunwind
	.fnend
                                        @ -- End function
	.section	.text.vPortExitCritical,"ax",%progbits
	.hidden	vPortExitCritical               @ -- Begin function vPortExitCritical
	.globl	vPortExitCritical
	.p2align	3
	.type	vPortExitCritical,%function
	.code	16                              @ @vPortExitCritical
	.thumb_func
vPortExitCritical:
.Lfunc_begin9:
	.loc	2 449 0                         @ ../Middlewares/Third_Party/FreeRTOS/Source/portable/RVDS/ARM_CM4F/port.c:449:0
	.fnstart
	.cfi_startproc
@ %bb.0:
	.pad	#8
	sub	sp, #8
	.cfi_def_cfa_offset 8
.Ltmp70:
	.loc	2 450 5 prologue_end            @ ../Middlewares/Third_Party/FreeRTOS/Source/portable/RVDS/ARM_CM4F/port.c:450:5
	movw	r0, :lower16:uxCriticalNesting
	movt	r0, :upper16:uxCriticalNesting
	ldr	r0, [r0]
.Ltmp71:
	.loc	2 450 5 is_stmt 0               @ ../Middlewares/Third_Party/FreeRTOS/Source/portable/RVDS/ARM_CM4F/port.c:450:5
	cbnz	r0, .LBB9_3
	b	.LBB9_1
.LBB9_1:
.Ltmp72:
	.loc	3 205 9 is_stmt 1               @ ../Middlewares/Third_Party/FreeRTOS/Source/portable/RVDS/ARM_CM4F\portmacro.h:205:9
	@APP
	mov.w	r0, #80
	msr	basepri, r0
	isb	sy
	dsb	sy

	@NO_APP
	str	r0, [sp]
.Ltmp73:
	.loc	2 450 5                         @ ../Middlewares/Third_Party/FreeRTOS/Source/portable/RVDS/ARM_CM4F/port.c:450:5
	b	.LBB9_2
.LBB9_2:                                @ =>This Inner Loop Header: Depth=1
.Ltmp74:
	.loc	2 450 5 is_stmt 0               @ ../Middlewares/Third_Party/FreeRTOS/Source/portable/RVDS/ARM_CM4F/port.c:450:5
	b	.LBB9_2
.Ltmp75:
.LBB9_3:
	.loc	2 451 22 is_stmt 1              @ ../Middlewares/Third_Party/FreeRTOS/Source/portable/RVDS/ARM_CM4F/port.c:451:22
	movw	r0, :lower16:uxCriticalNesting
	movt	r0, :upper16:uxCriticalNesting
	ldr	r1, [r0]
	subs	r1, #1
	str	r1, [r0]
.Ltmp76:
	.loc	2 453 9                         @ ../Middlewares/Third_Party/FreeRTOS/Source/portable/RVDS/ARM_CM4F/port.c:453:9
	ldr	r0, [r0]
.Ltmp77:
	.loc	2 453 9 is_stmt 0               @ ../Middlewares/Third_Party/FreeRTOS/Source/portable/RVDS/ARM_CM4F/port.c:453:9
	cbnz	r0, .LBB9_5
	b	.LBB9_4
.LBB9_4:
	.loc	2 0 9                           @ ../Middlewares/Third_Party/FreeRTOS/Source/portable/RVDS/ARM_CM4F/port.c:0:9
	movs	r0, #0
	str	r0, [sp, #4]
.Ltmp78:
	.loc	3 241 42 is_stmt 1              @ ../Middlewares/Third_Party/FreeRTOS/Source/portable/RVDS/ARM_CM4F\portmacro.h:241:42
	ldr	r0, [sp, #4]
	.loc	3 239 9                         @ ../Middlewares/Third_Party/FreeRTOS/Source/portable/RVDS/ARM_CM4F\portmacro.h:239:9
	@APP
	msr	basepri, r0
	@NO_APP
.Ltmp79:
	.loc	2 456 5                         @ ../Middlewares/Third_Party/FreeRTOS/Source/portable/RVDS/ARM_CM4F/port.c:456:5
	b	.LBB9_5
.Ltmp80:
.LBB9_5:
	.loc	2 457 1 epilogue_begin          @ ../Middlewares/Third_Party/FreeRTOS/Source/portable/RVDS/ARM_CM4F/port.c:457:1
	add	sp, #8
	bx	lr
.Ltmp81:
.Lfunc_end9:
	.size	vPortExitCritical, .Lfunc_end9-vPortExitCritical
	.cfi_endproc
	.cantunwind
	.fnend
                                        @ -- End function
	.section	.text.PendSV_Handler,"ax",%progbits
	.hidden	PendSV_Handler                  @ -- Begin function PendSV_Handler
	.globl	PendSV_Handler
	.p2align	3
	.type	PendSV_Handler,%function
	.code	16                              @ @PendSV_Handler
	.thumb_func
PendSV_Handler:
.Lfunc_begin10:
	.fnstart
	.cfi_startproc
@ %bb.0:
	.loc	2 464 5 prologue_end            @ ../Middlewares/Third_Party/FreeRTOS/Source/portable/RVDS/ARM_CM4F/port.c:464:5
	@APP
	mrs	r0, psp
	isb	sy

	ldr	r3, pxCurrentTCBConst
	ldr	r2, [r3]

	tst.w	lr, #16
	it	eq
	vstmdbeq	r0!, {s16, s17, s18, s19, s20, s21, s22, s23, s24, s25, s26, s27, s28, s29, s30, s31}

	stmdb	r0!, {r4, r5, r6, r7, r8, r9, r10, r11, lr}
	str	r0, [r2]

	push.w	{r0, r3}
	mov.w	r0, #80
	msr	basepri, r0
	dsb	sy
	isb	sy
	bl	vTaskSwitchContext
	mov.w	r0, #0
	msr	basepri, r0
	pop.w	{r0, r3}

	ldr	r1, [r3]
	ldr	r0, [r1]

	ldm.w	r0!, {r4, r5, r6, r7, r8, r9, r10, r11, lr}

	tst.w	lr, #16
	it	eq
	vldmiaeq	r0!, {s16, s17, s18, s19, s20, s21, s22, s23, s24, s25, s26, s27, s28, s29, s30, s31}

	msr	psp, r0
	isb	sy


	bx	lr

	.p2align	4
pxCurrentTCBConst:
	.long	pxCurrentTCB

	@NO_APP
.Ltmp82:
.Lfunc_end10:
	.size	PendSV_Handler, .Lfunc_end10-PendSV_Handler
	.cfi_endproc
	.cantunwind
	.fnend
                                        @ -- End function
	.section	.text.xPortSysTickHandler,"ax",%progbits
	.hidden	xPortSysTickHandler             @ -- Begin function xPortSysTickHandler
	.globl	xPortSysTickHandler
	.p2align	3
	.type	xPortSysTickHandler,%function
	.code	16                              @ @xPortSysTickHandler
	.thumb_func
xPortSysTickHandler:
.Lfunc_begin11:
	.loc	2 518 0                         @ ../Middlewares/Third_Party/FreeRTOS/Source/portable/RVDS/ARM_CM4F/port.c:518:0
	.fnstart
	.cfi_startproc
@ %bb.0:
	.save	{r7, lr}
	push	{r7, lr}
	.cfi_def_cfa_offset 8
	.cfi_offset lr, -4
	.cfi_offset r7, -8
	.pad	#8
	sub	sp, #8
	.cfi_def_cfa_offset 16
.Ltmp83:
	.loc	3 205 9 prologue_end            @ ../Middlewares/Third_Party/FreeRTOS/Source/portable/RVDS/ARM_CM4F\portmacro.h:205:9
	@APP
	mov.w	r0, #80
	msr	basepri, r0
	isb	sy
	dsb	sy

	@NO_APP
	str	r0, [sp]
.Ltmp84:
	.loc	2 526 13                        @ ../Middlewares/Third_Party/FreeRTOS/Source/portable/RVDS/ARM_CM4F/port.c:526:13
	bl	xTaskIncrementTick
.Ltmp85:
	.loc	2 526 13 is_stmt 0              @ ../Middlewares/Third_Party/FreeRTOS/Source/portable/RVDS/ARM_CM4F/port.c:526:13
	cbz	r0, .LBB11_2
	b	.LBB11_1
.LBB11_1:
	.loc	2 0 13                          @ ../Middlewares/Third_Party/FreeRTOS/Source/portable/RVDS/ARM_CM4F/port.c:0:13
	movw	r1, #60676
	movt	r1, #57344
	mov.w	r0, #268435456
.Ltmp86:
	.loc	2 530 35 is_stmt 1              @ ../Middlewares/Third_Party/FreeRTOS/Source/portable/RVDS/ARM_CM4F/port.c:530:35
	str	r0, [r1]
	.loc	2 531 9                         @ ../Middlewares/Third_Party/FreeRTOS/Source/portable/RVDS/ARM_CM4F/port.c:531:9
	b	.LBB11_2
.Ltmp87:
.LBB11_2:
	.loc	2 0 9 is_stmt 0                 @ ../Middlewares/Third_Party/FreeRTOS/Source/portable/RVDS/ARM_CM4F/port.c:0:9
	movs	r0, #0
	str	r0, [sp, #4]
.Ltmp88:
	.loc	3 241 42 is_stmt 1              @ ../Middlewares/Third_Party/FreeRTOS/Source/portable/RVDS/ARM_CM4F\portmacro.h:241:42
	ldr	r0, [sp, #4]
	.loc	3 239 9                         @ ../Middlewares/Third_Party/FreeRTOS/Source/portable/RVDS/ARM_CM4F\portmacro.h:239:9
	@APP
	msr	basepri, r0
	@NO_APP
.Ltmp89:
	.loc	2 534 1 epilogue_begin          @ ../Middlewares/Third_Party/FreeRTOS/Source/portable/RVDS/ARM_CM4F/port.c:534:1
	add	sp, #8
	pop	{r7, pc}
.Ltmp90:
.Lfunc_end11:
	.size	xPortSysTickHandler, .Lfunc_end11-xPortSysTickHandler
	.cfi_endproc
	.cantunwind
	.fnend
                                        @ -- End function
	.section	.text.vPortValidateInterruptPriority,"ax",%progbits
	.hidden	vPortValidateInterruptPriority  @ -- Begin function vPortValidateInterruptPriority
	.globl	vPortValidateInterruptPriority
	.p2align	3
	.type	vPortValidateInterruptPriority,%function
	.code	16                              @ @vPortValidateInterruptPriority
	.thumb_func
vPortValidateInterruptPriority:
.Lfunc_begin12:
	.loc	2 802 0                         @ ../Middlewares/Third_Party/FreeRTOS/Source/portable/RVDS/ARM_CM4F/port.c:802:0
	.fnstart
	.cfi_startproc
@ %bb.0:
	.pad	#16
	sub	sp, #16
	.cfi_def_cfa_offset 16
.Ltmp91:
	.loc	2 807 9 prologue_end            @ ../Middlewares/Third_Party/FreeRTOS/Source/portable/RVDS/ARM_CM4F/port.c:807:9
	@APP
	mrs	r0, ipsr
	@NO_APP
	str	r0, [sp, #4]
.Ltmp92:
	.loc	2 810 13                        @ ../Middlewares/Third_Party/FreeRTOS/Source/portable/RVDS/ARM_CM4F/port.c:810:13
	ldr	r0, [sp, #4]
.Ltmp93:
	.loc	2 810 13 is_stmt 0              @ ../Middlewares/Third_Party/FreeRTOS/Source/portable/RVDS/ARM_CM4F/port.c:810:13
	cmp	r0, #16
	blo	.LBB12_5
	b	.LBB12_1
.LBB12_1:
.Ltmp94:
	.loc	2 813 63 is_stmt 1              @ ../Middlewares/Third_Party/FreeRTOS/Source/portable/RVDS/ARM_CM4F/port.c:813:63
	ldr	r0, [sp, #4]
	movw	r1, #58352
	movt	r1, #57344
	.loc	2 813 33 is_stmt 0              @ ../Middlewares/Third_Party/FreeRTOS/Source/portable/RVDS/ARM_CM4F/port.c:813:33
	ldrb	r0, [r0, r1]
	.loc	2 813 31                        @ ../Middlewares/Third_Party/FreeRTOS/Source/portable/RVDS/ARM_CM4F/port.c:813:31
	strb.w	r0, [sp, #3]
.Ltmp95:
	.loc	2 838 13 is_stmt 1              @ ../Middlewares/Third_Party/FreeRTOS/Source/portable/RVDS/ARM_CM4F/port.c:838:13
	ldrb.w	r0, [sp, #3]
	movw	r1, :lower16:ucMaxSysCallPriority
	movt	r1, :upper16:ucMaxSysCallPriority
	ldrb	r1, [r1]
.Ltmp96:
	.loc	2 838 13 is_stmt 0              @ ../Middlewares/Third_Party/FreeRTOS/Source/portable/RVDS/ARM_CM4F/port.c:838:13
	cmp	r0, r1
	bge	.LBB12_4
	b	.LBB12_2
.LBB12_2:
.Ltmp97:
	.loc	3 205 9 is_stmt 1               @ ../Middlewares/Third_Party/FreeRTOS/Source/portable/RVDS/ARM_CM4F\portmacro.h:205:9
	@APP
	mov.w	r0, #80
	msr	basepri, r0
	isb	sy
	dsb	sy

	@NO_APP
	str	r0, [sp, #12]
.Ltmp98:
	.loc	2 838 13                        @ ../Middlewares/Third_Party/FreeRTOS/Source/portable/RVDS/ARM_CM4F/port.c:838:13
	b	.LBB12_3
.LBB12_3:                               @ =>This Inner Loop Header: Depth=1
.Ltmp99:
	.loc	2 838 13 is_stmt 0              @ ../Middlewares/Third_Party/FreeRTOS/Source/portable/RVDS/ARM_CM4F/port.c:838:13
	b	.LBB12_3
.Ltmp100:
.LBB12_4:
	.loc	2 839 9 is_stmt 1               @ ../Middlewares/Third_Party/FreeRTOS/Source/portable/RVDS/ARM_CM4F/port.c:839:9
	b	.LBB12_5
.Ltmp101:
.LBB12_5:
	.loc	2 0 9 is_stmt 0                 @ ../Middlewares/Third_Party/FreeRTOS/Source/portable/RVDS/ARM_CM4F/port.c:0:9
	movw	r0, #60684
	movt	r0, #57344
.Ltmp102:
	.loc	2 854 9 is_stmt 1               @ ../Middlewares/Third_Party/FreeRTOS/Source/portable/RVDS/ARM_CM4F/port.c:854:9
	ldr	r0, [r0]
	and	r0, r0, #1792
	movw	r1, :lower16:ulMaxPRIGROUPValue
	movt	r1, :upper16:ulMaxPRIGROUPValue
	ldr	r1, [r1]
.Ltmp103:
	.loc	2 854 9 is_stmt 0               @ ../Middlewares/Third_Party/FreeRTOS/Source/portable/RVDS/ARM_CM4F/port.c:854:9
	cmp	r0, r1
	bls	.LBB12_8
	b	.LBB12_6
.LBB12_6:
.Ltmp104:
	.loc	3 205 9 is_stmt 1               @ ../Middlewares/Third_Party/FreeRTOS/Source/portable/RVDS/ARM_CM4F\portmacro.h:205:9
	@APP
	mov.w	r0, #80
	msr	basepri, r0
	isb	sy
	dsb	sy

	@NO_APP
	str	r0, [sp, #8]
.Ltmp105:
	.loc	2 854 9                         @ ../Middlewares/Third_Party/FreeRTOS/Source/portable/RVDS/ARM_CM4F/port.c:854:9
	b	.LBB12_7
.LBB12_7:                               @ =>This Inner Loop Header: Depth=1
.Ltmp106:
	.loc	2 854 9 is_stmt 0               @ ../Middlewares/Third_Party/FreeRTOS/Source/portable/RVDS/ARM_CM4F/port.c:854:9
	b	.LBB12_7
.Ltmp107:
.LBB12_8:
	.loc	2 855 5 epilogue_begin is_stmt 1 @ ../Middlewares/Third_Party/FreeRTOS/Source/portable/RVDS/ARM_CM4F/port.c:855:5
	add	sp, #16
	bx	lr
.Ltmp108:
.Lfunc_end12:
	.size	vPortValidateInterruptPriority, .Lfunc_end12-vPortValidateInterruptPriority
	.cfi_endproc
	.cantunwind
	.fnend
                                        @ -- End function
	.type	ucMaxSysCallPriority,%object    @ @ucMaxSysCallPriority
	.section	.bss.ucMaxSysCallPriority,"aw",%nobits
ucMaxSysCallPriority:
	.byte	0                               @ 0x0
	.size	ucMaxSysCallPriority, 1

	.type	ulMaxPRIGROUPValue,%object      @ @ulMaxPRIGROUPValue
	.section	.bss.ulMaxPRIGROUPValue,"aw",%nobits
	.p2align	2, 0x0
ulMaxPRIGROUPValue:
	.long	0                               @ 0x0
	.size	ulMaxPRIGROUPValue, 4

	.type	uxCriticalNesting,%object       @ @uxCriticalNesting
	.section	.data.uxCriticalNesting,"aw",%progbits
	.p2align	2, 0x0
uxCriticalNesting:
	.long	2863311530                      @ 0xaaaaaaaa
	.size	uxCriticalNesting, 4

	.file	4 "D:\\RM_projects\\h7_final_4\\MDK-ARM" "../Middlewares/Third_Party/FreeRTOS/Source/include\\projdefs.h"
	.section	.debug_abbrev,"",%progbits
	.byte	1                               @ Abbreviation Code
	.byte	17                              @ DW_TAG_compile_unit
	.byte	1                               @ DW_CHILDREN_yes
	.byte	37                              @ DW_AT_producer
	.byte	14                              @ DW_FORM_strp
	.byte	19                              @ DW_AT_language
	.byte	5                               @ DW_FORM_data2
	.byte	3                               @ DW_AT_name
	.byte	14                              @ DW_FORM_strp
	.byte	16                              @ DW_AT_stmt_list
	.byte	23                              @ DW_FORM_sec_offset
	.byte	27                              @ DW_AT_comp_dir
	.byte	14                              @ DW_FORM_strp
	.byte	17                              @ DW_AT_low_pc
	.byte	1                               @ DW_FORM_addr
	.byte	85                              @ DW_AT_ranges
	.byte	23                              @ DW_FORM_sec_offset
	.byte	0                               @ EOM(1)
	.byte	0                               @ EOM(2)
	.byte	2                               @ Abbreviation Code
	.byte	52                              @ DW_TAG_variable
	.byte	0                               @ DW_CHILDREN_no
	.byte	3                               @ DW_AT_name
	.byte	14                              @ DW_FORM_strp
	.byte	73                              @ DW_AT_type
	.byte	19                              @ DW_FORM_ref4
	.byte	58                              @ DW_AT_decl_file
	.byte	11                              @ DW_FORM_data1
	.byte	59                              @ DW_AT_decl_line
	.byte	11                              @ DW_FORM_data1
	.byte	0                               @ EOM(1)
	.byte	0                               @ EOM(2)
	.byte	3                               @ Abbreviation Code
	.byte	38                              @ DW_TAG_const_type
	.byte	0                               @ DW_CHILDREN_no
	.byte	73                              @ DW_AT_type
	.byte	19                              @ DW_FORM_ref4
	.byte	0                               @ EOM(1)
	.byte	0                               @ EOM(2)
	.byte	4                               @ Abbreviation Code
	.byte	15                              @ DW_TAG_pointer_type
	.byte	0                               @ DW_CHILDREN_no
	.byte	73                              @ DW_AT_type
	.byte	19                              @ DW_FORM_ref4
	.byte	0                               @ EOM(1)
	.byte	0                               @ EOM(2)
	.byte	5                               @ Abbreviation Code
	.byte	53                              @ DW_TAG_volatile_type
	.byte	0                               @ DW_CHILDREN_no
	.byte	73                              @ DW_AT_type
	.byte	19                              @ DW_FORM_ref4
	.byte	0                               @ EOM(1)
	.byte	0                               @ EOM(2)
	.byte	6                               @ Abbreviation Code
	.byte	22                              @ DW_TAG_typedef
	.byte	0                               @ DW_CHILDREN_no
	.byte	73                              @ DW_AT_type
	.byte	19                              @ DW_FORM_ref4
	.byte	3                               @ DW_AT_name
	.byte	14                              @ DW_FORM_strp
	.byte	58                              @ DW_AT_decl_file
	.byte	11                              @ DW_FORM_data1
	.byte	59                              @ DW_AT_decl_line
	.byte	11                              @ DW_FORM_data1
	.byte	0                               @ EOM(1)
	.byte	0                               @ EOM(2)
	.byte	7                               @ Abbreviation Code
	.byte	36                              @ DW_TAG_base_type
	.byte	0                               @ DW_CHILDREN_no
	.byte	3                               @ DW_AT_name
	.byte	14                              @ DW_FORM_strp
	.byte	62                              @ DW_AT_encoding
	.byte	11                              @ DW_FORM_data1
	.byte	11                              @ DW_AT_byte_size
	.byte	11                              @ DW_FORM_data1
	.byte	0                               @ EOM(1)
	.byte	0                               @ EOM(2)
	.byte	8                               @ Abbreviation Code
	.byte	52                              @ DW_TAG_variable
	.byte	0                               @ DW_CHILDREN_no
	.byte	3                               @ DW_AT_name
	.byte	14                              @ DW_FORM_strp
	.byte	73                              @ DW_AT_type
	.byte	19                              @ DW_FORM_ref4
	.byte	58                              @ DW_AT_decl_file
	.byte	11                              @ DW_FORM_data1
	.byte	59                              @ DW_AT_decl_line
	.byte	11                              @ DW_FORM_data1
	.byte	2                               @ DW_AT_location
	.byte	24                              @ DW_FORM_exprloc
	.byte	0                               @ EOM(1)
	.byte	0                               @ EOM(2)
	.byte	9                               @ Abbreviation Code
	.byte	46                              @ DW_TAG_subprogram
	.byte	1                               @ DW_CHILDREN_yes
	.byte	17                              @ DW_AT_low_pc
	.byte	1                               @ DW_FORM_addr
	.byte	18                              @ DW_AT_high_pc
	.byte	6                               @ DW_FORM_data4
	.byte	64                              @ DW_AT_frame_base
	.byte	24                              @ DW_FORM_exprloc
	.byte	3                               @ DW_AT_name
	.byte	14                              @ DW_FORM_strp
	.byte	58                              @ DW_AT_decl_file
	.byte	11                              @ DW_FORM_data1
	.byte	59                              @ DW_AT_decl_line
	.byte	11                              @ DW_FORM_data1
	.byte	39                              @ DW_AT_prototyped
	.byte	25                              @ DW_FORM_flag_present
	.byte	73                              @ DW_AT_type
	.byte	19                              @ DW_FORM_ref4
	.byte	63                              @ DW_AT_external
	.byte	25                              @ DW_FORM_flag_present
	.byte	0                               @ EOM(1)
	.byte	0                               @ EOM(2)
	.byte	10                              @ Abbreviation Code
	.byte	5                               @ DW_TAG_formal_parameter
	.byte	0                               @ DW_CHILDREN_no
	.byte	2                               @ DW_AT_location
	.byte	24                              @ DW_FORM_exprloc
	.byte	3                               @ DW_AT_name
	.byte	14                              @ DW_FORM_strp
	.byte	58                              @ DW_AT_decl_file
	.byte	11                              @ DW_FORM_data1
	.byte	59                              @ DW_AT_decl_line
	.byte	11                              @ DW_FORM_data1
	.byte	73                              @ DW_AT_type
	.byte	19                              @ DW_FORM_ref4
	.byte	0                               @ EOM(1)
	.byte	0                               @ EOM(2)
	.byte	11                              @ Abbreviation Code
	.byte	46                              @ DW_TAG_subprogram
	.byte	1                               @ DW_CHILDREN_yes
	.byte	3                               @ DW_AT_name
	.byte	14                              @ DW_FORM_strp
	.byte	58                              @ DW_AT_decl_file
	.byte	11                              @ DW_FORM_data1
	.byte	59                              @ DW_AT_decl_line
	.byte	11                              @ DW_FORM_data1
	.byte	39                              @ DW_AT_prototyped
	.byte	25                              @ DW_FORM_flag_present
	.byte	32                              @ DW_AT_inline
	.byte	11                              @ DW_FORM_data1
	.byte	0                               @ EOM(1)
	.byte	0                               @ EOM(2)
	.byte	12                              @ Abbreviation Code
	.byte	52                              @ DW_TAG_variable
	.byte	0                               @ DW_CHILDREN_no
	.byte	3                               @ DW_AT_name
	.byte	14                              @ DW_FORM_strp
	.byte	58                              @ DW_AT_decl_file
	.byte	11                              @ DW_FORM_data1
	.byte	59                              @ DW_AT_decl_line
	.byte	11                              @ DW_FORM_data1
	.byte	73                              @ DW_AT_type
	.byte	19                              @ DW_FORM_ref4
	.byte	0                               @ EOM(1)
	.byte	0                               @ EOM(2)
	.byte	13                              @ Abbreviation Code
	.byte	46                              @ DW_TAG_subprogram
	.byte	1                               @ DW_CHILDREN_yes
	.byte	17                              @ DW_AT_low_pc
	.byte	1                               @ DW_FORM_addr
	.byte	18                              @ DW_AT_high_pc
	.byte	6                               @ DW_FORM_data4
	.byte	64                              @ DW_AT_frame_base
	.byte	24                              @ DW_FORM_exprloc
	.byte	3                               @ DW_AT_name
	.byte	14                              @ DW_FORM_strp
	.byte	58                              @ DW_AT_decl_file
	.byte	11                              @ DW_FORM_data1
	.byte	59                              @ DW_AT_decl_line
	.byte	11                              @ DW_FORM_data1
	.byte	39                              @ DW_AT_prototyped
	.byte	25                              @ DW_FORM_flag_present
	.byte	0                               @ EOM(1)
	.byte	0                               @ EOM(2)
	.byte	14                              @ Abbreviation Code
	.byte	52                              @ DW_TAG_variable
	.byte	0                               @ DW_CHILDREN_no
	.byte	2                               @ DW_AT_location
	.byte	24                              @ DW_FORM_exprloc
	.byte	3                               @ DW_AT_name
	.byte	14                              @ DW_FORM_strp
	.byte	58                              @ DW_AT_decl_file
	.byte	11                              @ DW_FORM_data1
	.byte	59                              @ DW_AT_decl_line
	.byte	11                              @ DW_FORM_data1
	.byte	73                              @ DW_AT_type
	.byte	19                              @ DW_FORM_ref4
	.byte	0                               @ EOM(1)
	.byte	0                               @ EOM(2)
	.byte	15                              @ Abbreviation Code
	.byte	29                              @ DW_TAG_inlined_subroutine
	.byte	1                               @ DW_CHILDREN_yes
	.byte	49                              @ DW_AT_abstract_origin
	.byte	19                              @ DW_FORM_ref4
	.byte	17                              @ DW_AT_low_pc
	.byte	1                               @ DW_FORM_addr
	.byte	18                              @ DW_AT_high_pc
	.byte	6                               @ DW_FORM_data4
	.byte	88                              @ DW_AT_call_file
	.byte	11                              @ DW_FORM_data1
	.byte	89                              @ DW_AT_call_line
	.byte	11                              @ DW_FORM_data1
	.byte	87                              @ DW_AT_call_column
	.byte	11                              @ DW_FORM_data1
	.byte	0                               @ EOM(1)
	.byte	0                               @ EOM(2)
	.byte	16                              @ Abbreviation Code
	.byte	52                              @ DW_TAG_variable
	.byte	0                               @ DW_CHILDREN_no
	.byte	2                               @ DW_AT_location
	.byte	24                              @ DW_FORM_exprloc
	.byte	49                              @ DW_AT_abstract_origin
	.byte	19                              @ DW_FORM_ref4
	.byte	0                               @ EOM(1)
	.byte	0                               @ EOM(2)
	.byte	17                              @ Abbreviation Code
	.byte	46                              @ DW_TAG_subprogram
	.byte	0                               @ DW_CHILDREN_no
	.byte	17                              @ DW_AT_low_pc
	.byte	1                               @ DW_FORM_addr
	.byte	18                              @ DW_AT_high_pc
	.byte	6                               @ DW_FORM_data4
	.byte	64                              @ DW_AT_frame_base
	.byte	24                              @ DW_FORM_exprloc
	.byte	3                               @ DW_AT_name
	.byte	14                              @ DW_FORM_strp
	.byte	58                              @ DW_AT_decl_file
	.byte	11                              @ DW_FORM_data1
	.byte	59                              @ DW_AT_decl_line
	.byte	11                              @ DW_FORM_data1
	.byte	39                              @ DW_AT_prototyped
	.byte	25                              @ DW_FORM_flag_present
	.byte	63                              @ DW_AT_external
	.byte	25                              @ DW_FORM_flag_present
	.byte	0                               @ EOM(1)
	.byte	0                               @ EOM(2)
	.byte	18                              @ Abbreviation Code
	.byte	46                              @ DW_TAG_subprogram
	.byte	1                               @ DW_CHILDREN_yes
	.byte	17                              @ DW_AT_low_pc
	.byte	1                               @ DW_FORM_addr
	.byte	18                              @ DW_AT_high_pc
	.byte	6                               @ DW_FORM_data4
	.byte	64                              @ DW_AT_frame_base
	.byte	24                              @ DW_FORM_exprloc
	.byte	3                               @ DW_AT_name
	.byte	14                              @ DW_FORM_strp
	.byte	58                              @ DW_AT_decl_file
	.byte	11                              @ DW_FORM_data1
	.byte	59                              @ DW_AT_decl_line
	.byte	5                               @ DW_FORM_data2
	.byte	39                              @ DW_AT_prototyped
	.byte	25                              @ DW_FORM_flag_present
	.byte	73                              @ DW_AT_type
	.byte	19                              @ DW_FORM_ref4
	.byte	63                              @ DW_AT_external
	.byte	25                              @ DW_FORM_flag_present
	.byte	0                               @ EOM(1)
	.byte	0                               @ EOM(2)
	.byte	19                              @ Abbreviation Code
	.byte	29                              @ DW_TAG_inlined_subroutine
	.byte	1                               @ DW_CHILDREN_yes
	.byte	49                              @ DW_AT_abstract_origin
	.byte	19                              @ DW_FORM_ref4
	.byte	17                              @ DW_AT_low_pc
	.byte	1                               @ DW_FORM_addr
	.byte	18                              @ DW_AT_high_pc
	.byte	6                               @ DW_FORM_data4
	.byte	88                              @ DW_AT_call_file
	.byte	11                              @ DW_FORM_data1
	.byte	89                              @ DW_AT_call_line
	.byte	5                               @ DW_FORM_data2
	.byte	87                              @ DW_AT_call_column
	.byte	11                              @ DW_FORM_data1
	.byte	0                               @ EOM(1)
	.byte	0                               @ EOM(2)
	.byte	20                              @ Abbreviation Code
	.byte	11                              @ DW_TAG_lexical_block
	.byte	1                               @ DW_CHILDREN_yes
	.byte	17                              @ DW_AT_low_pc
	.byte	1                               @ DW_FORM_addr
	.byte	18                              @ DW_AT_high_pc
	.byte	6                               @ DW_FORM_data4
	.byte	0                               @ EOM(1)
	.byte	0                               @ EOM(2)
	.byte	21                              @ Abbreviation Code
	.byte	52                              @ DW_TAG_variable
	.byte	0                               @ DW_CHILDREN_no
	.byte	2                               @ DW_AT_location
	.byte	24                              @ DW_FORM_exprloc
	.byte	3                               @ DW_AT_name
	.byte	14                              @ DW_FORM_strp
	.byte	58                              @ DW_AT_decl_file
	.byte	11                              @ DW_FORM_data1
	.byte	59                              @ DW_AT_decl_line
	.byte	5                               @ DW_FORM_data2
	.byte	73                              @ DW_AT_type
	.byte	19                              @ DW_FORM_ref4
	.byte	0                               @ EOM(1)
	.byte	0                               @ EOM(2)
	.byte	22                              @ Abbreviation Code
	.byte	46                              @ DW_TAG_subprogram
	.byte	0                               @ DW_CHILDREN_no
	.byte	17                              @ DW_AT_low_pc
	.byte	1                               @ DW_FORM_addr
	.byte	18                              @ DW_AT_high_pc
	.byte	6                               @ DW_FORM_data4
	.byte	64                              @ DW_AT_frame_base
	.byte	24                              @ DW_FORM_exprloc
	.byte	3                               @ DW_AT_name
	.byte	14                              @ DW_FORM_strp
	.byte	58                              @ DW_AT_decl_file
	.byte	11                              @ DW_FORM_data1
	.byte	59                              @ DW_AT_decl_line
	.byte	5                               @ DW_FORM_data2
	.byte	39                              @ DW_AT_prototyped
	.byte	25                              @ DW_FORM_flag_present
	.byte	63                              @ DW_AT_external
	.byte	25                              @ DW_FORM_flag_present
	.byte	0                               @ EOM(1)
	.byte	0                               @ EOM(2)
	.byte	23                              @ Abbreviation Code
	.byte	46                              @ DW_TAG_subprogram
	.byte	0                               @ DW_CHILDREN_no
	.byte	17                              @ DW_AT_low_pc
	.byte	1                               @ DW_FORM_addr
	.byte	18                              @ DW_AT_high_pc
	.byte	6                               @ DW_FORM_data4
	.byte	64                              @ DW_AT_frame_base
	.byte	24                              @ DW_FORM_exprloc
	.byte	3                               @ DW_AT_name
	.byte	14                              @ DW_FORM_strp
	.byte	58                              @ DW_AT_decl_file
	.byte	11                              @ DW_FORM_data1
	.byte	59                              @ DW_AT_decl_line
	.byte	5                               @ DW_FORM_data2
	.byte	39                              @ DW_AT_prototyped
	.byte	25                              @ DW_FORM_flag_present
	.byte	0                               @ EOM(1)
	.byte	0                               @ EOM(2)
	.byte	24                              @ Abbreviation Code
	.byte	46                              @ DW_TAG_subprogram
	.byte	1                               @ DW_CHILDREN_yes
	.byte	17                              @ DW_AT_low_pc
	.byte	1                               @ DW_FORM_addr
	.byte	18                              @ DW_AT_high_pc
	.byte	6                               @ DW_FORM_data4
	.byte	64                              @ DW_AT_frame_base
	.byte	24                              @ DW_FORM_exprloc
	.byte	3                               @ DW_AT_name
	.byte	14                              @ DW_FORM_strp
	.byte	58                              @ DW_AT_decl_file
	.byte	11                              @ DW_FORM_data1
	.byte	59                              @ DW_AT_decl_line
	.byte	5                               @ DW_FORM_data2
	.byte	39                              @ DW_AT_prototyped
	.byte	25                              @ DW_FORM_flag_present
	.byte	63                              @ DW_AT_external
	.byte	25                              @ DW_FORM_flag_present
	.byte	0                               @ EOM(1)
	.byte	0                               @ EOM(2)
	.byte	25                              @ Abbreviation Code
	.byte	5                               @ DW_TAG_formal_parameter
	.byte	0                               @ DW_CHILDREN_no
	.byte	3                               @ DW_AT_name
	.byte	14                              @ DW_FORM_strp
	.byte	58                              @ DW_AT_decl_file
	.byte	11                              @ DW_FORM_data1
	.byte	59                              @ DW_AT_decl_line
	.byte	11                              @ DW_FORM_data1
	.byte	73                              @ DW_AT_type
	.byte	19                              @ DW_FORM_ref4
	.byte	0                               @ EOM(1)
	.byte	0                               @ EOM(2)
	.byte	26                              @ Abbreviation Code
	.byte	5                               @ DW_TAG_formal_parameter
	.byte	0                               @ DW_CHILDREN_no
	.byte	2                               @ DW_AT_location
	.byte	24                              @ DW_FORM_exprloc
	.byte	49                              @ DW_AT_abstract_origin
	.byte	19                              @ DW_FORM_ref4
	.byte	0                               @ EOM(1)
	.byte	0                               @ EOM(2)
	.byte	27                              @ Abbreviation Code
	.byte	21                              @ DW_TAG_subroutine_type
	.byte	1                               @ DW_CHILDREN_yes
	.byte	39                              @ DW_AT_prototyped
	.byte	25                              @ DW_FORM_flag_present
	.byte	0                               @ EOM(1)
	.byte	0                               @ EOM(2)
	.byte	28                              @ Abbreviation Code
	.byte	5                               @ DW_TAG_formal_parameter
	.byte	0                               @ DW_CHILDREN_no
	.byte	73                              @ DW_AT_type
	.byte	19                              @ DW_FORM_ref4
	.byte	0                               @ EOM(1)
	.byte	0                               @ EOM(2)
	.byte	29                              @ Abbreviation Code
	.byte	15                              @ DW_TAG_pointer_type
	.byte	0                               @ DW_CHILDREN_no
	.byte	0                               @ EOM(1)
	.byte	0                               @ EOM(2)
	.byte	0                               @ EOM(3)
	.section	.debug_info,"",%progbits
.Lcu_begin0:
	.long	.Ldebug_info_end0-.Ldebug_info_start0 @ Length of Unit
.Ldebug_info_start0:
	.short	4                               @ DWARF version number
	.long	.debug_abbrev                   @ Offset Into Abbrev. Section
	.byte	4                               @ Address Size (in bytes)
	.byte	1                               @ Abbrev [1] 0xb:0x43c DW_TAG_compile_unit
	.long	.Linfo_string0                  @ DW_AT_producer
	.short	12                              @ DW_AT_language
	.long	.Linfo_string1                  @ DW_AT_name
	.long	.Lline_table_start0             @ DW_AT_stmt_list
	.long	.Linfo_string2                  @ DW_AT_comp_dir
	.long	0                               @ DW_AT_low_pc
	.long	.Ldebug_ranges0                 @ DW_AT_ranges
	.byte	2                               @ Abbrev [2] 0x26:0xb DW_TAG_variable
	.long	.Linfo_string3                  @ DW_AT_name
	.long	49                              @ DW_AT_type
	.byte	2                               @ DW_AT_decl_file
	.byte	185                             @ DW_AT_decl_line
	.byte	3                               @ Abbrev [3] 0x31:0x5 DW_TAG_const_type
	.long	54                              @ DW_AT_type
	.byte	4                               @ Abbrev [4] 0x36:0x5 DW_TAG_pointer_type
	.long	59                              @ DW_AT_type
	.byte	3                               @ Abbrev [3] 0x3b:0x5 DW_TAG_const_type
	.long	64                              @ DW_AT_type
	.byte	5                               @ Abbrev [5] 0x40:0x5 DW_TAG_volatile_type
	.long	69                              @ DW_AT_type
	.byte	6                               @ Abbrev [6] 0x45:0xb DW_TAG_typedef
	.long	80                              @ DW_AT_type
	.long	.Linfo_string5                  @ DW_AT_name
	.byte	1                               @ DW_AT_decl_file
	.byte	62                              @ DW_AT_decl_line
	.byte	7                               @ Abbrev [7] 0x50:0x7 DW_TAG_base_type
	.long	.Linfo_string4                  @ DW_AT_name
	.byte	8                               @ DW_AT_encoding
	.byte	1                               @ DW_AT_byte_size
	.byte	8                               @ Abbrev [8] 0x57:0x11 DW_TAG_variable
	.long	.Linfo_string6                  @ DW_AT_name
	.long	69                              @ DW_AT_type
	.byte	2                               @ DW_AT_decl_file
	.byte	183                             @ DW_AT_decl_line
	.byte	5                               @ DW_AT_location
	.byte	3
	.long	ucMaxSysCallPriority
	.byte	8                               @ Abbrev [8] 0x68:0x11 DW_TAG_variable
	.long	.Linfo_string7                  @ DW_AT_name
	.long	121                             @ DW_AT_type
	.byte	2                               @ DW_AT_decl_file
	.byte	184                             @ DW_AT_decl_line
	.byte	5                               @ DW_AT_location
	.byte	3
	.long	ulMaxPRIGROUPValue
	.byte	6                               @ Abbrev [6] 0x79:0xb DW_TAG_typedef
	.long	132                             @ DW_AT_type
	.long	.Linfo_string9                  @ DW_AT_name
	.byte	1                               @ DW_AT_decl_file
	.byte	64                              @ DW_AT_decl_line
	.byte	7                               @ Abbrev [7] 0x84:0x7 DW_TAG_base_type
	.long	.Linfo_string8                  @ DW_AT_name
	.byte	7                               @ DW_AT_encoding
	.byte	4                               @ DW_AT_byte_size
	.byte	8                               @ Abbrev [8] 0x8b:0x11 DW_TAG_variable
	.long	.Linfo_string10                 @ DW_AT_name
	.long	156                             @ DW_AT_type
	.byte	2                               @ DW_AT_decl_file
	.byte	152                             @ DW_AT_decl_line
	.byte	5                               @ DW_AT_location
	.byte	3
	.long	uxCriticalNesting
	.byte	6                               @ Abbrev [6] 0x9c:0xb DW_TAG_typedef
	.long	167                             @ DW_AT_type
	.long	.Linfo_string12                 @ DW_AT_name
	.byte	3                               @ DW_AT_decl_file
	.byte	60                              @ DW_AT_decl_line
	.byte	7                               @ Abbrev [7] 0xa7:0x7 DW_TAG_base_type
	.long	.Linfo_string11                 @ DW_AT_name
	.byte	7                               @ DW_AT_encoding
	.byte	4                               @ DW_AT_byte_size
	.byte	6                               @ Abbrev [6] 0xae:0xb DW_TAG_typedef
	.long	121                             @ DW_AT_type
	.long	.Linfo_string13                 @ DW_AT_name
	.byte	3                               @ DW_AT_decl_file
	.byte	58                              @ DW_AT_decl_line
	.byte	4                               @ Abbrev [4] 0xb9:0x5 DW_TAG_pointer_type
	.long	190                             @ DW_AT_type
	.byte	5                               @ Abbrev [5] 0xbe:0x5 DW_TAG_volatile_type
	.long	121                             @ DW_AT_type
	.byte	4                               @ Abbrev [4] 0xc3:0x5 DW_TAG_pointer_type
	.long	64                              @ DW_AT_type
	.byte	6                               @ Abbrev [6] 0xc8:0xb DW_TAG_typedef
	.long	211                             @ DW_AT_type
	.long	.Linfo_string15                 @ DW_AT_name
	.byte	3                               @ DW_AT_decl_file
	.byte	59                              @ DW_AT_decl_line
	.byte	7                               @ Abbrev [7] 0xd3:0x7 DW_TAG_base_type
	.long	.Linfo_string14                 @ DW_AT_name
	.byte	5                               @ DW_AT_encoding
	.byte	4                               @ DW_AT_byte_size
	.byte	6                               @ Abbrev [6] 0xda:0xb DW_TAG_typedef
	.long	121                             @ DW_AT_type
	.long	.Linfo_string16                 @ DW_AT_name
	.byte	3                               @ DW_AT_decl_file
	.byte	66                              @ DW_AT_decl_line
	.byte	9                               @ Abbrev [9] 0xe5:0x40 DW_TAG_subprogram
	.long	.Lfunc_begin0                   @ DW_AT_low_pc
	.long	.Lfunc_end0-.Lfunc_begin0       @ DW_AT_high_pc
	.byte	1                               @ DW_AT_frame_base
	.byte	93
	.long	.Linfo_string21                 @ DW_AT_name
	.byte	2                               @ DW_AT_decl_file
	.byte	193                             @ DW_AT_decl_line
                                        @ DW_AT_prototyped
	.long	1060                            @ DW_AT_type
                                        @ DW_AT_external
	.byte	10                              @ Abbrev [10] 0xfa:0xe DW_TAG_formal_parameter
	.byte	2                               @ DW_AT_location
	.byte	145
	.byte	8
	.long	.Linfo_string34                 @ DW_AT_name
	.byte	2                               @ DW_AT_decl_file
	.byte	193                             @ DW_AT_decl_line
	.long	1060                            @ DW_AT_type
	.byte	10                              @ Abbrev [10] 0x108:0xe DW_TAG_formal_parameter
	.byte	2                               @ DW_AT_location
	.byte	145
	.byte	4
	.long	.Linfo_string35                 @ DW_AT_name
	.byte	2                               @ DW_AT_decl_file
	.byte	194                             @ DW_AT_decl_line
	.long	1065                            @ DW_AT_type
	.byte	10                              @ Abbrev [10] 0x116:0xe DW_TAG_formal_parameter
	.byte	2                               @ DW_AT_location
	.byte	145
	.byte	0
	.long	.Linfo_string37                 @ DW_AT_name
	.byte	2                               @ DW_AT_decl_file
	.byte	195                             @ DW_AT_decl_line
	.long	1088                            @ DW_AT_type
	.byte	0                               @ End Of Children Mark
	.byte	11                              @ Abbrev [11] 0x125:0x14 DW_TAG_subprogram
	.long	.Linfo_string17                 @ DW_AT_name
	.byte	3                               @ DW_AT_decl_file
	.byte	201                             @ DW_AT_decl_line
                                        @ DW_AT_prototyped
	.byte	1                               @ DW_AT_inline
	.byte	12                              @ Abbrev [12] 0x12d:0xb DW_TAG_variable
	.long	.Linfo_string18                 @ DW_AT_name
	.byte	3                               @ DW_AT_decl_file
	.byte	203                             @ DW_AT_decl_line
	.long	121                             @ DW_AT_type
	.byte	0                               @ End Of Children Mark
	.byte	13                              @ Abbrev [13] 0x139:0x52 DW_TAG_subprogram
	.long	.Lfunc_begin1                   @ DW_AT_low_pc
	.long	.Lfunc_end1-.Lfunc_begin1       @ DW_AT_high_pc
	.byte	1                               @ DW_AT_frame_base
	.byte	93
	.long	.Linfo_string22                 @ DW_AT_name
	.byte	2                               @ DW_AT_decl_file
	.byte	225                             @ DW_AT_decl_line
                                        @ DW_AT_prototyped
	.byte	14                              @ Abbrev [14] 0x14a:0xe DW_TAG_variable
	.byte	2                               @ DW_AT_location
	.byte	145
	.byte	0
	.long	.Linfo_string38                 @ DW_AT_name
	.byte	2                               @ DW_AT_decl_file
	.byte	227                             @ DW_AT_decl_line
	.long	190                             @ DW_AT_type
	.byte	15                              @ Abbrev [15] 0x158:0x19 DW_TAG_inlined_subroutine
	.long	293                             @ DW_AT_abstract_origin
	.long	.Ltmp5                          @ DW_AT_low_pc
	.long	.Ltmp6-.Ltmp5                   @ DW_AT_high_pc
	.byte	2                               @ DW_AT_call_file
	.byte	235                             @ DW_AT_call_line
	.byte	5                               @ DW_AT_call_column
	.byte	16                              @ Abbrev [16] 0x168:0x8 DW_TAG_variable
	.byte	2                               @ DW_AT_location
	.byte	145
	.byte	8
	.long	301                             @ DW_AT_abstract_origin
	.byte	0                               @ End Of Children Mark
	.byte	15                              @ Abbrev [15] 0x171:0x19 DW_TAG_inlined_subroutine
	.long	293                             @ DW_AT_abstract_origin
	.long	.Ltmp8                          @ DW_AT_low_pc
	.long	.Ltmp9-.Ltmp8                   @ DW_AT_high_pc
	.byte	2                               @ DW_AT_call_file
	.byte	236                             @ DW_AT_call_line
	.byte	5                               @ DW_AT_call_column
	.byte	16                              @ Abbrev [16] 0x181:0x8 DW_TAG_variable
	.byte	2                               @ DW_AT_location
	.byte	145
	.byte	4
	.long	301                             @ DW_AT_abstract_origin
	.byte	0                               @ End Of Children Mark
	.byte	0                               @ End Of Children Mark
	.byte	17                              @ Abbrev [17] 0x18b:0x11 DW_TAG_subprogram
	.long	.Lfunc_begin2                   @ DW_AT_low_pc
	.long	.Lfunc_end2-.Lfunc_begin2       @ DW_AT_high_pc
	.byte	1                               @ DW_AT_frame_base
	.byte	93
	.long	.Linfo_string23                 @ DW_AT_name
	.byte	2                               @ DW_AT_decl_file
	.byte	251                             @ DW_AT_decl_line
                                        @ DW_AT_prototyped
                                        @ DW_AT_external
	.byte	18                              @ Abbrev [18] 0x19c:0xc5 DW_TAG_subprogram
	.long	.Lfunc_begin3                   @ DW_AT_low_pc
	.long	.Lfunc_end3-.Lfunc_begin3       @ DW_AT_high_pc
	.byte	1                               @ DW_AT_frame_base
	.byte	93
	.long	.Linfo_string24                 @ DW_AT_name
	.byte	2                               @ DW_AT_decl_file
	.short	297                             @ DW_AT_decl_line
                                        @ DW_AT_prototyped
	.long	200                             @ DW_AT_type
                                        @ DW_AT_external
	.byte	19                              @ Abbrev [19] 0x1b2:0x1a DW_TAG_inlined_subroutine
	.long	293                             @ DW_AT_abstract_origin
	.long	.Ltmp14                         @ DW_AT_low_pc
	.long	.Ltmp15-.Ltmp14                 @ DW_AT_high_pc
	.byte	2                               @ DW_AT_call_file
	.short	302                             @ DW_AT_call_line
	.byte	5                               @ DW_AT_call_column
	.byte	16                              @ Abbrev [16] 0x1c3:0x8 DW_TAG_variable
	.byte	2                               @ DW_AT_location
	.byte	145
	.byte	36
	.long	301                             @ DW_AT_abstract_origin
	.byte	0                               @ End Of Children Mark
	.byte	19                              @ Abbrev [19] 0x1cc:0x1a DW_TAG_inlined_subroutine
	.long	293                             @ DW_AT_abstract_origin
	.long	.Ltmp20                         @ DW_AT_low_pc
	.long	.Ltmp21-.Ltmp20                 @ DW_AT_high_pc
	.byte	2                               @ DW_AT_call_file
	.short	303                             @ DW_AT_call_line
	.byte	5                               @ DW_AT_call_column
	.byte	16                              @ Abbrev [16] 0x1dd:0x8 DW_TAG_variable
	.byte	2                               @ DW_AT_location
	.byte	145
	.byte	32
	.long	301                             @ DW_AT_abstract_origin
	.byte	0                               @ End Of Children Mark
	.byte	20                              @ Abbrev [20] 0x1e6:0x7a DW_TAG_lexical_block
	.long	.Ltmp24                         @ DW_AT_low_pc
	.long	.Ltmp43-.Ltmp24                 @ DW_AT_high_pc
	.byte	21                              @ Abbrev [21] 0x1ef:0xf DW_TAG_variable
	.byte	2                               @ DW_AT_location
	.byte	145
	.byte	23
	.long	.Linfo_string39                 @ DW_AT_name
	.byte	2                               @ DW_AT_decl_file
	.short	307                             @ DW_AT_decl_line
	.long	64                              @ DW_AT_type
	.byte	21                              @ Abbrev [21] 0x1fe:0xf DW_TAG_variable
	.byte	2                               @ DW_AT_location
	.byte	145
	.byte	16
	.long	.Linfo_string40                 @ DW_AT_name
	.byte	2                               @ DW_AT_decl_file
	.short	308                             @ DW_AT_decl_line
	.long	190                             @ DW_AT_type
	.byte	21                              @ Abbrev [21] 0x20d:0xf DW_TAG_variable
	.byte	2                               @ DW_AT_location
	.byte	145
	.byte	12
	.long	.Linfo_string41                 @ DW_AT_name
	.byte	2                               @ DW_AT_decl_file
	.short	309                             @ DW_AT_decl_line
	.long	1089                            @ DW_AT_type
	.byte	21                              @ Abbrev [21] 0x21c:0xf DW_TAG_variable
	.byte	2                               @ DW_AT_location
	.byte	145
	.byte	11
	.long	.Linfo_string42                 @ DW_AT_name
	.byte	2                               @ DW_AT_decl_file
	.short	310                             @ DW_AT_decl_line
	.long	64                              @ DW_AT_type
	.byte	19                              @ Abbrev [19] 0x22b:0x1a DW_TAG_inlined_subroutine
	.long	293                             @ DW_AT_abstract_origin
	.long	.Ltmp27                         @ DW_AT_low_pc
	.long	.Ltmp28-.Ltmp27                 @ DW_AT_high_pc
	.byte	2                               @ DW_AT_call_file
	.short	336                             @ DW_AT_call_line
	.byte	9                               @ DW_AT_call_column
	.byte	16                              @ Abbrev [16] 0x23c:0x8 DW_TAG_variable
	.byte	2                               @ DW_AT_location
	.byte	145
	.byte	28
	.long	301                             @ DW_AT_abstract_origin
	.byte	0                               @ End Of Children Mark
	.byte	19                              @ Abbrev [19] 0x245:0x1a DW_TAG_inlined_subroutine
	.long	293                             @ DW_AT_abstract_origin
	.long	.Ltmp32                         @ DW_AT_low_pc
	.long	.Ltmp33-.Ltmp32                 @ DW_AT_high_pc
	.byte	2                               @ DW_AT_call_file
	.short	340                             @ DW_AT_call_line
	.byte	9                               @ DW_AT_call_column
	.byte	16                              @ Abbrev [16] 0x256:0x8 DW_TAG_variable
	.byte	2                               @ DW_AT_location
	.byte	145
	.byte	24
	.long	301                             @ DW_AT_abstract_origin
	.byte	0                               @ End Of Children Mark
	.byte	0                               @ End Of Children Mark
	.byte	0                               @ End Of Children Mark
	.byte	22                              @ Abbrev [22] 0x261:0x12 DW_TAG_subprogram
	.long	.Lfunc_begin4                   @ DW_AT_low_pc
	.long	.Lfunc_end4-.Lfunc_begin4       @ DW_AT_high_pc
	.byte	1                               @ DW_AT_frame_base
	.byte	93
	.long	.Linfo_string25                 @ DW_AT_name
	.byte	2                               @ DW_AT_decl_file
	.short	762                             @ DW_AT_decl_line
                                        @ DW_AT_prototyped
                                        @ DW_AT_external
	.byte	23                              @ Abbrev [23] 0x273:0x12 DW_TAG_subprogram
	.long	.Lfunc_begin5                   @ DW_AT_low_pc
	.long	.Lfunc_end5-.Lfunc_begin5       @ DW_AT_high_pc
	.byte	1                               @ DW_AT_frame_base
	.byte	93
	.long	.Linfo_string26                 @ DW_AT_name
	.byte	2                               @ DW_AT_decl_file
	.short	784                             @ DW_AT_decl_line
                                        @ DW_AT_prototyped
	.byte	23                              @ Abbrev [23] 0x285:0x12 DW_TAG_subprogram
	.long	.Lfunc_begin6                   @ DW_AT_low_pc
	.long	.Lfunc_end6-.Lfunc_begin6       @ DW_AT_high_pc
	.byte	1                               @ DW_AT_frame_base
	.byte	93
	.long	.Linfo_string27                 @ DW_AT_name
	.byte	2                               @ DW_AT_decl_file
	.short	270                             @ DW_AT_decl_line
                                        @ DW_AT_prototyped
	.byte	24                              @ Abbrev [24] 0x297:0x2d DW_TAG_subprogram
	.long	.Lfunc_begin7                   @ DW_AT_low_pc
	.long	.Lfunc_end7-.Lfunc_begin7       @ DW_AT_high_pc
	.byte	1                               @ DW_AT_frame_base
	.byte	93
	.long	.Linfo_string28                 @ DW_AT_name
	.byte	2                               @ DW_AT_decl_file
	.short	423                             @ DW_AT_decl_line
                                        @ DW_AT_prototyped
                                        @ DW_AT_external
	.byte	19                              @ Abbrev [19] 0x2a9:0x1a DW_TAG_inlined_subroutine
	.long	293                             @ DW_AT_abstract_origin
	.long	.Ltmp53                         @ DW_AT_low_pc
	.long	.Ltmp54-.Ltmp53                 @ DW_AT_high_pc
	.byte	2                               @ DW_AT_call_file
	.short	427                             @ DW_AT_call_line
	.byte	5                               @ DW_AT_call_column
	.byte	16                              @ Abbrev [16] 0x2ba:0x8 DW_TAG_variable
	.byte	2                               @ DW_AT_location
	.byte	145
	.byte	0
	.long	301                             @ DW_AT_abstract_origin
	.byte	0                               @ End Of Children Mark
	.byte	0                               @ End Of Children Mark
	.byte	24                              @ Abbrev [24] 0x2c4:0x47 DW_TAG_subprogram
	.long	.Lfunc_begin8                   @ DW_AT_low_pc
	.long	.Lfunc_end8-.Lfunc_begin8       @ DW_AT_high_pc
	.byte	1                               @ DW_AT_frame_base
	.byte	93
	.long	.Linfo_string29                 @ DW_AT_name
	.byte	2                               @ DW_AT_decl_file
	.short	431                             @ DW_AT_decl_line
                                        @ DW_AT_prototyped
                                        @ DW_AT_external
	.byte	19                              @ Abbrev [19] 0x2d6:0x1a DW_TAG_inlined_subroutine
	.long	293                             @ DW_AT_abstract_origin
	.long	.Ltmp58                         @ DW_AT_low_pc
	.long	.Ltmp59-.Ltmp58                 @ DW_AT_high_pc
	.byte	2                               @ DW_AT_call_file
	.short	433                             @ DW_AT_call_line
	.byte	5                               @ DW_AT_call_column
	.byte	16                              @ Abbrev [16] 0x2e7:0x8 DW_TAG_variable
	.byte	2                               @ DW_AT_location
	.byte	145
	.byte	4
	.long	301                             @ DW_AT_abstract_origin
	.byte	0                               @ End Of Children Mark
	.byte	19                              @ Abbrev [19] 0x2f0:0x1a DW_TAG_inlined_subroutine
	.long	293                             @ DW_AT_abstract_origin
	.long	.Ltmp64                         @ DW_AT_low_pc
	.long	.Ltmp65-.Ltmp64                 @ DW_AT_high_pc
	.byte	2                               @ DW_AT_call_file
	.short	443                             @ DW_AT_call_line
	.byte	9                               @ DW_AT_call_column
	.byte	16                              @ Abbrev [16] 0x301:0x8 DW_TAG_variable
	.byte	2                               @ DW_AT_location
	.byte	145
	.byte	0
	.long	301                             @ DW_AT_abstract_origin
	.byte	0                               @ End Of Children Mark
	.byte	0                               @ End Of Children Mark
	.byte	11                              @ Abbrev [11] 0x30b:0x14 DW_TAG_subprogram
	.long	.Linfo_string19                 @ DW_AT_name
	.byte	3                               @ DW_AT_decl_file
	.byte	237                             @ DW_AT_decl_line
                                        @ DW_AT_prototyped
	.byte	1                               @ DW_AT_inline
	.byte	25                              @ Abbrev [25] 0x313:0xb DW_TAG_formal_parameter
	.long	.Linfo_string20                 @ DW_AT_name
	.byte	3                               @ DW_AT_decl_file
	.byte	237                             @ DW_AT_decl_line
	.long	121                             @ DW_AT_type
	.byte	0                               @ End Of Children Mark
	.byte	24                              @ Abbrev [24] 0x31f:0x47 DW_TAG_subprogram
	.long	.Lfunc_begin9                   @ DW_AT_low_pc
	.long	.Lfunc_end9-.Lfunc_begin9       @ DW_AT_high_pc
	.byte	1                               @ DW_AT_frame_base
	.byte	93
	.long	.Linfo_string30                 @ DW_AT_name
	.byte	2                               @ DW_AT_decl_file
	.short	448                             @ DW_AT_decl_line
                                        @ DW_AT_prototyped
                                        @ DW_AT_external
	.byte	19                              @ Abbrev [19] 0x331:0x1a DW_TAG_inlined_subroutine
	.long	293                             @ DW_AT_abstract_origin
	.long	.Ltmp72                         @ DW_AT_low_pc
	.long	.Ltmp73-.Ltmp72                 @ DW_AT_high_pc
	.byte	2                               @ DW_AT_call_file
	.short	450                             @ DW_AT_call_line
	.byte	5                               @ DW_AT_call_column
	.byte	16                              @ Abbrev [16] 0x342:0x8 DW_TAG_variable
	.byte	2                               @ DW_AT_location
	.byte	145
	.byte	0
	.long	301                             @ DW_AT_abstract_origin
	.byte	0                               @ End Of Children Mark
	.byte	19                              @ Abbrev [19] 0x34b:0x1a DW_TAG_inlined_subroutine
	.long	779                             @ DW_AT_abstract_origin
	.long	.Ltmp78                         @ DW_AT_low_pc
	.long	.Ltmp79-.Ltmp78                 @ DW_AT_high_pc
	.byte	2                               @ DW_AT_call_file
	.short	455                             @ DW_AT_call_line
	.byte	9                               @ DW_AT_call_column
	.byte	26                              @ Abbrev [26] 0x35c:0x8 DW_TAG_formal_parameter
	.byte	2                               @ DW_AT_location
	.byte	145
	.byte	4
	.long	787                             @ DW_AT_abstract_origin
	.byte	0                               @ End Of Children Mark
	.byte	0                               @ End Of Children Mark
	.byte	22                              @ Abbrev [22] 0x366:0x12 DW_TAG_subprogram
	.long	.Lfunc_begin10                  @ DW_AT_low_pc
	.long	.Lfunc_end10-.Lfunc_begin10     @ DW_AT_high_pc
	.byte	1                               @ DW_AT_frame_base
	.byte	93
	.long	.Linfo_string31                 @ DW_AT_name
	.byte	2                               @ DW_AT_decl_file
	.short	460                             @ DW_AT_decl_line
                                        @ DW_AT_prototyped
                                        @ DW_AT_external
	.byte	24                              @ Abbrev [24] 0x378:0x47 DW_TAG_subprogram
	.long	.Lfunc_begin11                  @ DW_AT_low_pc
	.long	.Lfunc_end11-.Lfunc_begin11     @ DW_AT_high_pc
	.byte	1                               @ DW_AT_frame_base
	.byte	93
	.long	.Linfo_string32                 @ DW_AT_name
	.byte	2                               @ DW_AT_decl_file
	.short	517                             @ DW_AT_decl_line
                                        @ DW_AT_prototyped
                                        @ DW_AT_external
	.byte	19                              @ Abbrev [19] 0x38a:0x1a DW_TAG_inlined_subroutine
	.long	293                             @ DW_AT_abstract_origin
	.long	.Ltmp83                         @ DW_AT_low_pc
	.long	.Ltmp84-.Ltmp83                 @ DW_AT_high_pc
	.byte	2                               @ DW_AT_call_file
	.short	523                             @ DW_AT_call_line
	.byte	5                               @ DW_AT_call_column
	.byte	16                              @ Abbrev [16] 0x39b:0x8 DW_TAG_variable
	.byte	2                               @ DW_AT_location
	.byte	145
	.byte	0
	.long	301                             @ DW_AT_abstract_origin
	.byte	0                               @ End Of Children Mark
	.byte	19                              @ Abbrev [19] 0x3a4:0x1a DW_TAG_inlined_subroutine
	.long	779                             @ DW_AT_abstract_origin
	.long	.Ltmp88                         @ DW_AT_low_pc
	.long	.Ltmp89-.Ltmp88                 @ DW_AT_high_pc
	.byte	2                               @ DW_AT_call_file
	.short	533                             @ DW_AT_call_line
	.byte	5                               @ DW_AT_call_column
	.byte	26                              @ Abbrev [26] 0x3b5:0x8 DW_TAG_formal_parameter
	.byte	2                               @ DW_AT_location
	.byte	145
	.byte	4
	.long	787                             @ DW_AT_abstract_origin
	.byte	0                               @ End Of Children Mark
	.byte	0                               @ End Of Children Mark
	.byte	24                              @ Abbrev [24] 0x3bf:0x65 DW_TAG_subprogram
	.long	.Lfunc_begin12                  @ DW_AT_low_pc
	.long	.Lfunc_end12-.Lfunc_begin12     @ DW_AT_high_pc
	.byte	1                               @ DW_AT_frame_base
	.byte	93
	.long	.Linfo_string33                 @ DW_AT_name
	.byte	2                               @ DW_AT_decl_file
	.short	801                             @ DW_AT_decl_line
                                        @ DW_AT_prototyped
                                        @ DW_AT_external
	.byte	21                              @ Abbrev [21] 0x3d1:0xf DW_TAG_variable
	.byte	2                               @ DW_AT_location
	.byte	145
	.byte	4
	.long	.Linfo_string43                 @ DW_AT_name
	.byte	2                               @ DW_AT_decl_file
	.short	803                             @ DW_AT_decl_line
	.long	121                             @ DW_AT_type
	.byte	21                              @ Abbrev [21] 0x3e0:0xf DW_TAG_variable
	.byte	2                               @ DW_AT_location
	.byte	145
	.byte	3
	.long	.Linfo_string44                 @ DW_AT_name
	.byte	2                               @ DW_AT_decl_file
	.short	804                             @ DW_AT_decl_line
	.long	69                              @ DW_AT_type
	.byte	19                              @ Abbrev [19] 0x3ef:0x1a DW_TAG_inlined_subroutine
	.long	293                             @ DW_AT_abstract_origin
	.long	.Ltmp97                         @ DW_AT_low_pc
	.long	.Ltmp98-.Ltmp97                 @ DW_AT_high_pc
	.byte	2                               @ DW_AT_call_file
	.short	838                             @ DW_AT_call_line
	.byte	13                              @ DW_AT_call_column
	.byte	16                              @ Abbrev [16] 0x400:0x8 DW_TAG_variable
	.byte	2                               @ DW_AT_location
	.byte	145
	.byte	12
	.long	301                             @ DW_AT_abstract_origin
	.byte	0                               @ End Of Children Mark
	.byte	19                              @ Abbrev [19] 0x409:0x1a DW_TAG_inlined_subroutine
	.long	293                             @ DW_AT_abstract_origin
	.long	.Ltmp104                        @ DW_AT_low_pc
	.long	.Ltmp105-.Ltmp104               @ DW_AT_high_pc
	.byte	2                               @ DW_AT_call_file
	.short	854                             @ DW_AT_call_line
	.byte	9                               @ DW_AT_call_column
	.byte	16                              @ Abbrev [16] 0x41a:0x8 DW_TAG_variable
	.byte	2                               @ DW_AT_location
	.byte	145
	.byte	8
	.long	301                             @ DW_AT_abstract_origin
	.byte	0                               @ End Of Children Mark
	.byte	0                               @ End Of Children Mark
	.byte	4                               @ Abbrev [4] 0x424:0x5 DW_TAG_pointer_type
	.long	174                             @ DW_AT_type
	.byte	6                               @ Abbrev [6] 0x429:0xb DW_TAG_typedef
	.long	1076                            @ DW_AT_type
	.long	.Linfo_string36                 @ DW_AT_name
	.byte	4                               @ DW_AT_decl_file
	.byte	36                              @ DW_AT_decl_line
	.byte	4                               @ Abbrev [4] 0x434:0x5 DW_TAG_pointer_type
	.long	1081                            @ DW_AT_type
	.byte	27                              @ Abbrev [27] 0x439:0x7 DW_TAG_subroutine_type
                                        @ DW_AT_prototyped
	.byte	28                              @ Abbrev [28] 0x43a:0x5 DW_TAG_formal_parameter
	.long	1088                            @ DW_AT_type
	.byte	0                               @ End Of Children Mark
	.byte	29                              @ Abbrev [29] 0x440:0x1 DW_TAG_pointer_type
	.byte	3                               @ Abbrev [3] 0x441:0x5 DW_TAG_const_type
	.long	195                             @ DW_AT_type
	.byte	0                               @ End Of Children Mark
.Ldebug_info_end0:
	.section	.debug_ranges,"",%progbits
.Ldebug_ranges0:
	.long	.Lfunc_begin0
	.long	.Lfunc_end0
	.long	.Lfunc_begin1
	.long	.Lfunc_end1
	.long	.Lfunc_begin2
	.long	.Lfunc_end2
	.long	.Lfunc_begin3
	.long	.Lfunc_end3
	.long	.Lfunc_begin4
	.long	.Lfunc_end4
	.long	.Lfunc_begin5
	.long	.Lfunc_end5
	.long	.Lfunc_begin6
	.long	.Lfunc_end6
	.long	.Lfunc_begin7
	.long	.Lfunc_end7
	.long	.Lfunc_begin8
	.long	.Lfunc_end8
	.long	.Lfunc_begin9
	.long	.Lfunc_end9
	.long	.Lfunc_begin10
	.long	.Lfunc_end10
	.long	.Lfunc_begin11
	.long	.Lfunc_end11
	.long	.Lfunc_begin12
	.long	.Lfunc_end12
	.long	0
	.long	0
	.section	.debug_str,"MS",%progbits,1
.Linfo_string0:
	.asciz	"Component: Arm Compiler for Embedded 6.24 Tool: armclang [5f371800]" @ string offset=0
.Linfo_string1:
	.asciz	"../Middlewares/Third_Party/FreeRTOS/Source/portable/RVDS/ARM_CM4F\\port.c" @ string offset=68
.Linfo_string2:
	.asciz	"D:\\RM_projects\\h7_final_4\\MDK-ARM" @ string offset=141
.Linfo_string3:
	.asciz	"pcInterruptPriorityRegisters"  @ string offset=175
.Linfo_string4:
	.asciz	"unsigned char"                 @ string offset=204
.Linfo_string5:
	.asciz	"uint8_t"                       @ string offset=218
.Linfo_string6:
	.asciz	"ucMaxSysCallPriority"          @ string offset=226
.Linfo_string7:
	.asciz	"ulMaxPRIGROUPValue"            @ string offset=247
.Linfo_string8:
	.asciz	"unsigned int"                  @ string offset=266
.Linfo_string9:
	.asciz	"uint32_t"                      @ string offset=279
.Linfo_string10:
	.asciz	"uxCriticalNesting"             @ string offset=288
.Linfo_string11:
	.asciz	"unsigned long"                 @ string offset=306
.Linfo_string12:
	.asciz	"UBaseType_t"                   @ string offset=320
.Linfo_string13:
	.asciz	"StackType_t"                   @ string offset=332
.Linfo_string14:
	.asciz	"long"                          @ string offset=344
.Linfo_string15:
	.asciz	"BaseType_t"                    @ string offset=349
.Linfo_string16:
	.asciz	"TickType_t"                    @ string offset=360
.Linfo_string17:
	.asciz	"vPortRaiseBASEPRI"             @ string offset=371
.Linfo_string18:
	.asciz	"ulNewBASEPRI"                  @ string offset=389
.Linfo_string19:
	.asciz	"vPortSetBASEPRI"               @ string offset=402
.Linfo_string20:
	.asciz	"ulNewMaskValue"                @ string offset=418
.Linfo_string21:
	.asciz	"pxPortInitialiseStack"         @ string offset=433
.Linfo_string22:
	.asciz	"prvTaskExitError"              @ string offset=455
.Linfo_string23:
	.asciz	"SVC_Handler"                   @ string offset=472
.Linfo_string24:
	.asciz	"xPortStartScheduler"           @ string offset=484
.Linfo_string25:
	.asciz	"vPortSetupTimerInterrupt"      @ string offset=504
.Linfo_string26:
	.asciz	"vPortEnableVFP"                @ string offset=529
.Linfo_string27:
	.asciz	"prvPortStartFirstTask"         @ string offset=544
.Linfo_string28:
	.asciz	"vPortEndScheduler"             @ string offset=566
.Linfo_string29:
	.asciz	"vPortEnterCritical"            @ string offset=584
.Linfo_string30:
	.asciz	"vPortExitCritical"             @ string offset=603
.Linfo_string31:
	.asciz	"PendSV_Handler"                @ string offset=621
.Linfo_string32:
	.asciz	"xPortSysTickHandler"           @ string offset=636
.Linfo_string33:
	.asciz	"vPortValidateInterruptPriority" @ string offset=656
.Linfo_string34:
	.asciz	"pxTopOfStack"                  @ string offset=687
.Linfo_string35:
	.asciz	"pxCode"                        @ string offset=700
.Linfo_string36:
	.asciz	"TaskFunction_t"                @ string offset=707
.Linfo_string37:
	.asciz	"pvParameters"                  @ string offset=722
.Linfo_string38:
	.asciz	"ulDummy"                       @ string offset=735
.Linfo_string39:
	.asciz	"ucOriginalPriority"            @ string offset=743
.Linfo_string40:
	.asciz	"ulImplementedPrioBits"         @ string offset=762
.Linfo_string41:
	.asciz	"pucFirstUserPriorityRegister"  @ string offset=784
.Linfo_string42:
	.asciz	"ucMaxPriorityValue"            @ string offset=813
.Linfo_string43:
	.asciz	"ulCurrentInterrupt"            @ string offset=832
.Linfo_string44:
	.asciz	"ucCurrentPriority"             @ string offset=851
	.ident	"Component: Arm Compiler for Embedded 6.24 Tool: armclang [5f371800]"
	.section	".note.GNU-stack","",%progbits
	.eabi_attribute	30, 6	@ Tag_ABI_optimization_goals
	.ARM_attribute	16, 1	@ Tag_AV_eba
	.section	.debug_line,"",%progbits
.Lline_table_start0:
