	.text
	.syntax unified
	.eabi_attribute	67, "2.09"	@ Tag_conformance
	.cpu	cortex-m7
	.eabi_attribute	6, 13	@ Tag_CPU_arch
	.eabi_attribute	7, 77	@ Tag_CPU_arch_profile
	.eabi_attribute	8, 0	@ Tag_ARM_ISA_use
	.eabi_attribute	9, 2	@ Tag_THUMB_ISA_use
	.fpu	fpv5-d16
	.eabi_attribute	36, 1	@ Tag_FP_HP_extension
	.eabi_attribute	34, 1	@ Tag_CPU_unaligned_access
	.eabi_attribute	17, 1	@ Tag_ABI_PCS_GOT_use
	.eabi_attribute	20, 2	@ Tag_ABI_FP_denormal
	.eabi_attribute	21, 0	@ Tag_ABI_FP_exceptions
	.eabi_attribute	23, 1	@ Tag_ABI_FP_number_model
	.eabi_attribute	24, 1	@ Tag_ABI_align_needed
	.eabi_attribute	25, 1	@ Tag_ABI_align_preserved
	.eabi_attribute	28, 1	@ Tag_ABI_VFP_args
	.eabi_attribute	38, 1	@ Tag_ABI_FP_16bit_format
	.eabi_attribute	18, 2	@ Tag_ABI_PCS_wchar_t
	.eabi_attribute	26, 1	@ Tag_ABI_enum_size
	.eabi_attribute	14, 0	@ Tag_ABI_PCS_R9_use
	.file	"stm32h7xx_it.c"
	.file	1 "D:\\keil_1\\keil\\ARM\\ARMCLANG\\bin\\..\\include" "stdint.h"
	.section	.text.NMI_Handler,"ax",%progbits
	.hidden	NMI_Handler                     @ -- Begin function NMI_Handler
	.globl	NMI_Handler
	.p2align	3
	.type	NMI_Handler,%function
	.code	16                              @ @NMI_Handler
	.thumb_func
NMI_Handler:
.Lfunc_begin0:
	.fnstart
	.cfi_sections .debug_frame
	.cfi_startproc
@ %bb.0:
	.file	2 "D:\\RM_projects\\h7_final_4\\MDK-ARM" "../Core/Src/stm32h7xx_it.c"
	.loc	2 83 4 prologue_end             @ ../Core/Src/stm32h7xx_it.c:83:4
	b	.LBB0_1
.LBB0_1:                                @ =>This Inner Loop Header: Depth=1
	b	.LBB0_1
.Ltmp0:
.Lfunc_end0:
	.size	NMI_Handler, .Lfunc_end0-NMI_Handler
	.cfi_endproc
	.cantunwind
	.fnend
                                        @ -- End function
	.section	.text.HardFault_Handler,"ax",%progbits
	.hidden	HardFault_Handler               @ -- Begin function HardFault_Handler
	.globl	HardFault_Handler
	.p2align	3
	.type	HardFault_Handler,%function
	.code	16                              @ @HardFault_Handler
	.thumb_func
HardFault_Handler:
.Lfunc_begin1:
	.fnstart
	.cfi_startproc
@ %bb.0:
	.loc	2 97 3 prologue_end             @ ../Core/Src/stm32h7xx_it.c:97:3
	b	.LBB1_1
.LBB1_1:                                @ =>This Inner Loop Header: Depth=1
	b	.LBB1_1
.Ltmp1:
.Lfunc_end1:
	.size	HardFault_Handler, .Lfunc_end1-HardFault_Handler
	.cfi_endproc
	.cantunwind
	.fnend
                                        @ -- End function
	.section	.text.MemManage_Handler,"ax",%progbits
	.hidden	MemManage_Handler               @ -- Begin function MemManage_Handler
	.globl	MemManage_Handler
	.p2align	3
	.type	MemManage_Handler,%function
	.code	16                              @ @MemManage_Handler
	.thumb_func
MemManage_Handler:
.Lfunc_begin2:
	.fnstart
	.cfi_startproc
@ %bb.0:
	.loc	2 112 3 prologue_end            @ ../Core/Src/stm32h7xx_it.c:112:3
	b	.LBB2_1
.LBB2_1:                                @ =>This Inner Loop Header: Depth=1
	b	.LBB2_1
.Ltmp2:
.Lfunc_end2:
	.size	MemManage_Handler, .Lfunc_end2-MemManage_Handler
	.cfi_endproc
	.cantunwind
	.fnend
                                        @ -- End function
	.section	.text.BusFault_Handler,"ax",%progbits
	.hidden	BusFault_Handler                @ -- Begin function BusFault_Handler
	.globl	BusFault_Handler
	.p2align	3
	.type	BusFault_Handler,%function
	.code	16                              @ @BusFault_Handler
	.thumb_func
BusFault_Handler:
.Lfunc_begin3:
	.fnstart
	.cfi_startproc
@ %bb.0:
	.loc	2 127 3 prologue_end            @ ../Core/Src/stm32h7xx_it.c:127:3
	b	.LBB3_1
.LBB3_1:                                @ =>This Inner Loop Header: Depth=1
	b	.LBB3_1
.Ltmp3:
.Lfunc_end3:
	.size	BusFault_Handler, .Lfunc_end3-BusFault_Handler
	.cfi_endproc
	.cantunwind
	.fnend
                                        @ -- End function
	.section	.text.UsageFault_Handler,"ax",%progbits
	.hidden	UsageFault_Handler              @ -- Begin function UsageFault_Handler
	.globl	UsageFault_Handler
	.p2align	3
	.type	UsageFault_Handler,%function
	.code	16                              @ @UsageFault_Handler
	.thumb_func
UsageFault_Handler:
.Lfunc_begin4:
	.fnstart
	.cfi_startproc
@ %bb.0:
	.loc	2 142 3 prologue_end            @ ../Core/Src/stm32h7xx_it.c:142:3
	b	.LBB4_1
.LBB4_1:                                @ =>This Inner Loop Header: Depth=1
	b	.LBB4_1
.Ltmp4:
.Lfunc_end4:
	.size	UsageFault_Handler, .Lfunc_end4-UsageFault_Handler
	.cfi_endproc
	.cantunwind
	.fnend
                                        @ -- End function
	.section	.text.DebugMon_Handler,"ax",%progbits
	.hidden	DebugMon_Handler                @ -- Begin function DebugMon_Handler
	.globl	DebugMon_Handler
	.p2align	3
	.type	DebugMon_Handler,%function
	.code	16                              @ @DebugMon_Handler
	.thumb_func
DebugMon_Handler:
.Lfunc_begin5:
	.fnstart
	.cfi_startproc
@ %bb.0:
	.loc	2 160 1 prologue_end            @ ../Core/Src/stm32h7xx_it.c:160:1
	bx	lr
.Ltmp5:
.Lfunc_end5:
	.size	DebugMon_Handler, .Lfunc_end5-DebugMon_Handler
	.cfi_endproc
	.cantunwind
	.fnend
                                        @ -- End function
	.section	.text.DMA1_Stream0_IRQHandler,"ax",%progbits
	.hidden	DMA1_Stream0_IRQHandler         @ -- Begin function DMA1_Stream0_IRQHandler
	.globl	DMA1_Stream0_IRQHandler
	.p2align	3
	.type	DMA1_Stream0_IRQHandler,%function
	.code	16                              @ @DMA1_Stream0_IRQHandler
	.thumb_func
DMA1_Stream0_IRQHandler:
.Lfunc_begin6:
	.loc	2 173 0                         @ ../Core/Src/stm32h7xx_it.c:173:0
	.fnstart
	.cfi_startproc
@ %bb.0:
	.save	{r7, lr}
	push	{r7, lr}
	.cfi_def_cfa_offset 8
	.cfi_offset lr, -4
	.cfi_offset r7, -8
.Ltmp6:
	.loc	2 177 3 prologue_end            @ ../Core/Src/stm32h7xx_it.c:177:3
	movw	r0, :lower16:hdma_uart5_rx
	movt	r0, :upper16:hdma_uart5_rx
	bl	HAL_DMA_IRQHandler
	.loc	2 181 1 epilogue_begin          @ ../Core/Src/stm32h7xx_it.c:181:1
	pop	{r7, pc}
.Ltmp7:
.Lfunc_end6:
	.size	DMA1_Stream0_IRQHandler, .Lfunc_end6-DMA1_Stream0_IRQHandler
	.cfi_endproc
	.cantunwind
	.fnend
                                        @ -- End function
	.section	.text.DMA1_Stream1_IRQHandler,"ax",%progbits
	.hidden	DMA1_Stream1_IRQHandler         @ -- Begin function DMA1_Stream1_IRQHandler
	.globl	DMA1_Stream1_IRQHandler
	.p2align	3
	.type	DMA1_Stream1_IRQHandler,%function
	.code	16                              @ @DMA1_Stream1_IRQHandler
	.thumb_func
DMA1_Stream1_IRQHandler:
.Lfunc_begin7:
	.loc	2 187 0                         @ ../Core/Src/stm32h7xx_it.c:187:0
	.fnstart
	.cfi_startproc
@ %bb.0:
	.save	{r7, lr}
	push	{r7, lr}
	.cfi_def_cfa_offset 8
	.cfi_offset lr, -4
	.cfi_offset r7, -8
.Ltmp8:
	.loc	2 191 3 prologue_end            @ ../Core/Src/stm32h7xx_it.c:191:3
	movw	r0, :lower16:hdma_spi2_tx
	movt	r0, :upper16:hdma_spi2_tx
	bl	HAL_DMA_IRQHandler
	.loc	2 195 1 epilogue_begin          @ ../Core/Src/stm32h7xx_it.c:195:1
	pop	{r7, pc}
.Ltmp9:
.Lfunc_end7:
	.size	DMA1_Stream1_IRQHandler, .Lfunc_end7-DMA1_Stream1_IRQHandler
	.cfi_endproc
	.cantunwind
	.fnend
                                        @ -- End function
	.section	.text.DMA1_Stream2_IRQHandler,"ax",%progbits
	.hidden	DMA1_Stream2_IRQHandler         @ -- Begin function DMA1_Stream2_IRQHandler
	.globl	DMA1_Stream2_IRQHandler
	.p2align	3
	.type	DMA1_Stream2_IRQHandler,%function
	.code	16                              @ @DMA1_Stream2_IRQHandler
	.thumb_func
DMA1_Stream2_IRQHandler:
.Lfunc_begin8:
	.loc	2 201 0                         @ ../Core/Src/stm32h7xx_it.c:201:0
	.fnstart
	.cfi_startproc
@ %bb.0:
	.save	{r7, lr}
	push	{r7, lr}
	.cfi_def_cfa_offset 8
	.cfi_offset lr, -4
	.cfi_offset r7, -8
.Ltmp10:
	.loc	2 205 3 prologue_end            @ ../Core/Src/stm32h7xx_it.c:205:3
	movw	r0, :lower16:hdma_spi2_rx
	movt	r0, :upper16:hdma_spi2_rx
	bl	HAL_DMA_IRQHandler
	.loc	2 209 1 epilogue_begin          @ ../Core/Src/stm32h7xx_it.c:209:1
	pop	{r7, pc}
.Ltmp11:
.Lfunc_end8:
	.size	DMA1_Stream2_IRQHandler, .Lfunc_end8-DMA1_Stream2_IRQHandler
	.cfi_endproc
	.cantunwind
	.fnend
                                        @ -- End function
	.section	.text.FDCAN1_IT0_IRQHandler,"ax",%progbits
	.hidden	FDCAN1_IT0_IRQHandler           @ -- Begin function FDCAN1_IT0_IRQHandler
	.globl	FDCAN1_IT0_IRQHandler
	.p2align	3
	.type	FDCAN1_IT0_IRQHandler,%function
	.code	16                              @ @FDCAN1_IT0_IRQHandler
	.thumb_func
FDCAN1_IT0_IRQHandler:
.Lfunc_begin9:
	.loc	2 215 0                         @ ../Core/Src/stm32h7xx_it.c:215:0
	.fnstart
	.cfi_startproc
@ %bb.0:
	.save	{r7, lr}
	push	{r7, lr}
	.cfi_def_cfa_offset 8
	.cfi_offset lr, -4
	.cfi_offset r7, -8
.Ltmp12:
	.loc	2 219 3 prologue_end            @ ../Core/Src/stm32h7xx_it.c:219:3
	movw	r0, :lower16:hfdcan1
	movt	r0, :upper16:hfdcan1
	bl	HAL_FDCAN_IRQHandler
	.loc	2 223 1 epilogue_begin          @ ../Core/Src/stm32h7xx_it.c:223:1
	pop	{r7, pc}
.Ltmp13:
.Lfunc_end9:
	.size	FDCAN1_IT0_IRQHandler, .Lfunc_end9-FDCAN1_IT0_IRQHandler
	.cfi_endproc
	.cantunwind
	.fnend
                                        @ -- End function
	.section	.text.FDCAN2_IT0_IRQHandler,"ax",%progbits
	.hidden	FDCAN2_IT0_IRQHandler           @ -- Begin function FDCAN2_IT0_IRQHandler
	.globl	FDCAN2_IT0_IRQHandler
	.p2align	3
	.type	FDCAN2_IT0_IRQHandler,%function
	.code	16                              @ @FDCAN2_IT0_IRQHandler
	.thumb_func
FDCAN2_IT0_IRQHandler:
.Lfunc_begin10:
	.loc	2 229 0                         @ ../Core/Src/stm32h7xx_it.c:229:0
	.fnstart
	.cfi_startproc
@ %bb.0:
	.save	{r7, lr}
	push	{r7, lr}
	.cfi_def_cfa_offset 8
	.cfi_offset lr, -4
	.cfi_offset r7, -8
.Ltmp14:
	.loc	2 233 3 prologue_end            @ ../Core/Src/stm32h7xx_it.c:233:3
	movw	r0, :lower16:hfdcan2
	movt	r0, :upper16:hfdcan2
	bl	HAL_FDCAN_IRQHandler
	.loc	2 237 1 epilogue_begin          @ ../Core/Src/stm32h7xx_it.c:237:1
	pop	{r7, pc}
.Ltmp15:
.Lfunc_end10:
	.size	FDCAN2_IT0_IRQHandler, .Lfunc_end10-FDCAN2_IT0_IRQHandler
	.cfi_endproc
	.cantunwind
	.fnend
                                        @ -- End function
	.section	.text.FDCAN1_IT1_IRQHandler,"ax",%progbits
	.hidden	FDCAN1_IT1_IRQHandler           @ -- Begin function FDCAN1_IT1_IRQHandler
	.globl	FDCAN1_IT1_IRQHandler
	.p2align	3
	.type	FDCAN1_IT1_IRQHandler,%function
	.code	16                              @ @FDCAN1_IT1_IRQHandler
	.thumb_func
FDCAN1_IT1_IRQHandler:
.Lfunc_begin11:
	.loc	2 243 0                         @ ../Core/Src/stm32h7xx_it.c:243:0
	.fnstart
	.cfi_startproc
@ %bb.0:
	.save	{r7, lr}
	push	{r7, lr}
	.cfi_def_cfa_offset 8
	.cfi_offset lr, -4
	.cfi_offset r7, -8
.Ltmp16:
	.loc	2 247 3 prologue_end            @ ../Core/Src/stm32h7xx_it.c:247:3
	movw	r0, :lower16:hfdcan1
	movt	r0, :upper16:hfdcan1
	bl	HAL_FDCAN_IRQHandler
	.loc	2 251 1 epilogue_begin          @ ../Core/Src/stm32h7xx_it.c:251:1
	pop	{r7, pc}
.Ltmp17:
.Lfunc_end11:
	.size	FDCAN1_IT1_IRQHandler, .Lfunc_end11-FDCAN1_IT1_IRQHandler
	.cfi_endproc
	.cantunwind
	.fnend
                                        @ -- End function
	.section	.text.FDCAN2_IT1_IRQHandler,"ax",%progbits
	.hidden	FDCAN2_IT1_IRQHandler           @ -- Begin function FDCAN2_IT1_IRQHandler
	.globl	FDCAN2_IT1_IRQHandler
	.p2align	3
	.type	FDCAN2_IT1_IRQHandler,%function
	.code	16                              @ @FDCAN2_IT1_IRQHandler
	.thumb_func
FDCAN2_IT1_IRQHandler:
.Lfunc_begin12:
	.loc	2 257 0                         @ ../Core/Src/stm32h7xx_it.c:257:0
	.fnstart
	.cfi_startproc
@ %bb.0:
	.save	{r7, lr}
	push	{r7, lr}
	.cfi_def_cfa_offset 8
	.cfi_offset lr, -4
	.cfi_offset r7, -8
.Ltmp18:
	.loc	2 261 3 prologue_end            @ ../Core/Src/stm32h7xx_it.c:261:3
	movw	r0, :lower16:hfdcan2
	movt	r0, :upper16:hfdcan2
	bl	HAL_FDCAN_IRQHandler
	.loc	2 265 1 epilogue_begin          @ ../Core/Src/stm32h7xx_it.c:265:1
	pop	{r7, pc}
.Ltmp19:
.Lfunc_end12:
	.size	FDCAN2_IT1_IRQHandler, .Lfunc_end12-FDCAN2_IT1_IRQHandler
	.cfi_endproc
	.cantunwind
	.fnend
                                        @ -- End function
	.section	.text.TIM2_IRQHandler,"ax",%progbits
	.hidden	TIM2_IRQHandler                 @ -- Begin function TIM2_IRQHandler
	.globl	TIM2_IRQHandler
	.p2align	3
	.type	TIM2_IRQHandler,%function
	.code	16                              @ @TIM2_IRQHandler
	.thumb_func
TIM2_IRQHandler:
.Lfunc_begin13:
	.loc	2 271 0                         @ ../Core/Src/stm32h7xx_it.c:271:0
	.fnstart
	.cfi_startproc
@ %bb.0:
	.save	{r7, lr}
	push	{r7, lr}
	.cfi_def_cfa_offset 8
	.cfi_offset lr, -4
	.cfi_offset r7, -8
.Ltmp20:
	.loc	2 275 3 prologue_end            @ ../Core/Src/stm32h7xx_it.c:275:3
	movw	r0, :lower16:htim2
	movt	r0, :upper16:htim2
	bl	HAL_TIM_IRQHandler
	.loc	2 279 1 epilogue_begin          @ ../Core/Src/stm32h7xx_it.c:279:1
	pop	{r7, pc}
.Ltmp21:
.Lfunc_end13:
	.size	TIM2_IRQHandler, .Lfunc_end13-TIM2_IRQHandler
	.cfi_endproc
	.cantunwind
	.fnend
                                        @ -- End function
	.section	.text.SPI2_IRQHandler,"ax",%progbits
	.hidden	SPI2_IRQHandler                 @ -- Begin function SPI2_IRQHandler
	.globl	SPI2_IRQHandler
	.p2align	3
	.type	SPI2_IRQHandler,%function
	.code	16                              @ @SPI2_IRQHandler
	.thumb_func
SPI2_IRQHandler:
.Lfunc_begin14:
	.loc	2 285 0                         @ ../Core/Src/stm32h7xx_it.c:285:0
	.fnstart
	.cfi_startproc
@ %bb.0:
	.save	{r7, lr}
	push	{r7, lr}
	.cfi_def_cfa_offset 8
	.cfi_offset lr, -4
	.cfi_offset r7, -8
.Ltmp22:
	.loc	2 289 3 prologue_end            @ ../Core/Src/stm32h7xx_it.c:289:3
	movw	r0, :lower16:hspi2
	movt	r0, :upper16:hspi2
	bl	HAL_SPI_IRQHandler
	.loc	2 293 1 epilogue_begin          @ ../Core/Src/stm32h7xx_it.c:293:1
	pop	{r7, pc}
.Ltmp23:
.Lfunc_end14:
	.size	SPI2_IRQHandler, .Lfunc_end14-SPI2_IRQHandler
	.cfi_endproc
	.cantunwind
	.fnend
                                        @ -- End function
	.section	.text.EXTI15_10_IRQHandler,"ax",%progbits
	.hidden	EXTI15_10_IRQHandler            @ -- Begin function EXTI15_10_IRQHandler
	.globl	EXTI15_10_IRQHandler
	.p2align	3
	.type	EXTI15_10_IRQHandler,%function
	.code	16                              @ @EXTI15_10_IRQHandler
	.thumb_func
EXTI15_10_IRQHandler:
.Lfunc_begin15:
	.loc	2 299 0                         @ ../Core/Src/stm32h7xx_it.c:299:0
	.fnstart
	.cfi_startproc
@ %bb.0:
	.save	{r7, lr}
	push	{r7, lr}
	.cfi_def_cfa_offset 8
	.cfi_offset lr, -4
	.cfi_offset r7, -8
	mov.w	r0, #1024
.Ltmp24:
	.loc	2 303 3 prologue_end            @ ../Core/Src/stm32h7xx_it.c:303:3
	bl	HAL_GPIO_EXTI_IRQHandler
	mov.w	r0, #4096
	.loc	2 304 3                         @ ../Core/Src/stm32h7xx_it.c:304:3
	bl	HAL_GPIO_EXTI_IRQHandler
	.loc	2 308 1 epilogue_begin          @ ../Core/Src/stm32h7xx_it.c:308:1
	pop	{r7, pc}
.Ltmp25:
.Lfunc_end15:
	.size	EXTI15_10_IRQHandler, .Lfunc_end15-EXTI15_10_IRQHandler
	.cfi_endproc
	.cantunwind
	.fnend
                                        @ -- End function
	.section	.text.UART5_IRQHandler,"ax",%progbits
	.hidden	UART5_IRQHandler                @ -- Begin function UART5_IRQHandler
	.globl	UART5_IRQHandler
	.p2align	3
	.type	UART5_IRQHandler,%function
	.code	16                              @ @UART5_IRQHandler
	.thumb_func
UART5_IRQHandler:
.Lfunc_begin16:
	.loc	2 314 0                         @ ../Core/Src/stm32h7xx_it.c:314:0
	.fnstart
	.cfi_startproc
@ %bb.0:
	.save	{r7, lr}
	push	{r7, lr}
	.cfi_def_cfa_offset 8
	.cfi_offset lr, -4
	.cfi_offset r7, -8
.Ltmp26:
	.loc	2 318 3 prologue_end            @ ../Core/Src/stm32h7xx_it.c:318:3
	movw	r0, :lower16:huart5
	movt	r0, :upper16:huart5
	bl	HAL_UART_IRQHandler
	.loc	2 322 1 epilogue_begin          @ ../Core/Src/stm32h7xx_it.c:322:1
	pop	{r7, pc}
.Ltmp27:
.Lfunc_end16:
	.size	UART5_IRQHandler, .Lfunc_end16-UART5_IRQHandler
	.cfi_endproc
	.cantunwind
	.fnend
                                        @ -- End function
	.section	.text.FDCAN_CAL_IRQHandler,"ax",%progbits
	.hidden	FDCAN_CAL_IRQHandler            @ -- Begin function FDCAN_CAL_IRQHandler
	.globl	FDCAN_CAL_IRQHandler
	.p2align	3
	.type	FDCAN_CAL_IRQHandler,%function
	.code	16                              @ @FDCAN_CAL_IRQHandler
	.thumb_func
FDCAN_CAL_IRQHandler:
.Lfunc_begin17:
	.loc	2 328 0                         @ ../Core/Src/stm32h7xx_it.c:328:0
	.fnstart
	.cfi_startproc
@ %bb.0:
	.save	{r7, lr}
	push	{r7, lr}
	.cfi_def_cfa_offset 8
	.cfi_offset lr, -4
	.cfi_offset r7, -8
.Ltmp28:
	.loc	2 332 3 prologue_end            @ ../Core/Src/stm32h7xx_it.c:332:3
	movw	r0, :lower16:hfdcan1
	movt	r0, :upper16:hfdcan1
	bl	HAL_FDCAN_IRQHandler
	.loc	2 333 3                         @ ../Core/Src/stm32h7xx_it.c:333:3
	movw	r0, :lower16:hfdcan2
	movt	r0, :upper16:hfdcan2
	bl	HAL_FDCAN_IRQHandler
	.loc	2 337 1 epilogue_begin          @ ../Core/Src/stm32h7xx_it.c:337:1
	pop	{r7, pc}
.Ltmp29:
.Lfunc_end17:
	.size	FDCAN_CAL_IRQHandler, .Lfunc_end17-FDCAN_CAL_IRQHandler
	.cfi_endproc
	.cantunwind
	.fnend
                                        @ -- End function
	.section	.debug_abbrev,"",%progbits
	.byte	1                               @ Abbreviation Code
	.byte	17                              @ DW_TAG_compile_unit
	.byte	1                               @ DW_CHILDREN_yes
	.byte	37                              @ DW_AT_producer
	.byte	14                              @ DW_FORM_strp
	.byte	19                              @ DW_AT_language
	.byte	5                               @ DW_FORM_data2
	.byte	3                               @ DW_AT_name
	.byte	14                              @ DW_FORM_strp
	.byte	16                              @ DW_AT_stmt_list
	.byte	23                              @ DW_FORM_sec_offset
	.byte	27                              @ DW_AT_comp_dir
	.byte	14                              @ DW_FORM_strp
	.byte	17                              @ DW_AT_low_pc
	.byte	1                               @ DW_FORM_addr
	.byte	85                              @ DW_AT_ranges
	.byte	23                              @ DW_FORM_sec_offset
	.byte	0                               @ EOM(1)
	.byte	0                               @ EOM(2)
	.byte	2                               @ Abbreviation Code
	.byte	22                              @ DW_TAG_typedef
	.byte	0                               @ DW_CHILDREN_no
	.byte	73                              @ DW_AT_type
	.byte	19                              @ DW_FORM_ref4
	.byte	3                               @ DW_AT_name
	.byte	14                              @ DW_FORM_strp
	.byte	58                              @ DW_AT_decl_file
	.byte	11                              @ DW_FORM_data1
	.byte	59                              @ DW_AT_decl_line
	.byte	11                              @ DW_FORM_data1
	.byte	0                               @ EOM(1)
	.byte	0                               @ EOM(2)
	.byte	3                               @ Abbreviation Code
	.byte	36                              @ DW_TAG_base_type
	.byte	0                               @ DW_CHILDREN_no
	.byte	3                               @ DW_AT_name
	.byte	14                              @ DW_FORM_strp
	.byte	62                              @ DW_AT_encoding
	.byte	11                              @ DW_FORM_data1
	.byte	11                              @ DW_AT_byte_size
	.byte	11                              @ DW_FORM_data1
	.byte	0                               @ EOM(1)
	.byte	0                               @ EOM(2)
	.byte	4                               @ Abbreviation Code
	.byte	46                              @ DW_TAG_subprogram
	.byte	0                               @ DW_CHILDREN_no
	.byte	17                              @ DW_AT_low_pc
	.byte	1                               @ DW_FORM_addr
	.byte	18                              @ DW_AT_high_pc
	.byte	6                               @ DW_FORM_data4
	.byte	64                              @ DW_AT_frame_base
	.byte	24                              @ DW_FORM_exprloc
	.byte	3                               @ DW_AT_name
	.byte	14                              @ DW_FORM_strp
	.byte	58                              @ DW_AT_decl_file
	.byte	11                              @ DW_FORM_data1
	.byte	59                              @ DW_AT_decl_line
	.byte	11                              @ DW_FORM_data1
	.byte	39                              @ DW_AT_prototyped
	.byte	25                              @ DW_FORM_flag_present
	.byte	63                              @ DW_AT_external
	.byte	25                              @ DW_FORM_flag_present
	.byte	0                               @ EOM(1)
	.byte	0                               @ EOM(2)
	.byte	5                               @ Abbreviation Code
	.byte	46                              @ DW_TAG_subprogram
	.byte	0                               @ DW_CHILDREN_no
	.byte	17                              @ DW_AT_low_pc
	.byte	1                               @ DW_FORM_addr
	.byte	18                              @ DW_AT_high_pc
	.byte	6                               @ DW_FORM_data4
	.byte	64                              @ DW_AT_frame_base
	.byte	24                              @ DW_FORM_exprloc
	.byte	3                               @ DW_AT_name
	.byte	14                              @ DW_FORM_strp
	.byte	58                              @ DW_AT_decl_file
	.byte	11                              @ DW_FORM_data1
	.byte	59                              @ DW_AT_decl_line
	.byte	5                               @ DW_FORM_data2
	.byte	39                              @ DW_AT_prototyped
	.byte	25                              @ DW_FORM_flag_present
	.byte	63                              @ DW_AT_external
	.byte	25                              @ DW_FORM_flag_present
	.byte	0                               @ EOM(1)
	.byte	0                               @ EOM(2)
	.byte	0                               @ EOM(3)
	.section	.debug_info,"",%progbits
.Lcu_begin0:
	.long	.Ldebug_info_end0-.Ldebug_info_start0 @ Length of Unit
.Ldebug_info_start0:
	.short	4                               @ DWARF version number
	.long	.debug_abbrev                   @ Offset Into Abbrev. Section
	.byte	4                               @ Address Size (in bytes)
	.byte	1                               @ Abbrev [1] 0xb:0x166 DW_TAG_compile_unit
	.long	.Linfo_string0                  @ DW_AT_producer
	.short	12                              @ DW_AT_language
	.long	.Linfo_string1                  @ DW_AT_name
	.long	.Lline_table_start0             @ DW_AT_stmt_list
	.long	.Linfo_string2                  @ DW_AT_comp_dir
	.long	0                               @ DW_AT_low_pc
	.long	.Ldebug_ranges0                 @ DW_AT_ranges
	.byte	2                               @ Abbrev [2] 0x26:0xb DW_TAG_typedef
	.long	49                              @ DW_AT_type
	.long	.Linfo_string4                  @ DW_AT_name
	.byte	1                               @ DW_AT_decl_file
	.byte	63                              @ DW_AT_decl_line
	.byte	3                               @ Abbrev [3] 0x31:0x7 DW_TAG_base_type
	.long	.Linfo_string3                  @ DW_AT_name
	.byte	7                               @ DW_AT_encoding
	.byte	2                               @ DW_AT_byte_size
	.byte	4                               @ Abbrev [4] 0x38:0x11 DW_TAG_subprogram
	.long	.Lfunc_begin0                   @ DW_AT_low_pc
	.long	.Lfunc_end0-.Lfunc_begin0       @ DW_AT_high_pc
	.byte	1                               @ DW_AT_frame_base
	.byte	93
	.long	.Linfo_string5                  @ DW_AT_name
	.byte	2                               @ DW_AT_decl_file
	.byte	77                              @ DW_AT_decl_line
                                        @ DW_AT_prototyped
                                        @ DW_AT_external
	.byte	4                               @ Abbrev [4] 0x49:0x11 DW_TAG_subprogram
	.long	.Lfunc_begin1                   @ DW_AT_low_pc
	.long	.Lfunc_end1-.Lfunc_begin1       @ DW_AT_high_pc
	.byte	1                               @ DW_AT_frame_base
	.byte	93
	.long	.Linfo_string6                  @ DW_AT_name
	.byte	2                               @ DW_AT_decl_file
	.byte	92                              @ DW_AT_decl_line
                                        @ DW_AT_prototyped
                                        @ DW_AT_external
	.byte	4                               @ Abbrev [4] 0x5a:0x11 DW_TAG_subprogram
	.long	.Lfunc_begin2                   @ DW_AT_low_pc
	.long	.Lfunc_end2-.Lfunc_begin2       @ DW_AT_high_pc
	.byte	1                               @ DW_AT_frame_base
	.byte	93
	.long	.Linfo_string7                  @ DW_AT_name
	.byte	2                               @ DW_AT_decl_file
	.byte	107                             @ DW_AT_decl_line
                                        @ DW_AT_prototyped
                                        @ DW_AT_external
	.byte	4                               @ Abbrev [4] 0x6b:0x11 DW_TAG_subprogram
	.long	.Lfunc_begin3                   @ DW_AT_low_pc
	.long	.Lfunc_end3-.Lfunc_begin3       @ DW_AT_high_pc
	.byte	1                               @ DW_AT_frame_base
	.byte	93
	.long	.Linfo_string8                  @ DW_AT_name
	.byte	2                               @ DW_AT_decl_file
	.byte	122                             @ DW_AT_decl_line
                                        @ DW_AT_prototyped
                                        @ DW_AT_external
	.byte	4                               @ Abbrev [4] 0x7c:0x11 DW_TAG_subprogram
	.long	.Lfunc_begin4                   @ DW_AT_low_pc
	.long	.Lfunc_end4-.Lfunc_begin4       @ DW_AT_high_pc
	.byte	1                               @ DW_AT_frame_base
	.byte	93
	.long	.Linfo_string9                  @ DW_AT_name
	.byte	2                               @ DW_AT_decl_file
	.byte	137                             @ DW_AT_decl_line
                                        @ DW_AT_prototyped
                                        @ DW_AT_external
	.byte	4                               @ Abbrev [4] 0x8d:0x11 DW_TAG_subprogram
	.long	.Lfunc_begin5                   @ DW_AT_low_pc
	.long	.Lfunc_end5-.Lfunc_begin5       @ DW_AT_high_pc
	.byte	1                               @ DW_AT_frame_base
	.byte	93
	.long	.Linfo_string10                 @ DW_AT_name
	.byte	2                               @ DW_AT_decl_file
	.byte	152                             @ DW_AT_decl_line
                                        @ DW_AT_prototyped
                                        @ DW_AT_external
	.byte	4                               @ Abbrev [4] 0x9e:0x11 DW_TAG_subprogram
	.long	.Lfunc_begin6                   @ DW_AT_low_pc
	.long	.Lfunc_end6-.Lfunc_begin6       @ DW_AT_high_pc
	.byte	1                               @ DW_AT_frame_base
	.byte	93
	.long	.Linfo_string11                 @ DW_AT_name
	.byte	2                               @ DW_AT_decl_file
	.byte	172                             @ DW_AT_decl_line
                                        @ DW_AT_prototyped
                                        @ DW_AT_external
	.byte	4                               @ Abbrev [4] 0xaf:0x11 DW_TAG_subprogram
	.long	.Lfunc_begin7                   @ DW_AT_low_pc
	.long	.Lfunc_end7-.Lfunc_begin7       @ DW_AT_high_pc
	.byte	1                               @ DW_AT_frame_base
	.byte	93
	.long	.Linfo_string12                 @ DW_AT_name
	.byte	2                               @ DW_AT_decl_file
	.byte	186                             @ DW_AT_decl_line
                                        @ DW_AT_prototyped
                                        @ DW_AT_external
	.byte	4                               @ Abbrev [4] 0xc0:0x11 DW_TAG_subprogram
	.long	.Lfunc_begin8                   @ DW_AT_low_pc
	.long	.Lfunc_end8-.Lfunc_begin8       @ DW_AT_high_pc
	.byte	1                               @ DW_AT_frame_base
	.byte	93
	.long	.Linfo_string13                 @ DW_AT_name
	.byte	2                               @ DW_AT_decl_file
	.byte	200                             @ DW_AT_decl_line
                                        @ DW_AT_prototyped
                                        @ DW_AT_external
	.byte	4                               @ Abbrev [4] 0xd1:0x11 DW_TAG_subprogram
	.long	.Lfunc_begin9                   @ DW_AT_low_pc
	.long	.Lfunc_end9-.Lfunc_begin9       @ DW_AT_high_pc
	.byte	1                               @ DW_AT_frame_base
	.byte	93
	.long	.Linfo_string14                 @ DW_AT_name
	.byte	2                               @ DW_AT_decl_file
	.byte	214                             @ DW_AT_decl_line
                                        @ DW_AT_prototyped
                                        @ DW_AT_external
	.byte	4                               @ Abbrev [4] 0xe2:0x11 DW_TAG_subprogram
	.long	.Lfunc_begin10                  @ DW_AT_low_pc
	.long	.Lfunc_end10-.Lfunc_begin10     @ DW_AT_high_pc
	.byte	1                               @ DW_AT_frame_base
	.byte	93
	.long	.Linfo_string15                 @ DW_AT_name
	.byte	2                               @ DW_AT_decl_file
	.byte	228                             @ DW_AT_decl_line
                                        @ DW_AT_prototyped
                                        @ DW_AT_external
	.byte	4                               @ Abbrev [4] 0xf3:0x11 DW_TAG_subprogram
	.long	.Lfunc_begin11                  @ DW_AT_low_pc
	.long	.Lfunc_end11-.Lfunc_begin11     @ DW_AT_high_pc
	.byte	1                               @ DW_AT_frame_base
	.byte	93
	.long	.Linfo_string16                 @ DW_AT_name
	.byte	2                               @ DW_AT_decl_file
	.byte	242                             @ DW_AT_decl_line
                                        @ DW_AT_prototyped
                                        @ DW_AT_external
	.byte	5                               @ Abbrev [5] 0x104:0x12 DW_TAG_subprogram
	.long	.Lfunc_begin12                  @ DW_AT_low_pc
	.long	.Lfunc_end12-.Lfunc_begin12     @ DW_AT_high_pc
	.byte	1                               @ DW_AT_frame_base
	.byte	93
	.long	.Linfo_string17                 @ DW_AT_name
	.byte	2                               @ DW_AT_decl_file
	.short	256                             @ DW_AT_decl_line
                                        @ DW_AT_prototyped
                                        @ DW_AT_external
	.byte	5                               @ Abbrev [5] 0x116:0x12 DW_TAG_subprogram
	.long	.Lfunc_begin13                  @ DW_AT_low_pc
	.long	.Lfunc_end13-.Lfunc_begin13     @ DW_AT_high_pc
	.byte	1                               @ DW_AT_frame_base
	.byte	93
	.long	.Linfo_string18                 @ DW_AT_name
	.byte	2                               @ DW_AT_decl_file
	.short	270                             @ DW_AT_decl_line
                                        @ DW_AT_prototyped
                                        @ DW_AT_external
	.byte	5                               @ Abbrev [5] 0x128:0x12 DW_TAG_subprogram
	.long	.Lfunc_begin14                  @ DW_AT_low_pc
	.long	.Lfunc_end14-.Lfunc_begin14     @ DW_AT_high_pc
	.byte	1                               @ DW_AT_frame_base
	.byte	93
	.long	.Linfo_string19                 @ DW_AT_name
	.byte	2                               @ DW_AT_decl_file
	.short	284                             @ DW_AT_decl_line
                                        @ DW_AT_prototyped
                                        @ DW_AT_external
	.byte	5                               @ Abbrev [5] 0x13a:0x12 DW_TAG_subprogram
	.long	.Lfunc_begin15                  @ DW_AT_low_pc
	.long	.Lfunc_end15-.Lfunc_begin15     @ DW_AT_high_pc
	.byte	1                               @ DW_AT_frame_base
	.byte	93
	.long	.Linfo_string20                 @ DW_AT_name
	.byte	2                               @ DW_AT_decl_file
	.short	298                             @ DW_AT_decl_line
                                        @ DW_AT_prototyped
                                        @ DW_AT_external
	.byte	5                               @ Abbrev [5] 0x14c:0x12 DW_TAG_subprogram
	.long	.Lfunc_begin16                  @ DW_AT_low_pc
	.long	.Lfunc_end16-.Lfunc_begin16     @ DW_AT_high_pc
	.byte	1                               @ DW_AT_frame_base
	.byte	93
	.long	.Linfo_string21                 @ DW_AT_name
	.byte	2                               @ DW_AT_decl_file
	.short	313                             @ DW_AT_decl_line
                                        @ DW_AT_prototyped
                                        @ DW_AT_external
	.byte	5                               @ Abbrev [5] 0x15e:0x12 DW_TAG_subprogram
	.long	.Lfunc_begin17                  @ DW_AT_low_pc
	.long	.Lfunc_end17-.Lfunc_begin17     @ DW_AT_high_pc
	.byte	1                               @ DW_AT_frame_base
	.byte	93
	.long	.Linfo_string22                 @ DW_AT_name
	.byte	2                               @ DW_AT_decl_file
	.short	327                             @ DW_AT_decl_line
                                        @ DW_AT_prototyped
                                        @ DW_AT_external
	.byte	0                               @ End Of Children Mark
.Ldebug_info_end0:
	.section	.debug_ranges,"",%progbits
.Ldebug_ranges0:
	.long	.Lfunc_begin0
	.long	.Lfunc_end0
	.long	.Lfunc_begin1
	.long	.Lfunc_end1
	.long	.Lfunc_begin2
	.long	.Lfunc_end2
	.long	.Lfunc_begin3
	.long	.Lfunc_end3
	.long	.Lfunc_begin4
	.long	.Lfunc_end4
	.long	.Lfunc_begin5
	.long	.Lfunc_end5
	.long	.Lfunc_begin6
	.long	.Lfunc_end6
	.long	.Lfunc_begin7
	.long	.Lfunc_end7
	.long	.Lfunc_begin8
	.long	.Lfunc_end8
	.long	.Lfunc_begin9
	.long	.Lfunc_end9
	.long	.Lfunc_begin10
	.long	.Lfunc_end10
	.long	.Lfunc_begin11
	.long	.Lfunc_end11
	.long	.Lfunc_begin12
	.long	.Lfunc_end12
	.long	.Lfunc_begin13
	.long	.Lfunc_end13
	.long	.Lfunc_begin14
	.long	.Lfunc_end14
	.long	.Lfunc_begin15
	.long	.Lfunc_end15
	.long	.Lfunc_begin16
	.long	.Lfunc_end16
	.long	.Lfunc_begin17
	.long	.Lfunc_end17
	.long	0
	.long	0
	.section	.debug_str,"MS",%progbits,1
.Linfo_string0:
	.asciz	"Component: Arm Compiler for Embedded 6.24 Tool: armclang [5f371800]" @ string offset=0
.Linfo_string1:
	.asciz	"../Core/Src\\stm32h7xx_it.c"   @ string offset=68
.Linfo_string2:
	.asciz	"D:\\RM_projects\\h7_final_4\\MDK-ARM" @ string offset=95
.Linfo_string3:
	.asciz	"unsigned short"                @ string offset=129
.Linfo_string4:
	.asciz	"uint16_t"                      @ string offset=144
.Linfo_string5:
	.asciz	"NMI_Handler"                   @ string offset=153
.Linfo_string6:
	.asciz	"HardFault_Handler"             @ string offset=165
.Linfo_string7:
	.asciz	"MemManage_Handler"             @ string offset=183
.Linfo_string8:
	.asciz	"BusFault_Handler"              @ string offset=201
.Linfo_string9:
	.asciz	"UsageFault_Handler"            @ string offset=218
.Linfo_string10:
	.asciz	"DebugMon_Handler"              @ string offset=237
.Linfo_string11:
	.asciz	"DMA1_Stream0_IRQHandler"       @ string offset=254
.Linfo_string12:
	.asciz	"DMA1_Stream1_IRQHandler"       @ string offset=278
.Linfo_string13:
	.asciz	"DMA1_Stream2_IRQHandler"       @ string offset=302
.Linfo_string14:
	.asciz	"FDCAN1_IT0_IRQHandler"         @ string offset=326
.Linfo_string15:
	.asciz	"FDCAN2_IT0_IRQHandler"         @ string offset=348
.Linfo_string16:
	.asciz	"FDCAN1_IT1_IRQHandler"         @ string offset=370
.Linfo_string17:
	.asciz	"FDCAN2_IT1_IRQHandler"         @ string offset=392
.Linfo_string18:
	.asciz	"TIM2_IRQHandler"               @ string offset=414
.Linfo_string19:
	.asciz	"SPI2_IRQHandler"               @ string offset=430
.Linfo_string20:
	.asciz	"EXTI15_10_IRQHandler"          @ string offset=446
.Linfo_string21:
	.asciz	"UART5_IRQHandler"              @ string offset=467
.Linfo_string22:
	.asciz	"FDCAN_CAL_IRQHandler"          @ string offset=484
	.ident	"Component: Arm Compiler for Embedded 6.24 Tool: armclang [5f371800]"
	.section	".note.GNU-stack","",%progbits
	.eabi_attribute	30, 6	@ Tag_ABI_optimization_goals
	.ARM_attribute	16, 1	@ Tag_AV_eba
	.section	.debug_line,"",%progbits
.Lline_table_start0:
